
Note: the module "R" cannot be unloaded because it was not loaded.

WARNING: ignoring environment value of R_HOME

R Under development (unstable) (2024-01-20 r85814) -- "Unsuffered Consequences"
Copyright (C) 2024 The R Foundation for Statistical Computing
Platform: x86_64-pc-linux-gnu

R is free software and comes with ABSOLUTELY NO WARRANTY.
You are welcome to redistribute it under certain conditions.
Type 'license()' or 'licence()' for distribution details.

R is a collaborative project with many contributors.
Type 'contributors()' for more information and
'citation()' on how to cite R or R packages in publications.

Type 'demo()' for some demos, 'help()' for on-line help, or
'help.start()' for an HTML browser interface to help.
Type 'q()' to quit R.

> cargs <- commandArgs(trailingOnly=TRUE)
> if(length(cargs)==0){
+   cargs <- c(
+     "/scratch/th798/data.table-revdeps/2023-06-27/deps.csv",
+     "1294",
+     "/scratch/th798/data.table-revdeps/2023-06-27/data.table_release_1.14.8.tar.gz",
+     "/scratch/th798/data.table-revdeps/2023-06-27/data.table_master_1.14.9.88039186915028ab3c93ccfd8e22c0d1c3534b1a.tar.gz"
+ )
+ }
> names(cargs) <- c("deps.csv", "task.str", "release", "master")
> dput(cargs)
c(deps.csv = "/scratch/th798/data.table-revdeps/2024-01-22/deps.csv", 
task.str = "695", release = "/scratch/th798/data.table-revdeps/2024-01-22/data.table_release_1.14.10.tar.gz", 
master = "/scratch/th798/data.table-revdeps/2024-01-22/data.table_master_1.14.99.cde7333938a590a3cddbda1b02103650e2f55d15.tar.gz"
)
> task.dir <- dirname(.libPaths()[1])
> if(requireNamespace("R.cache"))R.cache::getCachePath()
Loading required namespace: R.cache
[1] "/tmp/th798/7339935/R-devel/695/R.cache"
> task.id <- as.integer(cargs[["task.str"]])
> deps.df <- read.csv(cargs[["deps.csv"]])
> (rev.dep <- deps.df$Package[task.id])
[1] "MAGEE"
> job.dir <- file.path(dirname(cargs[["deps.csv"]]), "tasks", task.id)
> setwd(task.dir)
> .libPaths()
[1] "/tmp/th798/7339935/R-devel/695/library"
[2] "/projects/genomic-ml/R/R-devel/library"
> options(repos=c(
+   "http://www.bioconductor.org/packages/release/bioc",
+   CRAN="http://cloud.r-project.org"))
> 
> install.time <- system.time({
+   install.packages(rev.dep, dep=TRUE)
+ })
Installing package into '/tmp/th798/7339935/R-devel/695/library'
(as 'lib' is unspecified)
Warning: dependency 'GenomeInfoDbData' is not available
also installing the dependencies 'pan', 'jomo', 'mitml', 'operator.tools', 'mice', 'formula.tools', 'gdsfmt', 'GenomicRanges', 'GenomeInfoDb', 'Biostrings', 'GWASExactHW', 'logistf', 'GMMAT', 'CompQuadForm', 'doMC', 'SeqArray', 'SeqVarTools'

trying URL 'http://cloud.r-project.org/src/contrib/pan_1.9.tar.gz'
Content type 'application/x-gzip' length 1087690 bytes (1.0 MB)
==================================================
downloaded 1.0 MB

trying URL 'http://cloud.r-project.org/src/contrib/jomo_2.7-6.tar.gz'
Content type 'application/x-gzip' length 985641 bytes (962 KB)
==================================================
downloaded 962 KB

trying URL 'http://cloud.r-project.org/src/contrib/mitml_0.4-5.tar.gz'
Content type 'application/x-gzip' length 223835 bytes (218 KB)
==================================================
downloaded 218 KB

trying URL 'http://cloud.r-project.org/src/contrib/operator.tools_1.6.3.tar.gz'
Content type 'application/x-gzip' length 14855 bytes (14 KB)
==================================================
downloaded 14 KB

trying URL 'http://cloud.r-project.org/src/contrib/mice_3.16.0.tar.gz'
Content type 'application/x-gzip' length 600498 bytes (586 KB)
==================================================
downloaded 586 KB

trying URL 'http://cloud.r-project.org/src/contrib/formula.tools_1.7.1.tar.gz'
Content type 'application/x-gzip' length 19464 bytes (19 KB)
==================================================
downloaded 19 KB

trying URL 'http://www.bioconductor.org/packages/release/bioc/src/contrib/gdsfmt_1.38.0.tar.gz'
Content type 'application/x-gzip' length 2931483 bytes (2.8 MB)
==================================================
downloaded 2.8 MB

trying URL 'http://www.bioconductor.org/packages/release/bioc/src/contrib/GenomicRanges_1.54.1.tar.gz'
Content type 'application/x-gzip' length 1140246 bytes (1.1 MB)
==================================================
downloaded 1.1 MB

trying URL 'http://www.bioconductor.org/packages/release/bioc/src/contrib/GenomeInfoDb_1.38.5.tar.gz'
Content type 'application/x-gzip' length 3581793 bytes (3.4 MB)
==================================================
downloaded 3.4 MB

trying URL 'http://www.bioconductor.org/packages/release/bioc/src/contrib/Biostrings_2.70.1.tar.gz'
Content type 'application/x-gzip' length 12740854 bytes (12.2 MB)
==================================================
downloaded 12.2 MB

trying URL 'http://cloud.r-project.org/src/contrib/GWASExactHW_1.01.tar.gz'
Content type 'application/x-gzip' length 3194 bytes
==================================================
downloaded 3194 bytes

trying URL 'http://cloud.r-project.org/src/contrib/logistf_1.26.0.tar.gz'
Content type 'application/x-gzip' length 76220 bytes (74 KB)
==================================================
downloaded 74 KB

trying URL 'http://cloud.r-project.org/src/contrib/GMMAT_1.4.2.tar.gz'
Content type 'application/x-gzip' length 1903493 bytes (1.8 MB)
==================================================
downloaded 1.8 MB

trying URL 'http://cloud.r-project.org/src/contrib/CompQuadForm_1.4.3.tar.gz'
Content type 'application/x-gzip' length 16638 bytes (16 KB)
==================================================
downloaded 16 KB

trying URL 'http://cloud.r-project.org/src/contrib/doMC_1.3.8.tar.gz'
Content type 'application/x-gzip' length 154488 bytes (150 KB)
==================================================
downloaded 150 KB

trying URL 'http://www.bioconductor.org/packages/release/bioc/src/contrib/SeqArray_1.42.0.tar.gz'
Content type 'application/x-gzip' length 3592241 bytes (3.4 MB)
==================================================
downloaded 3.4 MB

trying URL 'http://www.bioconductor.org/packages/release/bioc/src/contrib/SeqVarTools_1.40.0.tar.gz'
Content type 'application/x-gzip' length 1025079 bytes (1001 KB)
==================================================
downloaded 1001 KB

trying URL 'http://cloud.r-project.org/src/contrib/MAGEE_1.3.2.tar.gz'
Content type 'application/x-gzip' length 1782870 bytes (1.7 MB)
==================================================
downloaded 1.7 MB

* installing *source* package 'pan' ...
** package 'pan' successfully unpacked and MD5 sums checked
** using staged installation
** libs
using C compiler: 'gcc (GCC) 8.5.0 20210514 (Red Hat 8.5.0-20)'
using Fortran compiler: 'GNU Fortran (GCC) 8.5.0 20210514 (Red Hat 8.5.0-20)'
gcc -I"/home/th798/R/R-devel/include" -DNDEBUG   -I/home/th798/.conda/envs/emacs1/include -I/home/th798/include    -fpic  -g -O2  -c package_native_routine_registration_skeleton.c -o package_native_routine_registration_skeleton.o
gfortran  -fpic  -g -O2  -c pan.f -o pan.o
gcc -shared -L/home/th798/.conda/envs/emacs1/lib -Wl,-rpath=/home/th798/.conda/envs/emacs1/lib -L/home/th798/lib -Wl,-rpath=/home/th798/lib -L/home/th798/lib64 -Wl,-rpath=/home/th798/lib64 -o pan.so package_native_routine_registration_skeleton.o pan.o -lgfortran -lm -lquadmath
installing to /tmp/th798/7339935/R-devel/695/library/00LOCK-pan/00new/pan/libs
** R
** data
*** moving datasets to lazyload DB
** inst
** byte-compile and prepare package for lazy loading
** help
*** installing help indices
** building package indices
** installing vignettes
** testing if installed package can be loaded from temporary location
** checking absolute paths in shared objects and dynamic libraries
** testing if installed package can be loaded from final location
** testing if installed package keeps a record of temporary installation path
* DONE (pan)
* installing *source* package 'jomo' ...
** package 'jomo' successfully unpacked and MD5 sums checked
** using staged installation
** libs
using C compiler: 'gcc (GCC) 8.5.0 20210514 (Red Hat 8.5.0-20)'
gcc -I"/home/th798/R/R-devel/include" -DNDEBUG   -I/home/th798/.conda/envs/emacs1/include -I/home/th798/include    -fpic  -g -O2  -c jomo1C.c -o jomo1C.o
gcc -I"/home/th798/R/R-devel/include" -DNDEBUG   -I/home/th798/.conda/envs/emacs1/include -I/home/th798/include    -fpic  -g -O2  -c jomo1ranC.c -o jomo1ranC.o
gcc -I"/home/th798/R/R-devel/include" -DNDEBUG   -I/home/th798/.conda/envs/emacs1/include -I/home/th798/include    -fpic  -g -O2  -c jomo1ranhrC.c -o jomo1ranhrC.o
gcc -I"/home/th798/R/R-devel/include" -DNDEBUG   -I/home/th798/.conda/envs/emacs1/include -I/home/th798/include    -fpic  -g -O2  -c jomo1ranhrsmcC.c -o jomo1ranhrsmcC.o
gcc -I"/home/th798/R/R-devel/include" -DNDEBUG   -I/home/th798/.conda/envs/emacs1/include -I/home/th798/include    -fpic  -g -O2  -c jomo1ransmcC.c -o jomo1ransmcC.o
gcc -I"/home/th798/R/R-devel/include" -DNDEBUG   -I/home/th798/.conda/envs/emacs1/include -I/home/th798/include    -fpic  -g -O2  -c jomo1smcC.c -o jomo1smcC.o
gcc -I"/home/th798/R/R-devel/include" -DNDEBUG   -I/home/th798/.conda/envs/emacs1/include -I/home/th798/include    -fpic  -g -O2  -c jomo2comC.c -o jomo2comC.o
gcc -I"/home/th798/R/R-devel/include" -DNDEBUG   -I/home/th798/.conda/envs/emacs1/include -I/home/th798/include    -fpic  -g -O2  -c jomo2hrC.c -o jomo2hrC.o
gcc -I"/home/th798/R/R-devel/include" -DNDEBUG   -I/home/th798/.conda/envs/emacs1/include -I/home/th798/include    -fpic  -g -O2  -c jomo2hrsmcC.c -o jomo2hrsmcC.o
gcc -I"/home/th798/R/R-devel/include" -DNDEBUG   -I/home/th798/.conda/envs/emacs1/include -I/home/th798/include    -fpic  -g -O2  -c jomo2smcC.c -o jomo2smcC.o
gcc -I"/home/th798/R/R-devel/include" -DNDEBUG   -I/home/th798/.conda/envs/emacs1/include -I/home/th798/include    -fpic  -g -O2  -c jomo_init.c -o jomo_init.o
gcc -I"/home/th798/R/R-devel/include" -DNDEBUG   -I/home/th798/.conda/envs/emacs1/include -I/home/th798/include    -fpic  -g -O2  -c pdflib.c -o pdflib.o
gcc -I"/home/th798/R/R-devel/include" -DNDEBUG   -I/home/th798/.conda/envs/emacs1/include -I/home/th798/include    -fpic  -g -O2  -c wishart.c -o wishart.o
gcc -shared -L/home/th798/.conda/envs/emacs1/lib -Wl,-rpath=/home/th798/.conda/envs/emacs1/lib -L/home/th798/lib -Wl,-rpath=/home/th798/lib -L/home/th798/lib64 -Wl,-rpath=/home/th798/lib64 -o jomo.so jomo1C.o jomo1ranC.o jomo1ranhrC.o jomo1ranhrsmcC.o jomo1ransmcC.o jomo1smcC.o jomo2comC.o jomo2hrC.o jomo2hrsmcC.o jomo2smcC.o jomo_init.o pdflib.o wishart.o
installing to /tmp/th798/7339935/R-devel/695/library/00LOCK-jomo/00new/jomo/libs
** R
** data
*** moving datasets to lazyload DB
** inst
** byte-compile and prepare package for lazy loading
** help
*** installing help indices
** building package indices
** testing if installed package can be loaded from temporary location
** checking absolute paths in shared objects and dynamic libraries
** testing if installed package can be loaded from final location
** testing if installed package keeps a record of temporary installation path
* DONE (jomo)
* installing *source* package 'operator.tools' ...
** package 'operator.tools' successfully unpacked and MD5 sums checked
** using staged installation
** R
** byte-compile and prepare package for lazy loading
** help
*** installing help indices
** building package indices
** testing if installed package can be loaded from temporary location
** testing if installed package can be loaded from final location
** testing if installed package keeps a record of temporary installation path
* DONE (operator.tools)
* installing *source* package 'gdsfmt' ...
** using staged installation
** libs
using C++ compiler: 'g++ (GCC) 8.5.0 20210514 (Red Hat 8.5.0-20)'
g++ -std=gnu++17 -I"/home/th798/R/R-devel/include" -DNDEBUG -DUSING_R -D_FILE_OFFSET_BITS=64 -I../inst/include -ICoreArray  -I/home/th798/.conda/envs/emacs1/include -I/home/th798/include    -fpic  -g -O2  -c R_CoreArray.cpp -o R_CoreArray.o
g++ -std=gnu++17 -I"/home/th798/R/R-devel/include" -DNDEBUG -DUSING_R -D_FILE_OFFSET_BITS=64 -I../inst/include -ICoreArray  -I/home/th798/.conda/envs/emacs1/include -I/home/th798/include    -fpic  -g -O2  -c gdsfmt.cpp -o gdsfmt.o
g++ -std=gnu++17 -I"/home/th798/R/R-devel/include" -DNDEBUG -DUSING_R -D_FILE_OFFSET_BITS=64 -I../inst/include -ICoreArray  -I/home/th798/.conda/envs/emacs1/include -I/home/th798/include    -fpic  -g -O2  -c digest.cpp -o digest.o
g++ -std=gnu++17 -I"/home/th798/R/R-devel/include" -DNDEBUG -DUSING_R -D_FILE_OFFSET_BITS=64 -I../inst/include -ICoreArray  -I/home/th798/.conda/envs/emacs1/include -I/home/th798/include    -fpic  -g -O2  -c CoreArray/CoreArray.cpp -o CoreArray/CoreArray.o
g++ -std=gnu++17 -I"/home/th798/R/R-devel/include" -DNDEBUG -DUSING_R -D_FILE_OFFSET_BITS=64 -I../inst/include -ICoreArray  -I/home/th798/.conda/envs/emacs1/include -I/home/th798/include    -fpic  -g -O2  -c CoreArray/dAllocator.cpp -o CoreArray/dAllocator.o
g++ -std=gnu++17 -I"/home/th798/R/R-devel/include" -DNDEBUG -DUSING_R -D_FILE_OFFSET_BITS=64 -I../inst/include -ICoreArray  -I/home/th798/.conda/envs/emacs1/include -I/home/th798/include    -fpic  -g -O2  -c CoreArray/dAny.cpp -o CoreArray/dAny.o
g++ -std=gnu++17 -I"/home/th798/R/R-devel/include" -DNDEBUG -DUSING_R -D_FILE_OFFSET_BITS=64 -I../inst/include -ICoreArray  -I/home/th798/.conda/envs/emacs1/include -I/home/th798/include    -fpic  -g -O2  -c CoreArray/dBase.cpp -o CoreArray/dBase.o
g++ -std=gnu++17 -I"/home/th798/R/R-devel/include" -DNDEBUG -DUSING_R -D_FILE_OFFSET_BITS=64 -I../inst/include -ICoreArray  -I/home/th798/.conda/envs/emacs1/include -I/home/th798/include    -fpic  -g -O2  -c CoreArray/dBitGDS.cpp -o CoreArray/dBitGDS.o
g++ -std=gnu++17 -I"/home/th798/R/R-devel/include" -DNDEBUG -DUSING_R -D_FILE_OFFSET_BITS=64 -I../inst/include -ICoreArray  -I/home/th798/.conda/envs/emacs1/include -I/home/th798/include    -fpic  -g -O2  -c CoreArray/dEndian.cpp -o CoreArray/dEndian.o
g++ -std=gnu++17 -I"/home/th798/R/R-devel/include" -DNDEBUG -DUSING_R -D_FILE_OFFSET_BITS=64 -I../inst/include -ICoreArray  -I/home/th798/.conda/envs/emacs1/include -I/home/th798/include    -fpic  -g -O2  -c CoreArray/dFile.cpp -o CoreArray/dFile.o
g++ -std=gnu++17 -I"/home/th798/R/R-devel/include" -DNDEBUG -DUSING_R -D_FILE_OFFSET_BITS=64 -I../inst/include -ICoreArray  -I/home/th798/.conda/envs/emacs1/include -I/home/th798/include    -fpic  -g -O2  -c CoreArray/dParallel.cpp -o CoreArray/dParallel.o
gcc -I"/home/th798/R/R-devel/include" -DNDEBUG -DUSING_R -D_FILE_OFFSET_BITS=64 -I../inst/include -ICoreArray  -I/home/th798/.conda/envs/emacs1/include -I/home/th798/include    -fpic  -g -O2  -c CoreArray/dParallel_Ext.c -o CoreArray/dParallel_Ext.o
g++ -std=gnu++17 -I"/home/th798/R/R-devel/include" -DNDEBUG -DUSING_R -D_FILE_OFFSET_BITS=64 -I../inst/include -ICoreArray  -I/home/th798/.conda/envs/emacs1/include -I/home/th798/include    -fpic  -g -O2  -c CoreArray/dPlatform.cpp -o CoreArray/dPlatform.o
g++ -std=gnu++17 -I"/home/th798/R/R-devel/include" -DNDEBUG -DUSING_R -D_FILE_OFFSET_BITS=64 -I../inst/include -ICoreArray  -I/home/th798/.conda/envs/emacs1/include -I/home/th798/include    -fpic  -g -O2  -c CoreArray/dRealGDS.cpp -o CoreArray/dRealGDS.o
g++ -std=gnu++17 -I"/home/th798/R/R-devel/include" -DNDEBUG -DUSING_R -D_FILE_OFFSET_BITS=64 -I../inst/include -ICoreArray  -I/home/th798/.conda/envs/emacs1/include -I/home/th798/include    -fpic  -g -O2  -c CoreArray/dSerial.cpp -o CoreArray/dSerial.o
g++ -std=gnu++17 -I"/home/th798/R/R-devel/include" -DNDEBUG -DUSING_R -D_FILE_OFFSET_BITS=64 -I../inst/include -ICoreArray  -I/home/th798/.conda/envs/emacs1/include -I/home/th798/include    -fpic  -g -O2  -c CoreArray/dStrGDS.cpp -o CoreArray/dStrGDS.o
g++ -std=gnu++17 -I"/home/th798/R/R-devel/include" -DNDEBUG -DUSING_R -D_FILE_OFFSET_BITS=64 -I../inst/include -ICoreArray  -I/home/th798/.conda/envs/emacs1/include -I/home/th798/include    -fpic  -g -O2  -c CoreArray/dStream.cpp -o CoreArray/dStream.o
g++ -std=gnu++17 -I"/home/th798/R/R-devel/include" -DNDEBUG -DUSING_R -D_FILE_OFFSET_BITS=64 -I../inst/include -ICoreArray  -I/home/th798/.conda/envs/emacs1/include -I/home/th798/include    -fpic  -g -O2  -c CoreArray/dStruct.cpp -o CoreArray/dStruct.o
g++ -std=gnu++17 -I"/home/th798/R/R-devel/include" -DNDEBUG -DUSING_R -D_FILE_OFFSET_BITS=64 -I../inst/include -ICoreArray  -I/home/th798/.conda/envs/emacs1/include -I/home/th798/include    -fpic  -g -O2  -c CoreArray/dSparse.cpp -o CoreArray/dSparse.o
g++ -std=gnu++17 -I"/home/th798/R/R-devel/include" -DNDEBUG -DUSING_R -D_FILE_OFFSET_BITS=64 -I../inst/include -ICoreArray  -I/home/th798/.conda/envs/emacs1/include -I/home/th798/include    -fpic  -g -O2  -c CoreArray/dVLIntGDS.cpp -o CoreArray/dVLIntGDS.o
gcc -I"/home/th798/R/R-devel/include" -DNDEBUG -DUSING_R -D_FILE_OFFSET_BITS=64 -I../inst/include -ICoreArray  -I/home/th798/.conda/envs/emacs1/include -I/home/th798/include    -fpic  -g -O2  -c -g0 ZLIB/adler32.c -o ZLIB/adler32.o
gcc -I"/home/th798/R/R-devel/include" -DNDEBUG -DUSING_R -D_FILE_OFFSET_BITS=64 -I../inst/include -ICoreArray  -I/home/th798/.conda/envs/emacs1/include -I/home/th798/include    -fpic  -g -O2  -c -g0 ZLIB/compress.c -o ZLIB/compress.o
gcc -I"/home/th798/R/R-devel/include" -DNDEBUG -DUSING_R -D_FILE_OFFSET_BITS=64 -I../inst/include -ICoreArray  -I/home/th798/.conda/envs/emacs1/include -I/home/th798/include    -fpic  -g -O2  -c -g0 ZLIB/crc32.c -o ZLIB/crc32.o
gcc -I"/home/th798/R/R-devel/include" -DNDEBUG -DUSING_R -D_FILE_OFFSET_BITS=64 -I../inst/include -ICoreArray  -I/home/th798/.conda/envs/emacs1/include -I/home/th798/include    -fpic  -g -O2  -c -g0 ZLIB/deflate.c -o ZLIB/deflate.o
gcc -I"/home/th798/R/R-devel/include" -DNDEBUG -DUSING_R -D_FILE_OFFSET_BITS=64 -I../inst/include -ICoreArray  -I/home/th798/.conda/envs/emacs1/include -I/home/th798/include    -fpic  -g -O2  -c -g0 ZLIB/infback.c -o ZLIB/infback.o
gcc -I"/home/th798/R/R-devel/include" -DNDEBUG -DUSING_R -D_FILE_OFFSET_BITS=64 -I../inst/include -ICoreArray  -I/home/th798/.conda/envs/emacs1/include -I/home/th798/include    -fpic  -g -O2  -c -g0 ZLIB/inffast.c -o ZLIB/inffast.o
gcc -I"/home/th798/R/R-devel/include" -DNDEBUG -DUSING_R -D_FILE_OFFSET_BITS=64 -I../inst/include -ICoreArray  -I/home/th798/.conda/envs/emacs1/include -I/home/th798/include    -fpic  -g -O2  -c -g0 ZLIB/inflate.c -o ZLIB/inflate.o
gcc -I"/home/th798/R/R-devel/include" -DNDEBUG -DUSING_R -D_FILE_OFFSET_BITS=64 -I../inst/include -ICoreArray  -I/home/th798/.conda/envs/emacs1/include -I/home/th798/include    -fpic  -g -O2  -c -g0 ZLIB/inftrees.c -o ZLIB/inftrees.o
gcc -I"/home/th798/R/R-devel/include" -DNDEBUG -DUSING_R -D_FILE_OFFSET_BITS=64 -I../inst/include -ICoreArray  -I/home/th798/.conda/envs/emacs1/include -I/home/th798/include    -fpic  -g -O2  -c -g0 ZLIB/trees.c -o ZLIB/trees.o
gcc -I"/home/th798/R/R-devel/include" -DNDEBUG -DUSING_R -D_FILE_OFFSET_BITS=64 -I../inst/include -ICoreArray  -I/home/th798/.conda/envs/emacs1/include -I/home/th798/include    -fpic  -g -O2  -c -g0 ZLIB/uncompr.c -o ZLIB/uncompr.o
gcc -I"/home/th798/R/R-devel/include" -DNDEBUG -DUSING_R -D_FILE_OFFSET_BITS=64 -I../inst/include -ICoreArray  -I/home/th798/.conda/envs/emacs1/include -I/home/th798/include    -fpic  -g -O2  -c -g0 ZLIB/zutil.c -o ZLIB/zutil.o
gcc -I"/home/th798/R/R-devel/include" -DNDEBUG -DUSING_R -D_FILE_OFFSET_BITS=64 -I../inst/include -ICoreArray  -I/home/th798/.conda/envs/emacs1/include -I/home/th798/include    -fpic  -g -O2  -c LZ4/lz4.c -o LZ4/lz4.o
gcc -I"/home/th798/R/R-devel/include" -DNDEBUG -DUSING_R -D_FILE_OFFSET_BITS=64 -I../inst/include -ICoreArray  -I/home/th798/.conda/envs/emacs1/include -I/home/th798/include    -fpic  -g -O2  -c LZ4/lz4hc.c -o LZ4/lz4hc.o
gcc -I"/home/th798/R/R-devel/include" -DNDEBUG -DUSING_R -D_FILE_OFFSET_BITS=64 -I../inst/include -ICoreArray  -I/home/th798/.conda/envs/emacs1/include -I/home/th798/include    -fpic  -g -O2  -c LZ4/lz4frame.c -o LZ4/lz4frame.o
gcc -I"/home/th798/R/R-devel/include" -DNDEBUG -DUSING_R -D_FILE_OFFSET_BITS=64 -I../inst/include -ICoreArray  -I/home/th798/.conda/envs/emacs1/include -I/home/th798/include    -fpic  -g -O2  -c LZ4/xxhash.c -o LZ4/xxhash.o
cd XZ && tar -xzf xz-5.2.9.tar.gz
cd XZ/xz-5.2.9 && \
	./configure CC="gcc" CPP="gcc -E" CXX="g++ -std=gnu++17" CXXCPP="" --build="" \
	--with-pic --enable-silent-rules --quiet --disable-xz --disable-shared > /dev/null
cd XZ/xz-5.2.9/src/liblzma && make
make[1]: Entering directory '/tmp/th798/7339935/RtmpBMfWkq/R.INSTALL1452aa144e0aba/gdsfmt/src/XZ/xz-5.2.9/src/liblzma'
Making all in api
make[2]: Entering directory '/tmp/th798/7339935/RtmpBMfWkq/R.INSTALL1452aa144e0aba/gdsfmt/src/XZ/xz-5.2.9/src/liblzma/api'
make[2]: Nothing to be done for 'all'.
make[2]: Leaving directory '/tmp/th798/7339935/RtmpBMfWkq/R.INSTALL1452aa144e0aba/gdsfmt/src/XZ/xz-5.2.9/src/liblzma/api'
make[2]: Entering directory '/tmp/th798/7339935/RtmpBMfWkq/R.INSTALL1452aa144e0aba/gdsfmt/src/XZ/xz-5.2.9/src/liblzma'
  CC       liblzma_la-tuklib_physmem.lo
  CC       liblzma_la-tuklib_cpucores.lo
  CC       liblzma_la-common.lo
  CC       liblzma_la-block_util.lo
  CC       liblzma_la-easy_preset.lo
  CC       liblzma_la-filter_common.lo
  CC       liblzma_la-hardware_physmem.lo
  CC       liblzma_la-index.lo
  CC       liblzma_la-stream_flags_common.lo
  CC       liblzma_la-vli_size.lo
  CC       liblzma_la-hardware_cputhreads.lo
  CC       liblzma_la-alone_encoder.lo
  CC       liblzma_la-block_buffer_encoder.lo
  CC       liblzma_la-block_encoder.lo
  CC       liblzma_la-block_header_encoder.lo
  CC       liblzma_la-easy_buffer_encoder.lo
  CC       liblzma_la-easy_encoder.lo
  CC       liblzma_la-easy_encoder_memusage.lo
  CC       liblzma_la-filter_buffer_encoder.lo
  CC       liblzma_la-filter_encoder.lo
  CC       liblzma_la-filter_flags_encoder.lo
  CC       liblzma_la-index_encoder.lo
  CC       liblzma_la-stream_buffer_encoder.lo
  CC       liblzma_la-stream_encoder.lo
  CC       liblzma_la-stream_flags_encoder.lo
  CC       liblzma_la-vli_encoder.lo
  CC       liblzma_la-outqueue.lo
  CC       liblzma_la-stream_encoder_mt.lo
  CC       liblzma_la-alone_decoder.lo
  CC       liblzma_la-auto_decoder.lo
  CC       liblzma_la-block_buffer_decoder.lo
  CC       liblzma_la-block_decoder.lo
  CC       liblzma_la-block_header_decoder.lo
  CC       liblzma_la-easy_decoder_memusage.lo
  CC       liblzma_la-filter_buffer_decoder.lo
  CC       liblzma_la-filter_decoder.lo
  CC       liblzma_la-filter_flags_decoder.lo
  CC       liblzma_la-index_decoder.lo
  CC       liblzma_la-index_hash.lo
  CC       liblzma_la-stream_buffer_decoder.lo
  CC       liblzma_la-stream_decoder.lo
  CC       liblzma_la-stream_flags_decoder.lo
  CC       liblzma_la-vli_decoder.lo
  CC       liblzma_la-check.lo
  CC       liblzma_la-crc32_table.lo
  CC       liblzma_la-crc32_fast.lo
  CC       liblzma_la-crc64_table.lo
  CC       liblzma_la-crc64_fast.lo
  CC       liblzma_la-sha256.lo
  CC       liblzma_la-lz_encoder.lo
  CC       liblzma_la-lz_encoder_mf.lo
  CC       liblzma_la-lz_decoder.lo
  CC       liblzma_la-lzma_encoder_presets.lo
  CC       liblzma_la-lzma_encoder.lo
  CC       liblzma_la-lzma_encoder_optimum_fast.lo
  CC       liblzma_la-lzma_encoder_optimum_normal.lo
  CC       liblzma_la-fastpos_table.lo
  CC       liblzma_la-lzma_decoder.lo
  CC       liblzma_la-lzma2_encoder.lo
  CC       liblzma_la-lzma2_decoder.lo
  CC       liblzma_la-price_table.lo
  CC       liblzma_la-delta_common.lo
  CC       liblzma_la-delta_encoder.lo
  CC       liblzma_la-delta_decoder.lo
  CC       liblzma_la-simple_coder.lo
  CC       liblzma_la-simple_encoder.lo
  CC       liblzma_la-simple_decoder.lo
  CC       liblzma_la-x86.lo
  CC       liblzma_la-powerpc.lo
  CC       liblzma_la-ia64.lo
  CC       liblzma_la-arm.lo
  CC       liblzma_la-armthumb.lo
  CC       liblzma_la-sparc.lo
  CCLD     liblzma.la
  PC       liblzma.pc
make[2]: Leaving directory '/tmp/th798/7339935/RtmpBMfWkq/R.INSTALL1452aa144e0aba/gdsfmt/src/XZ/xz-5.2.9/src/liblzma'
make[1]: Leaving directory '/tmp/th798/7339935/RtmpBMfWkq/R.INSTALL1452aa144e0aba/gdsfmt/src/XZ/xz-5.2.9/src/liblzma'
cp XZ/xz-5.2.9/src/liblzma/.libs/liblzma.a  .
/usr/bin/cp XZ/xz-5.2.9/src/liblzma/.libs/liblzma.a .
rm -rf XZ/xz-5.2.9/dos
rm -rf XZ/xz-5.2.9/po
g++ -std=gnu++17 -shared -L/home/th798/.conda/envs/emacs1/lib -Wl,-rpath=/home/th798/.conda/envs/emacs1/lib -L/home/th798/lib -Wl,-rpath=/home/th798/lib -L/home/th798/lib64 -Wl,-rpath=/home/th798/lib64 -o gdsfmt.so R_CoreArray.o gdsfmt.o digest.o CoreArray/CoreArray.o CoreArray/dAllocator.o CoreArray/dAny.o CoreArray/dBase.o CoreArray/dBitGDS.o CoreArray/dEndian.o CoreArray/dFile.o CoreArray/dParallel.o CoreArray/dParallel_Ext.o CoreArray/dPlatform.o CoreArray/dRealGDS.o CoreArray/dSerial.o CoreArray/dStrGDS.o CoreArray/dStream.o CoreArray/dStruct.o CoreArray/dSparse.o CoreArray/dVLIntGDS.o ZLIB/adler32.o ZLIB/compress.o ZLIB/crc32.o ZLIB/deflate.o ZLIB/infback.o ZLIB/inffast.o ZLIB/inflate.o ZLIB/inftrees.o ZLIB/trees.o ZLIB/uncompr.o ZLIB/zutil.o LZ4/lz4.o LZ4/lz4hc.o LZ4/lz4frame.o LZ4/xxhash.o ./liblzma.a -lpthread
installing to /tmp/th798/7339935/R-devel/695/library/00LOCK-gdsfmt/00new/gdsfmt/libs
** R
** inst
** byte-compile and prepare package for lazy loading
** help
*** installing help indices
** building package indices
** installing vignettes
** testing if installed package can be loaded from temporary location
** checking absolute paths in shared objects and dynamic libraries
** testing if installed package can be loaded from final location
** testing if installed package keeps a record of temporary installation path
* DONE (gdsfmt)
ERROR: dependency 'GenomeInfoDbData' is not available for package 'GenomeInfoDb'
* removing '/tmp/th798/7339935/R-devel/695/library/GenomeInfoDb'
* installing *source* package 'GWASExactHW' ...
** package 'GWASExactHW' successfully unpacked and MD5 sums checked
** using staged installation
** libs
using C compiler: 'gcc (GCC) 8.5.0 20210514 (Red Hat 8.5.0-20)'
gcc -I"/home/th798/R/R-devel/include" -DNDEBUG   -I/home/th798/.conda/envs/emacs1/include -I/home/th798/include    -fpic  -g -O2  -c SNPHWE.c -o SNPHWE.o
gcc -shared -L/home/th798/.conda/envs/emacs1/lib -Wl,-rpath=/home/th798/.conda/envs/emacs1/lib -L/home/th798/lib -Wl,-rpath=/home/th798/lib -L/home/th798/lib64 -Wl,-rpath=/home/th798/lib64 -o GWASExactHW.so SNPHWE.o
installing to /tmp/th798/7339935/R-devel/695/library/00LOCK-GWASExactHW/00new/GWASExactHW/libs
** R
** byte-compile and prepare package for lazy loading
** help
*** installing help indices
** building package indices
** testing if installed package can be loaded from temporary location
** checking absolute paths in shared objects and dynamic libraries
** testing if installed package can be loaded from final location
** testing if installed package keeps a record of temporary installation path
* DONE (GWASExactHW)
* installing *source* package 'CompQuadForm' ...
** package 'CompQuadForm' successfully unpacked and MD5 sums checked
** using staged installation
** libs
using C compiler: 'gcc (GCC) 8.5.0 20210514 (Red Hat 8.5.0-20)'
using C++ compiler: 'g++ (GCC) 8.5.0 20210514 (Red Hat 8.5.0-20)'
g++ -std=gnu++17 -I"/home/th798/R/R-devel/include" -DNDEBUG   -I/home/th798/.conda/envs/emacs1/include -I/home/th798/include    -fpic  -g -O2  -c imhof.cpp -o imhof.o
g++ -std=gnu++17 -I"/home/th798/R/R-devel/include" -DNDEBUG   -I/home/th798/.conda/envs/emacs1/include -I/home/th798/include    -fpic  -g -O2  -c qfc.cpp -o qfc.o
gcc -I"/home/th798/R/R-devel/include" -DNDEBUG   -I/home/th798/.conda/envs/emacs1/include -I/home/th798/include    -fpic  -g -O2  -c registerDynamicSymbol.c -o registerDynamicSymbol.o
g++ -std=gnu++17 -I"/home/th798/R/R-devel/include" -DNDEBUG   -I/home/th798/.conda/envs/emacs1/include -I/home/th798/include    -fpic  -g -O2  -c ruben.cpp -o ruben.o
g++ -std=gnu++17 -shared -L/home/th798/.conda/envs/emacs1/lib -Wl,-rpath=/home/th798/.conda/envs/emacs1/lib -L/home/th798/lib -Wl,-rpath=/home/th798/lib -L/home/th798/lib64 -Wl,-rpath=/home/th798/lib64 -o CompQuadForm.so imhof.o qfc.o registerDynamicSymbol.o ruben.o
installing to /tmp/th798/7339935/R-devel/695/library/00LOCK-CompQuadForm/00new/CompQuadForm/libs
** R
** inst
** byte-compile and prepare package for lazy loading
** help
*** installing help indices
** building package indices
** testing if installed package can be loaded from temporary location
** checking absolute paths in shared objects and dynamic libraries
** testing if installed package can be loaded from final location
** testing if installed package keeps a record of temporary installation path
* DONE (CompQuadForm)
* installing *source* package 'doMC' ...
** package 'doMC' successfully unpacked and MD5 sums checked
** using staged installation
** R
** demo
** inst
** byte-compile and prepare package for lazy loading
** help
*** installing help indices
** building package indices
** installing vignettes
** testing if installed package can be loaded from temporary location
** testing if installed package can be loaded from final location
** testing if installed package keeps a record of temporary installation path
* DONE (doMC)
* installing *source* package 'mitml' ...
** package 'mitml' successfully unpacked and MD5 sums checked
** using staged installation
** R
** data
*** moving datasets to lazyload DB
** inst
** byte-compile and prepare package for lazy loading
** help
*** installing help indices
** building package indices
** installing vignettes
** testing if installed package can be loaded from temporary location
** testing if installed package can be loaded from final location
** testing if installed package keeps a record of temporary installation path
* DONE (mitml)
* installing *source* package 'formula.tools' ...
** package 'formula.tools' successfully unpacked and MD5 sums checked
** using staged installation
** R
** byte-compile and prepare package for lazy loading
** help
*** installing help indices
** building package indices
** testing if installed package can be loaded from temporary location
** testing if installed package can be loaded from final location
** testing if installed package keeps a record of temporary installation path
* DONE (formula.tools)
ERROR: dependency 'GenomeInfoDb' is not available for package 'GenomicRanges'
* removing '/tmp/th798/7339935/R-devel/695/library/GenomicRanges'
ERROR: dependency 'GenomeInfoDb' is not available for package 'Biostrings'
* removing '/tmp/th798/7339935/R-devel/695/library/Biostrings'
* installing *source* package 'GMMAT' ...
** package 'GMMAT' successfully unpacked and MD5 sums checked
** using staged installation
checking whether the C++ compiler works... yes
checking for C++ compiler default output file name... a.out
checking for suffix of executables... 
checking whether we are cross compiling... no
checking for suffix of object files... o
checking whether we are using the GNU C++ compiler... yes
checking whether g++ -std=gnu++17 accepts -g... yes
checking how to run the C++ preprocessor... g++ -std=gnu++17 -E
checking for grep that handles long lines and -e... /usr/bin/grep
checking for egrep... /usr/bin/grep -E
checking for ANSI C header files... yes
checking for sys/types.h... yes
checking for sys/stat.h... yes
checking for stdlib.h... yes
checking for string.h... yes
checking for memory.h... yes
checking for strings.h... yes
checking for inttypes.h... yes
checking for stdint.h... yes
checking for unistd.h... yes
checking for ZSTD_decompress in -lzstd... yes
checking zstd.h usability... yes
checking zstd.h presence... yes
checking for zstd.h... yes
configure: Will use system-wide zstd library
checking for libdeflate_zlib_decompress in -ldeflate... no
configure: Will build libdeflate library from the package
configure: creating ./config.status
config.status: creating src/Makevars
** libs
using C compiler: 'gcc (GCC) 8.5.0 20210514 (Red Hat 8.5.0-20)'
using C++ compiler: 'g++ (GCC) 8.5.0 20210514 (Red Hat 8.5.0-20)'
g++ -std=gnu++17 -I"/home/th798/R/R-devel/include" -DNDEBUG -Izstd/lib -Izstd/lib/common -I'/projects/genomic-ml/R/R-devel/library/Rcpp/include' -I'/projects/genomic-ml/R/R-devel/library/RcppArmadillo/include' -I/home/th798/.conda/envs/emacs1/include -I/home/th798/include   -DARMA_64BIT_WORD -fpic  -g -O2  -c fitglmm.cpp -o fitglmm.o
gcc -I"/home/th798/R/R-devel/include" -DNDEBUG -Izstd/lib -Izstd/lib/common -I'/projects/genomic-ml/R/R-devel/library/Rcpp/include' -I'/projects/genomic-ml/R/R-devel/library/RcppArmadillo/include' -I/home/th798/.conda/envs/emacs1/include -I/home/th798/include    -fpic  -g -O2  -c registerDynamicSymbol.c -o registerDynamicSymbol.o
gcc -I"/home/th798/R/R-devel/include" -DNDEBUG -Izstd/lib -Izstd/lib/common -I'/projects/genomic-ml/R/R-devel/library/Rcpp/include' -I'/projects/genomic-ml/R/R-devel/library/RcppArmadillo/include' -I/home/th798/.conda/envs/emacs1/include -I/home/th798/include    -fpic  -g -O2  -c libdeflate/lib/adler32.c -o libdeflate/lib/adler32.o
gcc -I"/home/th798/R/R-devel/include" -DNDEBUG -Izstd/lib -Izstd/lib/common -I'/projects/genomic-ml/R/R-devel/library/Rcpp/include' -I'/projects/genomic-ml/R/R-devel/library/RcppArmadillo/include' -I/home/th798/.conda/envs/emacs1/include -I/home/th798/include    -fpic  -g -O2  -c libdeflate/lib/deflate_decompress.c -o libdeflate/lib/deflate_decompress.o
gcc -I"/home/th798/R/R-devel/include" -DNDEBUG -Izstd/lib -Izstd/lib/common -I'/projects/genomic-ml/R/R-devel/library/Rcpp/include' -I'/projects/genomic-ml/R/R-devel/library/RcppArmadillo/include' -I/home/th798/.conda/envs/emacs1/include -I/home/th798/include    -fpic  -g -O2  -c libdeflate/lib/utils.c -o libdeflate/lib/utils.o
gcc -I"/home/th798/R/R-devel/include" -DNDEBUG -Izstd/lib -Izstd/lib/common -I'/projects/genomic-ml/R/R-devel/library/Rcpp/include' -I'/projects/genomic-ml/R/R-devel/library/RcppArmadillo/include' -I/home/th798/.conda/envs/emacs1/include -I/home/th798/include    -fpic  -g -O2  -c libdeflate/lib/crc32.c -o libdeflate/lib/crc32.o
gcc -I"/home/th798/R/R-devel/include" -DNDEBUG -Izstd/lib -Izstd/lib/common -I'/projects/genomic-ml/R/R-devel/library/Rcpp/include' -I'/projects/genomic-ml/R/R-devel/library/RcppArmadillo/include' -I/home/th798/.conda/envs/emacs1/include -I/home/th798/include    -fpic  -g -O2  -c libdeflate/lib/gzip_compress.c -o libdeflate/lib/gzip_compress.o
gcc -I"/home/th798/R/R-devel/include" -DNDEBUG -Izstd/lib -Izstd/lib/common -I'/projects/genomic-ml/R/R-devel/library/Rcpp/include' -I'/projects/genomic-ml/R/R-devel/library/RcppArmadillo/include' -I/home/th798/.conda/envs/emacs1/include -I/home/th798/include    -fpic  -g -O2  -c libdeflate/lib/zlib_compress.c -o libdeflate/lib/zlib_compress.o
gcc -I"/home/th798/R/R-devel/include" -DNDEBUG -Izstd/lib -Izstd/lib/common -I'/projects/genomic-ml/R/R-devel/library/Rcpp/include' -I'/projects/genomic-ml/R/R-devel/library/RcppArmadillo/include' -I/home/th798/.conda/envs/emacs1/include -I/home/th798/include    -fpic  -g -O2  -c libdeflate/lib/deflate_compress.c -o libdeflate/lib/deflate_compress.o
gcc -I"/home/th798/R/R-devel/include" -DNDEBUG -Izstd/lib -Izstd/lib/common -I'/projects/genomic-ml/R/R-devel/library/Rcpp/include' -I'/projects/genomic-ml/R/R-devel/library/RcppArmadillo/include' -I/home/th798/.conda/envs/emacs1/include -I/home/th798/include    -fpic  -g -O2  -c libdeflate/lib/gzip_decompress.c -o libdeflate/lib/gzip_decompress.o
gcc -I"/home/th798/R/R-devel/include" -DNDEBUG -Izstd/lib -Izstd/lib/common -I'/projects/genomic-ml/R/R-devel/library/Rcpp/include' -I'/projects/genomic-ml/R/R-devel/library/RcppArmadillo/include' -I/home/th798/.conda/envs/emacs1/include -I/home/th798/include    -fpic  -g -O2  -c libdeflate/lib/zlib_decompress.c -o libdeflate/lib/zlib_decompress.o
gcc -I"/home/th798/R/R-devel/include" -DNDEBUG -Izstd/lib -Izstd/lib/common -I'/projects/genomic-ml/R/R-devel/library/Rcpp/include' -I'/projects/genomic-ml/R/R-devel/library/RcppArmadillo/include' -I/home/th798/.conda/envs/emacs1/include -I/home/th798/include    -fpic  -g -O2  -c libdeflate/lib/arm/cpu_features.c -o libdeflate/lib/arm/cpu_features.o
gcc -I"/home/th798/R/R-devel/include" -DNDEBUG -Izstd/lib -Izstd/lib/common -I'/projects/genomic-ml/R/R-devel/library/Rcpp/include' -I'/projects/genomic-ml/R/R-devel/library/RcppArmadillo/include' -I/home/th798/.conda/envs/emacs1/include -I/home/th798/include    -fpic  -g -O2  -c libdeflate/lib/x86/cpu_features.c -o libdeflate/lib/x86/cpu_features.o
g++ -std=gnu++17 -shared -L/home/th798/.conda/envs/emacs1/lib -Wl,-rpath=/home/th798/.conda/envs/emacs1/lib -L/home/th798/lib -Wl,-rpath=/home/th798/lib -L/home/th798/lib64 -Wl,-rpath=/home/th798/lib64 -o GMMAT.so fitglmm.o registerDynamicSymbol.o -L/home/th798/R/R-devel/lib -lRlapack -L/home/th798/R/R-devel/lib -lRblas -lgfortran -lm -lquadmath -lz -lbz2 -lzstd libdeflate/lib/adler32.o libdeflate/lib/deflate_decompress.o libdeflate/lib/utils.o libdeflate/lib/crc32.o libdeflate/lib/gzip_compress.o libdeflate/lib/zlib_compress.o libdeflate/lib/deflate_compress.o libdeflate/lib/gzip_decompress.o libdeflate/lib/zlib_decompress.o libdeflate/lib/arm/cpu_features.o libdeflate/lib/x86/cpu_features.o
installing to /tmp/th798/7339935/R-devel/695/library/00LOCK-GMMAT/00new/GMMAT/libs
** R
** data
** inst
** byte-compile and prepare package for lazy loading
** help
*** installing help indices
** building package indices
** installing vignettes
** testing if installed package can be loaded from temporary location
** checking absolute paths in shared objects and dynamic libraries
** testing if installed package can be loaded from final location
** testing if installed package keeps a record of temporary installation path
* DONE (GMMAT)
* installing *source* package 'mice' ...
** package 'mice' successfully unpacked and MD5 sums checked
** using staged installation
** libs
using C++ compiler: 'g++ (GCC) 8.5.0 20210514 (Red Hat 8.5.0-20)'
g++ -std=gnu++17 -I"/home/th798/R/R-devel/include" -DNDEBUG  -I'/projects/genomic-ml/R/R-devel/library/cpp11/include' -I'/projects/genomic-ml/R/R-devel/library/Rcpp/include' -I/home/th798/.conda/envs/emacs1/include -I/home/th798/include    -fpic  -g -O2  -c RcppExports.cpp -o RcppExports.o
g++ -std=gnu++17 -I"/home/th798/R/R-devel/include" -DNDEBUG  -I'/projects/genomic-ml/R/R-devel/library/cpp11/include' -I'/projects/genomic-ml/R/R-devel/library/Rcpp/include' -I/home/th798/.conda/envs/emacs1/include -I/home/th798/include    -fpic  -g -O2  -c legendre.cpp -o legendre.o
g++ -std=gnu++17 -I"/home/th798/R/R-devel/include" -DNDEBUG  -I'/projects/genomic-ml/R/R-devel/library/cpp11/include' -I'/projects/genomic-ml/R/R-devel/library/Rcpp/include' -I/home/th798/.conda/envs/emacs1/include -I/home/th798/include    -fpic  -g -O2  -c match.cpp -o match.o
g++ -std=gnu++17 -I"/home/th798/R/R-devel/include" -DNDEBUG  -I'/projects/genomic-ml/R/R-devel/library/cpp11/include' -I'/projects/genomic-ml/R/R-devel/library/Rcpp/include' -I/home/th798/.conda/envs/emacs1/include -I/home/th798/include    -fpic  -g -O2  -c matchindex.cpp -o matchindex.o
g++ -std=gnu++17 -shared -L/home/th798/.conda/envs/emacs1/lib -Wl,-rpath=/home/th798/.conda/envs/emacs1/lib -L/home/th798/lib -Wl,-rpath=/home/th798/lib -L/home/th798/lib64 -Wl,-rpath=/home/th798/lib64 -o mice.so RcppExports.o legendre.o match.o matchindex.o
installing to /tmp/th798/7339935/R-devel/695/library/00LOCK-mice/00new/mice/libs
** R
** data
*** moving datasets to lazyload DB
** inst
** byte-compile and prepare package for lazy loading
** help
*** installing help indices
** building package indices
** testing if installed package can be loaded from temporary location
** checking absolute paths in shared objects and dynamic libraries
** testing if installed package can be loaded from final location
** testing if installed package keeps a record of temporary installation path
* DONE (mice)
ERROR: dependencies 'GenomicRanges', 'GenomeInfoDb', 'Biostrings' are not available for package 'SeqArray'
* removing '/tmp/th798/7339935/R-devel/695/library/SeqArray'
* installing *source* package 'MAGEE' ...
** package 'MAGEE' successfully unpacked and MD5 sums checked
** using staged installation
checking whether the C++ compiler works... yes
checking for C++ compiler default output file name... a.out
checking for suffix of executables... 
checking whether we are cross compiling... no
checking for suffix of object files... o
checking whether we are using the GNU C++ compiler... yes
checking whether g++ -std=gnu++17 accepts -g... yes
checking how to run the C++ preprocessor... g++ -std=gnu++17 -E
checking for grep that handles long lines and -e... /usr/bin/grep
checking for egrep... /usr/bin/grep -E
checking for ANSI C header files... yes
checking for sys/types.h... yes
checking for sys/stat.h... yes
checking for stdlib.h... yes
checking for string.h... yes
checking for memory.h... yes
checking for strings.h... yes
checking for inttypes.h... yes
checking for stdint.h... yes
checking for unistd.h... yes
checking for ZSTD_decompress in -lzstd... yes
checking zstd.h usability... yes
checking zstd.h presence... yes
checking for zstd.h... yes
configure: Will use system-wide zstd library
checking for libdeflate_zlib_decompress in -ldeflate... no
configure: Will build libdeflate library from the package
configure: creating ./config.status
config.status: creating src/Makevars
** libs
using C compiler: 'gcc (GCC) 8.5.0 20210514 (Red Hat 8.5.0-20)'
using C++ compiler: 'g++ (GCC) 8.5.0 20210514 (Red Hat 8.5.0-20)'
g++ -std=gnu++17 -I"/home/th798/R/R-devel/include" -DNDEBUG -Izstd/lib -Izstd/lib/common -I'/projects/genomic-ml/R/R-devel/library/Rcpp/include' -I'/projects/genomic-ml/R/R-devel/library/RcppArmadillo/include' -I/home/th798/.conda/envs/emacs1/include -I/home/th798/include   -DARMA_64BIT_WORD -fpic  -g -O2  -c fitglmm.cpp -o fitglmm.o
In file included from /projects/genomic-ml/R/R-devel/library/RcppArmadillo/include/armadillo:26,
                 from /projects/genomic-ml/R/R-devel/library/RcppArmadillo/include/RcppArmadillo/interface/RcppArmadilloForward.h:57,
                 from /projects/genomic-ml/R/R-devel/library/RcppArmadillo/include/RcppArmadillo.h:29,
                 from fitglmm.cpp:27:
/projects/genomic-ml/R/R-devel/library/RcppArmadillo/include/armadillo_bits/config.hpp:321:86: note: #pragma message: INFO: support for ARMA_DONT_PRINT_ERRORS option has been removed
   #pragma message ("INFO: support for ARMA_DONT_PRINT_ERRORS option has been removed")
                                                                                      ^
/projects/genomic-ml/R/R-devel/library/RcppArmadillo/include/armadillo_bits/config.hpp:326:75: note: #pragma message: INFO: suggest to use ARMA_WARN_LEVEL option instead
     #pragma message ("INFO: suggest to use ARMA_WARN_LEVEL option instead")
                                                                           ^
/projects/genomic-ml/R/R-devel/library/RcppArmadillo/include/armadillo_bits/config.hpp:329:61: note: #pragma message: INFO: see the documentation for details
   #pragma message ("INFO: see the documentation for details")
                                                             ^
g++ -std=gnu++17 -I"/home/th798/R/R-devel/include" -DNDEBUG -Izstd/lib -Izstd/lib/common -I'/projects/genomic-ml/R/R-devel/library/Rcpp/include' -I'/projects/genomic-ml/R/R-devel/library/RcppArmadillo/include' -I/home/th798/.conda/envs/emacs1/include -I/home/th798/include   -DARMA_64BIT_WORD -fpic  -g -O2  -c fitmagee.cpp -o fitmagee.o
g++ -std=gnu++17 -I"/home/th798/R/R-devel/include" -DNDEBUG -Izstd/lib -Izstd/lib/common -I'/projects/genomic-ml/R/R-devel/library/Rcpp/include' -I'/projects/genomic-ml/R/R-devel/library/RcppArmadillo/include' -I/home/th798/.conda/envs/emacs1/include -I/home/th798/include   -DARMA_64BIT_WORD -fpic  -g -O2  -c read_bgen.cpp -o read_bgen.o
gcc -I"/home/th798/R/R-devel/include" -DNDEBUG -Izstd/lib -Izstd/lib/common -I'/projects/genomic-ml/R/R-devel/library/Rcpp/include' -I'/projects/genomic-ml/R/R-devel/library/RcppArmadillo/include' -I/home/th798/.conda/envs/emacs1/include -I/home/th798/include    -fpic  -g -O2  -c registerDynamicSymbol.c -o registerDynamicSymbol.o
gcc -I"/home/th798/R/R-devel/include" -DNDEBUG -Izstd/lib -Izstd/lib/common -I'/projects/genomic-ml/R/R-devel/library/Rcpp/include' -I'/projects/genomic-ml/R/R-devel/library/RcppArmadillo/include' -I/home/th798/.conda/envs/emacs1/include -I/home/th798/include    -fpic  -g -O2  -c libdeflate/lib/adler32.c -o libdeflate/lib/adler32.o
gcc -I"/home/th798/R/R-devel/include" -DNDEBUG -Izstd/lib -Izstd/lib/common -I'/projects/genomic-ml/R/R-devel/library/Rcpp/include' -I'/projects/genomic-ml/R/R-devel/library/RcppArmadillo/include' -I/home/th798/.conda/envs/emacs1/include -I/home/th798/include    -fpic  -g -O2  -c libdeflate/lib/deflate_decompress.c -o libdeflate/lib/deflate_decompress.o
gcc -I"/home/th798/R/R-devel/include" -DNDEBUG -Izstd/lib -Izstd/lib/common -I'/projects/genomic-ml/R/R-devel/library/Rcpp/include' -I'/projects/genomic-ml/R/R-devel/library/RcppArmadillo/include' -I/home/th798/.conda/envs/emacs1/include -I/home/th798/include    -fpic  -g -O2  -c libdeflate/lib/utils.c -o libdeflate/lib/utils.o
gcc -I"/home/th798/R/R-devel/include" -DNDEBUG -Izstd/lib -Izstd/lib/common -I'/projects/genomic-ml/R/R-devel/library/Rcpp/include' -I'/projects/genomic-ml/R/R-devel/library/RcppArmadillo/include' -I/home/th798/.conda/envs/emacs1/include -I/home/th798/include    -fpic  -g -O2  -c libdeflate/lib/crc32.c -o libdeflate/lib/crc32.o
gcc -I"/home/th798/R/R-devel/include" -DNDEBUG -Izstd/lib -Izstd/lib/common -I'/projects/genomic-ml/R/R-devel/library/Rcpp/include' -I'/projects/genomic-ml/R/R-devel/library/RcppArmadillo/include' -I/home/th798/.conda/envs/emacs1/include -I/home/th798/include    -fpic  -g -O2  -c libdeflate/lib/gzip_compress.c -o libdeflate/lib/gzip_compress.o
gcc -I"/home/th798/R/R-devel/include" -DNDEBUG -Izstd/lib -Izstd/lib/common -I'/projects/genomic-ml/R/R-devel/library/Rcpp/include' -I'/projects/genomic-ml/R/R-devel/library/RcppArmadillo/include' -I/home/th798/.conda/envs/emacs1/include -I/home/th798/include    -fpic  -g -O2  -c libdeflate/lib/zlib_compress.c -o libdeflate/lib/zlib_compress.o
gcc -I"/home/th798/R/R-devel/include" -DNDEBUG -Izstd/lib -Izstd/lib/common -I'/projects/genomic-ml/R/R-devel/library/Rcpp/include' -I'/projects/genomic-ml/R/R-devel/library/RcppArmadillo/include' -I/home/th798/.conda/envs/emacs1/include -I/home/th798/include    -fpic  -g -O2  -c libdeflate/lib/deflate_compress.c -o libdeflate/lib/deflate_compress.o
gcc -I"/home/th798/R/R-devel/include" -DNDEBUG -Izstd/lib -Izstd/lib/common -I'/projects/genomic-ml/R/R-devel/library/Rcpp/include' -I'/projects/genomic-ml/R/R-devel/library/RcppArmadillo/include' -I/home/th798/.conda/envs/emacs1/include -I/home/th798/include    -fpic  -g -O2  -c libdeflate/lib/gzip_decompress.c -o libdeflate/lib/gzip_decompress.o
gcc -I"/home/th798/R/R-devel/include" -DNDEBUG -Izstd/lib -Izstd/lib/common -I'/projects/genomic-ml/R/R-devel/library/Rcpp/include' -I'/projects/genomic-ml/R/R-devel/library/RcppArmadillo/include' -I/home/th798/.conda/envs/emacs1/include -I/home/th798/include    -fpic  -g -O2  -c libdeflate/lib/zlib_decompress.c -o libdeflate/lib/zlib_decompress.o
gcc -I"/home/th798/R/R-devel/include" -DNDEBUG -Izstd/lib -Izstd/lib/common -I'/projects/genomic-ml/R/R-devel/library/Rcpp/include' -I'/projects/genomic-ml/R/R-devel/library/RcppArmadillo/include' -I/home/th798/.conda/envs/emacs1/include -I/home/th798/include    -fpic  -g -O2  -c libdeflate/lib/arm/cpu_features.c -o libdeflate/lib/arm/cpu_features.o
gcc -I"/home/th798/R/R-devel/include" -DNDEBUG -Izstd/lib -Izstd/lib/common -I'/projects/genomic-ml/R/R-devel/library/Rcpp/include' -I'/projects/genomic-ml/R/R-devel/library/RcppArmadillo/include' -I/home/th798/.conda/envs/emacs1/include -I/home/th798/include    -fpic  -g -O2  -c libdeflate/lib/x86/cpu_features.c -o libdeflate/lib/x86/cpu_features.o
g++ -std=gnu++17 -shared -L/home/th798/.conda/envs/emacs1/lib -Wl,-rpath=/home/th798/.conda/envs/emacs1/lib -L/home/th798/lib -Wl,-rpath=/home/th798/lib -L/home/th798/lib64 -Wl,-rpath=/home/th798/lib64 -o MAGEE.so fitglmm.o fitmagee.o read_bgen.o registerDynamicSymbol.o -L/home/th798/R/R-devel/lib -lRlapack -L/home/th798/R/R-devel/lib -lRblas -lgfortran -lm -lquadmath -lz -lbz2 -lzstd libdeflate/lib/adler32.o libdeflate/lib/deflate_decompress.o libdeflate/lib/utils.o libdeflate/lib/crc32.o libdeflate/lib/gzip_compress.o libdeflate/lib/zlib_compress.o libdeflate/lib/deflate_compress.o libdeflate/lib/gzip_decompress.o libdeflate/lib/zlib_decompress.o libdeflate/lib/arm/cpu_features.o libdeflate/lib/x86/cpu_features.o
installing to /tmp/th798/7339935/R-devel/695/library/00LOCK-MAGEE/00new/MAGEE/libs
** R
** data
** inst
** byte-compile and prepare package for lazy loading
** help
*** installing help indices
** building package indices
** installing vignettes
** testing if installed package can be loaded from temporary location
** checking absolute paths in shared objects and dynamic libraries
** testing if installed package can be loaded from final location
** testing if installed package keeps a record of temporary installation path
* DONE (MAGEE)
* installing *source* package 'logistf' ...
** package 'logistf' successfully unpacked and MD5 sums checked
** using staged installation
** libs
using C compiler: 'gcc (GCC) 8.5.0 20210514 (Red Hat 8.5.0-20)'
gcc -I"/home/th798/R/R-devel/include" -DNDEBUG   -I/home/th798/.conda/envs/emacs1/include -I/home/th798/include    -fpic  -g -O2  -c init.c -o init.o
gcc -I"/home/th798/R/R-devel/include" -DNDEBUG   -I/home/th798/.conda/envs/emacs1/include -I/home/th798/include    -fpic  -g -O2  -c logistf.c -o logistf.o
gcc -shared -L/home/th798/.conda/envs/emacs1/lib -Wl,-rpath=/home/th798/.conda/envs/emacs1/lib -L/home/th798/lib -Wl,-rpath=/home/th798/lib -L/home/th798/lib64 -Wl,-rpath=/home/th798/lib64 -o logistf.so init.o logistf.o
installing to /tmp/th798/7339935/R-devel/695/library/00LOCK-logistf/00new/logistf/libs
** R
** data
*** moving datasets to lazyload DB
** byte-compile and prepare package for lazy loading
** help
*** installing help indices
** building package indices
** testing if installed package can be loaded from temporary location
** checking absolute paths in shared objects and dynamic libraries
** testing if installed package can be loaded from final location
** testing if installed package keeps a record of temporary installation path
* DONE (logistf)
ERROR: dependencies 'SeqArray', 'GenomicRanges' are not available for package 'SeqVarTools'
* removing '/tmp/th798/7339935/R-devel/695/library/SeqVarTools'

The downloaded source packages are in
	'/tmp/th798/7339935/Rtmp8Gvc7u/downloaded_packages'
Warning messages:
1: In install.packages(rev.dep, dep = TRUE) :
  installation of package 'GenomeInfoDb' had non-zero exit status
2: In install.packages(rev.dep, dep = TRUE) :
  installation of package 'GenomicRanges' had non-zero exit status
3: In install.packages(rev.dep, dep = TRUE) :
  installation of package 'Biostrings' had non-zero exit status
4: In install.packages(rev.dep, dep = TRUE) :
  installation of package 'SeqArray' had non-zero exit status
5: In install.packages(rev.dep, dep = TRUE) :
  installation of package 'SeqVarTools' had non-zero exit status
> cat("Time to install revdep:\n")
Time to install revdep:
> print(install.time)
   user  system elapsed 
270.372  20.856 300.969 
> downloaded_packages <- file.path(
+   tempdir(),
+   "downloaded_packages")
> dl.glob <- file.path(
+   downloaded_packages,
+   paste0(rev.dep,"_*.tar.gz"))
> rev.dep.dl.row <- cbind(rev.dep, Sys.glob(dl.glob))
> colnames(rev.dep.dl.row) <- c("pkg","path")
> rev.dep.release.tar.gz <- normalizePath(rev.dep.dl.row[,"path"], mustWork=TRUE)
> pkg.Rcheck <- paste0(rev.dep, ".Rcheck")
> 
> proj.dir <- "~/genomic-ml/data.table-revdeps"
> source(file.path(proj.dir, "myStatus.R"))
> Rvers <- gsub("[()]", "", gsub(" ", "_", R.version[["version.string"]]))
> dir.create(Rvers, showWarnings=FALSE)
> Rcheck.list <- list()
> for(dt.version.short in c("release", "master")){
+   dt.tar.gz <- cargs[[dt.version.short]]
+   dt.version <- gsub(".tar.gz|/.*?_", "", dt.tar.gz)
+   install.packages(dt.tar.gz, repos=NULL)
+   check.cmd <- get_check_cmd(rev.dep.release.tar.gz)
+   system(check.cmd)
+   dest.Rcheck <- file.path(
+     Rvers,
+     paste0(dt.version, ".Rcheck"))
+   unlink(dest.Rcheck, recursive=TRUE)
+   file.rename(pkg.Rcheck, dest.Rcheck)
+   Rcheck.list[[dt.version]] <- file.path(dest.Rcheck, "00check.log")
+ }
Installing package into '/tmp/th798/7339935/R-devel/695/library'
(as 'lib' is unspecified)
* installing *source* package 'data.table' ...
** package 'data.table' successfully unpacked and MD5 sums checked
** using staged installation
gcc 8.5.0
zlib 1.2.13 is available ok
R CMD SHLIB supports OpenMP without any extra hint
** libs
using C compiler: 'gcc (GCC) 8.5.0 20210514 (Red Hat 8.5.0-20)'
gcc -I"/home/th798/R/R-devel/include" -DNDEBUG   -I/home/th798/.conda/envs/emacs1/include -I/home/th798/include   -fopenmp  -fpic  -g -O2  -c assign.c -o assign.o
gcc -I"/home/th798/R/R-devel/include" -DNDEBUG   -I/home/th798/.conda/envs/emacs1/include -I/home/th798/include   -fopenmp  -fpic  -g -O2  -c between.c -o between.o
gcc -I"/home/th798/R/R-devel/include" -DNDEBUG   -I/home/th798/.conda/envs/emacs1/include -I/home/th798/include   -fopenmp  -fpic  -g -O2  -c bmerge.c -o bmerge.o
gcc -I"/home/th798/R/R-devel/include" -DNDEBUG   -I/home/th798/.conda/envs/emacs1/include -I/home/th798/include   -fopenmp  -fpic  -g -O2  -c chmatch.c -o chmatch.o
gcc -I"/home/th798/R/R-devel/include" -DNDEBUG   -I/home/th798/.conda/envs/emacs1/include -I/home/th798/include   -fopenmp  -fpic  -g -O2  -c cj.c -o cj.o
gcc -I"/home/th798/R/R-devel/include" -DNDEBUG   -I/home/th798/.conda/envs/emacs1/include -I/home/th798/include   -fopenmp  -fpic  -g -O2  -c coalesce.c -o coalesce.o
gcc -I"/home/th798/R/R-devel/include" -DNDEBUG   -I/home/th798/.conda/envs/emacs1/include -I/home/th798/include   -fopenmp  -fpic  -g -O2  -c dogroups.c -o dogroups.o
gcc -I"/home/th798/R/R-devel/include" -DNDEBUG   -I/home/th798/.conda/envs/emacs1/include -I/home/th798/include   -fopenmp  -fpic  -g -O2  -c fastmean.c -o fastmean.o
gcc -I"/home/th798/R/R-devel/include" -DNDEBUG   -I/home/th798/.conda/envs/emacs1/include -I/home/th798/include   -fopenmp  -fpic  -g -O2  -c fcast.c -o fcast.o
gcc -I"/home/th798/R/R-devel/include" -DNDEBUG   -I/home/th798/.conda/envs/emacs1/include -I/home/th798/include   -fopenmp  -fpic  -g -O2  -c fifelse.c -o fifelse.o
gcc -I"/home/th798/R/R-devel/include" -DNDEBUG   -I/home/th798/.conda/envs/emacs1/include -I/home/th798/include   -fopenmp  -fpic  -g -O2  -c fmelt.c -o fmelt.o
gcc -I"/home/th798/R/R-devel/include" -DNDEBUG   -I/home/th798/.conda/envs/emacs1/include -I/home/th798/include   -fopenmp  -fpic  -g -O2  -c forder.c -o forder.o
gcc -I"/home/th798/R/R-devel/include" -DNDEBUG   -I/home/th798/.conda/envs/emacs1/include -I/home/th798/include   -fopenmp  -fpic  -g -O2  -c frank.c -o frank.o
gcc -I"/home/th798/R/R-devel/include" -DNDEBUG   -I/home/th798/.conda/envs/emacs1/include -I/home/th798/include   -fopenmp  -fpic  -g -O2  -c fread.c -o fread.o
gcc -I"/home/th798/R/R-devel/include" -DNDEBUG   -I/home/th798/.conda/envs/emacs1/include -I/home/th798/include   -fopenmp  -fpic  -g -O2  -c freadR.c -o freadR.o
gcc -I"/home/th798/R/R-devel/include" -DNDEBUG   -I/home/th798/.conda/envs/emacs1/include -I/home/th798/include   -fopenmp  -fpic  -g -O2  -c froll.c -o froll.o
gcc -I"/home/th798/R/R-devel/include" -DNDEBUG   -I/home/th798/.conda/envs/emacs1/include -I/home/th798/include   -fopenmp  -fpic  -g -O2  -c frollR.c -o frollR.o
gcc -I"/home/th798/R/R-devel/include" -DNDEBUG   -I/home/th798/.conda/envs/emacs1/include -I/home/th798/include   -fopenmp  -fpic  -g -O2  -c frolladaptive.c -o frolladaptive.o
gcc -I"/home/th798/R/R-devel/include" -DNDEBUG   -I/home/th798/.conda/envs/emacs1/include -I/home/th798/include   -fopenmp  -fpic  -g -O2  -c fsort.c -o fsort.o
gcc -I"/home/th798/R/R-devel/include" -DNDEBUG   -I/home/th798/.conda/envs/emacs1/include -I/home/th798/include   -fopenmp  -fpic  -g -O2  -c fwrite.c -o fwrite.o
gcc -I"/home/th798/R/R-devel/include" -DNDEBUG   -I/home/th798/.conda/envs/emacs1/include -I/home/th798/include   -fopenmp  -fpic  -g -O2  -c fwriteR.c -o fwriteR.o
gcc -I"/home/th798/R/R-devel/include" -DNDEBUG   -I/home/th798/.conda/envs/emacs1/include -I/home/th798/include   -fopenmp  -fpic  -g -O2  -c gsumm.c -o gsumm.o
gcc -I"/home/th798/R/R-devel/include" -DNDEBUG   -I/home/th798/.conda/envs/emacs1/include -I/home/th798/include   -fopenmp  -fpic  -g -O2  -c ijoin.c -o ijoin.o
gcc -I"/home/th798/R/R-devel/include" -DNDEBUG   -I/home/th798/.conda/envs/emacs1/include -I/home/th798/include   -fopenmp  -fpic  -g -O2  -c init.c -o init.o
gcc -I"/home/th798/R/R-devel/include" -DNDEBUG   -I/home/th798/.conda/envs/emacs1/include -I/home/th798/include   -fopenmp  -fpic  -g -O2  -c inrange.c -o inrange.o
gcc -I"/home/th798/R/R-devel/include" -DNDEBUG   -I/home/th798/.conda/envs/emacs1/include -I/home/th798/include   -fopenmp  -fpic  -g -O2  -c nafill.c -o nafill.o
gcc -I"/home/th798/R/R-devel/include" -DNDEBUG   -I/home/th798/.conda/envs/emacs1/include -I/home/th798/include   -fopenmp  -fpic  -g -O2  -c nqrecreateindices.c -o nqrecreateindices.o
gcc -I"/home/th798/R/R-devel/include" -DNDEBUG   -I/home/th798/.conda/envs/emacs1/include -I/home/th798/include   -fopenmp  -fpic  -g -O2  -c openmp-utils.c -o openmp-utils.o
gcc -I"/home/th798/R/R-devel/include" -DNDEBUG   -I/home/th798/.conda/envs/emacs1/include -I/home/th798/include   -fopenmp  -fpic  -g -O2  -c quickselect.c -o quickselect.o
gcc -I"/home/th798/R/R-devel/include" -DNDEBUG   -I/home/th798/.conda/envs/emacs1/include -I/home/th798/include   -fopenmp  -fpic  -g -O2  -c rbindlist.c -o rbindlist.o
gcc -I"/home/th798/R/R-devel/include" -DNDEBUG   -I/home/th798/.conda/envs/emacs1/include -I/home/th798/include   -fopenmp  -fpic  -g -O2  -c reorder.c -o reorder.o
gcc -I"/home/th798/R/R-devel/include" -DNDEBUG   -I/home/th798/.conda/envs/emacs1/include -I/home/th798/include   -fopenmp  -fpic  -g -O2  -c shift.c -o shift.o
gcc -I"/home/th798/R/R-devel/include" -DNDEBUG   -I/home/th798/.conda/envs/emacs1/include -I/home/th798/include   -fopenmp  -fpic  -g -O2  -c snprintf.c -o snprintf.o
gcc -I"/home/th798/R/R-devel/include" -DNDEBUG   -I/home/th798/.conda/envs/emacs1/include -I/home/th798/include   -fopenmp  -fpic  -g -O2  -c subset.c -o subset.o
gcc -I"/home/th798/R/R-devel/include" -DNDEBUG   -I/home/th798/.conda/envs/emacs1/include -I/home/th798/include   -fopenmp  -fpic  -g -O2  -c transpose.c -o transpose.o
gcc -I"/home/th798/R/R-devel/include" -DNDEBUG   -I/home/th798/.conda/envs/emacs1/include -I/home/th798/include   -fopenmp  -fpic  -g -O2  -c types.c -o types.o
gcc -I"/home/th798/R/R-devel/include" -DNDEBUG   -I/home/th798/.conda/envs/emacs1/include -I/home/th798/include   -fopenmp  -fpic  -g -O2  -c uniqlist.c -o uniqlist.o
gcc -I"/home/th798/R/R-devel/include" -DNDEBUG   -I/home/th798/.conda/envs/emacs1/include -I/home/th798/include   -fopenmp  -fpic  -g -O2  -c utils.c -o utils.o
gcc -I"/home/th798/R/R-devel/include" -DNDEBUG   -I/home/th798/.conda/envs/emacs1/include -I/home/th798/include   -fopenmp  -fpic  -g -O2  -c vecseq.c -o vecseq.o
gcc -I"/home/th798/R/R-devel/include" -DNDEBUG   -I/home/th798/.conda/envs/emacs1/include -I/home/th798/include   -fopenmp  -fpic  -g -O2  -c wrappers.c -o wrappers.o
gcc -shared -L/home/th798/.conda/envs/emacs1/lib -Wl,-rpath=/home/th798/.conda/envs/emacs1/lib -L/home/th798/lib -Wl,-rpath=/home/th798/lib -L/home/th798/lib64 -Wl,-rpath=/home/th798/lib64 -o data.table.so assign.o between.o bmerge.o chmatch.o cj.o coalesce.o dogroups.o fastmean.o fcast.o fifelse.o fmelt.o forder.o frank.o fread.o freadR.o froll.o frollR.o frolladaptive.o fsort.o fwrite.o fwriteR.o gsumm.o ijoin.o init.o inrange.o nafill.o nqrecreateindices.o openmp-utils.o quickselect.o rbindlist.o reorder.o shift.o snprintf.o subset.o transpose.o types.o uniqlist.o utils.o vecseq.o wrappers.o -fopenmp -lz
PKG_CFLAGS = -fopenmp
PKG_LIBS = -fopenmp -lz
if [ "data.table.so" != "data_table.so" ]; then mv data.table.so data_table.so; fi
if [ "" != "Windows_NT" ] && [ `uname -s` = 'Darwin' ]; then install_name_tool -id data_table.so data_table.so; fi
installing to /tmp/th798/7339935/R-devel/695/library/00LOCK-data.table/00new/data.table/libs
** R
** inst
** byte-compile and prepare package for lazy loading
** help
*** installing help indices
** building package indices
** installing vignettes
** testing if installed package can be loaded from temporary location
** checking absolute paths in shared objects and dynamic libraries
** testing if installed package can be loaded from final location
** testing if installed package keeps a record of temporary installation path
* DONE (data.table)
* using log directory '/tmp/th798/7339935/R-devel/695/MAGEE.Rcheck'
* using R Under development (unstable) (2024-01-20 r85814)
* using platform: x86_64-pc-linux-gnu
* R was compiled by
    gcc (GCC) 8.5.0 20210514 (Red Hat 8.5.0-20)
    GNU Fortran (GCC) 8.5.0 20210514 (Red Hat 8.5.0-20)
* running under: Red Hat Enterprise Linux 8.9 (Ootpa)
* using session charset: ASCII
* checking for file 'MAGEE/DESCRIPTION' ... OK
* this is package 'MAGEE' version '1.3.2'
* package encoding: UTF-8
* checking package namespace information ... OK
* checking package dependencies ... NOTE
Packages suggested but not available for checking:
  'SeqArray', 'SeqVarTools'
* checking if this is a source package ... OK
* checking if there is a namespace ... OK
* checking for executable files ... OK
* checking for hidden files and directories ... OK
* checking for portable file names ... OK
* checking for sufficient/correct file permissions ... OK
* checking whether package 'MAGEE' can be installed ... OK
* used C compiler: 'gcc (GCC) 8.5.0 20210514 (Red Hat 8.5.0-20)'
* used C++ compiler: 'g++ (GCC) 8.5.0 20210514 (Red Hat 8.5.0-20)'
* checking installed package size ... NOTE
  installed size is 12.0Mb
  sub-directories of 1Mb or more:
    libs  10.3Mb
* checking package directory ... OK
* checking 'build' directory ... OK
* checking DESCRIPTION meta-information ... OK
* checking top-level files ... OK
* checking for left-over files ... OK
* checking index information ... OK
* checking package subdirectories ... OK
* checking R files for non-ASCII characters ... OK
* checking R files for syntax errors ... OK
* checking whether the package can be loaded ... OK
* checking whether the package can be loaded with stated dependencies ... OK
* checking whether the package can be unloaded cleanly ... OK
* checking whether the namespace can be loaded with stated dependencies ... OK
* checking whether the namespace can be unloaded cleanly ... OK
* checking loading without being on the library search path ... OK
* checking dependencies in R code ... OK
* checking S3 generic/method consistency ... OK
* checking replacement functions ... OK
* checking foreign function calls ... OK
* checking R code for possible problems ... OK
* checking Rd files ... OK
* checking Rd metadata ... OK
* checking Rd cross-references ... OK
* checking for missing documentation entries ... OK
* checking for code/documentation mismatches ... OK
* checking Rd \usage sections ... OK
* checking Rd contents ... OK
* checking for unstated dependencies in examples ... OK
* checking contents of 'data' directory ... OK
* checking data for non-ASCII characters ... OK
* checking data for ASCII and uncompressed saves ... OK
* checking line endings in shell scripts ... OK
* checking line endings in C/C++/Fortran sources/headers ... OK
* checking line endings in Makefiles ... OK
* checking compilation flags in Makevars ... OK
* checking for GNU extensions in Makefiles ... OK
* checking for portable use of $(BLAS_LIBS) and $(LAPACK_LIBS) ... OK
* checking use of PKG_*FLAGS in Makefiles ... OK
* checking compiled code ... OK
* checking sizes of PDF files under 'inst/doc' ... OK
* checking installed files from 'inst/doc' ... OK
* checking files in 'vignettes' ... OK
* checking examples ... OK
* checking for unstated dependencies in 'tests' ... OK
* checking tests ...
  Running 'testthat.R'
 OK
* checking for unstated dependencies in vignettes ... OK
* checking package vignettes ... OK
* checking re-building of vignette outputs ... OK
* checking PDF version of manual ... OK
* DONE

Status: 2 NOTEs
See
  '/tmp/th798/7339935/R-devel/695/MAGEE.Rcheck/00check.log'
for details.


Installing package into '/tmp/th798/7339935/R-devel/695/library'
(as 'lib' is unspecified)
* installing *source* package 'data.table' ...
** using staged installation
gcc 8.5.0
zlib 1.2.13 is available ok
R CMD SHLIB supports OpenMP without any extra hint
** libs
using C compiler: 'gcc (GCC) 8.5.0 20210514 (Red Hat 8.5.0-20)'
gcc -I"/home/th798/R/R-devel/include" -DNDEBUG   -I/home/th798/.conda/envs/emacs1/include -I/home/th798/include   -fopenmp  -fpic  -g -O2  -c assign.c -o assign.o
gcc -I"/home/th798/R/R-devel/include" -DNDEBUG   -I/home/th798/.conda/envs/emacs1/include -I/home/th798/include   -fopenmp  -fpic  -g -O2  -c between.c -o between.o
gcc -I"/home/th798/R/R-devel/include" -DNDEBUG   -I/home/th798/.conda/envs/emacs1/include -I/home/th798/include   -fopenmp  -fpic  -g -O2  -c bmerge.c -o bmerge.o
gcc -I"/home/th798/R/R-devel/include" -DNDEBUG   -I/home/th798/.conda/envs/emacs1/include -I/home/th798/include   -fopenmp  -fpic  -g -O2  -c chmatch.c -o chmatch.o
gcc -I"/home/th798/R/R-devel/include" -DNDEBUG   -I/home/th798/.conda/envs/emacs1/include -I/home/th798/include   -fopenmp  -fpic  -g -O2  -c cj.c -o cj.o
gcc -I"/home/th798/R/R-devel/include" -DNDEBUG   -I/home/th798/.conda/envs/emacs1/include -I/home/th798/include   -fopenmp  -fpic  -g -O2  -c coalesce.c -o coalesce.o
gcc -I"/home/th798/R/R-devel/include" -DNDEBUG   -I/home/th798/.conda/envs/emacs1/include -I/home/th798/include   -fopenmp  -fpic  -g -O2  -c dogroups.c -o dogroups.o
gcc -I"/home/th798/R/R-devel/include" -DNDEBUG   -I/home/th798/.conda/envs/emacs1/include -I/home/th798/include   -fopenmp  -fpic  -g -O2  -c fastmean.c -o fastmean.o
gcc -I"/home/th798/R/R-devel/include" -DNDEBUG   -I/home/th798/.conda/envs/emacs1/include -I/home/th798/include   -fopenmp  -fpic  -g -O2  -c fcast.c -o fcast.o
gcc -I"/home/th798/R/R-devel/include" -DNDEBUG   -I/home/th798/.conda/envs/emacs1/include -I/home/th798/include   -fopenmp  -fpic  -g -O2  -c fifelse.c -o fifelse.o
gcc -I"/home/th798/R/R-devel/include" -DNDEBUG   -I/home/th798/.conda/envs/emacs1/include -I/home/th798/include   -fopenmp  -fpic  -g -O2  -c fmelt.c -o fmelt.o
gcc -I"/home/th798/R/R-devel/include" -DNDEBUG   -I/home/th798/.conda/envs/emacs1/include -I/home/th798/include   -fopenmp  -fpic  -g -O2  -c forder.c -o forder.o
gcc -I"/home/th798/R/R-devel/include" -DNDEBUG   -I/home/th798/.conda/envs/emacs1/include -I/home/th798/include   -fopenmp  -fpic  -g -O2  -c frank.c -o frank.o
gcc -I"/home/th798/R/R-devel/include" -DNDEBUG   -I/home/th798/.conda/envs/emacs1/include -I/home/th798/include   -fopenmp  -fpic  -g -O2  -c fread.c -o fread.o
gcc -I"/home/th798/R/R-devel/include" -DNDEBUG   -I/home/th798/.conda/envs/emacs1/include -I/home/th798/include   -fopenmp  -fpic  -g -O2  -c freadR.c -o freadR.o
gcc -I"/home/th798/R/R-devel/include" -DNDEBUG   -I/home/th798/.conda/envs/emacs1/include -I/home/th798/include   -fopenmp  -fpic  -g -O2  -c froll.c -o froll.o
gcc -I"/home/th798/R/R-devel/include" -DNDEBUG   -I/home/th798/.conda/envs/emacs1/include -I/home/th798/include   -fopenmp  -fpic  -g -O2  -c frollR.c -o frollR.o
gcc -I"/home/th798/R/R-devel/include" -DNDEBUG   -I/home/th798/.conda/envs/emacs1/include -I/home/th798/include   -fopenmp  -fpic  -g -O2  -c frolladaptive.c -o frolladaptive.o
gcc -I"/home/th798/R/R-devel/include" -DNDEBUG   -I/home/th798/.conda/envs/emacs1/include -I/home/th798/include   -fopenmp  -fpic  -g -O2  -c fsort.c -o fsort.o
gcc -I"/home/th798/R/R-devel/include" -DNDEBUG   -I/home/th798/.conda/envs/emacs1/include -I/home/th798/include   -fopenmp  -fpic  -g -O2  -c fwrite.c -o fwrite.o
gcc -I"/home/th798/R/R-devel/include" -DNDEBUG   -I/home/th798/.conda/envs/emacs1/include -I/home/th798/include   -fopenmp  -fpic  -g -O2  -c fwriteR.c -o fwriteR.o
gcc -I"/home/th798/R/R-devel/include" -DNDEBUG   -I/home/th798/.conda/envs/emacs1/include -I/home/th798/include   -fopenmp  -fpic  -g -O2  -c gsumm.c -o gsumm.o
gcc -I"/home/th798/R/R-devel/include" -DNDEBUG   -I/home/th798/.conda/envs/emacs1/include -I/home/th798/include   -fopenmp  -fpic  -g -O2  -c idatetime.c -o idatetime.o
gcc -I"/home/th798/R/R-devel/include" -DNDEBUG   -I/home/th798/.conda/envs/emacs1/include -I/home/th798/include   -fopenmp  -fpic  -g -O2  -c ijoin.c -o ijoin.o
gcc -I"/home/th798/R/R-devel/include" -DNDEBUG   -I/home/th798/.conda/envs/emacs1/include -I/home/th798/include   -fopenmp  -fpic  -g -O2  -c init.c -o init.o
gcc -I"/home/th798/R/R-devel/include" -DNDEBUG   -I/home/th798/.conda/envs/emacs1/include -I/home/th798/include   -fopenmp  -fpic  -g -O2  -c inrange.c -o inrange.o
gcc -I"/home/th798/R/R-devel/include" -DNDEBUG   -I/home/th798/.conda/envs/emacs1/include -I/home/th798/include   -fopenmp  -fpic  -g -O2  -c nafill.c -o nafill.o
gcc -I"/home/th798/R/R-devel/include" -DNDEBUG   -I/home/th798/.conda/envs/emacs1/include -I/home/th798/include   -fopenmp  -fpic  -g -O2  -c negate.c -o negate.o
gcc -I"/home/th798/R/R-devel/include" -DNDEBUG   -I/home/th798/.conda/envs/emacs1/include -I/home/th798/include   -fopenmp  -fpic  -g -O2  -c nqrecreateindices.c -o nqrecreateindices.o
gcc -I"/home/th798/R/R-devel/include" -DNDEBUG   -I/home/th798/.conda/envs/emacs1/include -I/home/th798/include   -fopenmp  -fpic  -g -O2  -c openmp-utils.c -o openmp-utils.o
gcc -I"/home/th798/R/R-devel/include" -DNDEBUG   -I/home/th798/.conda/envs/emacs1/include -I/home/th798/include   -fopenmp  -fpic  -g -O2  -c programming.c -o programming.o
gcc -I"/home/th798/R/R-devel/include" -DNDEBUG   -I/home/th798/.conda/envs/emacs1/include -I/home/th798/include   -fopenmp  -fpic  -g -O2  -c quickselect.c -o quickselect.o
gcc -I"/home/th798/R/R-devel/include" -DNDEBUG   -I/home/th798/.conda/envs/emacs1/include -I/home/th798/include   -fopenmp  -fpic  -g -O2  -c rbindlist.c -o rbindlist.o
gcc -I"/home/th798/R/R-devel/include" -DNDEBUG   -I/home/th798/.conda/envs/emacs1/include -I/home/th798/include   -fopenmp  -fpic  -g -O2  -c reorder.c -o reorder.o
gcc -I"/home/th798/R/R-devel/include" -DNDEBUG   -I/home/th798/.conda/envs/emacs1/include -I/home/th798/include   -fopenmp  -fpic  -g -O2  -c shift.c -o shift.o
gcc -I"/home/th798/R/R-devel/include" -DNDEBUG   -I/home/th798/.conda/envs/emacs1/include -I/home/th798/include   -fopenmp  -fpic  -g -O2  -c snprintf.c -o snprintf.o
gcc -I"/home/th798/R/R-devel/include" -DNDEBUG   -I/home/th798/.conda/envs/emacs1/include -I/home/th798/include   -fopenmp  -fpic  -g -O2  -c subset.c -o subset.o
gcc -I"/home/th798/R/R-devel/include" -DNDEBUG   -I/home/th798/.conda/envs/emacs1/include -I/home/th798/include   -fopenmp  -fpic  -g -O2  -c transpose.c -o transpose.o
gcc -I"/home/th798/R/R-devel/include" -DNDEBUG   -I/home/th798/.conda/envs/emacs1/include -I/home/th798/include   -fopenmp  -fpic  -g -O2  -c types.c -o types.o
gcc -I"/home/th798/R/R-devel/include" -DNDEBUG   -I/home/th798/.conda/envs/emacs1/include -I/home/th798/include   -fopenmp  -fpic  -g -O2  -c uniqlist.c -o uniqlist.o
gcc -I"/home/th798/R/R-devel/include" -DNDEBUG   -I/home/th798/.conda/envs/emacs1/include -I/home/th798/include   -fopenmp  -fpic  -g -O2  -c utils.c -o utils.o
gcc -I"/home/th798/R/R-devel/include" -DNDEBUG   -I/home/th798/.conda/envs/emacs1/include -I/home/th798/include   -fopenmp  -fpic  -g -O2  -c vecseq.c -o vecseq.o
gcc -I"/home/th798/R/R-devel/include" -DNDEBUG   -I/home/th798/.conda/envs/emacs1/include -I/home/th798/include   -fopenmp  -fpic  -g -O2  -c wrappers.c -o wrappers.o
gcc -shared -L/home/th798/.conda/envs/emacs1/lib -Wl,-rpath=/home/th798/.conda/envs/emacs1/lib -L/home/th798/lib -Wl,-rpath=/home/th798/lib -L/home/th798/lib64 -Wl,-rpath=/home/th798/lib64 -o data.table.so assign.o between.o bmerge.o chmatch.o cj.o coalesce.o dogroups.o fastmean.o fcast.o fifelse.o fmelt.o forder.o frank.o fread.o freadR.o froll.o frollR.o frolladaptive.o fsort.o fwrite.o fwriteR.o gsumm.o idatetime.o ijoin.o init.o inrange.o nafill.o negate.o nqrecreateindices.o openmp-utils.o programming.o quickselect.o rbindlist.o reorder.o shift.o snprintf.o subset.o transpose.o types.o uniqlist.o utils.o vecseq.o wrappers.o -fopenmp -lz
PKG_CFLAGS = -fopenmp
PKG_LIBS = -fopenmp -lz
if [ "data.table.so" != "data_table.so" ]; then mv data.table.so data_table.so; fi
if [ "" != "Windows_NT" ] && [ `uname -s` = 'Darwin' ]; then install_name_tool -id data_table.so data_table.so; fi
installing to /tmp/th798/7339935/R-devel/695/library/00LOCK-data.table/00new/data.table/libs
** R
** inst
** byte-compile and prepare package for lazy loading
** help
*** installing help indices
** building package indices
** installing vignettes
** testing if installed package can be loaded from temporary location
** checking absolute paths in shared objects and dynamic libraries
** testing if installed package can be loaded from final location
** testing if installed package keeps a record of temporary installation path
* DONE (data.table)
* using log directory '/tmp/th798/7339935/R-devel/695/MAGEE.Rcheck'
* using R Under development (unstable) (2024-01-20 r85814)
* using platform: x86_64-pc-linux-gnu
* R was compiled by
    gcc (GCC) 8.5.0 20210514 (Red Hat 8.5.0-20)
    GNU Fortran (GCC) 8.5.0 20210514 (Red Hat 8.5.0-20)
* running under: Red Hat Enterprise Linux 8.9 (Ootpa)
* using session charset: ASCII
* checking for file 'MAGEE/DESCRIPTION' ... OK
* this is package 'MAGEE' version '1.3.2'
* package encoding: UTF-8
* checking package namespace information ... OK
* checking package dependencies ... NOTE
Packages suggested but not available for checking:
  'SeqArray', 'SeqVarTools'
* checking if this is a source package ... OK
* checking if there is a namespace ... OK
* checking for executable files ... OK
* checking for hidden files and directories ... OK
* checking for portable file names ... OK
* checking for sufficient/correct file permissions ... OK
* checking whether package 'MAGEE' can be installed ... OK
* used C compiler: 'gcc (GCC) 8.5.0 20210514 (Red Hat 8.5.0-20)'
* used C++ compiler: 'g++ (GCC) 8.5.0 20210514 (Red Hat 8.5.0-20)'
* checking installed package size ... NOTE
  installed size is 12.0Mb
  sub-directories of 1Mb or more:
    libs  10.3Mb
* checking package directory ... OK
* checking 'build' directory ... OK
* checking DESCRIPTION meta-information ... OK
* checking top-level files ... OK
* checking for left-over files ... OK
* checking index information ... OK
* checking package subdirectories ... OK
* checking R files for non-ASCII characters ... OK
* checking R files for syntax errors ... OK
* checking whether the package can be loaded ... OK
* checking whether the package can be loaded with stated dependencies ... OK
* checking whether the package can be unloaded cleanly ... OK
* checking whether the namespace can be loaded with stated dependencies ... OK
* checking whether the namespace can be unloaded cleanly ... OK
* checking loading without being on the library search path ... OK
* checking dependencies in R code ... OK
* checking S3 generic/method consistency ... OK
* checking replacement functions ... OK
* checking foreign function calls ... OK
* checking R code for possible problems ... OK
* checking Rd files ... OK
* checking Rd metadata ... OK
* checking Rd cross-references ... OK
* checking for missing documentation entries ... OK
* checking for code/documentation mismatches ... OK
* checking Rd \usage sections ... OK
* checking Rd contents ... OK
* checking for unstated dependencies in examples ... OK
* checking contents of 'data' directory ... OK
* checking data for non-ASCII characters ... OK
* checking data for ASCII and uncompressed saves ... OK
* checking line endings in shell scripts ... OK
* checking line endings in C/C++/Fortran sources/headers ... OK
* checking line endings in Makefiles ... OK
* checking compilation flags in Makevars ... OK
* checking for GNU extensions in Makefiles ... OK
* checking for portable use of $(BLAS_LIBS) and $(LAPACK_LIBS) ... OK
* checking use of PKG_*FLAGS in Makefiles ... OK
* checking compiled code ... OK
* checking sizes of PDF files under 'inst/doc' ... OK
* checking installed files from 'inst/doc' ... OK
* checking files in 'vignettes' ... OK
* checking examples ... OK
* checking for unstated dependencies in 'tests' ... OK
* checking tests ...
  Running 'testthat.R'
 OK
* checking for unstated dependencies in vignettes ... OK
* checking package vignettes ... OK
* checking re-building of vignette outputs ... OK
* checking PDF version of manual ... OK
* DONE

Status: 2 NOTEs
See
  '/tmp/th798/7339935/R-devel/695/MAGEE.Rcheck/00check.log'
for details.


> system(paste(c("diff -u", Rcheck.list), collapse=" "))
> library(data.table, lib.loc=R.home("library"))
> (sig.diff.dt <- myDiff(Rvers))
Empty data.table (0 rows and 3 cols): checking,master,release
> 
> ## If there are significant differences, use git bisect to find when
> ## they started.
> if(nrow(sig.diff.dt)){
+   dt.git <- file.path(task.dir, "data.table.git")
+   system(paste("git clone ~/R/data.table", dt.git))
+   release.tag <- gsub(".tar.gz|.*_", "", cargs[["release"]])
+   rev.parse.cmd <- paste(
+     "cd", dt.git, "&& git rev-parse master")
+   master.sha <- system(rev.parse.cmd, intern=TRUE)
+   merge.base.cmd <- paste(
+     "cd", dt.git, "&& git merge-base master", release.tag)
+   merge.base.sha <- system(merge.base.cmd, intern=TRUE)
+   old.sha <- merge.base.sha
+   run_R <- file.path(proj.dir, "install_dt_then_check_dep.R")
+   sig.diff.dt[, first.bad.commit := NA_character_]
+   sig.diff.dt[, comments := NA_character_]
+   for(diff.i in 1:nrow(sig.diff.dt)){
+     sig.diff.row <- sig.diff.dt[diff.i]
+     bisect.cmd <- paste(
+       "cd", dt.git, "&&",
+       "git bisect start &&",
+       "git bisect old", old.sha, "&&",
+       "git bisect new master &&",
+       "git bisect run",
+       R.home('bin/Rscript'),
+       run_R,
+       shQuote(sig.diff.row$checking),
+       sig.diff.row$release,
+       rev.dep.release.tar.gz,
+       release.tag)
+     print(bisect.cmd)
+     bisect.out <- system(bisect.cmd, intern=TRUE)
+     cat(bisect.out,sep="\n")
+     first.bad.sha <- nc::capture_all_str(
+       bisect.out,
+       sha="[0-9a-f]+",
+       " is the first new commit")$sha
+     parent.cmd <- paste(
+       "cd ~/R/data.table && git log --pretty=%P -n 1",
+       first.bad.sha)
+     parent.sha <- system(parent.cmd, intern=TRUE)
+     sig.diff.dt[diff.i, first.bad.commit := first.bad.sha]
+     parent.msg <- paste0("parent=", parent.sha)
+     this.comment <- if(parent.sha==old.sha){
+       paste(parent.msg, "same as git bisect old")
+     }else if(first.bad.sha==master.sha){
+       paste("same as git bisect new=master,", parent.msg)
+     }else{
+       parent.msg
+     }
+     sig.diff.dt[diff.i, comments := this.comment]
+   }
+   ## add CRAN column.
+   sig.diff.dt[, CRAN := {
+     flavor <- get_flavor(Rvers)
+     details <- data.table(flavor=unique(flavor))[, {
+       base <- "https://www.r-project.org/nosvn/R.check/"
+       u <- paste0(base, flavor, "/", rev.dep, "-00check.txt")
+       check.txt <- tempfile()
+       tryCatch({
+         download.file(u, check.txt, quiet=TRUE)
+       }, error=function(e){
+         NULL
+       })
+       check.lines <- if(file.exists(check.txt)){
+         readLines(check.txt,encoding="UTF-8")
+       }else{
+         ""
+       }
+       repl.lines <- gsub("[\u2018\u2019]", "'", check.lines)
+       ##gsub("[‘’]", "'", check.lines) does not work with LC_ALL=C.
+       myStatus(line.vec=repl.lines)
+     }, by=flavor]
+     select.dt <- data.table(flavor, checking)
+     details[select.dt, msg, on=.(flavor, checking)]
+   }]
+   dir.create(file.path(job.dir, Rvers))
+   diffs.csv <- file.path(job.dir, Rvers, "significant_differences.csv")
+   data.table::fwrite(sig.diff.dt, diffs.csv)
+   print(sig.diff.dt)
+ }
> 
WARNING: ignoring environment value of R_HOME

R version 4.3.2 (2023-10-31) -- "Eye Holes"
Copyright (C) 2023 The R Foundation for Statistical Computing
Platform: x86_64-pc-linux-gnu (64-bit)

R is free software and comes with ABSOLUTELY NO WARRANTY.
You are welcome to redistribute it under certain conditions.
Type 'license()' or 'licence()' for distribution details.

R is a collaborative project with many contributors.
Type 'contributors()' for more information and
'citation()' on how to cite R or R packages in publications.

Type 'demo()' for some demos, 'help()' for on-line help, or
'help.start()' for an HTML browser interface to help.
Type 'q()' to quit R.

> cargs <- commandArgs(trailingOnly=TRUE)
> if(length(cargs)==0){
+   cargs <- c(
+     "/scratch/th798/data.table-revdeps/2023-06-27/deps.csv",
+     "1294",
+     "/scratch/th798/data.table-revdeps/2023-06-27/data.table_release_1.14.8.tar.gz",
+     "/scratch/th798/data.table-revdeps/2023-06-27/data.table_master_1.14.9.88039186915028ab3c93ccfd8e22c0d1c3534b1a.tar.gz"
+ )
+ }
> names(cargs) <- c("deps.csv", "task.str", "release", "master")
> dput(cargs)
c(deps.csv = "/scratch/th798/data.table-revdeps/2024-01-22/deps.csv", 
task.str = "695", release = "/scratch/th798/data.table-revdeps/2024-01-22/data.table_release_1.14.10.tar.gz", 
master = "/scratch/th798/data.table-revdeps/2024-01-22/data.table_master_1.14.99.cde7333938a590a3cddbda1b02103650e2f55d15.tar.gz"
)
> task.dir <- dirname(.libPaths()[1])
> if(requireNamespace("R.cache"))R.cache::getCachePath()
Loading required namespace: R.cache
[1] "/tmp/th798/7339935/R-4.3.2/695/R.cache"
> task.id <- as.integer(cargs[["task.str"]])
> deps.df <- read.csv(cargs[["deps.csv"]])
> (rev.dep <- deps.df$Package[task.id])
[1] "MAGEE"
> job.dir <- file.path(dirname(cargs[["deps.csv"]]), "tasks", task.id)
> setwd(task.dir)
> .libPaths()
[1] "/tmp/th798/7339935/R-4.3.2/695/library"
[2] "/projects/genomic-ml/R/R-4.3.2/library"
> options(repos=c(
+   "http://www.bioconductor.org/packages/release/bioc",
+   CRAN="http://cloud.r-project.org"))
> 
> install.time <- system.time({
+   install.packages(rev.dep, dep=TRUE)
+ })
Installing package into '/tmp/th798/7339935/R-4.3.2/695/library'
(as 'lib' is unspecified)
Warning: dependency 'GenomeInfoDbData' is not available
also installing the dependencies 'ucminf', 'ordinal', 'pan', 'jomo', 'zlibbioc', 'mitml', 'operator.tools', 'XVector', 'mice', 'formula.tools', 'gdsfmt', 'IRanges', 'GenomicRanges', 'GenomeInfoDb', 'Biostrings', 'S4Vectors', 'Biobase', 'BiocGenerics', 'GWASExactHW', 'logistf', 'GMMAT', 'CompQuadForm', 'doMC', 'SeqArray', 'SeqVarTools'

trying URL 'http://cloud.r-project.org/src/contrib/ucminf_1.2.1.tar.gz'
Content type 'application/x-gzip' length 16586 bytes (16 KB)
==================================================
downloaded 16 KB

trying URL 'http://cloud.r-project.org/src/contrib/ordinal_2023.12-4.tar.gz'
Content type 'application/x-gzip' length 805721 bytes (786 KB)
==================================================
downloaded 786 KB

trying URL 'http://cloud.r-project.org/src/contrib/pan_1.9.tar.gz'
Content type 'application/x-gzip' length 1087690 bytes (1.0 MB)
==================================================
downloaded 1.0 MB

trying URL 'http://cloud.r-project.org/src/contrib/jomo_2.7-6.tar.gz'
Content type 'application/x-gzip' length 985641 bytes (962 KB)
==================================================
downloaded 962 KB

trying URL 'http://www.bioconductor.org/packages/release/bioc/src/contrib/zlibbioc_1.48.0.tar.gz'
Content type 'application/x-gzip' length 163378 bytes (159 KB)
==================================================
downloaded 159 KB

trying URL 'http://cloud.r-project.org/src/contrib/mitml_0.4-5.tar.gz'
Content type 'application/x-gzip' length 223835 bytes (218 KB)
==================================================
downloaded 218 KB

trying URL 'http://cloud.r-project.org/src/contrib/operator.tools_1.6.3.tar.gz'
Content type 'application/x-gzip' length 14855 bytes (14 KB)
==================================================
downloaded 14 KB

trying URL 'http://www.bioconductor.org/packages/release/bioc/src/contrib/XVector_0.42.0.tar.gz'
Content type 'application/x-gzip' length 67825 bytes (66 KB)
==================================================
downloaded 66 KB

trying URL 'http://cloud.r-project.org/src/contrib/mice_3.16.0.tar.gz'
Content type 'application/x-gzip' length 600498 bytes (586 KB)
==================================================
downloaded 586 KB

trying URL 'http://cloud.r-project.org/src/contrib/formula.tools_1.7.1.tar.gz'
Content type 'application/x-gzip' length 19464 bytes (19 KB)
==================================================
downloaded 19 KB

trying URL 'http://www.bioconductor.org/packages/release/bioc/src/contrib/gdsfmt_1.38.0.tar.gz'
Content type 'application/x-gzip' length 2931483 bytes (2.8 MB)
==================================================
downloaded 2.8 MB

trying URL 'http://www.bioconductor.org/packages/release/bioc/src/contrib/IRanges_2.36.0.tar.gz'
Content type 'application/x-gzip' length 481055 bytes (469 KB)
==================================================
downloaded 469 KB

trying URL 'http://www.bioconductor.org/packages/release/bioc/src/contrib/GenomicRanges_1.54.1.tar.gz'
Content type 'application/x-gzip' length 1140246 bytes (1.1 MB)
==================================================
downloaded 1.1 MB

trying URL 'http://www.bioconductor.org/packages/release/bioc/src/contrib/GenomeInfoDb_1.38.5.tar.gz'
Content type 'application/x-gzip' length 3581793 bytes (3.4 MB)
==================================================
downloaded 3.4 MB

trying URL 'http://www.bioconductor.org/packages/release/bioc/src/contrib/Biostrings_2.70.1.tar.gz'
Content type 'application/x-gzip' length 12740854 bytes (12.2 MB)
==================================================
downloaded 12.2 MB

trying URL 'http://www.bioconductor.org/packages/release/bioc/src/contrib/S4Vectors_0.40.2.tar.gz'
Content type 'application/x-gzip' length 838187 bytes (818 KB)
==================================================
downloaded 818 KB

trying URL 'http://www.bioconductor.org/packages/release/bioc/src/contrib/Biobase_2.62.0.tar.gz'
Content type 'application/x-gzip' length 1795862 bytes (1.7 MB)
==================================================
downloaded 1.7 MB

trying URL 'http://www.bioconductor.org/packages/release/bioc/src/contrib/BiocGenerics_0.48.1.tar.gz'
Content type 'application/x-gzip' length 49546 bytes (48 KB)
==================================================
downloaded 48 KB

trying URL 'http://cloud.r-project.org/src/contrib/GWASExactHW_1.01.tar.gz'
Content type 'application/x-gzip' length 3194 bytes
==================================================
downloaded 3194 bytes

trying URL 'http://cloud.r-project.org/src/contrib/logistf_1.26.0.tar.gz'
Content type 'application/x-gzip' length 76220 bytes (74 KB)
==================================================
downloaded 74 KB

trying URL 'http://cloud.r-project.org/src/contrib/GMMAT_1.4.2.tar.gz'
Content type 'application/x-gzip' length 1903493 bytes (1.8 MB)
==================================================
downloaded 1.8 MB

trying URL 'http://cloud.r-project.org/src/contrib/CompQuadForm_1.4.3.tar.gz'
Content type 'application/x-gzip' length 16638 bytes (16 KB)
==================================================
downloaded 16 KB

trying URL 'http://cloud.r-project.org/src/contrib/doMC_1.3.8.tar.gz'
Content type 'application/x-gzip' length 154488 bytes (150 KB)
==================================================
downloaded 150 KB

trying URL 'http://www.bioconductor.org/packages/release/bioc/src/contrib/SeqArray_1.42.0.tar.gz'
Content type 'application/x-gzip' length 3592241 bytes (3.4 MB)
==================================================
downloaded 3.4 MB

trying URL 'http://www.bioconductor.org/packages/release/bioc/src/contrib/SeqVarTools_1.40.0.tar.gz'
Content type 'application/x-gzip' length 1025079 bytes (1001 KB)
==================================================
downloaded 1001 KB

trying URL 'http://cloud.r-project.org/src/contrib/MAGEE_1.3.2.tar.gz'
Content type 'application/x-gzip' length 1782870 bytes (1.7 MB)
==================================================
downloaded 1.7 MB

* installing *source* package 'ucminf' ...
** package 'ucminf' successfully unpacked and MD5 sums checked
** using staged installation
** libs
using C compiler: 'gcc (GCC) 8.5.0 20210514 (Red Hat 8.5.0-20)'
using Fortran compiler: 'GNU Fortran (GCC) 8.5.0 20210514 (Red Hat 8.5.0-20)'
gfortran  -fpic  -g -O2  -c fortran.f -o fortran.o
gcc -I"/home/th798/R/R-4.3.2/include" -DNDEBUG   -I/home/th798/.conda/envs/emacs1/include -I/home/th798/include    -fpic  -g -O2  -c init.c -o init.o
gcc -I"/home/th798/R/R-4.3.2/include" -DNDEBUG   -I/home/th798/.conda/envs/emacs1/include -I/home/th798/include    -fpic  -g -O2  -c interface.c -o interface.o
gcc -shared -L/home/th798/.conda/envs/emacs1/lib -Wl,-rpath=/home/th798/.conda/envs/emacs1/lib -L/home/th798/lib -Wl,-rpath=/home/th798/lib -L/home/th798/lib64 -Wl,-rpath=/home/th798/lib64 -o ucminf.so fortran.o init.o interface.o -L/home/th798/R/R-4.3.2/lib -lRlapack -L/home/th798/R/R-4.3.2/lib -lRblas -lgfortran -lm -lquadmath -lgfortran -lm -lquadmath
installing to /tmp/th798/7339935/R-4.3.2/695/library/00LOCK-ucminf/00new/ucminf/libs
** R
** byte-compile and prepare package for lazy loading
** help
*** installing help indices
** building package indices
** testing if installed package can be loaded from temporary location
** checking absolute paths in shared objects and dynamic libraries
** testing if installed package can be loaded from final location
** testing if installed package keeps a record of temporary installation path
* DONE (ucminf)
* installing *source* package 'pan' ...
** package 'pan' successfully unpacked and MD5 sums checked
** using staged installation
** libs
using C compiler: 'gcc (GCC) 8.5.0 20210514 (Red Hat 8.5.0-20)'
using Fortran compiler: 'GNU Fortran (GCC) 8.5.0 20210514 (Red Hat 8.5.0-20)'
gcc -I"/home/th798/R/R-4.3.2/include" -DNDEBUG   -I/home/th798/.conda/envs/emacs1/include -I/home/th798/include    -fpic  -g -O2  -c package_native_routine_registration_skeleton.c -o package_native_routine_registration_skeleton.o
gfortran  -fpic  -g -O2  -c pan.f -o pan.o
gcc -shared -L/home/th798/.conda/envs/emacs1/lib -Wl,-rpath=/home/th798/.conda/envs/emacs1/lib -L/home/th798/lib -Wl,-rpath=/home/th798/lib -L/home/th798/lib64 -Wl,-rpath=/home/th798/lib64 -o pan.so package_native_routine_registration_skeleton.o pan.o -lgfortran -lm -lquadmath
installing to /tmp/th798/7339935/R-4.3.2/695/library/00LOCK-pan/00new/pan/libs
** R
** data
*** moving datasets to lazyload DB
** inst
** byte-compile and prepare package for lazy loading
** help
*** installing help indices
** building package indices
** installing vignettes
** testing if installed package can be loaded from temporary location
** checking absolute paths in shared objects and dynamic libraries
** testing if installed package can be loaded from final location
** testing if installed package keeps a record of temporary installation path
* DONE (pan)
* installing *source* package 'zlibbioc' ...
** using staged installation
configure: creating ./config.status
config.status: creating src/Makevars
** libs
using C compiler: 'gcc (GCC) 8.5.0 20210514 (Red Hat 8.5.0-20)'
mkdir -p "/tmp/th798/7339935/R-4.3.2/695/library/00LOCK-zlibbioc/00new/zlibbioc/include"
gcc -I"/home/th798/R/R-4.3.2/include" -DNDEBUG   -I/home/th798/.conda/envs/emacs1/include -I/home/th798/include    -fpic  -g -O2  -c R_init_zlibbioc.c -o R_init_zlibbioc.o
gcc -shared -L/home/th798/.conda/envs/emacs1/lib -Wl,-rpath=/home/th798/.conda/envs/emacs1/lib -L/home/th798/lib -Wl,-rpath=/home/th798/lib -L/home/th798/lib64 -Wl,-rpath=/home/th798/lib64 -o zlibbioc.so R_init_zlibbioc.o
installing to /tmp/th798/7339935/R-4.3.2/695/library/00LOCK-zlibbioc/00new/zlibbioc/libs
** R
** byte-compile and prepare package for lazy loading
** help
*** installing help indices
** building package indices
** installing vignettes
** testing if installed package can be loaded from temporary location
** checking absolute paths in shared objects and dynamic libraries
** testing if installed package can be loaded from final location
** testing if installed package keeps a record of temporary installation path
* DONE (zlibbioc)
* installing *source* package 'operator.tools' ...
** package 'operator.tools' successfully unpacked and MD5 sums checked
** using staged installation
** R
** byte-compile and prepare package for lazy loading
** help
*** installing help indices
** building package indices
** testing if installed package can be loaded from temporary location
** testing if installed package can be loaded from final location
** testing if installed package keeps a record of temporary installation path
* DONE (operator.tools)
* installing *source* package 'gdsfmt' ...
** using staged installation
** libs
using C++ compiler: 'g++ (GCC) 8.5.0 20210514 (Red Hat 8.5.0-20)'
g++ -std=gnu++17 -I"/home/th798/R/R-4.3.2/include" -DNDEBUG -DUSING_R -D_FILE_OFFSET_BITS=64 -I../inst/include -ICoreArray  -I/home/th798/.conda/envs/emacs1/include -I/home/th798/include    -fpic  -g -O2  -c R_CoreArray.cpp -o R_CoreArray.o
g++ -std=gnu++17 -I"/home/th798/R/R-4.3.2/include" -DNDEBUG -DUSING_R -D_FILE_OFFSET_BITS=64 -I../inst/include -ICoreArray  -I/home/th798/.conda/envs/emacs1/include -I/home/th798/include    -fpic  -g -O2  -c gdsfmt.cpp -o gdsfmt.o
g++ -std=gnu++17 -I"/home/th798/R/R-4.3.2/include" -DNDEBUG -DUSING_R -D_FILE_OFFSET_BITS=64 -I../inst/include -ICoreArray  -I/home/th798/.conda/envs/emacs1/include -I/home/th798/include    -fpic  -g -O2  -c digest.cpp -o digest.o
g++ -std=gnu++17 -I"/home/th798/R/R-4.3.2/include" -DNDEBUG -DUSING_R -D_FILE_OFFSET_BITS=64 -I../inst/include -ICoreArray  -I/home/th798/.conda/envs/emacs1/include -I/home/th798/include    -fpic  -g -O2  -c CoreArray/CoreArray.cpp -o CoreArray/CoreArray.o
g++ -std=gnu++17 -I"/home/th798/R/R-4.3.2/include" -DNDEBUG -DUSING_R -D_FILE_OFFSET_BITS=64 -I../inst/include -ICoreArray  -I/home/th798/.conda/envs/emacs1/include -I/home/th798/include    -fpic  -g -O2  -c CoreArray/dAllocator.cpp -o CoreArray/dAllocator.o
g++ -std=gnu++17 -I"/home/th798/R/R-4.3.2/include" -DNDEBUG -DUSING_R -D_FILE_OFFSET_BITS=64 -I../inst/include -ICoreArray  -I/home/th798/.conda/envs/emacs1/include -I/home/th798/include    -fpic  -g -O2  -c CoreArray/dAny.cpp -o CoreArray/dAny.o
g++ -std=gnu++17 -I"/home/th798/R/R-4.3.2/include" -DNDEBUG -DUSING_R -D_FILE_OFFSET_BITS=64 -I../inst/include -ICoreArray  -I/home/th798/.conda/envs/emacs1/include -I/home/th798/include    -fpic  -g -O2  -c CoreArray/dBase.cpp -o CoreArray/dBase.o
g++ -std=gnu++17 -I"/home/th798/R/R-4.3.2/include" -DNDEBUG -DUSING_R -D_FILE_OFFSET_BITS=64 -I../inst/include -ICoreArray  -I/home/th798/.conda/envs/emacs1/include -I/home/th798/include    -fpic  -g -O2  -c CoreArray/dBitGDS.cpp -o CoreArray/dBitGDS.o
g++ -std=gnu++17 -I"/home/th798/R/R-4.3.2/include" -DNDEBUG -DUSING_R -D_FILE_OFFSET_BITS=64 -I../inst/include -ICoreArray  -I/home/th798/.conda/envs/emacs1/include -I/home/th798/include    -fpic  -g -O2  -c CoreArray/dEndian.cpp -o CoreArray/dEndian.o
g++ -std=gnu++17 -I"/home/th798/R/R-4.3.2/include" -DNDEBUG -DUSING_R -D_FILE_OFFSET_BITS=64 -I../inst/include -ICoreArray  -I/home/th798/.conda/envs/emacs1/include -I/home/th798/include    -fpic  -g -O2  -c CoreArray/dFile.cpp -o CoreArray/dFile.o
g++ -std=gnu++17 -I"/home/th798/R/R-4.3.2/include" -DNDEBUG -DUSING_R -D_FILE_OFFSET_BITS=64 -I../inst/include -ICoreArray  -I/home/th798/.conda/envs/emacs1/include -I/home/th798/include    -fpic  -g -O2  -c CoreArray/dParallel.cpp -o CoreArray/dParallel.o
gcc -I"/home/th798/R/R-4.3.2/include" -DNDEBUG -DUSING_R -D_FILE_OFFSET_BITS=64 -I../inst/include -ICoreArray  -I/home/th798/.conda/envs/emacs1/include -I/home/th798/include    -fpic  -g -O2  -c CoreArray/dParallel_Ext.c -o CoreArray/dParallel_Ext.o
g++ -std=gnu++17 -I"/home/th798/R/R-4.3.2/include" -DNDEBUG -DUSING_R -D_FILE_OFFSET_BITS=64 -I../inst/include -ICoreArray  -I/home/th798/.conda/envs/emacs1/include -I/home/th798/include    -fpic  -g -O2  -c CoreArray/dPlatform.cpp -o CoreArray/dPlatform.o
g++ -std=gnu++17 -I"/home/th798/R/R-4.3.2/include" -DNDEBUG -DUSING_R -D_FILE_OFFSET_BITS=64 -I../inst/include -ICoreArray  -I/home/th798/.conda/envs/emacs1/include -I/home/th798/include    -fpic  -g -O2  -c CoreArray/dRealGDS.cpp -o CoreArray/dRealGDS.o
g++ -std=gnu++17 -I"/home/th798/R/R-4.3.2/include" -DNDEBUG -DUSING_R -D_FILE_OFFSET_BITS=64 -I../inst/include -ICoreArray  -I/home/th798/.conda/envs/emacs1/include -I/home/th798/include    -fpic  -g -O2  -c CoreArray/dSerial.cpp -o CoreArray/dSerial.o
g++ -std=gnu++17 -I"/home/th798/R/R-4.3.2/include" -DNDEBUG -DUSING_R -D_FILE_OFFSET_BITS=64 -I../inst/include -ICoreArray  -I/home/th798/.conda/envs/emacs1/include -I/home/th798/include    -fpic  -g -O2  -c CoreArray/dStrGDS.cpp -o CoreArray/dStrGDS.o
g++ -std=gnu++17 -I"/home/th798/R/R-4.3.2/include" -DNDEBUG -DUSING_R -D_FILE_OFFSET_BITS=64 -I../inst/include -ICoreArray  -I/home/th798/.conda/envs/emacs1/include -I/home/th798/include    -fpic  -g -O2  -c CoreArray/dStream.cpp -o CoreArray/dStream.o
g++ -std=gnu++17 -I"/home/th798/R/R-4.3.2/include" -DNDEBUG -DUSING_R -D_FILE_OFFSET_BITS=64 -I../inst/include -ICoreArray  -I/home/th798/.conda/envs/emacs1/include -I/home/th798/include    -fpic  -g -O2  -c CoreArray/dStruct.cpp -o CoreArray/dStruct.o
g++ -std=gnu++17 -I"/home/th798/R/R-4.3.2/include" -DNDEBUG -DUSING_R -D_FILE_OFFSET_BITS=64 -I../inst/include -ICoreArray  -I/home/th798/.conda/envs/emacs1/include -I/home/th798/include    -fpic  -g -O2  -c CoreArray/dSparse.cpp -o CoreArray/dSparse.o
g++ -std=gnu++17 -I"/home/th798/R/R-4.3.2/include" -DNDEBUG -DUSING_R -D_FILE_OFFSET_BITS=64 -I../inst/include -ICoreArray  -I/home/th798/.conda/envs/emacs1/include -I/home/th798/include    -fpic  -g -O2  -c CoreArray/dVLIntGDS.cpp -o CoreArray/dVLIntGDS.o
gcc -I"/home/th798/R/R-4.3.2/include" -DNDEBUG -DUSING_R -D_FILE_OFFSET_BITS=64 -I../inst/include -ICoreArray  -I/home/th798/.conda/envs/emacs1/include -I/home/th798/include    -fpic  -g -O2  -c -g0 ZLIB/adler32.c -o ZLIB/adler32.o
gcc -I"/home/th798/R/R-4.3.2/include" -DNDEBUG -DUSING_R -D_FILE_OFFSET_BITS=64 -I../inst/include -ICoreArray  -I/home/th798/.conda/envs/emacs1/include -I/home/th798/include    -fpic  -g -O2  -c -g0 ZLIB/compress.c -o ZLIB/compress.o
gcc -I"/home/th798/R/R-4.3.2/include" -DNDEBUG -DUSING_R -D_FILE_OFFSET_BITS=64 -I../inst/include -ICoreArray  -I/home/th798/.conda/envs/emacs1/include -I/home/th798/include    -fpic  -g -O2  -c -g0 ZLIB/crc32.c -o ZLIB/crc32.o
gcc -I"/home/th798/R/R-4.3.2/include" -DNDEBUG -DUSING_R -D_FILE_OFFSET_BITS=64 -I../inst/include -ICoreArray  -I/home/th798/.conda/envs/emacs1/include -I/home/th798/include    -fpic  -g -O2  -c -g0 ZLIB/deflate.c -o ZLIB/deflate.o
gcc -I"/home/th798/R/R-4.3.2/include" -DNDEBUG -DUSING_R -D_FILE_OFFSET_BITS=64 -I../inst/include -ICoreArray  -I/home/th798/.conda/envs/emacs1/include -I/home/th798/include    -fpic  -g -O2  -c -g0 ZLIB/infback.c -o ZLIB/infback.o
gcc -I"/home/th798/R/R-4.3.2/include" -DNDEBUG -DUSING_R -D_FILE_OFFSET_BITS=64 -I../inst/include -ICoreArray  -I/home/th798/.conda/envs/emacs1/include -I/home/th798/include    -fpic  -g -O2  -c -g0 ZLIB/inffast.c -o ZLIB/inffast.o
gcc -I"/home/th798/R/R-4.3.2/include" -DNDEBUG -DUSING_R -D_FILE_OFFSET_BITS=64 -I../inst/include -ICoreArray  -I/home/th798/.conda/envs/emacs1/include -I/home/th798/include    -fpic  -g -O2  -c -g0 ZLIB/inflate.c -o ZLIB/inflate.o
gcc -I"/home/th798/R/R-4.3.2/include" -DNDEBUG -DUSING_R -D_FILE_OFFSET_BITS=64 -I../inst/include -ICoreArray  -I/home/th798/.conda/envs/emacs1/include -I/home/th798/include    -fpic  -g -O2  -c -g0 ZLIB/inftrees.c -o ZLIB/inftrees.o
gcc -I"/home/th798/R/R-4.3.2/include" -DNDEBUG -DUSING_R -D_FILE_OFFSET_BITS=64 -I../inst/include -ICoreArray  -I/home/th798/.conda/envs/emacs1/include -I/home/th798/include    -fpic  -g -O2  -c -g0 ZLIB/trees.c -o ZLIB/trees.o
gcc -I"/home/th798/R/R-4.3.2/include" -DNDEBUG -DUSING_R -D_FILE_OFFSET_BITS=64 -I../inst/include -ICoreArray  -I/home/th798/.conda/envs/emacs1/include -I/home/th798/include    -fpic  -g -O2  -c -g0 ZLIB/uncompr.c -o ZLIB/uncompr.o
gcc -I"/home/th798/R/R-4.3.2/include" -DNDEBUG -DUSING_R -D_FILE_OFFSET_BITS=64 -I../inst/include -ICoreArray  -I/home/th798/.conda/envs/emacs1/include -I/home/th798/include    -fpic  -g -O2  -c -g0 ZLIB/zutil.c -o ZLIB/zutil.o
gcc -I"/home/th798/R/R-4.3.2/include" -DNDEBUG -DUSING_R -D_FILE_OFFSET_BITS=64 -I../inst/include -ICoreArray  -I/home/th798/.conda/envs/emacs1/include -I/home/th798/include    -fpic  -g -O2  -c LZ4/lz4.c -o LZ4/lz4.o
gcc -I"/home/th798/R/R-4.3.2/include" -DNDEBUG -DUSING_R -D_FILE_OFFSET_BITS=64 -I../inst/include -ICoreArray  -I/home/th798/.conda/envs/emacs1/include -I/home/th798/include    -fpic  -g -O2  -c LZ4/lz4hc.c -o LZ4/lz4hc.o
gcc -I"/home/th798/R/R-4.3.2/include" -DNDEBUG -DUSING_R -D_FILE_OFFSET_BITS=64 -I../inst/include -ICoreArray  -I/home/th798/.conda/envs/emacs1/include -I/home/th798/include    -fpic  -g -O2  -c LZ4/lz4frame.c -o LZ4/lz4frame.o
gcc -I"/home/th798/R/R-4.3.2/include" -DNDEBUG -DUSING_R -D_FILE_OFFSET_BITS=64 -I../inst/include -ICoreArray  -I/home/th798/.conda/envs/emacs1/include -I/home/th798/include    -fpic  -g -O2  -c LZ4/xxhash.c -o LZ4/xxhash.o
cd XZ && tar -xzf xz-5.2.9.tar.gz
cd XZ/xz-5.2.9 && \
	./configure CC="gcc" CPP="gcc -E" CXX="g++ -std=gnu++17" CXXCPP="" --build="" \
	--with-pic --enable-silent-rules --quiet --disable-xz --disable-shared > /dev/null
cd XZ/xz-5.2.9/src/liblzma && make
make[1]: Entering directory '/tmp/th798/7339935/Rtmpd2f66s/R.INSTALL17ff175cce2423/gdsfmt/src/XZ/xz-5.2.9/src/liblzma'
Making all in api
make[2]: Entering directory '/tmp/th798/7339935/Rtmpd2f66s/R.INSTALL17ff175cce2423/gdsfmt/src/XZ/xz-5.2.9/src/liblzma/api'
make[2]: Nothing to be done for 'all'.
make[2]: Leaving directory '/tmp/th798/7339935/Rtmpd2f66s/R.INSTALL17ff175cce2423/gdsfmt/src/XZ/xz-5.2.9/src/liblzma/api'
make[2]: Entering directory '/tmp/th798/7339935/Rtmpd2f66s/R.INSTALL17ff175cce2423/gdsfmt/src/XZ/xz-5.2.9/src/liblzma'
  CC       liblzma_la-tuklib_physmem.lo
  CC       liblzma_la-tuklib_cpucores.lo
  CC       liblzma_la-common.lo
  CC       liblzma_la-block_util.lo
  CC       liblzma_la-easy_preset.lo
  CC       liblzma_la-filter_common.lo
  CC       liblzma_la-hardware_physmem.lo
  CC       liblzma_la-index.lo
  CC       liblzma_la-stream_flags_common.lo
  CC       liblzma_la-vli_size.lo
  CC       liblzma_la-hardware_cputhreads.lo
  CC       liblzma_la-alone_encoder.lo
  CC       liblzma_la-block_buffer_encoder.lo
  CC       liblzma_la-block_encoder.lo
  CC       liblzma_la-block_header_encoder.lo
  CC       liblzma_la-easy_buffer_encoder.lo
  CC       liblzma_la-easy_encoder.lo
  CC       liblzma_la-easy_encoder_memusage.lo
  CC       liblzma_la-filter_buffer_encoder.lo
  CC       liblzma_la-filter_encoder.lo
  CC       liblzma_la-filter_flags_encoder.lo
  CC       liblzma_la-index_encoder.lo
  CC       liblzma_la-stream_buffer_encoder.lo
  CC       liblzma_la-stream_encoder.lo
  CC       liblzma_la-stream_flags_encoder.lo
  CC       liblzma_la-vli_encoder.lo
  CC       liblzma_la-outqueue.lo
  CC       liblzma_la-stream_encoder_mt.lo
  CC       liblzma_la-alone_decoder.lo
  CC       liblzma_la-auto_decoder.lo
  CC       liblzma_la-block_buffer_decoder.lo
  CC       liblzma_la-block_decoder.lo
  CC       liblzma_la-block_header_decoder.lo
  CC       liblzma_la-easy_decoder_memusage.lo
  CC       liblzma_la-filter_buffer_decoder.lo
  CC       liblzma_la-filter_decoder.lo
  CC       liblzma_la-filter_flags_decoder.lo
  CC       liblzma_la-index_decoder.lo
  CC       liblzma_la-index_hash.lo
  CC       liblzma_la-stream_buffer_decoder.lo
  CC       liblzma_la-stream_decoder.lo
  CC       liblzma_la-stream_flags_decoder.lo
  CC       liblzma_la-vli_decoder.lo
  CC       liblzma_la-check.lo
  CC       liblzma_la-crc32_table.lo
  CC       liblzma_la-crc32_fast.lo
  CC       liblzma_la-crc64_table.lo
  CC       liblzma_la-crc64_fast.lo
  CC       liblzma_la-sha256.lo
  CC       liblzma_la-lz_encoder.lo
  CC       liblzma_la-lz_encoder_mf.lo
  CC       liblzma_la-lz_decoder.lo
  CC       liblzma_la-lzma_encoder_presets.lo
  CC       liblzma_la-lzma_encoder.lo
  CC       liblzma_la-lzma_encoder_optimum_fast.lo
  CC       liblzma_la-lzma_encoder_optimum_normal.lo
  CC       liblzma_la-fastpos_table.lo
  CC       liblzma_la-lzma_decoder.lo
  CC       liblzma_la-lzma2_encoder.lo
  CC       liblzma_la-lzma2_decoder.lo
  CC       liblzma_la-price_table.lo
  CC       liblzma_la-delta_common.lo
  CC       liblzma_la-delta_encoder.lo
  CC       liblzma_la-delta_decoder.lo
  CC       liblzma_la-simple_coder.lo
  CC       liblzma_la-simple_encoder.lo
  CC       liblzma_la-simple_decoder.lo
  CC       liblzma_la-x86.lo
  CC       liblzma_la-powerpc.lo
  CC       liblzma_la-ia64.lo
  CC       liblzma_la-arm.lo
  CC       liblzma_la-armthumb.lo
  CC       liblzma_la-sparc.lo
  CCLD     liblzma.la
  PC       liblzma.pc
make[2]: Leaving directory '/tmp/th798/7339935/Rtmpd2f66s/R.INSTALL17ff175cce2423/gdsfmt/src/XZ/xz-5.2.9/src/liblzma'
make[1]: Leaving directory '/tmp/th798/7339935/Rtmpd2f66s/R.INSTALL17ff175cce2423/gdsfmt/src/XZ/xz-5.2.9/src/liblzma'
cp XZ/xz-5.2.9/src/liblzma/.libs/liblzma.a  .
/usr/bin/cp XZ/xz-5.2.9/src/liblzma/.libs/liblzma.a .
rm -rf XZ/xz-5.2.9/dos
rm -rf XZ/xz-5.2.9/po
g++ -std=gnu++17 -shared -L/home/th798/.conda/envs/emacs1/lib -Wl,-rpath=/home/th798/.conda/envs/emacs1/lib -L/home/th798/lib -Wl,-rpath=/home/th798/lib -L/home/th798/lib64 -Wl,-rpath=/home/th798/lib64 -o gdsfmt.so R_CoreArray.o gdsfmt.o digest.o CoreArray/CoreArray.o CoreArray/dAllocator.o CoreArray/dAny.o CoreArray/dBase.o CoreArray/dBitGDS.o CoreArray/dEndian.o CoreArray/dFile.o CoreArray/dParallel.o CoreArray/dParallel_Ext.o CoreArray/dPlatform.o CoreArray/dRealGDS.o CoreArray/dSerial.o CoreArray/dStrGDS.o CoreArray/dStream.o CoreArray/dStruct.o CoreArray/dSparse.o CoreArray/dVLIntGDS.o ZLIB/adler32.o ZLIB/compress.o ZLIB/crc32.o ZLIB/deflate.o ZLIB/infback.o ZLIB/inffast.o ZLIB/inflate.o ZLIB/inftrees.o ZLIB/trees.o ZLIB/uncompr.o ZLIB/zutil.o LZ4/lz4.o LZ4/lz4hc.o LZ4/lz4frame.o LZ4/xxhash.o ./liblzma.a -lpthread
installing to /tmp/th798/7339935/R-4.3.2/695/library/00LOCK-gdsfmt/00new/gdsfmt/libs
** R
** inst
** byte-compile and prepare package for lazy loading
** help
*** installing help indices
** building package indices
** installing vignettes
** testing if installed package can be loaded from temporary location
** checking absolute paths in shared objects and dynamic libraries
** testing if installed package can be loaded from final location
** testing if installed package keeps a record of temporary installation path
* DONE (gdsfmt)
* installing *source* package 'BiocGenerics' ...
** using staged installation
** R
** inst
** byte-compile and prepare package for lazy loading
Creating a new generic function for 'aperm' in package 'BiocGenerics'
Creating a new generic function for 'append' in package 'BiocGenerics'
Creating a new generic function for 'as.data.frame' in package 'BiocGenerics'
Creating a new generic function for 'cbind' in package 'BiocGenerics'
Creating a new generic function for 'rbind' in package 'BiocGenerics'
Creating a new generic function for 'do.call' in package 'BiocGenerics'
Creating a new generic function for 'duplicated' in package 'BiocGenerics'
Creating a new generic function for 'anyDuplicated' in package 'BiocGenerics'
Creating a new generic function for 'eval' in package 'BiocGenerics'
Creating a new generic function for 'pmax' in package 'BiocGenerics'
Creating a new generic function for 'pmin' in package 'BiocGenerics'
Creating a new generic function for 'pmax.int' in package 'BiocGenerics'
Creating a new generic function for 'pmin.int' in package 'BiocGenerics'
Creating a new generic function for 'Reduce' in package 'BiocGenerics'
Creating a new generic function for 'Filter' in package 'BiocGenerics'
Creating a new generic function for 'Find' in package 'BiocGenerics'
Creating a new generic function for 'Map' in package 'BiocGenerics'
Creating a new generic function for 'Position' in package 'BiocGenerics'
Creating a new generic function for 'get' in package 'BiocGenerics'
Creating a new generic function for 'mget' in package 'BiocGenerics'
Creating a new generic function for 'grep' in package 'BiocGenerics'
Creating a new generic function for 'grepl' in package 'BiocGenerics'
Creating a new generic function for 'is.unsorted' in package 'BiocGenerics'
Creating a new generic function for 'lapply' in package 'BiocGenerics'
Creating a new generic function for 'sapply' in package 'BiocGenerics'
Creating a new generic function for 'mapply' in package 'BiocGenerics'
Creating a new generic function for 'match' in package 'BiocGenerics'
Creating a new generic function for 'order' in package 'BiocGenerics'
Creating a new generic function for 'paste' in package 'BiocGenerics'
Creating a new generic function for 'rank' in package 'BiocGenerics'
Creating a new generic function for 'rownames' in package 'BiocGenerics'
Creating a new generic function for 'colnames' in package 'BiocGenerics'
Creating a new generic function for 'union' in package 'BiocGenerics'
Creating a new generic function for 'intersect' in package 'BiocGenerics'
Creating a new generic function for 'setdiff' in package 'BiocGenerics'
Creating a new generic function for 'sort' in package 'BiocGenerics'
Creating a new generic function for 'table' in package 'BiocGenerics'
Creating a new generic function for 'tapply' in package 'BiocGenerics'
Creating a new generic function for 'unique' in package 'BiocGenerics'
Creating a new generic function for 'unsplit' in package 'BiocGenerics'
Creating a new generic function for 'var' in package 'BiocGenerics'
Creating a new generic function for 'sd' in package 'BiocGenerics'
Creating a new generic function for 'which.min' in package 'BiocGenerics'
Creating a new generic function for 'which.max' in package 'BiocGenerics'
Creating a new generic function for 'IQR' in package 'BiocGenerics'
Creating a new generic function for 'mad' in package 'BiocGenerics'
Creating a new generic function for 'xtabs' in package 'BiocGenerics'
Creating a new generic function for 'basename' in package 'BiocGenerics'
Creating a new generic function for 'dirname' in package 'BiocGenerics'
** help
*** installing help indices
** building package indices
** testing if installed package can be loaded from temporary location
** testing if installed package can be loaded from final location
** testing if installed package keeps a record of temporary installation path
* DONE (BiocGenerics)
* installing *source* package 'GWASExactHW' ...
** package 'GWASExactHW' successfully unpacked and MD5 sums checked
** using staged installation
** libs
using C compiler: 'gcc (GCC) 8.5.0 20210514 (Red Hat 8.5.0-20)'
gcc -I"/home/th798/R/R-4.3.2/include" -DNDEBUG   -I/home/th798/.conda/envs/emacs1/include -I/home/th798/include    -fpic  -g -O2  -c SNPHWE.c -o SNPHWE.o
gcc -shared -L/home/th798/.conda/envs/emacs1/lib -Wl,-rpath=/home/th798/.conda/envs/emacs1/lib -L/home/th798/lib -Wl,-rpath=/home/th798/lib -L/home/th798/lib64 -Wl,-rpath=/home/th798/lib64 -o GWASExactHW.so SNPHWE.o
installing to /tmp/th798/7339935/R-4.3.2/695/library/00LOCK-GWASExactHW/00new/GWASExactHW/libs
** R
** byte-compile and prepare package for lazy loading
** help
*** installing help indices
** building package indices
** testing if installed package can be loaded from temporary location
** checking absolute paths in shared objects and dynamic libraries
** testing if installed package can be loaded from final location
** testing if installed package keeps a record of temporary installation path
* DONE (GWASExactHW)
* installing *source* package 'CompQuadForm' ...
** package 'CompQuadForm' successfully unpacked and MD5 sums checked
** using staged installation
** libs
using C compiler: 'gcc (GCC) 8.5.0 20210514 (Red Hat 8.5.0-20)'
using C++ compiler: 'g++ (GCC) 8.5.0 20210514 (Red Hat 8.5.0-20)'
g++ -std=gnu++17 -I"/home/th798/R/R-4.3.2/include" -DNDEBUG   -I/home/th798/.conda/envs/emacs1/include -I/home/th798/include    -fpic  -g -O2  -c imhof.cpp -o imhof.o
g++ -std=gnu++17 -I"/home/th798/R/R-4.3.2/include" -DNDEBUG   -I/home/th798/.conda/envs/emacs1/include -I/home/th798/include    -fpic  -g -O2  -c qfc.cpp -o qfc.o
gcc -I"/home/th798/R/R-4.3.2/include" -DNDEBUG   -I/home/th798/.conda/envs/emacs1/include -I/home/th798/include    -fpic  -g -O2  -c registerDynamicSymbol.c -o registerDynamicSymbol.o
g++ -std=gnu++17 -I"/home/th798/R/R-4.3.2/include" -DNDEBUG   -I/home/th798/.conda/envs/emacs1/include -I/home/th798/include    -fpic  -g -O2  -c ruben.cpp -o ruben.o
g++ -std=gnu++17 -shared -L/home/th798/.conda/envs/emacs1/lib -Wl,-rpath=/home/th798/.conda/envs/emacs1/lib -L/home/th798/lib -Wl,-rpath=/home/th798/lib -L/home/th798/lib64 -Wl,-rpath=/home/th798/lib64 -o CompQuadForm.so imhof.o qfc.o registerDynamicSymbol.o ruben.o
installing to /tmp/th798/7339935/R-4.3.2/695/library/00LOCK-CompQuadForm/00new/CompQuadForm/libs
** R
** inst
** byte-compile and prepare package for lazy loading
** help
*** installing help indices
** building package indices
** testing if installed package can be loaded from temporary location
** checking absolute paths in shared objects and dynamic libraries
** testing if installed package can be loaded from final location
** testing if installed package keeps a record of temporary installation path
* DONE (CompQuadForm)
* installing *source* package 'doMC' ...
** package 'doMC' successfully unpacked and MD5 sums checked
** using staged installation
** R
** demo
** inst
** byte-compile and prepare package for lazy loading
** help
*** installing help indices
** building package indices
** installing vignettes
** testing if installed package can be loaded from temporary location
** testing if installed package can be loaded from final location
** testing if installed package keeps a record of temporary installation path
* DONE (doMC)
* installing *source* package 'ordinal' ...
** package 'ordinal' successfully unpacked and MD5 sums checked
** using staged installation
** libs
using C compiler: 'gcc (GCC) 8.5.0 20210514 (Red Hat 8.5.0-20)'
gcc -I"/home/th798/R/R-4.3.2/include" -DNDEBUG   -I/home/th798/.conda/envs/emacs1/include -I/home/th798/include    -fpic  -g -O2  -c get_fitted.c -o get_fitted.o
gcc -I"/home/th798/R/R-4.3.2/include" -DNDEBUG   -I/home/th798/.conda/envs/emacs1/include -I/home/th798/include    -fpic  -g -O2  -c init.c -o init.o
gcc -I"/home/th798/R/R-4.3.2/include" -DNDEBUG   -I/home/th798/.conda/envs/emacs1/include -I/home/th798/include    -fpic  -g -O2  -c links.c -o links.o
gcc -I"/home/th798/R/R-4.3.2/include" -DNDEBUG   -I/home/th798/.conda/envs/emacs1/include -I/home/th798/include    -fpic  -g -O2  -c utilityFuns.c -o utilityFuns.o
gcc -shared -L/home/th798/.conda/envs/emacs1/lib -Wl,-rpath=/home/th798/.conda/envs/emacs1/lib -L/home/th798/lib -Wl,-rpath=/home/th798/lib -L/home/th798/lib64 -Wl,-rpath=/home/th798/lib64 -o ordinal.so get_fitted.o init.o links.o utilityFuns.o
installing to /tmp/th798/7339935/R-4.3.2/695/library/00LOCK-ordinal/00new/ordinal/libs
** R
** data
*** moving datasets to lazyload DB
** inst
** byte-compile and prepare package for lazy loading
** help
*** installing help indices
** building package indices
** installing vignettes
** testing if installed package can be loaded from temporary location
** checking absolute paths in shared objects and dynamic libraries
** testing if installed package can be loaded from final location
** testing if installed package keeps a record of temporary installation path
* DONE (ordinal)
* installing *source* package 'formula.tools' ...
** package 'formula.tools' successfully unpacked and MD5 sums checked
** using staged installation
** R
** byte-compile and prepare package for lazy loading
** help
*** installing help indices
** building package indices
** testing if installed package can be loaded from temporary location
** testing if installed package can be loaded from final location
** testing if installed package keeps a record of temporary installation path
* DONE (formula.tools)
* installing *source* package 'S4Vectors' ...
** using staged installation
** libs
using C compiler: 'gcc (GCC) 8.5.0 20210514 (Red Hat 8.5.0-20)'
gcc -I"/home/th798/R/R-4.3.2/include" -DNDEBUG   -I/home/th798/.conda/envs/emacs1/include -I/home/th798/include    -fpic  -g -O2  -c AEbufs.c -o AEbufs.o
gcc -I"/home/th798/R/R-4.3.2/include" -DNDEBUG   -I/home/th798/.conda/envs/emacs1/include -I/home/th798/include    -fpic  -g -O2  -c DataFrame_class.c -o DataFrame_class.o
gcc -I"/home/th798/R/R-4.3.2/include" -DNDEBUG   -I/home/th798/.conda/envs/emacs1/include -I/home/th798/include    -fpic  -g -O2  -c Hits_class.c -o Hits_class.o
gcc -I"/home/th798/R/R-4.3.2/include" -DNDEBUG   -I/home/th798/.conda/envs/emacs1/include -I/home/th798/include    -fpic  -g -O2  -c LLint_class.c -o LLint_class.o
gcc -I"/home/th798/R/R-4.3.2/include" -DNDEBUG   -I/home/th798/.conda/envs/emacs1/include -I/home/th798/include    -fpic  -g -O2  -c List_class.c -o List_class.o
gcc -I"/home/th798/R/R-4.3.2/include" -DNDEBUG   -I/home/th798/.conda/envs/emacs1/include -I/home/th798/include    -fpic  -g -O2  -c R_init_S4Vectors.c -o R_init_S4Vectors.o
gcc -I"/home/th798/R/R-4.3.2/include" -DNDEBUG   -I/home/th798/.conda/envs/emacs1/include -I/home/th798/include    -fpic  -g -O2  -c Rle_class.c -o Rle_class.o
gcc -I"/home/th798/R/R-4.3.2/include" -DNDEBUG   -I/home/th798/.conda/envs/emacs1/include -I/home/th798/include    -fpic  -g -O2  -c Rle_utils.c -o Rle_utils.o
gcc -I"/home/th798/R/R-4.3.2/include" -DNDEBUG   -I/home/th798/.conda/envs/emacs1/include -I/home/th798/include    -fpic  -g -O2  -c SEXP_utils.c -o SEXP_utils.o
gcc -I"/home/th798/R/R-4.3.2/include" -DNDEBUG   -I/home/th798/.conda/envs/emacs1/include -I/home/th798/include    -fpic  -g -O2  -c SimpleList_class.c -o SimpleList_class.o
gcc -I"/home/th798/R/R-4.3.2/include" -DNDEBUG   -I/home/th798/.conda/envs/emacs1/include -I/home/th798/include    -fpic  -g -O2  -c anyMissing.c -o anyMissing.o
gcc -I"/home/th798/R/R-4.3.2/include" -DNDEBUG   -I/home/th798/.conda/envs/emacs1/include -I/home/th798/include    -fpic  -g -O2  -c character_utils.c -o character_utils.o
gcc -I"/home/th798/R/R-4.3.2/include" -DNDEBUG   -I/home/th798/.conda/envs/emacs1/include -I/home/th798/include    -fpic  -g -O2  -c eval_utils.c -o eval_utils.o
gcc -I"/home/th798/R/R-4.3.2/include" -DNDEBUG   -I/home/th798/.conda/envs/emacs1/include -I/home/th798/include    -fpic  -g -O2  -c hash_utils.c -o hash_utils.o
gcc -I"/home/th798/R/R-4.3.2/include" -DNDEBUG   -I/home/th798/.conda/envs/emacs1/include -I/home/th798/include    -fpic  -g -O2  -c integer_utils.c -o integer_utils.o
gcc -I"/home/th798/R/R-4.3.2/include" -DNDEBUG   -I/home/th798/.conda/envs/emacs1/include -I/home/th798/include    -fpic  -g -O2  -c logical_utils.c -o logical_utils.o
gcc -I"/home/th798/R/R-4.3.2/include" -DNDEBUG   -I/home/th798/.conda/envs/emacs1/include -I/home/th798/include    -fpic  -g -O2  -c map_ranges_to_runs.c -o map_ranges_to_runs.o
gcc -I"/home/th798/R/R-4.3.2/include" -DNDEBUG   -I/home/th798/.conda/envs/emacs1/include -I/home/th798/include    -fpic  -g -O2  -c raw_utils.c -o raw_utils.o
gcc -I"/home/th798/R/R-4.3.2/include" -DNDEBUG   -I/home/th798/.conda/envs/emacs1/include -I/home/th798/include    -fpic  -g -O2  -c safe_arithm.c -o safe_arithm.o
gcc -I"/home/th798/R/R-4.3.2/include" -DNDEBUG   -I/home/th798/.conda/envs/emacs1/include -I/home/th798/include    -fpic  -g -O2  -c sort_utils.c -o sort_utils.o
gcc -I"/home/th798/R/R-4.3.2/include" -DNDEBUG   -I/home/th798/.conda/envs/emacs1/include -I/home/th798/include    -fpic  -g -O2  -c subsetting_utils.c -o subsetting_utils.o
gcc -I"/home/th798/R/R-4.3.2/include" -DNDEBUG   -I/home/th798/.conda/envs/emacs1/include -I/home/th798/include    -fpic  -g -O2  -c vector_utils.c -o vector_utils.o
gcc -shared -L/home/th798/.conda/envs/emacs1/lib -Wl,-rpath=/home/th798/.conda/envs/emacs1/lib -L/home/th798/lib -Wl,-rpath=/home/th798/lib -L/home/th798/lib64 -Wl,-rpath=/home/th798/lib64 -o S4Vectors.so AEbufs.o DataFrame_class.o Hits_class.o LLint_class.o List_class.o R_init_S4Vectors.o Rle_class.o Rle_utils.o SEXP_utils.o SimpleList_class.o anyMissing.o character_utils.o eval_utils.o hash_utils.o integer_utils.o logical_utils.o map_ranges_to_runs.o raw_utils.o safe_arithm.o sort_utils.o subsetting_utils.o vector_utils.o
installing to /tmp/th798/7339935/R-4.3.2/695/library/00LOCK-S4Vectors/00new/S4Vectors/libs
** R
** inst
** byte-compile and prepare package for lazy loading
in method for 'normalizeSingleBracketReplacementValue' with signature '"List"': no definition for class "List"
Creating a new generic function for 'unname' in package 'S4Vectors'
Creating a new generic function for 'expand.grid' in package 'S4Vectors'
Creating a new generic function for 'findMatches' in package 'S4Vectors'
Creating a generic function for 'setequal' from package 'base' in package 'S4Vectors'
in method for 'coerce' with signature '"Hits","DFrame"': no definition for class "DFrame"
Creating a generic function for 'as.factor' from package 'base' in package 'S4Vectors'
Creating a generic function for 'tabulate' from package 'base' in package 'S4Vectors'
Creating a generic function for 'cov' from package 'stats' in package 'S4Vectors'
Creating a generic function for 'cor' from package 'stats' in package 'S4Vectors'
Creating a generic function for 'smoothEnds' from package 'stats' in package 'S4Vectors'
Creating a generic function for 'runmed' from package 'stats' in package 'S4Vectors'
Creating a generic function for 'nchar' from package 'base' in package 'S4Vectors'
Creating a generic function for 'substr' from package 'base' in package 'S4Vectors'
Creating a generic function for 'substring' from package 'base' in package 'S4Vectors'
Creating a generic function for 'chartr' from package 'base' in package 'S4Vectors'
Creating a generic function for 'tolower' from package 'base' in package 'S4Vectors'
Creating a generic function for 'toupper' from package 'base' in package 'S4Vectors'
Creating a generic function for 'sub' from package 'base' in package 'S4Vectors'
Creating a generic function for 'gsub' from package 'base' in package 'S4Vectors'
Creating a generic function for 'nlevels' from package 'base' in package 'S4Vectors'
in method for 'coerce' with signature '"data.table","DFrame"': no definition for class "data.table"
Creating a generic function for 'complete.cases' from package 'stats' in package 'S4Vectors'
** help
*** installing help indices
** building package indices
** installing vignettes
** testing if installed package can be loaded from temporary location
** checking absolute paths in shared objects and dynamic libraries
** testing if installed package can be loaded from final location
** testing if installed package keeps a record of temporary installation path
* DONE (S4Vectors)
* installing *source* package 'Biobase' ...
** using staged installation
** libs
using C compiler: 'gcc (GCC) 8.5.0 20210514 (Red Hat 8.5.0-20)'
gcc -I"/home/th798/R/R-4.3.2/include" -DNDEBUG   -I/home/th798/.conda/envs/emacs1/include -I/home/th798/include    -fpic  -g -O2  -c Rinit.c -o Rinit.o
gcc -I"/home/th798/R/R-4.3.2/include" -DNDEBUG   -I/home/th798/.conda/envs/emacs1/include -I/home/th798/include    -fpic  -g -O2  -c anyMissing.c -o anyMissing.o
gcc -I"/home/th798/R/R-4.3.2/include" -DNDEBUG   -I/home/th798/.conda/envs/emacs1/include -I/home/th798/include    -fpic  -g -O2  -c envir.c -o envir.o
gcc -I"/home/th798/R/R-4.3.2/include" -DNDEBUG   -I/home/th798/.conda/envs/emacs1/include -I/home/th798/include    -fpic  -g -O2  -c matchpt.c -o matchpt.o
gcc -I"/home/th798/R/R-4.3.2/include" -DNDEBUG   -I/home/th798/.conda/envs/emacs1/include -I/home/th798/include    -fpic  -g -O2  -c rowMedians.c -o rowMedians.o
gcc -I"/home/th798/R/R-4.3.2/include" -DNDEBUG   -I/home/th798/.conda/envs/emacs1/include -I/home/th798/include    -fpic  -g -O2  -c sublist_extract.c -o sublist_extract.o
gcc -shared -L/home/th798/.conda/envs/emacs1/lib -Wl,-rpath=/home/th798/.conda/envs/emacs1/lib -L/home/th798/lib -Wl,-rpath=/home/th798/lib -L/home/th798/lib64 -Wl,-rpath=/home/th798/lib64 -o Biobase.so Rinit.o anyMissing.o envir.o matchpt.o rowMedians.o sublist_extract.o
installing to /tmp/th798/7339935/R-4.3.2/695/library/00LOCK-Biobase/00new/Biobase/libs
** R
** data
** inst
** byte-compile and prepare package for lazy loading
** help
*** installing help indices
** building package indices
** installing vignettes
** testing if installed package can be loaded from temporary location
** checking absolute paths in shared objects and dynamic libraries
** testing if installed package can be loaded from final location
** testing if installed package keeps a record of temporary installation path
* DONE (Biobase)
* installing *source* package 'GMMAT' ...
** package 'GMMAT' successfully unpacked and MD5 sums checked
** using staged installation
checking whether the C++ compiler works... yes
checking for C++ compiler default output file name... a.out
checking for suffix of executables... 
checking whether we are cross compiling... no
checking for suffix of object files... o
checking whether we are using the GNU C++ compiler... yes
checking whether g++ -std=gnu++17 accepts -g... yes
checking how to run the C++ preprocessor... g++ -std=gnu++17 -E
checking for grep that handles long lines and -e... /usr/bin/grep
checking for egrep... /usr/bin/grep -E
checking for ANSI C header files... yes
checking for sys/types.h... yes
checking for sys/stat.h... yes
checking for stdlib.h... yes
checking for string.h... yes
checking for memory.h... yes
checking for strings.h... yes
checking for inttypes.h... yes
checking for stdint.h... yes
checking for unistd.h... yes
checking for ZSTD_decompress in -lzstd... yes
checking zstd.h usability... yes
checking zstd.h presence... yes
checking for zstd.h... yes
configure: Will use system-wide zstd library
checking for libdeflate_zlib_decompress in -ldeflate... no
configure: Will build libdeflate library from the package
configure: creating ./config.status
config.status: creating src/Makevars
** libs
using C compiler: 'gcc (GCC) 8.5.0 20210514 (Red Hat 8.5.0-20)'
using C++ compiler: 'g++ (GCC) 8.5.0 20210514 (Red Hat 8.5.0-20)'
g++ -std=gnu++17 -I"/home/th798/R/R-4.3.2/include" -DNDEBUG -Izstd/lib -Izstd/lib/common -I'/projects/genomic-ml/R/R-4.3.2/library/Rcpp/include' -I'/projects/genomic-ml/R/R-4.3.2/library/RcppArmadillo/include' -I/home/th798/.conda/envs/emacs1/include -I/home/th798/include   -DARMA_64BIT_WORD -fpic  -g -O2  -c fitglmm.cpp -o fitglmm.o
gcc -I"/home/th798/R/R-4.3.2/include" -DNDEBUG -Izstd/lib -Izstd/lib/common -I'/projects/genomic-ml/R/R-4.3.2/library/Rcpp/include' -I'/projects/genomic-ml/R/R-4.3.2/library/RcppArmadillo/include' -I/home/th798/.conda/envs/emacs1/include -I/home/th798/include    -fpic  -g -O2  -c registerDynamicSymbol.c -o registerDynamicSymbol.o
gcc -I"/home/th798/R/R-4.3.2/include" -DNDEBUG -Izstd/lib -Izstd/lib/common -I'/projects/genomic-ml/R/R-4.3.2/library/Rcpp/include' -I'/projects/genomic-ml/R/R-4.3.2/library/RcppArmadillo/include' -I/home/th798/.conda/envs/emacs1/include -I/home/th798/include    -fpic  -g -O2  -c libdeflate/lib/adler32.c -o libdeflate/lib/adler32.o
gcc -I"/home/th798/R/R-4.3.2/include" -DNDEBUG -Izstd/lib -Izstd/lib/common -I'/projects/genomic-ml/R/R-4.3.2/library/Rcpp/include' -I'/projects/genomic-ml/R/R-4.3.2/library/RcppArmadillo/include' -I/home/th798/.conda/envs/emacs1/include -I/home/th798/include    -fpic  -g -O2  -c libdeflate/lib/deflate_decompress.c -o libdeflate/lib/deflate_decompress.o
gcc -I"/home/th798/R/R-4.3.2/include" -DNDEBUG -Izstd/lib -Izstd/lib/common -I'/projects/genomic-ml/R/R-4.3.2/library/Rcpp/include' -I'/projects/genomic-ml/R/R-4.3.2/library/RcppArmadillo/include' -I/home/th798/.conda/envs/emacs1/include -I/home/th798/include    -fpic  -g -O2  -c libdeflate/lib/utils.c -o libdeflate/lib/utils.o
gcc -I"/home/th798/R/R-4.3.2/include" -DNDEBUG -Izstd/lib -Izstd/lib/common -I'/projects/genomic-ml/R/R-4.3.2/library/Rcpp/include' -I'/projects/genomic-ml/R/R-4.3.2/library/RcppArmadillo/include' -I/home/th798/.conda/envs/emacs1/include -I/home/th798/include    -fpic  -g -O2  -c libdeflate/lib/crc32.c -o libdeflate/lib/crc32.o
gcc -I"/home/th798/R/R-4.3.2/include" -DNDEBUG -Izstd/lib -Izstd/lib/common -I'/projects/genomic-ml/R/R-4.3.2/library/Rcpp/include' -I'/projects/genomic-ml/R/R-4.3.2/library/RcppArmadillo/include' -I/home/th798/.conda/envs/emacs1/include -I/home/th798/include    -fpic  -g -O2  -c libdeflate/lib/gzip_compress.c -o libdeflate/lib/gzip_compress.o
gcc -I"/home/th798/R/R-4.3.2/include" -DNDEBUG -Izstd/lib -Izstd/lib/common -I'/projects/genomic-ml/R/R-4.3.2/library/Rcpp/include' -I'/projects/genomic-ml/R/R-4.3.2/library/RcppArmadillo/include' -I/home/th798/.conda/envs/emacs1/include -I/home/th798/include    -fpic  -g -O2  -c libdeflate/lib/zlib_compress.c -o libdeflate/lib/zlib_compress.o
gcc -I"/home/th798/R/R-4.3.2/include" -DNDEBUG -Izstd/lib -Izstd/lib/common -I'/projects/genomic-ml/R/R-4.3.2/library/Rcpp/include' -I'/projects/genomic-ml/R/R-4.3.2/library/RcppArmadillo/include' -I/home/th798/.conda/envs/emacs1/include -I/home/th798/include    -fpic  -g -O2  -c libdeflate/lib/deflate_compress.c -o libdeflate/lib/deflate_compress.o
gcc -I"/home/th798/R/R-4.3.2/include" -DNDEBUG -Izstd/lib -Izstd/lib/common -I'/projects/genomic-ml/R/R-4.3.2/library/Rcpp/include' -I'/projects/genomic-ml/R/R-4.3.2/library/RcppArmadillo/include' -I/home/th798/.conda/envs/emacs1/include -I/home/th798/include    -fpic  -g -O2  -c libdeflate/lib/gzip_decompress.c -o libdeflate/lib/gzip_decompress.o
gcc -I"/home/th798/R/R-4.3.2/include" -DNDEBUG -Izstd/lib -Izstd/lib/common -I'/projects/genomic-ml/R/R-4.3.2/library/Rcpp/include' -I'/projects/genomic-ml/R/R-4.3.2/library/RcppArmadillo/include' -I/home/th798/.conda/envs/emacs1/include -I/home/th798/include    -fpic  -g -O2  -c libdeflate/lib/zlib_decompress.c -o libdeflate/lib/zlib_decompress.o
gcc -I"/home/th798/R/R-4.3.2/include" -DNDEBUG -Izstd/lib -Izstd/lib/common -I'/projects/genomic-ml/R/R-4.3.2/library/Rcpp/include' -I'/projects/genomic-ml/R/R-4.3.2/library/RcppArmadillo/include' -I/home/th798/.conda/envs/emacs1/include -I/home/th798/include    -fpic  -g -O2  -c libdeflate/lib/arm/cpu_features.c -o libdeflate/lib/arm/cpu_features.o
gcc -I"/home/th798/R/R-4.3.2/include" -DNDEBUG -Izstd/lib -Izstd/lib/common -I'/projects/genomic-ml/R/R-4.3.2/library/Rcpp/include' -I'/projects/genomic-ml/R/R-4.3.2/library/RcppArmadillo/include' -I/home/th798/.conda/envs/emacs1/include -I/home/th798/include    -fpic  -g -O2  -c libdeflate/lib/x86/cpu_features.c -o libdeflate/lib/x86/cpu_features.o
g++ -std=gnu++17 -shared -L/home/th798/.conda/envs/emacs1/lib -Wl,-rpath=/home/th798/.conda/envs/emacs1/lib -L/home/th798/lib -Wl,-rpath=/home/th798/lib -L/home/th798/lib64 -Wl,-rpath=/home/th798/lib64 -o GMMAT.so fitglmm.o registerDynamicSymbol.o -L/home/th798/R/R-4.3.2/lib -lRlapack -L/home/th798/R/R-4.3.2/lib -lRblas -lgfortran -lm -lquadmath -lz -lbz2 -lzstd libdeflate/lib/adler32.o libdeflate/lib/deflate_decompress.o libdeflate/lib/utils.o libdeflate/lib/crc32.o libdeflate/lib/gzip_compress.o libdeflate/lib/zlib_compress.o libdeflate/lib/deflate_compress.o libdeflate/lib/gzip_decompress.o libdeflate/lib/zlib_decompress.o libdeflate/lib/arm/cpu_features.o libdeflate/lib/x86/cpu_features.o
installing to /tmp/th798/7339935/R-4.3.2/695/library/00LOCK-GMMAT/00new/GMMAT/libs
** R
** data
** inst
** byte-compile and prepare package for lazy loading
** help
*** installing help indices
** building package indices
** installing vignettes
** testing if installed package can be loaded from temporary location
** checking absolute paths in shared objects and dynamic libraries
** testing if installed package can be loaded from final location
** testing if installed package keeps a record of temporary installation path
* DONE (GMMAT)
* installing *source* package 'jomo' ...
** package 'jomo' successfully unpacked and MD5 sums checked
** using staged installation
** libs
using C compiler: 'gcc (GCC) 8.5.0 20210514 (Red Hat 8.5.0-20)'
gcc -I"/home/th798/R/R-4.3.2/include" -DNDEBUG   -I/home/th798/.conda/envs/emacs1/include -I/home/th798/include    -fpic  -g -O2  -c jomo1C.c -o jomo1C.o
gcc -I"/home/th798/R/R-4.3.2/include" -DNDEBUG   -I/home/th798/.conda/envs/emacs1/include -I/home/th798/include    -fpic  -g -O2  -c jomo1ranC.c -o jomo1ranC.o
gcc -I"/home/th798/R/R-4.3.2/include" -DNDEBUG   -I/home/th798/.conda/envs/emacs1/include -I/home/th798/include    -fpic  -g -O2  -c jomo1ranhrC.c -o jomo1ranhrC.o
gcc -I"/home/th798/R/R-4.3.2/include" -DNDEBUG   -I/home/th798/.conda/envs/emacs1/include -I/home/th798/include    -fpic  -g -O2  -c jomo1ranhrsmcC.c -o jomo1ranhrsmcC.o
gcc -I"/home/th798/R/R-4.3.2/include" -DNDEBUG   -I/home/th798/.conda/envs/emacs1/include -I/home/th798/include    -fpic  -g -O2  -c jomo1ransmcC.c -o jomo1ransmcC.o
gcc -I"/home/th798/R/R-4.3.2/include" -DNDEBUG   -I/home/th798/.conda/envs/emacs1/include -I/home/th798/include    -fpic  -g -O2  -c jomo1smcC.c -o jomo1smcC.o
gcc -I"/home/th798/R/R-4.3.2/include" -DNDEBUG   -I/home/th798/.conda/envs/emacs1/include -I/home/th798/include    -fpic  -g -O2  -c jomo2comC.c -o jomo2comC.o
gcc -I"/home/th798/R/R-4.3.2/include" -DNDEBUG   -I/home/th798/.conda/envs/emacs1/include -I/home/th798/include    -fpic  -g -O2  -c jomo2hrC.c -o jomo2hrC.o
gcc -I"/home/th798/R/R-4.3.2/include" -DNDEBUG   -I/home/th798/.conda/envs/emacs1/include -I/home/th798/include    -fpic  -g -O2  -c jomo2hrsmcC.c -o jomo2hrsmcC.o
gcc -I"/home/th798/R/R-4.3.2/include" -DNDEBUG   -I/home/th798/.conda/envs/emacs1/include -I/home/th798/include    -fpic  -g -O2  -c jomo2smcC.c -o jomo2smcC.o
gcc -I"/home/th798/R/R-4.3.2/include" -DNDEBUG   -I/home/th798/.conda/envs/emacs1/include -I/home/th798/include    -fpic  -g -O2  -c jomo_init.c -o jomo_init.o
gcc -I"/home/th798/R/R-4.3.2/include" -DNDEBUG   -I/home/th798/.conda/envs/emacs1/include -I/home/th798/include    -fpic  -g -O2  -c pdflib.c -o pdflib.o
gcc -I"/home/th798/R/R-4.3.2/include" -DNDEBUG   -I/home/th798/.conda/envs/emacs1/include -I/home/th798/include    -fpic  -g -O2  -c wishart.c -o wishart.o
gcc -shared -L/home/th798/.conda/envs/emacs1/lib -Wl,-rpath=/home/th798/.conda/envs/emacs1/lib -L/home/th798/lib -Wl,-rpath=/home/th798/lib -L/home/th798/lib64 -Wl,-rpath=/home/th798/lib64 -o jomo.so jomo1C.o jomo1ranC.o jomo1ranhrC.o jomo1ranhrsmcC.o jomo1ransmcC.o jomo1smcC.o jomo2comC.o jomo2hrC.o jomo2hrsmcC.o jomo2smcC.o jomo_init.o pdflib.o wishart.o
installing to /tmp/th798/7339935/R-4.3.2/695/library/00LOCK-jomo/00new/jomo/libs
** R
** data
*** moving datasets to lazyload DB
** inst
** byte-compile and prepare package for lazy loading
** help
*** installing help indices
** building package indices
** testing if installed package can be loaded from temporary location
** checking absolute paths in shared objects and dynamic libraries
** testing if installed package can be loaded from final location
** testing if installed package keeps a record of temporary installation path
* DONE (jomo)
* installing *source* package 'IRanges' ...
** using staged installation
** libs
using C compiler: 'gcc (GCC) 8.5.0 20210514 (Red Hat 8.5.0-20)'
gcc -I"/home/th798/R/R-4.3.2/include" -DNDEBUG  -I'/tmp/th798/7339935/R-4.3.2/695/library/S4Vectors/include' -I/home/th798/.conda/envs/emacs1/include -I/home/th798/include    -fpic  -g -O2  -c CompressedAtomicList_utils.c -o CompressedAtomicList_utils.o
gcc -I"/home/th798/R/R-4.3.2/include" -DNDEBUG  -I'/tmp/th798/7339935/R-4.3.2/695/library/S4Vectors/include' -I/home/th798/.conda/envs/emacs1/include -I/home/th798/include    -fpic  -g -O2  -c CompressedIRangesList_class.c -o CompressedIRangesList_class.o
gcc -I"/home/th798/R/R-4.3.2/include" -DNDEBUG  -I'/tmp/th798/7339935/R-4.3.2/695/library/S4Vectors/include' -I/home/th798/.conda/envs/emacs1/include -I/home/th798/include    -fpic  -g -O2  -c CompressedList_class.c -o CompressedList_class.o
gcc -I"/home/th798/R/R-4.3.2/include" -DNDEBUG  -I'/tmp/th798/7339935/R-4.3.2/695/library/S4Vectors/include' -I/home/th798/.conda/envs/emacs1/include -I/home/th798/include    -fpic  -g -O2  -c Grouping_class.c -o Grouping_class.o
gcc -I"/home/th798/R/R-4.3.2/include" -DNDEBUG  -I'/tmp/th798/7339935/R-4.3.2/695/library/S4Vectors/include' -I/home/th798/.conda/envs/emacs1/include -I/home/th798/include    -fpic  -g -O2  -c IPosRanges_comparison.c -o IPosRanges_comparison.o
gcc -I"/home/th798/R/R-4.3.2/include" -DNDEBUG  -I'/tmp/th798/7339935/R-4.3.2/695/library/S4Vectors/include' -I/home/th798/.conda/envs/emacs1/include -I/home/th798/include    -fpic  -g -O2  -c IRanges_class.c -o IRanges_class.o
gcc -I"/home/th798/R/R-4.3.2/include" -DNDEBUG  -I'/tmp/th798/7339935/R-4.3.2/695/library/S4Vectors/include' -I/home/th798/.conda/envs/emacs1/include -I/home/th798/include    -fpic  -g -O2  -c IRanges_constructor.c -o IRanges_constructor.o
gcc -I"/home/th798/R/R-4.3.2/include" -DNDEBUG  -I'/tmp/th798/7339935/R-4.3.2/695/library/S4Vectors/include' -I/home/th798/.conda/envs/emacs1/include -I/home/th798/include    -fpic  -g -O2  -c NCList.c -o NCList.o
gcc -I"/home/th798/R/R-4.3.2/include" -DNDEBUG  -I'/tmp/th798/7339935/R-4.3.2/695/library/S4Vectors/include' -I/home/th798/.conda/envs/emacs1/include -I/home/th798/include    -fpic  -g -O2  -c R_init_IRanges.c -o R_init_IRanges.o
gcc -I"/home/th798/R/R-4.3.2/include" -DNDEBUG  -I'/tmp/th798/7339935/R-4.3.2/695/library/S4Vectors/include' -I/home/th798/.conda/envs/emacs1/include -I/home/th798/include    -fpic  -g -O2  -c Ranges_class.c -o Ranges_class.o
gcc -I"/home/th798/R/R-4.3.2/include" -DNDEBUG  -I'/tmp/th798/7339935/R-4.3.2/695/library/S4Vectors/include' -I/home/th798/.conda/envs/emacs1/include -I/home/th798/include    -fpic  -g -O2  -c RleViews_utils.c -o RleViews_utils.o
gcc -I"/home/th798/R/R-4.3.2/include" -DNDEBUG  -I'/tmp/th798/7339935/R-4.3.2/695/library/S4Vectors/include' -I/home/th798/.conda/envs/emacs1/include -I/home/th798/include    -fpic  -g -O2  -c S4Vectors_stubs.c -o S4Vectors_stubs.o
gcc -I"/home/th798/R/R-4.3.2/include" -DNDEBUG  -I'/tmp/th798/7339935/R-4.3.2/695/library/S4Vectors/include' -I/home/th798/.conda/envs/emacs1/include -I/home/th798/include    -fpic  -g -O2  -c SimpleIRangesList_class.c -o SimpleIRangesList_class.o
gcc -I"/home/th798/R/R-4.3.2/include" -DNDEBUG  -I'/tmp/th798/7339935/R-4.3.2/695/library/S4Vectors/include' -I/home/th798/.conda/envs/emacs1/include -I/home/th798/include    -fpic  -g -O2  -c coverage_methods.c -o coverage_methods.o
gcc -I"/home/th798/R/R-4.3.2/include" -DNDEBUG  -I'/tmp/th798/7339935/R-4.3.2/695/library/S4Vectors/include' -I/home/th798/.conda/envs/emacs1/include -I/home/th798/include    -fpic  -g -O2  -c extractListFragments.c -o extractListFragments.o
gcc -I"/home/th798/R/R-4.3.2/include" -DNDEBUG  -I'/tmp/th798/7339935/R-4.3.2/695/library/S4Vectors/include' -I/home/th798/.conda/envs/emacs1/include -I/home/th798/include    -fpic  -g -O2  -c inter_range_methods.c -o inter_range_methods.o
gcc -shared -L/home/th798/.conda/envs/emacs1/lib -Wl,-rpath=/home/th798/.conda/envs/emacs1/lib -L/home/th798/lib -Wl,-rpath=/home/th798/lib -L/home/th798/lib64 -Wl,-rpath=/home/th798/lib64 -o IRanges.so CompressedAtomicList_utils.o CompressedIRangesList_class.o CompressedList_class.o Grouping_class.o IPosRanges_comparison.o IRanges_class.o IRanges_constructor.o NCList.o R_init_IRanges.o Ranges_class.o RleViews_utils.o S4Vectors_stubs.o SimpleIRangesList_class.o coverage_methods.o extractListFragments.o inter_range_methods.o
installing to /tmp/th798/7339935/R-4.3.2/695/library/00LOCK-IRanges/00new/IRanges/libs
** R
** inst
** byte-compile and prepare package for lazy loading
Creating a generic function for 'drop' from package 'base' in package 'IRanges'
Creating a generic function for 'runmed' from package 'stats' in package 'IRanges'
Creating a generic function for 'chartr' from package 'base' in package 'IRanges'
Creating a generic function for 'toupper' from package 'base' in package 'IRanges'
Creating a generic function for 'tolower' from package 'base' in package 'IRanges'
Creating a generic function for 'sub' from package 'base' in package 'IRanges'
Creating a generic function for 'gsub' from package 'base' in package 'IRanges'
Creating a generic function for 'startsWith' from package 'base' in package 'IRanges'
Creating a generic function for 'endsWith' from package 'base' in package 'IRanges'
Creating a generic function for 'smoothEnds' from package 'stats' in package 'IRanges'
** help
*** installing help indices
** building package indices
** installing vignettes
** testing if installed package can be loaded from temporary location
** checking absolute paths in shared objects and dynamic libraries
** testing if installed package can be loaded from final location
** testing if installed package keeps a record of temporary installation path
* DONE (IRanges)
* installing *source* package 'MAGEE' ...
** package 'MAGEE' successfully unpacked and MD5 sums checked
** using staged installation
checking whether the C++ compiler works... yes
checking for C++ compiler default output file name... a.out
checking for suffix of executables... 
checking whether we are cross compiling... no
checking for suffix of object files... o
checking whether we are using the GNU C++ compiler... yes
checking whether g++ -std=gnu++17 accepts -g... yes
checking how to run the C++ preprocessor... g++ -std=gnu++17 -E
checking for grep that handles long lines and -e... /usr/bin/grep
checking for egrep... /usr/bin/grep -E
checking for ANSI C header files... yes
checking for sys/types.h... yes
checking for sys/stat.h... yes
checking for stdlib.h... yes
checking for string.h... yes
checking for memory.h... yes
checking for strings.h... yes
checking for inttypes.h... yes
checking for stdint.h... yes
checking for unistd.h... yes
checking for ZSTD_decompress in -lzstd... yes
checking zstd.h usability... yes
checking zstd.h presence... yes
checking for zstd.h... yes
configure: Will use system-wide zstd library
checking for libdeflate_zlib_decompress in -ldeflate... no
configure: Will build libdeflate library from the package
configure: creating ./config.status
config.status: creating src/Makevars
** libs
using C compiler: 'gcc (GCC) 8.5.0 20210514 (Red Hat 8.5.0-20)'
using C++ compiler: 'g++ (GCC) 8.5.0 20210514 (Red Hat 8.5.0-20)'
g++ -std=gnu++17 -I"/home/th798/R/R-4.3.2/include" -DNDEBUG -Izstd/lib -Izstd/lib/common -I'/projects/genomic-ml/R/R-4.3.2/library/Rcpp/include' -I'/projects/genomic-ml/R/R-4.3.2/library/RcppArmadillo/include' -I/home/th798/.conda/envs/emacs1/include -I/home/th798/include   -DARMA_64BIT_WORD -fpic  -g -O2  -c fitglmm.cpp -o fitglmm.o
In file included from /projects/genomic-ml/R/R-4.3.2/library/RcppArmadillo/include/armadillo:26,
                 from /projects/genomic-ml/R/R-4.3.2/library/RcppArmadillo/include/RcppArmadillo/interface/RcppArmadilloForward.h:57,
                 from /projects/genomic-ml/R/R-4.3.2/library/RcppArmadillo/include/RcppArmadillo.h:29,
                 from fitglmm.cpp:27:
/projects/genomic-ml/R/R-4.3.2/library/RcppArmadillo/include/armadillo_bits/config.hpp:321:86: note: #pragma message: INFO: support for ARMA_DONT_PRINT_ERRORS option has been removed
   #pragma message ("INFO: support for ARMA_DONT_PRINT_ERRORS option has been removed")
                                                                                      ^
/projects/genomic-ml/R/R-4.3.2/library/RcppArmadillo/include/armadillo_bits/config.hpp:326:75: note: #pragma message: INFO: suggest to use ARMA_WARN_LEVEL option instead
     #pragma message ("INFO: suggest to use ARMA_WARN_LEVEL option instead")
                                                                           ^
/projects/genomic-ml/R/R-4.3.2/library/RcppArmadillo/include/armadillo_bits/config.hpp:329:61: note: #pragma message: INFO: see the documentation for details
   #pragma message ("INFO: see the documentation for details")
                                                             ^
g++ -std=gnu++17 -I"/home/th798/R/R-4.3.2/include" -DNDEBUG -Izstd/lib -Izstd/lib/common -I'/projects/genomic-ml/R/R-4.3.2/library/Rcpp/include' -I'/projects/genomic-ml/R/R-4.3.2/library/RcppArmadillo/include' -I/home/th798/.conda/envs/emacs1/include -I/home/th798/include   -DARMA_64BIT_WORD -fpic  -g -O2  -c fitmagee.cpp -o fitmagee.o
g++ -std=gnu++17 -I"/home/th798/R/R-4.3.2/include" -DNDEBUG -Izstd/lib -Izstd/lib/common -I'/projects/genomic-ml/R/R-4.3.2/library/Rcpp/include' -I'/projects/genomic-ml/R/R-4.3.2/library/RcppArmadillo/include' -I/home/th798/.conda/envs/emacs1/include -I/home/th798/include   -DARMA_64BIT_WORD -fpic  -g -O2  -c read_bgen.cpp -o read_bgen.o
gcc -I"/home/th798/R/R-4.3.2/include" -DNDEBUG -Izstd/lib -Izstd/lib/common -I'/projects/genomic-ml/R/R-4.3.2/library/Rcpp/include' -I'/projects/genomic-ml/R/R-4.3.2/library/RcppArmadillo/include' -I/home/th798/.conda/envs/emacs1/include -I/home/th798/include    -fpic  -g -O2  -c registerDynamicSymbol.c -o registerDynamicSymbol.o
gcc -I"/home/th798/R/R-4.3.2/include" -DNDEBUG -Izstd/lib -Izstd/lib/common -I'/projects/genomic-ml/R/R-4.3.2/library/Rcpp/include' -I'/projects/genomic-ml/R/R-4.3.2/library/RcppArmadillo/include' -I/home/th798/.conda/envs/emacs1/include -I/home/th798/include    -fpic  -g -O2  -c libdeflate/lib/adler32.c -o libdeflate/lib/adler32.o
gcc -I"/home/th798/R/R-4.3.2/include" -DNDEBUG -Izstd/lib -Izstd/lib/common -I'/projects/genomic-ml/R/R-4.3.2/library/Rcpp/include' -I'/projects/genomic-ml/R/R-4.3.2/library/RcppArmadillo/include' -I/home/th798/.conda/envs/emacs1/include -I/home/th798/include    -fpic  -g -O2  -c libdeflate/lib/deflate_decompress.c -o libdeflate/lib/deflate_decompress.o
gcc -I"/home/th798/R/R-4.3.2/include" -DNDEBUG -Izstd/lib -Izstd/lib/common -I'/projects/genomic-ml/R/R-4.3.2/library/Rcpp/include' -I'/projects/genomic-ml/R/R-4.3.2/library/RcppArmadillo/include' -I/home/th798/.conda/envs/emacs1/include -I/home/th798/include    -fpic  -g -O2  -c libdeflate/lib/utils.c -o libdeflate/lib/utils.o
gcc -I"/home/th798/R/R-4.3.2/include" -DNDEBUG -Izstd/lib -Izstd/lib/common -I'/projects/genomic-ml/R/R-4.3.2/library/Rcpp/include' -I'/projects/genomic-ml/R/R-4.3.2/library/RcppArmadillo/include' -I/home/th798/.conda/envs/emacs1/include -I/home/th798/include    -fpic  -g -O2  -c libdeflate/lib/crc32.c -o libdeflate/lib/crc32.o
gcc -I"/home/th798/R/R-4.3.2/include" -DNDEBUG -Izstd/lib -Izstd/lib/common -I'/projects/genomic-ml/R/R-4.3.2/library/Rcpp/include' -I'/projects/genomic-ml/R/R-4.3.2/library/RcppArmadillo/include' -I/home/th798/.conda/envs/emacs1/include -I/home/th798/include    -fpic  -g -O2  -c libdeflate/lib/gzip_compress.c -o libdeflate/lib/gzip_compress.o
gcc -I"/home/th798/R/R-4.3.2/include" -DNDEBUG -Izstd/lib -Izstd/lib/common -I'/projects/genomic-ml/R/R-4.3.2/library/Rcpp/include' -I'/projects/genomic-ml/R/R-4.3.2/library/RcppArmadillo/include' -I/home/th798/.conda/envs/emacs1/include -I/home/th798/include    -fpic  -g -O2  -c libdeflate/lib/zlib_compress.c -o libdeflate/lib/zlib_compress.o
gcc -I"/home/th798/R/R-4.3.2/include" -DNDEBUG -Izstd/lib -Izstd/lib/common -I'/projects/genomic-ml/R/R-4.3.2/library/Rcpp/include' -I'/projects/genomic-ml/R/R-4.3.2/library/RcppArmadillo/include' -I/home/th798/.conda/envs/emacs1/include -I/home/th798/include    -fpic  -g -O2  -c libdeflate/lib/deflate_compress.c -o libdeflate/lib/deflate_compress.o
gcc -I"/home/th798/R/R-4.3.2/include" -DNDEBUG -Izstd/lib -Izstd/lib/common -I'/projects/genomic-ml/R/R-4.3.2/library/Rcpp/include' -I'/projects/genomic-ml/R/R-4.3.2/library/RcppArmadillo/include' -I/home/th798/.conda/envs/emacs1/include -I/home/th798/include    -fpic  -g -O2  -c libdeflate/lib/gzip_decompress.c -o libdeflate/lib/gzip_decompress.o
gcc -I"/home/th798/R/R-4.3.2/include" -DNDEBUG -Izstd/lib -Izstd/lib/common -I'/projects/genomic-ml/R/R-4.3.2/library/Rcpp/include' -I'/projects/genomic-ml/R/R-4.3.2/library/RcppArmadillo/include' -I/home/th798/.conda/envs/emacs1/include -I/home/th798/include    -fpic  -g -O2  -c libdeflate/lib/zlib_decompress.c -o libdeflate/lib/zlib_decompress.o
gcc -I"/home/th798/R/R-4.3.2/include" -DNDEBUG -Izstd/lib -Izstd/lib/common -I'/projects/genomic-ml/R/R-4.3.2/library/Rcpp/include' -I'/projects/genomic-ml/R/R-4.3.2/library/RcppArmadillo/include' -I/home/th798/.conda/envs/emacs1/include -I/home/th798/include    -fpic  -g -O2  -c libdeflate/lib/arm/cpu_features.c -o libdeflate/lib/arm/cpu_features.o
gcc -I"/home/th798/R/R-4.3.2/include" -DNDEBUG -Izstd/lib -Izstd/lib/common -I'/projects/genomic-ml/R/R-4.3.2/library/Rcpp/include' -I'/projects/genomic-ml/R/R-4.3.2/library/RcppArmadillo/include' -I/home/th798/.conda/envs/emacs1/include -I/home/th798/include    -fpic  -g -O2  -c libdeflate/lib/x86/cpu_features.c -o libdeflate/lib/x86/cpu_features.o
g++ -std=gnu++17 -shared -L/home/th798/.conda/envs/emacs1/lib -Wl,-rpath=/home/th798/.conda/envs/emacs1/lib -L/home/th798/lib -Wl,-rpath=/home/th798/lib -L/home/th798/lib64 -Wl,-rpath=/home/th798/lib64 -o MAGEE.so fitglmm.o fitmagee.o read_bgen.o registerDynamicSymbol.o -L/home/th798/R/R-4.3.2/lib -lRlapack -L/home/th798/R/R-4.3.2/lib -lRblas -lgfortran -lm -lquadmath -lz -lbz2 -lzstd libdeflate/lib/adler32.o libdeflate/lib/deflate_decompress.o libdeflate/lib/utils.o libdeflate/lib/crc32.o libdeflate/lib/gzip_compress.o libdeflate/lib/zlib_compress.o libdeflate/lib/deflate_compress.o libdeflate/lib/gzip_decompress.o libdeflate/lib/zlib_decompress.o libdeflate/lib/arm/cpu_features.o libdeflate/lib/x86/cpu_features.o
installing to /tmp/th798/7339935/R-4.3.2/695/library/00LOCK-MAGEE/00new/MAGEE/libs
** R
** data
** inst
** byte-compile and prepare package for lazy loading
** help
*** installing help indices
** building package indices
** installing vignettes
** testing if installed package can be loaded from temporary location
** checking absolute paths in shared objects and dynamic libraries
** testing if installed package can be loaded from final location
** testing if installed package keeps a record of temporary installation path
* DONE (MAGEE)
* installing *source* package 'mitml' ...
** package 'mitml' successfully unpacked and MD5 sums checked
** using staged installation
** R
** data
*** moving datasets to lazyload DB
** inst
** byte-compile and prepare package for lazy loading
** help
*** installing help indices
** building package indices
** installing vignettes
** testing if installed package can be loaded from temporary location
** testing if installed package can be loaded from final location
** testing if installed package keeps a record of temporary installation path
* DONE (mitml)
* installing *source* package 'XVector' ...
** using staged installation
** libs
using C compiler: 'gcc (GCC) 8.5.0 20210514 (Red Hat 8.5.0-20)'
gcc -I"/home/th798/R/R-4.3.2/include" -DNDEBUG  -I'/tmp/th798/7339935/R-4.3.2/695/library/S4Vectors/include' -I'/tmp/th798/7339935/R-4.3.2/695/library/IRanges/include' -I/home/th798/.conda/envs/emacs1/include -I/home/th798/include    -fpic  -g -O2  -c IRanges_stubs.c -o IRanges_stubs.o
gcc -I"/home/th798/R/R-4.3.2/include" -DNDEBUG  -I'/tmp/th798/7339935/R-4.3.2/695/library/S4Vectors/include' -I'/tmp/th798/7339935/R-4.3.2/695/library/IRanges/include' -I/home/th798/.conda/envs/emacs1/include -I/home/th798/include    -fpic  -g -O2  -c Ocopy_byteblocks.c -o Ocopy_byteblocks.o
gcc -I"/home/th798/R/R-4.3.2/include" -DNDEBUG  -I'/tmp/th798/7339935/R-4.3.2/695/library/S4Vectors/include' -I'/tmp/th798/7339935/R-4.3.2/695/library/IRanges/include' -I/home/th798/.conda/envs/emacs1/include -I/home/th798/include    -fpic  -g -O2  -c RDS_random_access.c -o RDS_random_access.o
gcc -I"/home/th798/R/R-4.3.2/include" -DNDEBUG  -I'/tmp/th798/7339935/R-4.3.2/695/library/S4Vectors/include' -I'/tmp/th798/7339935/R-4.3.2/695/library/IRanges/include' -I/home/th798/.conda/envs/emacs1/include -I/home/th798/include    -fpic  -g -O2  -c R_init_XVector.c -o R_init_XVector.o
gcc -I"/home/th798/R/R-4.3.2/include" -DNDEBUG  -I'/tmp/th798/7339935/R-4.3.2/695/library/S4Vectors/include' -I'/tmp/th798/7339935/R-4.3.2/695/library/IRanges/include' -I/home/th798/.conda/envs/emacs1/include -I/home/th798/include    -fpic  -g -O2  -c S4Vectors_stubs.c -o S4Vectors_stubs.o
gcc -I"/home/th798/R/R-4.3.2/include" -DNDEBUG  -I'/tmp/th798/7339935/R-4.3.2/695/library/S4Vectors/include' -I'/tmp/th798/7339935/R-4.3.2/695/library/IRanges/include' -I/home/th798/.conda/envs/emacs1/include -I/home/th798/include    -fpic  -g -O2  -c SharedDouble_class.c -o SharedDouble_class.o
gcc -I"/home/th798/R/R-4.3.2/include" -DNDEBUG  -I'/tmp/th798/7339935/R-4.3.2/695/library/S4Vectors/include' -I'/tmp/th798/7339935/R-4.3.2/695/library/IRanges/include' -I/home/th798/.conda/envs/emacs1/include -I/home/th798/include    -fpic  -g -O2  -c SharedInteger_class.c -o SharedInteger_class.o
gcc -I"/home/th798/R/R-4.3.2/include" -DNDEBUG  -I'/tmp/th798/7339935/R-4.3.2/695/library/S4Vectors/include' -I'/tmp/th798/7339935/R-4.3.2/695/library/IRanges/include' -I/home/th798/.conda/envs/emacs1/include -I/home/th798/include    -fpic  -g -O2  -c SharedRaw_class.c -o SharedRaw_class.o
gcc -I"/home/th798/R/R-4.3.2/include" -DNDEBUG  -I'/tmp/th798/7339935/R-4.3.2/695/library/S4Vectors/include' -I'/tmp/th798/7339935/R-4.3.2/695/library/IRanges/include' -I/home/th798/.conda/envs/emacs1/include -I/home/th798/include    -fpic  -g -O2  -c SharedVector_class.c -o SharedVector_class.o
gcc -I"/home/th798/R/R-4.3.2/include" -DNDEBUG  -I'/tmp/th798/7339935/R-4.3.2/695/library/S4Vectors/include' -I'/tmp/th798/7339935/R-4.3.2/695/library/IRanges/include' -I/home/th798/.conda/envs/emacs1/include -I/home/th798/include    -fpic  -g -O2  -c XDouble_class.c -o XDouble_class.o
gcc -I"/home/th798/R/R-4.3.2/include" -DNDEBUG  -I'/tmp/th798/7339935/R-4.3.2/695/library/S4Vectors/include' -I'/tmp/th798/7339935/R-4.3.2/695/library/IRanges/include' -I/home/th798/.conda/envs/emacs1/include -I/home/th798/include    -fpic  -g -O2  -c XInteger_class.c -o XInteger_class.o
gcc -I"/home/th798/R/R-4.3.2/include" -DNDEBUG  -I'/tmp/th798/7339935/R-4.3.2/695/library/S4Vectors/include' -I'/tmp/th798/7339935/R-4.3.2/695/library/IRanges/include' -I/home/th798/.conda/envs/emacs1/include -I/home/th798/include    -fpic  -g -O2  -c XRawList_comparison.c -o XRawList_comparison.o
gcc -I"/home/th798/R/R-4.3.2/include" -DNDEBUG  -I'/tmp/th798/7339935/R-4.3.2/695/library/S4Vectors/include' -I'/tmp/th798/7339935/R-4.3.2/695/library/IRanges/include' -I/home/th798/.conda/envs/emacs1/include -I/home/th798/include    -fpic  -g -O2  -c XRaw_class.c -o XRaw_class.o
gcc -I"/home/th798/R/R-4.3.2/include" -DNDEBUG  -I'/tmp/th798/7339935/R-4.3.2/695/library/S4Vectors/include' -I'/tmp/th798/7339935/R-4.3.2/695/library/IRanges/include' -I/home/th798/.conda/envs/emacs1/include -I/home/th798/include    -fpic  -g -O2  -c XVectorList_class.c -o XVectorList_class.o
gcc -I"/home/th798/R/R-4.3.2/include" -DNDEBUG  -I'/tmp/th798/7339935/R-4.3.2/695/library/S4Vectors/include' -I'/tmp/th798/7339935/R-4.3.2/695/library/IRanges/include' -I/home/th798/.conda/envs/emacs1/include -I/home/th798/include    -fpic  -g -O2  -c XVector_class.c -o XVector_class.o
gcc -I"/home/th798/R/R-4.3.2/include" -DNDEBUG  -I'/tmp/th798/7339935/R-4.3.2/695/library/S4Vectors/include' -I'/tmp/th798/7339935/R-4.3.2/695/library/IRanges/include' -I/home/th798/.conda/envs/emacs1/include -I/home/th798/include    -fpic  -g -O2  -c io_utils.c -o io_utils.o
gcc -I"/home/th798/R/R-4.3.2/include" -DNDEBUG  -I'/tmp/th798/7339935/R-4.3.2/695/library/S4Vectors/include' -I'/tmp/th798/7339935/R-4.3.2/695/library/IRanges/include' -I/home/th798/.conda/envs/emacs1/include -I/home/th798/include    -fpic  -g -O2  -c slice_methods.c -o slice_methods.o
gcc -I"/home/th798/R/R-4.3.2/include" -DNDEBUG  -I'/tmp/th798/7339935/R-4.3.2/695/library/S4Vectors/include' -I'/tmp/th798/7339935/R-4.3.2/695/library/IRanges/include' -I/home/th798/.conda/envs/emacs1/include -I/home/th798/include    -fpic  -g -O2  -c vector_copy.c -o vector_copy.o
gcc -I"/home/th798/R/R-4.3.2/include" -DNDEBUG  -I'/tmp/th798/7339935/R-4.3.2/695/library/S4Vectors/include' -I'/tmp/th798/7339935/R-4.3.2/695/library/IRanges/include' -I/home/th798/.conda/envs/emacs1/include -I/home/th798/include    -fpic  -g -O2  -c view_summarization_methods.c -o view_summarization_methods.o
gcc -shared -L/home/th798/.conda/envs/emacs1/lib -Wl,-rpath=/home/th798/.conda/envs/emacs1/lib -L/home/th798/lib -Wl,-rpath=/home/th798/lib -L/home/th798/lib64 -Wl,-rpath=/home/th798/lib64 -o XVector.so IRanges_stubs.o Ocopy_byteblocks.o RDS_random_access.o R_init_XVector.o S4Vectors_stubs.o SharedDouble_class.o SharedInteger_class.o SharedRaw_class.o SharedVector_class.o XDouble_class.o XInteger_class.o XRawList_comparison.o XRaw_class.o XVectorList_class.o XVector_class.o io_utils.o slice_methods.o vector_copy.o view_summarization_methods.o -lz
installing to /tmp/th798/7339935/R-4.3.2/695/library/00LOCK-XVector/00new/XVector/libs
** R
** inst
** byte-compile and prepare package for lazy loading
** help
*** installing help indices
** building package indices
** testing if installed package can be loaded from temporary location
** checking absolute paths in shared objects and dynamic libraries
** testing if installed package can be loaded from final location
** testing if installed package keeps a record of temporary installation path
* DONE (XVector)
ERROR: dependency 'GenomeInfoDbData' is not available for package 'GenomeInfoDb'
* removing '/tmp/th798/7339935/R-4.3.2/695/library/GenomeInfoDb'
* installing *source* package 'mice' ...
** package 'mice' successfully unpacked and MD5 sums checked
** using staged installation
** libs
using C++ compiler: 'g++ (GCC) 8.5.0 20210514 (Red Hat 8.5.0-20)'
g++ -std=gnu++17 -I"/home/th798/R/R-4.3.2/include" -DNDEBUG  -I'/projects/genomic-ml/R/R-4.3.2/library/cpp11/include' -I'/projects/genomic-ml/R/R-4.3.2/library/Rcpp/include' -I/home/th798/.conda/envs/emacs1/include -I/home/th798/include    -fpic  -g -O2  -c RcppExports.cpp -o RcppExports.o
g++ -std=gnu++17 -I"/home/th798/R/R-4.3.2/include" -DNDEBUG  -I'/projects/genomic-ml/R/R-4.3.2/library/cpp11/include' -I'/projects/genomic-ml/R/R-4.3.2/library/Rcpp/include' -I/home/th798/.conda/envs/emacs1/include -I/home/th798/include    -fpic  -g -O2  -c legendre.cpp -o legendre.o
g++ -std=gnu++17 -I"/home/th798/R/R-4.3.2/include" -DNDEBUG  -I'/projects/genomic-ml/R/R-4.3.2/library/cpp11/include' -I'/projects/genomic-ml/R/R-4.3.2/library/Rcpp/include' -I/home/th798/.conda/envs/emacs1/include -I/home/th798/include    -fpic  -g -O2  -c match.cpp -o match.o
g++ -std=gnu++17 -I"/home/th798/R/R-4.3.2/include" -DNDEBUG  -I'/projects/genomic-ml/R/R-4.3.2/library/cpp11/include' -I'/projects/genomic-ml/R/R-4.3.2/library/Rcpp/include' -I/home/th798/.conda/envs/emacs1/include -I/home/th798/include    -fpic  -g -O2  -c matchindex.cpp -o matchindex.o
g++ -std=gnu++17 -shared -L/home/th798/.conda/envs/emacs1/lib -Wl,-rpath=/home/th798/.conda/envs/emacs1/lib -L/home/th798/lib -Wl,-rpath=/home/th798/lib -L/home/th798/lib64 -Wl,-rpath=/home/th798/lib64 -o mice.so RcppExports.o legendre.o match.o matchindex.o
installing to /tmp/th798/7339935/R-4.3.2/695/library/00LOCK-mice/00new/mice/libs
** R
** data
*** moving datasets to lazyload DB
** inst
** byte-compile and prepare package for lazy loading
** help
*** installing help indices
** building package indices
** testing if installed package can be loaded from temporary location
** checking absolute paths in shared objects and dynamic libraries
** testing if installed package can be loaded from final location
** testing if installed package keeps a record of temporary installation path
* DONE (mice)
ERROR: dependency 'GenomeInfoDb' is not available for package 'GenomicRanges'
* removing '/tmp/th798/7339935/R-4.3.2/695/library/GenomicRanges'
ERROR: dependency 'GenomeInfoDb' is not available for package 'Biostrings'
* removing '/tmp/th798/7339935/R-4.3.2/695/library/Biostrings'
* installing *source* package 'logistf' ...
** package 'logistf' successfully unpacked and MD5 sums checked
** using staged installation
** libs
using C compiler: 'gcc (GCC) 8.5.0 20210514 (Red Hat 8.5.0-20)'
gcc -I"/home/th798/R/R-4.3.2/include" -DNDEBUG   -I/home/th798/.conda/envs/emacs1/include -I/home/th798/include    -fpic  -g -O2  -c init.c -o init.o
gcc -I"/home/th798/R/R-4.3.2/include" -DNDEBUG   -I/home/th798/.conda/envs/emacs1/include -I/home/th798/include    -fpic  -g -O2  -c logistf.c -o logistf.o
gcc -shared -L/home/th798/.conda/envs/emacs1/lib -Wl,-rpath=/home/th798/.conda/envs/emacs1/lib -L/home/th798/lib -Wl,-rpath=/home/th798/lib -L/home/th798/lib64 -Wl,-rpath=/home/th798/lib64 -o logistf.so init.o logistf.o
installing to /tmp/th798/7339935/R-4.3.2/695/library/00LOCK-logistf/00new/logistf/libs
** R
** data
*** moving datasets to lazyload DB
** byte-compile and prepare package for lazy loading
** help
*** installing help indices
** building package indices
** testing if installed package can be loaded from temporary location
** checking absolute paths in shared objects and dynamic libraries
** testing if installed package can be loaded from final location
** testing if installed package keeps a record of temporary installation path
* DONE (logistf)
ERROR: dependencies 'GenomicRanges', 'GenomeInfoDb', 'Biostrings' are not available for package 'SeqArray'
* removing '/tmp/th798/7339935/R-4.3.2/695/library/SeqArray'
ERROR: dependencies 'SeqArray', 'GenomicRanges' are not available for package 'SeqVarTools'
* removing '/tmp/th798/7339935/R-4.3.2/695/library/SeqVarTools'

The downloaded source packages are in
	'/tmp/th798/7339935/RtmpzPTo7I/downloaded_packages'
Warning messages:
1: In install.packages(rev.dep, dep = TRUE) :
  installation of package 'GenomeInfoDb' had non-zero exit status
2: In install.packages(rev.dep, dep = TRUE) :
  installation of package 'GenomicRanges' had non-zero exit status
3: In install.packages(rev.dep, dep = TRUE) :
  installation of package 'Biostrings' had non-zero exit status
4: In install.packages(rev.dep, dep = TRUE) :
  installation of package 'SeqArray' had non-zero exit status
5: In install.packages(rev.dep, dep = TRUE) :
  installation of package 'SeqVarTools' had non-zero exit status
> cat("Time to install revdep:\n")
Time to install revdep:
> print(install.time)
   user  system elapsed 
359.530  26.228 396.857 
> downloaded_packages <- file.path(
+   tempdir(),
+   "downloaded_packages")
> dl.glob <- file.path(
+   downloaded_packages,
+   paste0(rev.dep,"_*.tar.gz"))
> rev.dep.dl.row <- cbind(rev.dep, Sys.glob(dl.glob))
> colnames(rev.dep.dl.row) <- c("pkg","path")
> rev.dep.release.tar.gz <- normalizePath(rev.dep.dl.row[,"path"], mustWork=TRUE)
> pkg.Rcheck <- paste0(rev.dep, ".Rcheck")
> 
> proj.dir <- "~/genomic-ml/data.table-revdeps"
> source(file.path(proj.dir, "myStatus.R"))
> Rvers <- gsub("[()]", "", gsub(" ", "_", R.version[["version.string"]]))
> dir.create(Rvers, showWarnings=FALSE)
> Rcheck.list <- list()
> for(dt.version.short in c("release", "master")){
+   dt.tar.gz <- cargs[[dt.version.short]]
+   dt.version <- gsub(".tar.gz|/.*?_", "", dt.tar.gz)
+   install.packages(dt.tar.gz, repos=NULL)
+   check.cmd <- get_check_cmd(rev.dep.release.tar.gz)
+   system(check.cmd)
+   dest.Rcheck <- file.path(
+     Rvers,
+     paste0(dt.version, ".Rcheck"))
+   unlink(dest.Rcheck, recursive=TRUE)
+   file.rename(pkg.Rcheck, dest.Rcheck)
+   Rcheck.list[[dt.version]] <- file.path(dest.Rcheck, "00check.log")
+ }
Installing package into '/tmp/th798/7339935/R-4.3.2/695/library'
(as 'lib' is unspecified)
* installing *source* package 'data.table' ...
** package 'data.table' successfully unpacked and MD5 sums checked
** using staged installation
gcc 8.5.0
zlib 1.2.13 is available ok
R CMD SHLIB supports OpenMP without any extra hint
** libs
using C compiler: 'gcc (GCC) 8.5.0 20210514 (Red Hat 8.5.0-20)'
gcc -I"/home/th798/R/R-4.3.2/include" -DNDEBUG   -I/home/th798/.conda/envs/emacs1/include -I/home/th798/include   -fopenmp  -fpic  -g -O2  -c assign.c -o assign.o
gcc -I"/home/th798/R/R-4.3.2/include" -DNDEBUG   -I/home/th798/.conda/envs/emacs1/include -I/home/th798/include   -fopenmp  -fpic  -g -O2  -c between.c -o between.o
gcc -I"/home/th798/R/R-4.3.2/include" -DNDEBUG   -I/home/th798/.conda/envs/emacs1/include -I/home/th798/include   -fopenmp  -fpic  -g -O2  -c bmerge.c -o bmerge.o
gcc -I"/home/th798/R/R-4.3.2/include" -DNDEBUG   -I/home/th798/.conda/envs/emacs1/include -I/home/th798/include   -fopenmp  -fpic  -g -O2  -c chmatch.c -o chmatch.o
gcc -I"/home/th798/R/R-4.3.2/include" -DNDEBUG   -I/home/th798/.conda/envs/emacs1/include -I/home/th798/include   -fopenmp  -fpic  -g -O2  -c cj.c -o cj.o
gcc -I"/home/th798/R/R-4.3.2/include" -DNDEBUG   -I/home/th798/.conda/envs/emacs1/include -I/home/th798/include   -fopenmp  -fpic  -g -O2  -c coalesce.c -o coalesce.o
gcc -I"/home/th798/R/R-4.3.2/include" -DNDEBUG   -I/home/th798/.conda/envs/emacs1/include -I/home/th798/include   -fopenmp  -fpic  -g -O2  -c dogroups.c -o dogroups.o
gcc -I"/home/th798/R/R-4.3.2/include" -DNDEBUG   -I/home/th798/.conda/envs/emacs1/include -I/home/th798/include   -fopenmp  -fpic  -g -O2  -c fastmean.c -o fastmean.o
gcc -I"/home/th798/R/R-4.3.2/include" -DNDEBUG   -I/home/th798/.conda/envs/emacs1/include -I/home/th798/include   -fopenmp  -fpic  -g -O2  -c fcast.c -o fcast.o
gcc -I"/home/th798/R/R-4.3.2/include" -DNDEBUG   -I/home/th798/.conda/envs/emacs1/include -I/home/th798/include   -fopenmp  -fpic  -g -O2  -c fifelse.c -o fifelse.o
gcc -I"/home/th798/R/R-4.3.2/include" -DNDEBUG   -I/home/th798/.conda/envs/emacs1/include -I/home/th798/include   -fopenmp  -fpic  -g -O2  -c fmelt.c -o fmelt.o
gcc -I"/home/th798/R/R-4.3.2/include" -DNDEBUG   -I/home/th798/.conda/envs/emacs1/include -I/home/th798/include   -fopenmp  -fpic  -g -O2  -c forder.c -o forder.o
gcc -I"/home/th798/R/R-4.3.2/include" -DNDEBUG   -I/home/th798/.conda/envs/emacs1/include -I/home/th798/include   -fopenmp  -fpic  -g -O2  -c frank.c -o frank.o
gcc -I"/home/th798/R/R-4.3.2/include" -DNDEBUG   -I/home/th798/.conda/envs/emacs1/include -I/home/th798/include   -fopenmp  -fpic  -g -O2  -c fread.c -o fread.o
gcc -I"/home/th798/R/R-4.3.2/include" -DNDEBUG   -I/home/th798/.conda/envs/emacs1/include -I/home/th798/include   -fopenmp  -fpic  -g -O2  -c freadR.c -o freadR.o
gcc -I"/home/th798/R/R-4.3.2/include" -DNDEBUG   -I/home/th798/.conda/envs/emacs1/include -I/home/th798/include   -fopenmp  -fpic  -g -O2  -c froll.c -o froll.o
gcc -I"/home/th798/R/R-4.3.2/include" -DNDEBUG   -I/home/th798/.conda/envs/emacs1/include -I/home/th798/include   -fopenmp  -fpic  -g -O2  -c frollR.c -o frollR.o
gcc -I"/home/th798/R/R-4.3.2/include" -DNDEBUG   -I/home/th798/.conda/envs/emacs1/include -I/home/th798/include   -fopenmp  -fpic  -g -O2  -c frolladaptive.c -o frolladaptive.o
gcc -I"/home/th798/R/R-4.3.2/include" -DNDEBUG   -I/home/th798/.conda/envs/emacs1/include -I/home/th798/include   -fopenmp  -fpic  -g -O2  -c fsort.c -o fsort.o
gcc -I"/home/th798/R/R-4.3.2/include" -DNDEBUG   -I/home/th798/.conda/envs/emacs1/include -I/home/th798/include   -fopenmp  -fpic  -g -O2  -c fwrite.c -o fwrite.o
gcc -I"/home/th798/R/R-4.3.2/include" -DNDEBUG   -I/home/th798/.conda/envs/emacs1/include -I/home/th798/include   -fopenmp  -fpic  -g -O2  -c fwriteR.c -o fwriteR.o
gcc -I"/home/th798/R/R-4.3.2/include" -DNDEBUG   -I/home/th798/.conda/envs/emacs1/include -I/home/th798/include   -fopenmp  -fpic  -g -O2  -c gsumm.c -o gsumm.o
gcc -I"/home/th798/R/R-4.3.2/include" -DNDEBUG   -I/home/th798/.conda/envs/emacs1/include -I/home/th798/include   -fopenmp  -fpic  -g -O2  -c ijoin.c -o ijoin.o
gcc -I"/home/th798/R/R-4.3.2/include" -DNDEBUG   -I/home/th798/.conda/envs/emacs1/include -I/home/th798/include   -fopenmp  -fpic  -g -O2  -c init.c -o init.o
gcc -I"/home/th798/R/R-4.3.2/include" -DNDEBUG   -I/home/th798/.conda/envs/emacs1/include -I/home/th798/include   -fopenmp  -fpic  -g -O2  -c inrange.c -o inrange.o
gcc -I"/home/th798/R/R-4.3.2/include" -DNDEBUG   -I/home/th798/.conda/envs/emacs1/include -I/home/th798/include   -fopenmp  -fpic  -g -O2  -c nafill.c -o nafill.o
gcc -I"/home/th798/R/R-4.3.2/include" -DNDEBUG   -I/home/th798/.conda/envs/emacs1/include -I/home/th798/include   -fopenmp  -fpic  -g -O2  -c nqrecreateindices.c -o nqrecreateindices.o
gcc -I"/home/th798/R/R-4.3.2/include" -DNDEBUG   -I/home/th798/.conda/envs/emacs1/include -I/home/th798/include   -fopenmp  -fpic  -g -O2  -c openmp-utils.c -o openmp-utils.o
gcc -I"/home/th798/R/R-4.3.2/include" -DNDEBUG   -I/home/th798/.conda/envs/emacs1/include -I/home/th798/include   -fopenmp  -fpic  -g -O2  -c quickselect.c -o quickselect.o
gcc -I"/home/th798/R/R-4.3.2/include" -DNDEBUG   -I/home/th798/.conda/envs/emacs1/include -I/home/th798/include   -fopenmp  -fpic  -g -O2  -c rbindlist.c -o rbindlist.o
gcc -I"/home/th798/R/R-4.3.2/include" -DNDEBUG   -I/home/th798/.conda/envs/emacs1/include -I/home/th798/include   -fopenmp  -fpic  -g -O2  -c reorder.c -o reorder.o
gcc -I"/home/th798/R/R-4.3.2/include" -DNDEBUG   -I/home/th798/.conda/envs/emacs1/include -I/home/th798/include   -fopenmp  -fpic  -g -O2  -c shift.c -o shift.o
gcc -I"/home/th798/R/R-4.3.2/include" -DNDEBUG   -I/home/th798/.conda/envs/emacs1/include -I/home/th798/include   -fopenmp  -fpic  -g -O2  -c snprintf.c -o snprintf.o
gcc -I"/home/th798/R/R-4.3.2/include" -DNDEBUG   -I/home/th798/.conda/envs/emacs1/include -I/home/th798/include   -fopenmp  -fpic  -g -O2  -c subset.c -o subset.o
gcc -I"/home/th798/R/R-4.3.2/include" -DNDEBUG   -I/home/th798/.conda/envs/emacs1/include -I/home/th798/include   -fopenmp  -fpic  -g -O2  -c transpose.c -o transpose.o
gcc -I"/home/th798/R/R-4.3.2/include" -DNDEBUG   -I/home/th798/.conda/envs/emacs1/include -I/home/th798/include   -fopenmp  -fpic  -g -O2  -c types.c -o types.o
gcc -I"/home/th798/R/R-4.3.2/include" -DNDEBUG   -I/home/th798/.conda/envs/emacs1/include -I/home/th798/include   -fopenmp  -fpic  -g -O2  -c uniqlist.c -o uniqlist.o
gcc -I"/home/th798/R/R-4.3.2/include" -DNDEBUG   -I/home/th798/.conda/envs/emacs1/include -I/home/th798/include   -fopenmp  -fpic  -g -O2  -c utils.c -o utils.o
gcc -I"/home/th798/R/R-4.3.2/include" -DNDEBUG   -I/home/th798/.conda/envs/emacs1/include -I/home/th798/include   -fopenmp  -fpic  -g -O2  -c vecseq.c -o vecseq.o
gcc -I"/home/th798/R/R-4.3.2/include" -DNDEBUG   -I/home/th798/.conda/envs/emacs1/include -I/home/th798/include   -fopenmp  -fpic  -g -O2  -c wrappers.c -o wrappers.o
gcc -shared -L/home/th798/.conda/envs/emacs1/lib -Wl,-rpath=/home/th798/.conda/envs/emacs1/lib -L/home/th798/lib -Wl,-rpath=/home/th798/lib -L/home/th798/lib64 -Wl,-rpath=/home/th798/lib64 -o data.table.so assign.o between.o bmerge.o chmatch.o cj.o coalesce.o dogroups.o fastmean.o fcast.o fifelse.o fmelt.o forder.o frank.o fread.o freadR.o froll.o frollR.o frolladaptive.o fsort.o fwrite.o fwriteR.o gsumm.o ijoin.o init.o inrange.o nafill.o nqrecreateindices.o openmp-utils.o quickselect.o rbindlist.o reorder.o shift.o snprintf.o subset.o transpose.o types.o uniqlist.o utils.o vecseq.o wrappers.o -fopenmp -lz
PKG_CFLAGS = -fopenmp
PKG_LIBS = -fopenmp -lz
if [ "data.table.so" != "data_table.so" ]; then mv data.table.so data_table.so; fi
if [ "" != "Windows_NT" ] && [ `uname -s` = 'Darwin' ]; then install_name_tool -id data_table.so data_table.so; fi
installing to /tmp/th798/7339935/R-4.3.2/695/library/00LOCK-data.table/00new/data.table/libs
** R
** inst
** byte-compile and prepare package for lazy loading
** help
*** installing help indices
** building package indices
** installing vignettes
** testing if installed package can be loaded from temporary location
** checking absolute paths in shared objects and dynamic libraries
** testing if installed package can be loaded from final location
** testing if installed package keeps a record of temporary installation path
* DONE (data.table)
* using log directory '/tmp/th798/7339935/R-4.3.2/695/MAGEE.Rcheck'
* using R version 4.3.2 (2023-10-31)
* using platform: x86_64-pc-linux-gnu (64-bit)
* R was compiled by
    gcc (GCC) 8.5.0 20210514 (Red Hat 8.5.0-20)
    GNU Fortran (GCC) 8.5.0 20210514 (Red Hat 8.5.0-20)
* running under: Red Hat Enterprise Linux 8.9 (Ootpa)
* using session charset: ASCII
* checking for file 'MAGEE/DESCRIPTION' ... OK
* this is package 'MAGEE' version '1.3.2'
* package encoding: UTF-8
* checking package namespace information ... OK
* checking package dependencies ... NOTE
Packages suggested but not available for checking:
  'SeqArray', 'SeqVarTools'
* checking if this is a source package ... OK
* checking if there is a namespace ... OK
* checking for executable files ... OK
* checking for hidden files and directories ... OK
* checking for portable file names ... OK
* checking for sufficient/correct file permissions ... OK
* checking whether package 'MAGEE' can be installed ... OK
* used C compiler: 'gcc (GCC) 8.5.0 20210514 (Red Hat 8.5.0-20)'
* used C++ compiler: 'g++ (GCC) 8.5.0 20210514 (Red Hat 8.5.0-20)'
* checking installed package size ... NOTE
  installed size is 12.0Mb
  sub-directories of 1Mb or more:
    libs  10.3Mb
* checking package directory ... OK
* checking 'build' directory ... OK
* checking DESCRIPTION meta-information ... OK
* checking top-level files ... OK
* checking for left-over files ... OK
* checking index information ... OK
* checking package subdirectories ... OK
* checking R files for non-ASCII characters ... OK
* checking R files for syntax errors ... OK
* checking whether the package can be loaded ... OK
* checking whether the package can be loaded with stated dependencies ... OK
* checking whether the package can be unloaded cleanly ... OK
* checking whether the namespace can be loaded with stated dependencies ... OK
* checking whether the namespace can be unloaded cleanly ... OK
* checking loading without being on the library search path ... OK
* checking dependencies in R code ... OK
* checking S3 generic/method consistency ... OK
* checking replacement functions ... OK
* checking foreign function calls ... OK
* checking R code for possible problems ... OK
* checking Rd files ... OK
* checking Rd metadata ... OK
* checking Rd cross-references ... OK
* checking for missing documentation entries ... OK
* checking for code/documentation mismatches ... OK
* checking Rd \usage sections ... OK
* checking Rd contents ... OK
* checking for unstated dependencies in examples ... OK
* checking contents of 'data' directory ... OK
* checking data for non-ASCII characters ... OK
* checking data for ASCII and uncompressed saves ... OK
* checking line endings in shell scripts ... OK
* checking line endings in C/C++/Fortran sources/headers ... OK
* checking line endings in Makefiles ... OK
* checking compilation flags in Makevars ... OK
* checking for GNU extensions in Makefiles ... OK
* checking for portable use of $(BLAS_LIBS) and $(LAPACK_LIBS) ... OK
* checking use of PKG_*FLAGS in Makefiles ... OK
* checking compiled code ... OK
* checking sizes of PDF files under 'inst/doc' ... OK
* checking installed files from 'inst/doc' ... OK
* checking files in 'vignettes' ... OK
* checking examples ... OK
* checking for unstated dependencies in 'tests' ... OK
* checking tests ...
  Running 'testthat.R'
 OK
* checking for unstated dependencies in vignettes ... OK
* checking package vignettes in 'inst/doc' ... OK
* checking running R code from vignettes ...
  'MAGEE.Rnw' using 'UTF-8'... OK
 NONE
* checking re-building of vignette outputs ... OK
* checking PDF version of manual ... OK
* DONE

Status: 2 NOTEs
See
  '/tmp/th798/7339935/R-4.3.2/695/MAGEE.Rcheck/00check.log'
for details.


Installing package into '/tmp/th798/7339935/R-4.3.2/695/library'
(as 'lib' is unspecified)
* installing *source* package 'data.table' ...
** using staged installation
gcc 8.5.0
zlib 1.2.13 is available ok
R CMD SHLIB supports OpenMP without any extra hint
** libs
using C compiler: 'gcc (GCC) 8.5.0 20210514 (Red Hat 8.5.0-20)'
gcc -I"/home/th798/R/R-4.3.2/include" -DNDEBUG   -I/home/th798/.conda/envs/emacs1/include -I/home/th798/include   -fopenmp  -fpic  -g -O2  -c assign.c -o assign.o
gcc -I"/home/th798/R/R-4.3.2/include" -DNDEBUG   -I/home/th798/.conda/envs/emacs1/include -I/home/th798/include   -fopenmp  -fpic  -g -O2  -c between.c -o between.o
gcc -I"/home/th798/R/R-4.3.2/include" -DNDEBUG   -I/home/th798/.conda/envs/emacs1/include -I/home/th798/include   -fopenmp  -fpic  -g -O2  -c bmerge.c -o bmerge.o
gcc -I"/home/th798/R/R-4.3.2/include" -DNDEBUG   -I/home/th798/.conda/envs/emacs1/include -I/home/th798/include   -fopenmp  -fpic  -g -O2  -c chmatch.c -o chmatch.o
gcc -I"/home/th798/R/R-4.3.2/include" -DNDEBUG   -I/home/th798/.conda/envs/emacs1/include -I/home/th798/include   -fopenmp  -fpic  -g -O2  -c cj.c -o cj.o
gcc -I"/home/th798/R/R-4.3.2/include" -DNDEBUG   -I/home/th798/.conda/envs/emacs1/include -I/home/th798/include   -fopenmp  -fpic  -g -O2  -c coalesce.c -o coalesce.o
gcc -I"/home/th798/R/R-4.3.2/include" -DNDEBUG   -I/home/th798/.conda/envs/emacs1/include -I/home/th798/include   -fopenmp  -fpic  -g -O2  -c dogroups.c -o dogroups.o
gcc -I"/home/th798/R/R-4.3.2/include" -DNDEBUG   -I/home/th798/.conda/envs/emacs1/include -I/home/th798/include   -fopenmp  -fpic  -g -O2  -c fastmean.c -o fastmean.o
gcc -I"/home/th798/R/R-4.3.2/include" -DNDEBUG   -I/home/th798/.conda/envs/emacs1/include -I/home/th798/include   -fopenmp  -fpic  -g -O2  -c fcast.c -o fcast.o
gcc -I"/home/th798/R/R-4.3.2/include" -DNDEBUG   -I/home/th798/.conda/envs/emacs1/include -I/home/th798/include   -fopenmp  -fpic  -g -O2  -c fifelse.c -o fifelse.o
gcc -I"/home/th798/R/R-4.3.2/include" -DNDEBUG   -I/home/th798/.conda/envs/emacs1/include -I/home/th798/include   -fopenmp  -fpic  -g -O2  -c fmelt.c -o fmelt.o
gcc -I"/home/th798/R/R-4.3.2/include" -DNDEBUG   -I/home/th798/.conda/envs/emacs1/include -I/home/th798/include   -fopenmp  -fpic  -g -O2  -c forder.c -o forder.o
gcc -I"/home/th798/R/R-4.3.2/include" -DNDEBUG   -I/home/th798/.conda/envs/emacs1/include -I/home/th798/include   -fopenmp  -fpic  -g -O2  -c frank.c -o frank.o
gcc -I"/home/th798/R/R-4.3.2/include" -DNDEBUG   -I/home/th798/.conda/envs/emacs1/include -I/home/th798/include   -fopenmp  -fpic  -g -O2  -c fread.c -o fread.o
gcc -I"/home/th798/R/R-4.3.2/include" -DNDEBUG   -I/home/th798/.conda/envs/emacs1/include -I/home/th798/include   -fopenmp  -fpic  -g -O2  -c freadR.c -o freadR.o
gcc -I"/home/th798/R/R-4.3.2/include" -DNDEBUG   -I/home/th798/.conda/envs/emacs1/include -I/home/th798/include   -fopenmp  -fpic  -g -O2  -c froll.c -o froll.o
gcc -I"/home/th798/R/R-4.3.2/include" -DNDEBUG   -I/home/th798/.conda/envs/emacs1/include -I/home/th798/include   -fopenmp  -fpic  -g -O2  -c frollR.c -o frollR.o
gcc -I"/home/th798/R/R-4.3.2/include" -DNDEBUG   -I/home/th798/.conda/envs/emacs1/include -I/home/th798/include   -fopenmp  -fpic  -g -O2  -c frolladaptive.c -o frolladaptive.o
gcc -I"/home/th798/R/R-4.3.2/include" -DNDEBUG   -I/home/th798/.conda/envs/emacs1/include -I/home/th798/include   -fopenmp  -fpic  -g -O2  -c fsort.c -o fsort.o
gcc -I"/home/th798/R/R-4.3.2/include" -DNDEBUG   -I/home/th798/.conda/envs/emacs1/include -I/home/th798/include   -fopenmp  -fpic  -g -O2  -c fwrite.c -o fwrite.o
gcc -I"/home/th798/R/R-4.3.2/include" -DNDEBUG   -I/home/th798/.conda/envs/emacs1/include -I/home/th798/include   -fopenmp  -fpic  -g -O2  -c fwriteR.c -o fwriteR.o
gcc -I"/home/th798/R/R-4.3.2/include" -DNDEBUG   -I/home/th798/.conda/envs/emacs1/include -I/home/th798/include   -fopenmp  -fpic  -g -O2  -c gsumm.c -o gsumm.o
gcc -I"/home/th798/R/R-4.3.2/include" -DNDEBUG   -I/home/th798/.conda/envs/emacs1/include -I/home/th798/include   -fopenmp  -fpic  -g -O2  -c idatetime.c -o idatetime.o
gcc -I"/home/th798/R/R-4.3.2/include" -DNDEBUG   -I/home/th798/.conda/envs/emacs1/include -I/home/th798/include   -fopenmp  -fpic  -g -O2  -c ijoin.c -o ijoin.o
gcc -I"/home/th798/R/R-4.3.2/include" -DNDEBUG   -I/home/th798/.conda/envs/emacs1/include -I/home/th798/include   -fopenmp  -fpic  -g -O2  -c init.c -o init.o
gcc -I"/home/th798/R/R-4.3.2/include" -DNDEBUG   -I/home/th798/.conda/envs/emacs1/include -I/home/th798/include   -fopenmp  -fpic  -g -O2  -c inrange.c -o inrange.o
gcc -I"/home/th798/R/R-4.3.2/include" -DNDEBUG   -I/home/th798/.conda/envs/emacs1/include -I/home/th798/include   -fopenmp  -fpic  -g -O2  -c nafill.c -o nafill.o
gcc -I"/home/th798/R/R-4.3.2/include" -DNDEBUG   -I/home/th798/.conda/envs/emacs1/include -I/home/th798/include   -fopenmp  -fpic  -g -O2  -c negate.c -o negate.o
gcc -I"/home/th798/R/R-4.3.2/include" -DNDEBUG   -I/home/th798/.conda/envs/emacs1/include -I/home/th798/include   -fopenmp  -fpic  -g -O2  -c nqrecreateindices.c -o nqrecreateindices.o
gcc -I"/home/th798/R/R-4.3.2/include" -DNDEBUG   -I/home/th798/.conda/envs/emacs1/include -I/home/th798/include   -fopenmp  -fpic  -g -O2  -c openmp-utils.c -o openmp-utils.o
gcc -I"/home/th798/R/R-4.3.2/include" -DNDEBUG   -I/home/th798/.conda/envs/emacs1/include -I/home/th798/include   -fopenmp  -fpic  -g -O2  -c programming.c -o programming.o
gcc -I"/home/th798/R/R-4.3.2/include" -DNDEBUG   -I/home/th798/.conda/envs/emacs1/include -I/home/th798/include   -fopenmp  -fpic  -g -O2  -c quickselect.c -o quickselect.o
gcc -I"/home/th798/R/R-4.3.2/include" -DNDEBUG   -I/home/th798/.conda/envs/emacs1/include -I/home/th798/include   -fopenmp  -fpic  -g -O2  -c rbindlist.c -o rbindlist.o
gcc -I"/home/th798/R/R-4.3.2/include" -DNDEBUG   -I/home/th798/.conda/envs/emacs1/include -I/home/th798/include   -fopenmp  -fpic  -g -O2  -c reorder.c -o reorder.o
gcc -I"/home/th798/R/R-4.3.2/include" -DNDEBUG   -I/home/th798/.conda/envs/emacs1/include -I/home/th798/include   -fopenmp  -fpic  -g -O2  -c shift.c -o shift.o
gcc -I"/home/th798/R/R-4.3.2/include" -DNDEBUG   -I/home/th798/.conda/envs/emacs1/include -I/home/th798/include   -fopenmp  -fpic  -g -O2  -c snprintf.c -o snprintf.o
gcc -I"/home/th798/R/R-4.3.2/include" -DNDEBUG   -I/home/th798/.conda/envs/emacs1/include -I/home/th798/include   -fopenmp  -fpic  -g -O2  -c subset.c -o subset.o
gcc -I"/home/th798/R/R-4.3.2/include" -DNDEBUG   -I/home/th798/.conda/envs/emacs1/include -I/home/th798/include   -fopenmp  -fpic  -g -O2  -c transpose.c -o transpose.o
gcc -I"/home/th798/R/R-4.3.2/include" -DNDEBUG   -I/home/th798/.conda/envs/emacs1/include -I/home/th798/include   -fopenmp  -fpic  -g -O2  -c types.c -o types.o
gcc -I"/home/th798/R/R-4.3.2/include" -DNDEBUG   -I/home/th798/.conda/envs/emacs1/include -I/home/th798/include   -fopenmp  -fpic  -g -O2  -c uniqlist.c -o uniqlist.o
gcc -I"/home/th798/R/R-4.3.2/include" -DNDEBUG   -I/home/th798/.conda/envs/emacs1/include -I/home/th798/include   -fopenmp  -fpic  -g -O2  -c utils.c -o utils.o
gcc -I"/home/th798/R/R-4.3.2/include" -DNDEBUG   -I/home/th798/.conda/envs/emacs1/include -I/home/th798/include   -fopenmp  -fpic  -g -O2  -c vecseq.c -o vecseq.o
gcc -I"/home/th798/R/R-4.3.2/include" -DNDEBUG   -I/home/th798/.conda/envs/emacs1/include -I/home/th798/include   -fopenmp  -fpic  -g -O2  -c wrappers.c -o wrappers.o
gcc -shared -L/home/th798/.conda/envs/emacs1/lib -Wl,-rpath=/home/th798/.conda/envs/emacs1/lib -L/home/th798/lib -Wl,-rpath=/home/th798/lib -L/home/th798/lib64 -Wl,-rpath=/home/th798/lib64 -o data.table.so assign.o between.o bmerge.o chmatch.o cj.o coalesce.o dogroups.o fastmean.o fcast.o fifelse.o fmelt.o forder.o frank.o fread.o freadR.o froll.o frollR.o frolladaptive.o fsort.o fwrite.o fwriteR.o gsumm.o idatetime.o ijoin.o init.o inrange.o nafill.o negate.o nqrecreateindices.o openmp-utils.o programming.o quickselect.o rbindlist.o reorder.o shift.o snprintf.o subset.o transpose.o types.o uniqlist.o utils.o vecseq.o wrappers.o -fopenmp -lz
PKG_CFLAGS = -fopenmp
PKG_LIBS = -fopenmp -lz
if [ "data.table.so" != "data_table.so" ]; then mv data.table.so data_table.so; fi
if [ "" != "Windows_NT" ] && [ `uname -s` = 'Darwin' ]; then install_name_tool -id data_table.so data_table.so; fi
installing to /tmp/th798/7339935/R-4.3.2/695/library/00LOCK-data.table/00new/data.table/libs
** R
** inst
** byte-compile and prepare package for lazy loading
** help
*** installing help indices
** building package indices
** installing vignettes
** testing if installed package can be loaded from temporary location
** checking absolute paths in shared objects and dynamic libraries
** testing if installed package can be loaded from final location
** testing if installed package keeps a record of temporary installation path
* DONE (data.table)
* using log directory '/tmp/th798/7339935/R-4.3.2/695/MAGEE.Rcheck'
* using R version 4.3.2 (2023-10-31)
* using platform: x86_64-pc-linux-gnu (64-bit)
* R was compiled by
    gcc (GCC) 8.5.0 20210514 (Red Hat 8.5.0-20)
    GNU Fortran (GCC) 8.5.0 20210514 (Red Hat 8.5.0-20)
* running under: Red Hat Enterprise Linux 8.9 (Ootpa)
* using session charset: ASCII
* checking for file 'MAGEE/DESCRIPTION' ... OK
* this is package 'MAGEE' version '1.3.2'
* package encoding: UTF-8
* checking package namespace information ... OK
* checking package dependencies ... NOTE
Packages suggested but not available for checking:
  'SeqArray', 'SeqVarTools'
* checking if this is a source package ... OK
* checking if there is a namespace ... OK
* checking for executable files ... OK
* checking for hidden files and directories ... OK
* checking for portable file names ... OK
* checking for sufficient/correct file permissions ... OK
* checking whether package 'MAGEE' can be installed ... OK
* used C compiler: 'gcc (GCC) 8.5.0 20210514 (Red Hat 8.5.0-20)'
* used C++ compiler: 'g++ (GCC) 8.5.0 20210514 (Red Hat 8.5.0-20)'
* checking installed package size ... NOTE
  installed size is 12.0Mb
  sub-directories of 1Mb or more:
    libs  10.3Mb
* checking package directory ... OK
* checking 'build' directory ... OK
* checking DESCRIPTION meta-information ... OK
* checking top-level files ... OK
* checking for left-over files ... OK
* checking index information ... OK
* checking package subdirectories ... OK
* checking R files for non-ASCII characters ... OK
* checking R files for syntax errors ... OK
* checking whether the package can be loaded ... OK
* checking whether the package can be loaded with stated dependencies ... OK
* checking whether the package can be unloaded cleanly ... OK
* checking whether the namespace can be loaded with stated dependencies ... OK
* checking whether the namespace can be unloaded cleanly ... OK
* checking loading without being on the library search path ... OK
* checking dependencies in R code ... OK
* checking S3 generic/method consistency ... OK
* checking replacement functions ... OK
* checking foreign function calls ... OK
* checking R code for possible problems ... OK
* checking Rd files ... OK
* checking Rd metadata ... OK
* checking Rd cross-references ... OK
* checking for missing documentation entries ... OK
* checking for code/documentation mismatches ... OK
* checking Rd \usage sections ... OK
* checking Rd contents ... OK
* checking for unstated dependencies in examples ... OK
* checking contents of 'data' directory ... OK
* checking data for non-ASCII characters ... OK
* checking data for ASCII and uncompressed saves ... OK
* checking line endings in shell scripts ... OK
* checking line endings in C/C++/Fortran sources/headers ... OK
* checking line endings in Makefiles ... OK
* checking compilation flags in Makevars ... OK
* checking for GNU extensions in Makefiles ... OK
* checking for portable use of $(BLAS_LIBS) and $(LAPACK_LIBS) ... OK
* checking use of PKG_*FLAGS in Makefiles ... OK
* checking compiled code ... OK
* checking sizes of PDF files under 'inst/doc' ... OK
* checking installed files from 'inst/doc' ... OK
* checking files in 'vignettes' ... OK
* checking examples ... OK
* checking for unstated dependencies in 'tests' ... OK
* checking tests ...
  Running 'testthat.R'
 OK
* checking for unstated dependencies in vignettes ... OK
* checking package vignettes in 'inst/doc' ... OK
* checking running R code from vignettes ...
  'MAGEE.Rnw' using 'UTF-8'... OK
 NONE
* checking re-building of vignette outputs ... OK
* checking PDF version of manual ... OK
* DONE

Status: 2 NOTEs
See
  '/tmp/th798/7339935/R-4.3.2/695/MAGEE.Rcheck/00check.log'
for details.


> system(paste(c("diff -u", Rcheck.list), collapse=" "))
> library(data.table, lib.loc=R.home("library"))
> (sig.diff.dt <- myDiff(Rvers))
Empty data.table (0 rows and 3 cols): checking,master,release
> 
> ## If there are significant differences, use git bisect to find when
> ## they started.
> if(nrow(sig.diff.dt)){
+   dt.git <- file.path(task.dir, "data.table.git")
+   system(paste("git clone ~/R/data.table", dt.git))
+   release.tag <- gsub(".tar.gz|.*_", "", cargs[["release"]])
+   rev.parse.cmd <- paste(
+     "cd", dt.git, "&& git rev-parse master")
+   master.sha <- system(rev.parse.cmd, intern=TRUE)
+   merge.base.cmd <- paste(
+     "cd", dt.git, "&& git merge-base master", release.tag)
+   merge.base.sha <- system(merge.base.cmd, intern=TRUE)
+   old.sha <- merge.base.sha
+   run_R <- file.path(proj.dir, "install_dt_then_check_dep.R")
+   sig.diff.dt[, first.bad.commit := NA_character_]
+   sig.diff.dt[, comments := NA_character_]
+   for(diff.i in 1:nrow(sig.diff.dt)){
+     sig.diff.row <- sig.diff.dt[diff.i]
+     bisect.cmd <- paste(
+       "cd", dt.git, "&&",
+       "git bisect start &&",
+       "git bisect old", old.sha, "&&",
+       "git bisect new master &&",
+       "git bisect run",
+       R.home('bin/Rscript'),
+       run_R,
+       shQuote(sig.diff.row$checking),
+       sig.diff.row$release,
+       rev.dep.release.tar.gz,
+       release.tag)
+     print(bisect.cmd)
+     bisect.out <- system(bisect.cmd, intern=TRUE)
+     cat(bisect.out,sep="\n")
+     first.bad.sha <- nc::capture_all_str(
+       bisect.out,
+       sha="[0-9a-f]+",
+       " is the first new commit")$sha
+     parent.cmd <- paste(
+       "cd ~/R/data.table && git log --pretty=%P -n 1",
+       first.bad.sha)
+     parent.sha <- system(parent.cmd, intern=TRUE)
+     sig.diff.dt[diff.i, first.bad.commit := first.bad.sha]
+     parent.msg <- paste0("parent=", parent.sha)
+     this.comment <- if(parent.sha==old.sha){
+       paste(parent.msg, "same as git bisect old")
+     }else if(first.bad.sha==master.sha){
+       paste("same as git bisect new=master,", parent.msg)
+     }else{
+       parent.msg
+     }
+     sig.diff.dt[diff.i, comments := this.comment]
+   }
+   ## add CRAN column.
+   sig.diff.dt[, CRAN := {
+     flavor <- get_flavor(Rvers)
+     details <- data.table(flavor=unique(flavor))[, {
+       base <- "https://www.r-project.org/nosvn/R.check/"
+       u <- paste0(base, flavor, "/", rev.dep, "-00check.txt")
+       check.txt <- tempfile()
+       tryCatch({
+         download.file(u, check.txt, quiet=TRUE)
+       }, error=function(e){
+         NULL
+       })
+       check.lines <- if(file.exists(check.txt)){
+         readLines(check.txt,encoding="UTF-8")
+       }else{
+         ""
+       }
+       repl.lines <- gsub("[\u2018\u2019]", "'", check.lines)
+       ##gsub("[‘’]", "'", check.lines) does not work with LC_ALL=C.
+       myStatus(line.vec=repl.lines)
+     }, by=flavor]
+     select.dt <- data.table(flavor, checking)
+     details[select.dt, msg, on=.(flavor, checking)]
+   }]
+   dir.create(file.path(job.dir, Rvers))
+   diffs.csv <- file.path(job.dir, Rvers, "significant_differences.csv")
+   data.table::fwrite(sig.diff.dt, diffs.csv)
+   print(sig.diff.dt)
+ }
> 
