
Note: the module "R" cannot be unloaded because it was not loaded.

WARNING: ignoring environment value of R_HOME

R Under development (unstable) (2024-01-20 r85814) -- "Unsuffered Consequences"
Copyright (C) 2024 The R Foundation for Statistical Computing
Platform: x86_64-pc-linux-gnu

R is free software and comes with ABSOLUTELY NO WARRANTY.
You are welcome to redistribute it under certain conditions.
Type 'license()' or 'licence()' for distribution details.

R is a collaborative project with many contributors.
Type 'contributors()' for more information and
'citation()' on how to cite R or R packages in publications.

Type 'demo()' for some demos, 'help()' for on-line help, or
'help.start()' for an HTML browser interface to help.
Type 'q()' to quit R.

> cargs <- commandArgs(trailingOnly=TRUE)
> if(length(cargs)==0){
+   cargs <- c(
+     "/scratch/th798/data.table-revdeps/2023-06-27/deps.csv",
+     "1294",
+     "/scratch/th798/data.table-revdeps/2023-06-27/data.table_release_1.14.8.tar.gz",
+     "/scratch/th798/data.table-revdeps/2023-06-27/data.table_master_1.14.9.88039186915028ab3c93ccfd8e22c0d1c3534b1a.tar.gz"
+ )
+ }
> names(cargs) <- c("deps.csv", "task.str", "release", "master")
> dput(cargs)
c(deps.csv = "/scratch/th798/data.table-revdeps/2024-01-22/deps.csv", 
task.str = "762", release = "/scratch/th798/data.table-revdeps/2024-01-22/data.table_release_1.14.10.tar.gz", 
master = "/scratch/th798/data.table-revdeps/2024-01-22/data.table_master_1.14.99.cde7333938a590a3cddbda1b02103650e2f55d15.tar.gz"
)
> task.dir <- dirname(.libPaths()[1])
> if(requireNamespace("R.cache"))R.cache::getCachePath()
Loading required namespace: R.cache
[1] "/tmp/th798/7340002/R-devel/762/R.cache"
> task.id <- as.integer(cargs[["task.str"]])
> deps.df <- read.csv(cargs[["deps.csv"]])
> (rev.dep <- deps.df$Package[task.id])
[1] "mlr3tuning"
> job.dir <- file.path(dirname(cargs[["deps.csv"]]), "tasks", task.id)
> setwd(task.dir)
> .libPaths()
[1] "/tmp/th798/7340002/R-devel/762/library"
[2] "/projects/genomic-ml/R/R-devel/library"
> options(repos=c(
+   "http://www.bioconductor.org/packages/release/bioc",
+   CRAN="http://cloud.r-project.org"))
> 
> install.time <- system.time({
+   install.packages(rev.dep, dep=TRUE)
+ })
Installing package into '/tmp/th798/7340002/R-devel/762/library'
(as 'lib' is unspecified)
also installing the dependencies 'PRROC', 'mlbench', 'mlr3measures', 'palmerpenguins', 'mlr3', 'paradox', 'bbotk', 'mlr3misc', 'adagio', 'GenSA', 'irace', 'mlr3learners', 'mlr3pipelines'

trying URL 'http://cloud.r-project.org/src/contrib/PRROC_1.3.1.tar.gz'
Content type 'application/x-gzip' length 335708 bytes (327 KB)
==================================================
downloaded 327 KB

trying URL 'http://cloud.r-project.org/src/contrib/mlbench_2.1-3.1.tar.gz'
Content type 'application/x-gzip' length 922128 bytes (900 KB)
==================================================
downloaded 900 KB

trying URL 'http://cloud.r-project.org/src/contrib/mlr3measures_0.5.0.tar.gz'
Content type 'application/x-gzip' length 41055 bytes (40 KB)
==================================================
downloaded 40 KB

trying URL 'http://cloud.r-project.org/src/contrib/palmerpenguins_0.1.1.tar.gz'
Content type 'application/x-gzip' length 2995960 bytes (2.9 MB)
==================================================
downloaded 2.9 MB

trying URL 'http://cloud.r-project.org/src/contrib/mlr3_0.17.2.tar.gz'
Content type 'application/x-gzip' length 511596 bytes (499 KB)
==================================================
downloaded 499 KB

trying URL 'http://cloud.r-project.org/src/contrib/paradox_0.11.1.tar.gz'
Content type 'application/x-gzip' length 78234 bytes (76 KB)
==================================================
downloaded 76 KB

trying URL 'http://cloud.r-project.org/src/contrib/bbotk_0.7.3.tar.gz'
Content type 'application/x-gzip' length 108782 bytes (106 KB)
==================================================
downloaded 106 KB

trying URL 'http://cloud.r-project.org/src/contrib/mlr3misc_0.13.0.tar.gz'
Content type 'application/x-gzip' length 88180 bytes (86 KB)
==================================================
downloaded 86 KB

trying URL 'http://cloud.r-project.org/src/contrib/adagio_0.9.2.tar.gz'
Content type 'application/x-gzip' length 41031 bytes (40 KB)
==================================================
downloaded 40 KB

trying URL 'http://cloud.r-project.org/src/contrib/GenSA_1.1.12.tar.gz'
Content type 'application/x-gzip' length 50597 bytes (49 KB)
==================================================
downloaded 49 KB

trying URL 'http://cloud.r-project.org/src/contrib/irace_3.5.tar.gz'
Content type 'application/x-gzip' length 1243337 bytes (1.2 MB)
==================================================
downloaded 1.2 MB

trying URL 'http://cloud.r-project.org/src/contrib/mlr3learners_0.5.8.tar.gz'
Content type 'application/x-gzip' length 57908 bytes (56 KB)
==================================================
downloaded 56 KB

trying URL 'http://cloud.r-project.org/src/contrib/mlr3pipelines_0.5.0-2.tar.gz'
Content type 'application/x-gzip' length 347572 bytes (339 KB)
==================================================
downloaded 339 KB

trying URL 'http://cloud.r-project.org/src/contrib/mlr3tuning_0.19.2.tar.gz'
Content type 'application/x-gzip' length 88303 bytes (86 KB)
==================================================
downloaded 86 KB

* installing *source* package 'PRROC' ...
** package 'PRROC' successfully unpacked and MD5 sums checked
** using staged installation
** R
** inst
** byte-compile and prepare package for lazy loading
** help
*** installing help indices
** building package indices
** installing vignettes
** testing if installed package can be loaded from temporary location
** testing if installed package can be loaded from final location
** testing if installed package keeps a record of temporary installation path
* DONE (PRROC)
* installing *source* package 'mlbench' ...
** package 'mlbench' successfully unpacked and MD5 sums checked
** using staged installation
** libs
using C compiler: 'gcc (GCC) 8.5.0 20210514 (Red Hat 8.5.0-20)'
gcc -I"/home/th798/R/R-devel/include" -DNDEBUG   -I/home/th798/.conda/envs/emacs1/include -I/home/th798/include    -fpic  -g -O2  -c init.c -o init.o
gcc -I"/home/th798/R/R-devel/include" -DNDEBUG   -I/home/th798/.conda/envs/emacs1/include -I/home/th798/include    -fpic  -g -O2  -c waveform.c -o waveform.o
gcc -shared -L/home/th798/.conda/envs/emacs1/lib -Wl,-rpath=/home/th798/.conda/envs/emacs1/lib -L/home/th798/lib -Wl,-rpath=/home/th798/lib -L/home/th798/lib64 -Wl,-rpath=/home/th798/lib64 -o mlbench.so init.o waveform.o
installing to /tmp/th798/7340002/R-devel/762/library/00LOCK-mlbench/00new/mlbench/libs
** R
** data
** inst
** byte-compile and prepare package for lazy loading
** help
*** installing help indices
** building package indices
** testing if installed package can be loaded from temporary location
** checking absolute paths in shared objects and dynamic libraries
** testing if installed package can be loaded from final location
** testing if installed package keeps a record of temporary installation path
* DONE (mlbench)
* installing *source* package 'palmerpenguins' ...
** package 'palmerpenguins' successfully unpacked and MD5 sums checked
** using staged installation
** R
** data
*** moving datasets to lazyload DB
** inst
** byte-compile and prepare package for lazy loading
** help
*** installing help indices
*** copying figures
** building package indices
** testing if installed package can be loaded from temporary location
** testing if installed package can be loaded from final location
** testing if installed package keeps a record of temporary installation path
* DONE (palmerpenguins)
* installing *source* package 'mlr3misc' ...
** package 'mlr3misc' successfully unpacked and MD5 sums checked
** using staged installation
** libs
using C compiler: 'gcc (GCC) 8.5.0 20210514 (Red Hat 8.5.0-20)'
gcc -I"/home/th798/R/R-devel/include" -DNDEBUG   -I/home/th798/.conda/envs/emacs1/include -I/home/th798/include    -fpic  -g -O2  -c count_missing.c -o count_missing.o
gcc -I"/home/th798/R/R-devel/include" -DNDEBUG   -I/home/th798/.conda/envs/emacs1/include -I/home/th798/include    -fpic  -g -O2  -c init.c -o init.o
gcc -I"/home/th798/R/R-devel/include" -DNDEBUG   -I/home/th798/.conda/envs/emacs1/include -I/home/th798/include    -fpic  -g -O2  -c keep_in_bounds.c -o keep_in_bounds.o
gcc -I"/home/th798/R/R-devel/include" -DNDEBUG   -I/home/th798/.conda/envs/emacs1/include -I/home/th798/include    -fpic  -g -O2  -c to_decimal.c -o to_decimal.o
gcc -I"/home/th798/R/R-devel/include" -DNDEBUG   -I/home/th798/.conda/envs/emacs1/include -I/home/th798/include    -fpic  -g -O2  -c which_max.c -o which_max.o
gcc -shared -L/home/th798/.conda/envs/emacs1/lib -Wl,-rpath=/home/th798/.conda/envs/emacs1/lib -L/home/th798/lib -Wl,-rpath=/home/th798/lib -L/home/th798/lib64 -Wl,-rpath=/home/th798/lib64 -o mlr3misc.so count_missing.o init.o keep_in_bounds.o to_decimal.o which_max.o
installing to /tmp/th798/7340002/R-devel/762/library/00LOCK-mlr3misc/00new/mlr3misc/libs
** R
** byte-compile and prepare package for lazy loading
** help
*** installing help indices
*** copying figures
** building package indices
** testing if installed package can be loaded from temporary location
** checking absolute paths in shared objects and dynamic libraries
** testing if installed package can be loaded from final location
** testing if installed package keeps a record of temporary installation path
* DONE (mlr3misc)
* installing *source* package 'adagio' ...
** package 'adagio' successfully unpacked and MD5 sums checked
** using staged installation
** R
** byte-compile and prepare package for lazy loading
** help
*** installing help indices
** building package indices
** testing if installed package can be loaded from temporary location
** testing if installed package can be loaded from final location
** testing if installed package keeps a record of temporary installation path
* DONE (adagio)
* installing *source* package 'GenSA' ...
** package 'GenSA' successfully unpacked and MD5 sums checked
** using staged installation
** libs
using C compiler: 'gcc (GCC) 8.5.0 20210514 (Red Hat 8.5.0-20)'
using C++ compiler: 'g++ (GCC) 8.5.0 20210514 (Red Hat 8.5.0-20)'
g++ -std=gnu++17 -I"/home/th798/R/R-devel/include" -DNDEBUG   -I/home/th798/.conda/envs/emacs1/include -I/home/th798/include    -fpic  -g -O2  -c Caller.cpp -o Caller.o
g++ -std=gnu++17 -I"/home/th798/R/R-devel/include" -DNDEBUG   -I/home/th798/.conda/envs/emacs1/include -I/home/th798/include    -fpic  -g -O2  -c Engine.cpp -o Engine.o
In file included from Utils.h:18,
                 from Engine.cpp:10:
/home/th798/R/R-devel/include/Rmath.h:210:15: error: 'std::Rf_beta' has not been declared
 #define beta  Rf_beta
               ^~~~~~~
make: *** [/home/th798/R/R-devel/etc/Makeconf:200: Engine.o] Error 1
ERROR: compilation failed for package 'GenSA'
* removing '/tmp/th798/7340002/R-devel/762/library/GenSA'
* installing *source* package 'irace' ...
** package 'irace' successfully unpacked and MD5 sums checked
** using staged installation
** libs
gcc -I"/home/th798/R/R-devel/include" -DNDEBUG   -I/home/th798/.conda/envs/emacs1/include -I/home/th798/include    -fpic  -g -O2  -c iracebin/irace.c -o iracebin/irace.o
gcc  -g -O2  iracebin/irace.o -o iracebin/irace
gcc -I"/home/th798/R/R-devel/include" -DNDEBUG   -I/home/th798/.conda/envs/emacs1/include -I/home/th798/include    -fpic  -g -O2  -c iracebin/ablation.c -o iracebin/ablation.o
gcc  -g -O2  iracebin/ablation.o -o iracebin/ablation
installing via 'install.libs.R' to /tmp/th798/7340002/R-devel/762/library/00LOCK-irace/00new/irace
** R
** inst
** byte-compile and prepare package for lazy loading
** help
*** installing help indices
** building package indices
** installing vignettes
** testing if installed package can be loaded from temporary location
** testing if installed package can be loaded from final location
** testing if installed package keeps a record of temporary installation path
* DONE (irace)
* installing *source* package 'mlr3measures' ...
** package 'mlr3measures' successfully unpacked and MD5 sums checked
** using staged installation
** R
** byte-compile and prepare package for lazy loading
** help
*** installing help indices
** building package indices
** testing if installed package can be loaded from temporary location
** testing if installed package can be loaded from final location
** testing if installed package keeps a record of temporary installation path
* DONE (mlr3measures)
* installing *source* package 'paradox' ...
** package 'paradox' successfully unpacked and MD5 sums checked
** using staged installation
** R
** byte-compile and prepare package for lazy loading
** help
*** installing help indices
** building package indices
** testing if installed package can be loaded from temporary location
** testing if installed package can be loaded from final location
** testing if installed package keeps a record of temporary installation path
* DONE (paradox)
* installing *source* package 'mlr3' ...
** package 'mlr3' successfully unpacked and MD5 sums checked
** using staged installation
** R
** inst
** byte-compile and prepare package for lazy loading
** help
*** installing help indices
*** copying figures
** building package indices
** testing if installed package can be loaded from temporary location
** testing if installed package can be loaded from final location
** testing if installed package keeps a record of temporary installation path
* DONE (mlr3)
* installing *source* package 'bbotk' ...
** package 'bbotk' successfully unpacked and MD5 sums checked
** using staged installation
** libs
using C compiler: 'gcc (GCC) 8.5.0 20210514 (Red Hat 8.5.0-20)'
gcc -I"/home/th798/R/R-devel/include" -DNDEBUG   -I/home/th798/.conda/envs/emacs1/include -I/home/th798/include    -fpic  -g -O2  -c init.c -o init.o
gcc -I"/home/th798/R/R-devel/include" -DNDEBUG   -I/home/th798/.conda/envs/emacs1/include -I/home/th798/include    -fpic  -g -O2  -c is_dominated.c -o is_dominated.o
gcc -shared -L/home/th798/.conda/envs/emacs1/lib -Wl,-rpath=/home/th798/.conda/envs/emacs1/lib -L/home/th798/lib -Wl,-rpath=/home/th798/lib -L/home/th798/lib64 -Wl,-rpath=/home/th798/lib64 -o bbotk.so init.o is_dominated.o
installing to /tmp/th798/7340002/R-devel/762/library/00LOCK-bbotk/00new/bbotk/libs
** R
** inst
** byte-compile and prepare package for lazy loading
** help
*** installing help indices
** building package indices
** installing vignettes
** testing if installed package can be loaded from temporary location
** checking absolute paths in shared objects and dynamic libraries
** testing if installed package can be loaded from final location
** testing if installed package keeps a record of temporary installation path
* DONE (bbotk)
* installing *source* package 'mlr3learners' ...
** package 'mlr3learners' successfully unpacked and MD5 sums checked
** using staged installation
** R
** inst
** byte-compile and prepare package for lazy loading
** help
*** installing help indices
*** copying figures
** building package indices
** testing if installed package can be loaded from temporary location
** testing if installed package can be loaded from final location
** testing if installed package keeps a record of temporary installation path
* DONE (mlr3learners)
* installing *source* package 'mlr3pipelines' ...
** package 'mlr3pipelines' successfully unpacked and MD5 sums checked
** using staged installation
** R
** inst
** byte-compile and prepare package for lazy loading
** help
*** installing help indices
*** copying figures
** building package indices
** installing vignettes
** testing if installed package can be loaded from temporary location
** testing if installed package can be loaded from final location
** testing if installed package keeps a record of temporary installation path
* DONE (mlr3pipelines)
* installing *source* package 'mlr3tuning' ...
** package 'mlr3tuning' successfully unpacked and MD5 sums checked
** using staged installation
** R
** inst
** byte-compile and prepare package for lazy loading
** help
*** installing help indices
** building package indices
** installing vignettes
** testing if installed package can be loaded from temporary location
** testing if installed package can be loaded from final location
** testing if installed package keeps a record of temporary installation path
* DONE (mlr3tuning)

The downloaded source packages are in
	'/tmp/th798/7340002/RtmpsYVv3j/downloaded_packages'
Warning message:
In install.packages(rev.dep, dep = TRUE) :
  installation of package 'GenSA' had non-zero exit status
> cat("Time to install revdep:\n")
Time to install revdep:
> print(install.time)
   user  system elapsed 
 63.906   4.154  75.084 
> downloaded_packages <- file.path(
+   tempdir(),
+   "downloaded_packages")
> dl.glob <- file.path(
+   downloaded_packages,
+   paste0(rev.dep,"_*.tar.gz"))
> rev.dep.dl.row <- cbind(rev.dep, Sys.glob(dl.glob))
> colnames(rev.dep.dl.row) <- c("pkg","path")
> rev.dep.release.tar.gz <- normalizePath(rev.dep.dl.row[,"path"], mustWork=TRUE)
> pkg.Rcheck <- paste0(rev.dep, ".Rcheck")
> 
> proj.dir <- "~/genomic-ml/data.table-revdeps"
> source(file.path(proj.dir, "myStatus.R"))
> Rvers <- gsub("[()]", "", gsub(" ", "_", R.version[["version.string"]]))
> dir.create(Rvers, showWarnings=FALSE)
> Rcheck.list <- list()
> for(dt.version.short in c("release", "master")){
+   dt.tar.gz <- cargs[[dt.version.short]]
+   dt.version <- gsub(".tar.gz|/.*?_", "", dt.tar.gz)
+   install.packages(dt.tar.gz, repos=NULL)
+   check.cmd <- get_check_cmd(rev.dep.release.tar.gz)
+   system(check.cmd)
+   dest.Rcheck <- file.path(
+     Rvers,
+     paste0(dt.version, ".Rcheck"))
+   unlink(dest.Rcheck, recursive=TRUE)
+   file.rename(pkg.Rcheck, dest.Rcheck)
+   Rcheck.list[[dt.version]] <- file.path(dest.Rcheck, "00check.log")
+ }
Installing package into '/tmp/th798/7340002/R-devel/762/library'
(as 'lib' is unspecified)
* installing *source* package 'data.table' ...
** package 'data.table' successfully unpacked and MD5 sums checked
** using staged installation
gcc 8.5.0
zlib 1.2.13 is available ok
R CMD SHLIB supports OpenMP without any extra hint
** libs
using C compiler: 'gcc (GCC) 8.5.0 20210514 (Red Hat 8.5.0-20)'
gcc -I"/home/th798/R/R-devel/include" -DNDEBUG   -I/home/th798/.conda/envs/emacs1/include -I/home/th798/include   -fopenmp  -fpic  -g -O2  -c assign.c -o assign.o
gcc -I"/home/th798/R/R-devel/include" -DNDEBUG   -I/home/th798/.conda/envs/emacs1/include -I/home/th798/include   -fopenmp  -fpic  -g -O2  -c between.c -o between.o
gcc -I"/home/th798/R/R-devel/include" -DNDEBUG   -I/home/th798/.conda/envs/emacs1/include -I/home/th798/include   -fopenmp  -fpic  -g -O2  -c bmerge.c -o bmerge.o
gcc -I"/home/th798/R/R-devel/include" -DNDEBUG   -I/home/th798/.conda/envs/emacs1/include -I/home/th798/include   -fopenmp  -fpic  -g -O2  -c chmatch.c -o chmatch.o
gcc -I"/home/th798/R/R-devel/include" -DNDEBUG   -I/home/th798/.conda/envs/emacs1/include -I/home/th798/include   -fopenmp  -fpic  -g -O2  -c cj.c -o cj.o
gcc -I"/home/th798/R/R-devel/include" -DNDEBUG   -I/home/th798/.conda/envs/emacs1/include -I/home/th798/include   -fopenmp  -fpic  -g -O2  -c coalesce.c -o coalesce.o
gcc -I"/home/th798/R/R-devel/include" -DNDEBUG   -I/home/th798/.conda/envs/emacs1/include -I/home/th798/include   -fopenmp  -fpic  -g -O2  -c dogroups.c -o dogroups.o
gcc -I"/home/th798/R/R-devel/include" -DNDEBUG   -I/home/th798/.conda/envs/emacs1/include -I/home/th798/include   -fopenmp  -fpic  -g -O2  -c fastmean.c -o fastmean.o
gcc -I"/home/th798/R/R-devel/include" -DNDEBUG   -I/home/th798/.conda/envs/emacs1/include -I/home/th798/include   -fopenmp  -fpic  -g -O2  -c fcast.c -o fcast.o
gcc -I"/home/th798/R/R-devel/include" -DNDEBUG   -I/home/th798/.conda/envs/emacs1/include -I/home/th798/include   -fopenmp  -fpic  -g -O2  -c fifelse.c -o fifelse.o
gcc -I"/home/th798/R/R-devel/include" -DNDEBUG   -I/home/th798/.conda/envs/emacs1/include -I/home/th798/include   -fopenmp  -fpic  -g -O2  -c fmelt.c -o fmelt.o
gcc -I"/home/th798/R/R-devel/include" -DNDEBUG   -I/home/th798/.conda/envs/emacs1/include -I/home/th798/include   -fopenmp  -fpic  -g -O2  -c forder.c -o forder.o
gcc -I"/home/th798/R/R-devel/include" -DNDEBUG   -I/home/th798/.conda/envs/emacs1/include -I/home/th798/include   -fopenmp  -fpic  -g -O2  -c frank.c -o frank.o
gcc -I"/home/th798/R/R-devel/include" -DNDEBUG   -I/home/th798/.conda/envs/emacs1/include -I/home/th798/include   -fopenmp  -fpic  -g -O2  -c fread.c -o fread.o
gcc -I"/home/th798/R/R-devel/include" -DNDEBUG   -I/home/th798/.conda/envs/emacs1/include -I/home/th798/include   -fopenmp  -fpic  -g -O2  -c freadR.c -o freadR.o
gcc -I"/home/th798/R/R-devel/include" -DNDEBUG   -I/home/th798/.conda/envs/emacs1/include -I/home/th798/include   -fopenmp  -fpic  -g -O2  -c froll.c -o froll.o
gcc -I"/home/th798/R/R-devel/include" -DNDEBUG   -I/home/th798/.conda/envs/emacs1/include -I/home/th798/include   -fopenmp  -fpic  -g -O2  -c frollR.c -o frollR.o
gcc -I"/home/th798/R/R-devel/include" -DNDEBUG   -I/home/th798/.conda/envs/emacs1/include -I/home/th798/include   -fopenmp  -fpic  -g -O2  -c frolladaptive.c -o frolladaptive.o
gcc -I"/home/th798/R/R-devel/include" -DNDEBUG   -I/home/th798/.conda/envs/emacs1/include -I/home/th798/include   -fopenmp  -fpic  -g -O2  -c fsort.c -o fsort.o
gcc -I"/home/th798/R/R-devel/include" -DNDEBUG   -I/home/th798/.conda/envs/emacs1/include -I/home/th798/include   -fopenmp  -fpic  -g -O2  -c fwrite.c -o fwrite.o
gcc -I"/home/th798/R/R-devel/include" -DNDEBUG   -I/home/th798/.conda/envs/emacs1/include -I/home/th798/include   -fopenmp  -fpic  -g -O2  -c fwriteR.c -o fwriteR.o
gcc -I"/home/th798/R/R-devel/include" -DNDEBUG   -I/home/th798/.conda/envs/emacs1/include -I/home/th798/include   -fopenmp  -fpic  -g -O2  -c gsumm.c -o gsumm.o
gcc -I"/home/th798/R/R-devel/include" -DNDEBUG   -I/home/th798/.conda/envs/emacs1/include -I/home/th798/include   -fopenmp  -fpic  -g -O2  -c ijoin.c -o ijoin.o
gcc -I"/home/th798/R/R-devel/include" -DNDEBUG   -I/home/th798/.conda/envs/emacs1/include -I/home/th798/include   -fopenmp  -fpic  -g -O2  -c init.c -o init.o
gcc -I"/home/th798/R/R-devel/include" -DNDEBUG   -I/home/th798/.conda/envs/emacs1/include -I/home/th798/include   -fopenmp  -fpic  -g -O2  -c inrange.c -o inrange.o
gcc -I"/home/th798/R/R-devel/include" -DNDEBUG   -I/home/th798/.conda/envs/emacs1/include -I/home/th798/include   -fopenmp  -fpic  -g -O2  -c nafill.c -o nafill.o
gcc -I"/home/th798/R/R-devel/include" -DNDEBUG   -I/home/th798/.conda/envs/emacs1/include -I/home/th798/include   -fopenmp  -fpic  -g -O2  -c nqrecreateindices.c -o nqrecreateindices.o
gcc -I"/home/th798/R/R-devel/include" -DNDEBUG   -I/home/th798/.conda/envs/emacs1/include -I/home/th798/include   -fopenmp  -fpic  -g -O2  -c openmp-utils.c -o openmp-utils.o
gcc -I"/home/th798/R/R-devel/include" -DNDEBUG   -I/home/th798/.conda/envs/emacs1/include -I/home/th798/include   -fopenmp  -fpic  -g -O2  -c quickselect.c -o quickselect.o
gcc -I"/home/th798/R/R-devel/include" -DNDEBUG   -I/home/th798/.conda/envs/emacs1/include -I/home/th798/include   -fopenmp  -fpic  -g -O2  -c rbindlist.c -o rbindlist.o
gcc -I"/home/th798/R/R-devel/include" -DNDEBUG   -I/home/th798/.conda/envs/emacs1/include -I/home/th798/include   -fopenmp  -fpic  -g -O2  -c reorder.c -o reorder.o
gcc -I"/home/th798/R/R-devel/include" -DNDEBUG   -I/home/th798/.conda/envs/emacs1/include -I/home/th798/include   -fopenmp  -fpic  -g -O2  -c shift.c -o shift.o
gcc -I"/home/th798/R/R-devel/include" -DNDEBUG   -I/home/th798/.conda/envs/emacs1/include -I/home/th798/include   -fopenmp  -fpic  -g -O2  -c snprintf.c -o snprintf.o
gcc -I"/home/th798/R/R-devel/include" -DNDEBUG   -I/home/th798/.conda/envs/emacs1/include -I/home/th798/include   -fopenmp  -fpic  -g -O2  -c subset.c -o subset.o
gcc -I"/home/th798/R/R-devel/include" -DNDEBUG   -I/home/th798/.conda/envs/emacs1/include -I/home/th798/include   -fopenmp  -fpic  -g -O2  -c transpose.c -o transpose.o
gcc -I"/home/th798/R/R-devel/include" -DNDEBUG   -I/home/th798/.conda/envs/emacs1/include -I/home/th798/include   -fopenmp  -fpic  -g -O2  -c types.c -o types.o
gcc -I"/home/th798/R/R-devel/include" -DNDEBUG   -I/home/th798/.conda/envs/emacs1/include -I/home/th798/include   -fopenmp  -fpic  -g -O2  -c uniqlist.c -o uniqlist.o
gcc -I"/home/th798/R/R-devel/include" -DNDEBUG   -I/home/th798/.conda/envs/emacs1/include -I/home/th798/include   -fopenmp  -fpic  -g -O2  -c utils.c -o utils.o
gcc -I"/home/th798/R/R-devel/include" -DNDEBUG   -I/home/th798/.conda/envs/emacs1/include -I/home/th798/include   -fopenmp  -fpic  -g -O2  -c vecseq.c -o vecseq.o
gcc -I"/home/th798/R/R-devel/include" -DNDEBUG   -I/home/th798/.conda/envs/emacs1/include -I/home/th798/include   -fopenmp  -fpic  -g -O2  -c wrappers.c -o wrappers.o
gcc -shared -L/home/th798/.conda/envs/emacs1/lib -Wl,-rpath=/home/th798/.conda/envs/emacs1/lib -L/home/th798/lib -Wl,-rpath=/home/th798/lib -L/home/th798/lib64 -Wl,-rpath=/home/th798/lib64 -o data.table.so assign.o between.o bmerge.o chmatch.o cj.o coalesce.o dogroups.o fastmean.o fcast.o fifelse.o fmelt.o forder.o frank.o fread.o freadR.o froll.o frollR.o frolladaptive.o fsort.o fwrite.o fwriteR.o gsumm.o ijoin.o init.o inrange.o nafill.o nqrecreateindices.o openmp-utils.o quickselect.o rbindlist.o reorder.o shift.o snprintf.o subset.o transpose.o types.o uniqlist.o utils.o vecseq.o wrappers.o -fopenmp -lz
PKG_CFLAGS = -fopenmp
PKG_LIBS = -fopenmp -lz
if [ "data.table.so" != "data_table.so" ]; then mv data.table.so data_table.so; fi
if [ "" != "Windows_NT" ] && [ `uname -s` = 'Darwin' ]; then install_name_tool -id data_table.so data_table.so; fi
installing to /tmp/th798/7340002/R-devel/762/library/00LOCK-data.table/00new/data.table/libs
** R
** inst
** byte-compile and prepare package for lazy loading
** help
*** installing help indices
** building package indices
** installing vignettes
** testing if installed package can be loaded from temporary location
** checking absolute paths in shared objects and dynamic libraries
** testing if installed package can be loaded from final location
** testing if installed package keeps a record of temporary installation path
* DONE (data.table)
* using log directory '/tmp/th798/7340002/R-devel/762/mlr3tuning.Rcheck'
* using R Under development (unstable) (2024-01-20 r85814)
* using platform: x86_64-pc-linux-gnu
* R was compiled by
    gcc (GCC) 8.5.0 20210514 (Red Hat 8.5.0-20)
    GNU Fortran (GCC) 8.5.0 20210514 (Red Hat 8.5.0-20)
* running under: Red Hat Enterprise Linux 8.9 (Ootpa)
* using session charset: ASCII
* checking for file 'mlr3tuning/DESCRIPTION' ... OK
* this is package 'mlr3tuning' version '0.19.2'
* package encoding: UTF-8
* checking package namespace information ... OK
* checking package dependencies ... NOTE
Package suggested but not available for checking: 'GenSA'
* checking if this is a source package ... OK
* checking if there is a namespace ... OK
* checking for executable files ... OK
* checking for hidden files and directories ... OK
* checking for portable file names ... OK
* checking for sufficient/correct file permissions ... OK
* checking whether package 'mlr3tuning' can be installed ... OK
* checking installed package size ... OK
* checking package directory ... OK
* checking 'build' directory ... OK
* checking DESCRIPTION meta-information ... OK
* checking top-level files ... OK
* checking for left-over files ... OK
* checking index information ... OK
* checking package subdirectories ... OK
* checking R files for non-ASCII characters ... OK
* checking R files for syntax errors ... OK
* checking whether the package can be loaded ... OK
* checking whether the package can be loaded with stated dependencies ... OK
* checking whether the package can be unloaded cleanly ... OK
* checking whether the namespace can be loaded with stated dependencies ... OK
* checking whether the namespace can be unloaded cleanly ... OK
* checking loading without being on the library search path ... OK
* checking whether startup messages can be suppressed ... OK
* checking dependencies in R code ... OK
* checking S3 generic/method consistency ... OK
* checking replacement functions ... OK
* checking foreign function calls ... OK
* checking R code for possible problems ... OK
* checking Rd files ... OK
* checking Rd metadata ... OK
* checking Rd cross-references ... NOTE
Package unavailable to check Rd xrefs: 'GenSA'
* checking for missing documentation entries ... OK
* checking for code/documentation mismatches ... OK
* checking Rd \usage sections ... OK
* checking Rd contents ... OK
* checking for unstated dependencies in examples ... OK
* checking installed files from 'inst/doc' ... OK
* checking files in 'vignettes' ... OK
* checking examples ... ERROR
Running examples in 'mlr3tuning-Ex.R' failed
The error most likely occurred in:

> ### Name: mlr_tuners_gensa
> ### Title: Hyperparameter Tuning with Generalized Simulated Annealing
> ### Aliases: mlr_tuners_gensa TunerGenSA
> 
> ### ** Examples
> 
> # Hyperparameter Optimization
> 
> # load learner and set search space
> learner = lrn("classif.rpart",
+   cp = to_tune(1e-04, 1e-1, logscale = TRUE)
+ )
> 
> # run hyperparameter tuning on the Palmer Penguins data set
> instance = tune(
+   tuner = tnr("gensa"),
+   task = tsk("penguins"),
+   learner = learner,
+   resampling = rsmp("holdout"),
+   measure = msr("classif.ce"),
+   term_evals = 10
+ )
Warning: Package 'GenSA' required but not installed for Optimizer '<OptimizerGenSA>'
Warning: Package 'GenSA' required but not installed for Tuner '<TunerGenSA>'
Error: The following packages could not be loaded: GenSA
Execution halted
* checking for unstated dependencies in 'tests' ... OK
* checking tests ...
  Running 'testthat.R'
 OK
* checking for unstated dependencies in vignettes ... OK
* checking package vignettes ... OK
* checking re-building of vignette outputs ... OK
* checking PDF version of manual ... OK
* DONE

Status: 1 ERROR, 2 NOTEs
See
  '/tmp/th798/7340002/R-devel/762/mlr3tuning.Rcheck/00check.log'
for details.

Installing package into '/tmp/th798/7340002/R-devel/762/library'
(as 'lib' is unspecified)
* installing *source* package 'data.table' ...
** using staged installation
gcc 8.5.0
zlib 1.2.13 is available ok
R CMD SHLIB supports OpenMP without any extra hint
** libs
using C compiler: 'gcc (GCC) 8.5.0 20210514 (Red Hat 8.5.0-20)'
gcc -I"/home/th798/R/R-devel/include" -DNDEBUG   -I/home/th798/.conda/envs/emacs1/include -I/home/th798/include   -fopenmp  -fpic  -g -O2  -c assign.c -o assign.o
gcc -I"/home/th798/R/R-devel/include" -DNDEBUG   -I/home/th798/.conda/envs/emacs1/include -I/home/th798/include   -fopenmp  -fpic  -g -O2  -c between.c -o between.o
gcc -I"/home/th798/R/R-devel/include" -DNDEBUG   -I/home/th798/.conda/envs/emacs1/include -I/home/th798/include   -fopenmp  -fpic  -g -O2  -c bmerge.c -o bmerge.o
gcc -I"/home/th798/R/R-devel/include" -DNDEBUG   -I/home/th798/.conda/envs/emacs1/include -I/home/th798/include   -fopenmp  -fpic  -g -O2  -c chmatch.c -o chmatch.o
gcc -I"/home/th798/R/R-devel/include" -DNDEBUG   -I/home/th798/.conda/envs/emacs1/include -I/home/th798/include   -fopenmp  -fpic  -g -O2  -c cj.c -o cj.o
gcc -I"/home/th798/R/R-devel/include" -DNDEBUG   -I/home/th798/.conda/envs/emacs1/include -I/home/th798/include   -fopenmp  -fpic  -g -O2  -c coalesce.c -o coalesce.o
gcc -I"/home/th798/R/R-devel/include" -DNDEBUG   -I/home/th798/.conda/envs/emacs1/include -I/home/th798/include   -fopenmp  -fpic  -g -O2  -c dogroups.c -o dogroups.o
gcc -I"/home/th798/R/R-devel/include" -DNDEBUG   -I/home/th798/.conda/envs/emacs1/include -I/home/th798/include   -fopenmp  -fpic  -g -O2  -c fastmean.c -o fastmean.o
gcc -I"/home/th798/R/R-devel/include" -DNDEBUG   -I/home/th798/.conda/envs/emacs1/include -I/home/th798/include   -fopenmp  -fpic  -g -O2  -c fcast.c -o fcast.o
gcc -I"/home/th798/R/R-devel/include" -DNDEBUG   -I/home/th798/.conda/envs/emacs1/include -I/home/th798/include   -fopenmp  -fpic  -g -O2  -c fifelse.c -o fifelse.o
gcc -I"/home/th798/R/R-devel/include" -DNDEBUG   -I/home/th798/.conda/envs/emacs1/include -I/home/th798/include   -fopenmp  -fpic  -g -O2  -c fmelt.c -o fmelt.o
gcc -I"/home/th798/R/R-devel/include" -DNDEBUG   -I/home/th798/.conda/envs/emacs1/include -I/home/th798/include   -fopenmp  -fpic  -g -O2  -c forder.c -o forder.o
gcc -I"/home/th798/R/R-devel/include" -DNDEBUG   -I/home/th798/.conda/envs/emacs1/include -I/home/th798/include   -fopenmp  -fpic  -g -O2  -c frank.c -o frank.o
gcc -I"/home/th798/R/R-devel/include" -DNDEBUG   -I/home/th798/.conda/envs/emacs1/include -I/home/th798/include   -fopenmp  -fpic  -g -O2  -c fread.c -o fread.o
gcc -I"/home/th798/R/R-devel/include" -DNDEBUG   -I/home/th798/.conda/envs/emacs1/include -I/home/th798/include   -fopenmp  -fpic  -g -O2  -c freadR.c -o freadR.o
gcc -I"/home/th798/R/R-devel/include" -DNDEBUG   -I/home/th798/.conda/envs/emacs1/include -I/home/th798/include   -fopenmp  -fpic  -g -O2  -c froll.c -o froll.o
gcc -I"/home/th798/R/R-devel/include" -DNDEBUG   -I/home/th798/.conda/envs/emacs1/include -I/home/th798/include   -fopenmp  -fpic  -g -O2  -c frollR.c -o frollR.o
gcc -I"/home/th798/R/R-devel/include" -DNDEBUG   -I/home/th798/.conda/envs/emacs1/include -I/home/th798/include   -fopenmp  -fpic  -g -O2  -c frolladaptive.c -o frolladaptive.o
gcc -I"/home/th798/R/R-devel/include" -DNDEBUG   -I/home/th798/.conda/envs/emacs1/include -I/home/th798/include   -fopenmp  -fpic  -g -O2  -c fsort.c -o fsort.o
gcc -I"/home/th798/R/R-devel/include" -DNDEBUG   -I/home/th798/.conda/envs/emacs1/include -I/home/th798/include   -fopenmp  -fpic  -g -O2  -c fwrite.c -o fwrite.o
gcc -I"/home/th798/R/R-devel/include" -DNDEBUG   -I/home/th798/.conda/envs/emacs1/include -I/home/th798/include   -fopenmp  -fpic  -g -O2  -c fwriteR.c -o fwriteR.o
gcc -I"/home/th798/R/R-devel/include" -DNDEBUG   -I/home/th798/.conda/envs/emacs1/include -I/home/th798/include   -fopenmp  -fpic  -g -O2  -c gsumm.c -o gsumm.o
gcc -I"/home/th798/R/R-devel/include" -DNDEBUG   -I/home/th798/.conda/envs/emacs1/include -I/home/th798/include   -fopenmp  -fpic  -g -O2  -c idatetime.c -o idatetime.o
gcc -I"/home/th798/R/R-devel/include" -DNDEBUG   -I/home/th798/.conda/envs/emacs1/include -I/home/th798/include   -fopenmp  -fpic  -g -O2  -c ijoin.c -o ijoin.o
gcc -I"/home/th798/R/R-devel/include" -DNDEBUG   -I/home/th798/.conda/envs/emacs1/include -I/home/th798/include   -fopenmp  -fpic  -g -O2  -c init.c -o init.o
gcc -I"/home/th798/R/R-devel/include" -DNDEBUG   -I/home/th798/.conda/envs/emacs1/include -I/home/th798/include   -fopenmp  -fpic  -g -O2  -c inrange.c -o inrange.o
gcc -I"/home/th798/R/R-devel/include" -DNDEBUG   -I/home/th798/.conda/envs/emacs1/include -I/home/th798/include   -fopenmp  -fpic  -g -O2  -c nafill.c -o nafill.o
gcc -I"/home/th798/R/R-devel/include" -DNDEBUG   -I/home/th798/.conda/envs/emacs1/include -I/home/th798/include   -fopenmp  -fpic  -g -O2  -c negate.c -o negate.o
gcc -I"/home/th798/R/R-devel/include" -DNDEBUG   -I/home/th798/.conda/envs/emacs1/include -I/home/th798/include   -fopenmp  -fpic  -g -O2  -c nqrecreateindices.c -o nqrecreateindices.o
gcc -I"/home/th798/R/R-devel/include" -DNDEBUG   -I/home/th798/.conda/envs/emacs1/include -I/home/th798/include   -fopenmp  -fpic  -g -O2  -c openmp-utils.c -o openmp-utils.o
gcc -I"/home/th798/R/R-devel/include" -DNDEBUG   -I/home/th798/.conda/envs/emacs1/include -I/home/th798/include   -fopenmp  -fpic  -g -O2  -c programming.c -o programming.o
gcc -I"/home/th798/R/R-devel/include" -DNDEBUG   -I/home/th798/.conda/envs/emacs1/include -I/home/th798/include   -fopenmp  -fpic  -g -O2  -c quickselect.c -o quickselect.o
gcc -I"/home/th798/R/R-devel/include" -DNDEBUG   -I/home/th798/.conda/envs/emacs1/include -I/home/th798/include   -fopenmp  -fpic  -g -O2  -c rbindlist.c -o rbindlist.o
gcc -I"/home/th798/R/R-devel/include" -DNDEBUG   -I/home/th798/.conda/envs/emacs1/include -I/home/th798/include   -fopenmp  -fpic  -g -O2  -c reorder.c -o reorder.o
gcc -I"/home/th798/R/R-devel/include" -DNDEBUG   -I/home/th798/.conda/envs/emacs1/include -I/home/th798/include   -fopenmp  -fpic  -g -O2  -c shift.c -o shift.o
gcc -I"/home/th798/R/R-devel/include" -DNDEBUG   -I/home/th798/.conda/envs/emacs1/include -I/home/th798/include   -fopenmp  -fpic  -g -O2  -c snprintf.c -o snprintf.o
gcc -I"/home/th798/R/R-devel/include" -DNDEBUG   -I/home/th798/.conda/envs/emacs1/include -I/home/th798/include   -fopenmp  -fpic  -g -O2  -c subset.c -o subset.o
gcc -I"/home/th798/R/R-devel/include" -DNDEBUG   -I/home/th798/.conda/envs/emacs1/include -I/home/th798/include   -fopenmp  -fpic  -g -O2  -c transpose.c -o transpose.o
gcc -I"/home/th798/R/R-devel/include" -DNDEBUG   -I/home/th798/.conda/envs/emacs1/include -I/home/th798/include   -fopenmp  -fpic  -g -O2  -c types.c -o types.o
gcc -I"/home/th798/R/R-devel/include" -DNDEBUG   -I/home/th798/.conda/envs/emacs1/include -I/home/th798/include   -fopenmp  -fpic  -g -O2  -c uniqlist.c -o uniqlist.o
gcc -I"/home/th798/R/R-devel/include" -DNDEBUG   -I/home/th798/.conda/envs/emacs1/include -I/home/th798/include   -fopenmp  -fpic  -g -O2  -c utils.c -o utils.o
gcc -I"/home/th798/R/R-devel/include" -DNDEBUG   -I/home/th798/.conda/envs/emacs1/include -I/home/th798/include   -fopenmp  -fpic  -g -O2  -c vecseq.c -o vecseq.o
gcc -I"/home/th798/R/R-devel/include" -DNDEBUG   -I/home/th798/.conda/envs/emacs1/include -I/home/th798/include   -fopenmp  -fpic  -g -O2  -c wrappers.c -o wrappers.o
gcc -shared -L/home/th798/.conda/envs/emacs1/lib -Wl,-rpath=/home/th798/.conda/envs/emacs1/lib -L/home/th798/lib -Wl,-rpath=/home/th798/lib -L/home/th798/lib64 -Wl,-rpath=/home/th798/lib64 -o data.table.so assign.o between.o bmerge.o chmatch.o cj.o coalesce.o dogroups.o fastmean.o fcast.o fifelse.o fmelt.o forder.o frank.o fread.o freadR.o froll.o frollR.o frolladaptive.o fsort.o fwrite.o fwriteR.o gsumm.o idatetime.o ijoin.o init.o inrange.o nafill.o negate.o nqrecreateindices.o openmp-utils.o programming.o quickselect.o rbindlist.o reorder.o shift.o snprintf.o subset.o transpose.o types.o uniqlist.o utils.o vecseq.o wrappers.o -fopenmp -lz
PKG_CFLAGS = -fopenmp
PKG_LIBS = -fopenmp -lz
if [ "data.table.so" != "data_table.so" ]; then mv data.table.so data_table.so; fi
if [ "" != "Windows_NT" ] && [ `uname -s` = 'Darwin' ]; then install_name_tool -id data_table.so data_table.so; fi
installing to /tmp/th798/7340002/R-devel/762/library/00LOCK-data.table/00new/data.table/libs
** R
** inst
** byte-compile and prepare package for lazy loading
** help
*** installing help indices
** building package indices
** installing vignettes
** testing if installed package can be loaded from temporary location
** checking absolute paths in shared objects and dynamic libraries
** testing if installed package can be loaded from final location
** testing if installed package keeps a record of temporary installation path
* DONE (data.table)
* using log directory '/tmp/th798/7340002/R-devel/762/mlr3tuning.Rcheck'
* using R Under development (unstable) (2024-01-20 r85814)
* using platform: x86_64-pc-linux-gnu
* R was compiled by
    gcc (GCC) 8.5.0 20210514 (Red Hat 8.5.0-20)
    GNU Fortran (GCC) 8.5.0 20210514 (Red Hat 8.5.0-20)
* running under: Red Hat Enterprise Linux 8.9 (Ootpa)
* using session charset: ASCII
* checking for file 'mlr3tuning/DESCRIPTION' ... OK
* this is package 'mlr3tuning' version '0.19.2'
* package encoding: UTF-8
* checking package namespace information ... OK
* checking package dependencies ... NOTE
Package suggested but not available for checking: 'GenSA'
* checking if this is a source package ... OK
* checking if there is a namespace ... OK
* checking for executable files ... OK
* checking for hidden files and directories ... OK
* checking for portable file names ... OK
* checking for sufficient/correct file permissions ... OK
* checking whether package 'mlr3tuning' can be installed ... OK
* checking installed package size ... OK
* checking package directory ... OK
* checking 'build' directory ... OK
* checking DESCRIPTION meta-information ... OK
* checking top-level files ... OK
* checking for left-over files ... OK
* checking index information ... OK
* checking package subdirectories ... OK
* checking R files for non-ASCII characters ... OK
* checking R files for syntax errors ... OK
* checking whether the package can be loaded ... OK
* checking whether the package can be loaded with stated dependencies ... OK
* checking whether the package can be unloaded cleanly ... OK
* checking whether the namespace can be loaded with stated dependencies ... OK
* checking whether the namespace can be unloaded cleanly ... OK
* checking loading without being on the library search path ... OK
* checking whether startup messages can be suppressed ... OK
* checking dependencies in R code ... OK
* checking S3 generic/method consistency ... OK
* checking replacement functions ... OK
* checking foreign function calls ... OK
* checking R code for possible problems ... OK
* checking Rd files ... OK
* checking Rd metadata ... OK
* checking Rd cross-references ... NOTE
Package unavailable to check Rd xrefs: 'GenSA'
* checking for missing documentation entries ... OK
* checking for code/documentation mismatches ... OK
* checking Rd \usage sections ... OK
* checking Rd contents ... OK
* checking for unstated dependencies in examples ... OK
* checking installed files from 'inst/doc' ... OK
* checking files in 'vignettes' ... OK
* checking examples ... ERROR
Running examples in 'mlr3tuning-Ex.R' failed
The error most likely occurred in:

> ### Name: mlr_tuners_gensa
> ### Title: Hyperparameter Tuning with Generalized Simulated Annealing
> ### Aliases: mlr_tuners_gensa TunerGenSA
> 
> ### ** Examples
> 
> # Hyperparameter Optimization
> 
> # load learner and set search space
> learner = lrn("classif.rpart",
+   cp = to_tune(1e-04, 1e-1, logscale = TRUE)
+ )
> 
> # run hyperparameter tuning on the Palmer Penguins data set
> instance = tune(
+   tuner = tnr("gensa"),
+   task = tsk("penguins"),
+   learner = learner,
+   resampling = rsmp("holdout"),
+   measure = msr("classif.ce"),
+   term_evals = 10
+ )
Warning: Package 'GenSA' required but not installed for Optimizer '<OptimizerGenSA>'
Warning: Package 'GenSA' required but not installed for Tuner '<TunerGenSA>'
Error: The following packages could not be loaded: GenSA
Execution halted
* checking for unstated dependencies in 'tests' ... OK
* checking tests ...
  Running 'testthat.R'
 OK
* checking for unstated dependencies in vignettes ... OK
* checking package vignettes ... OK
* checking re-building of vignette outputs ... OK
* checking PDF version of manual ... OK
* DONE

Status: 1 ERROR, 2 NOTEs
See
  '/tmp/th798/7340002/R-devel/762/mlr3tuning.Rcheck/00check.log'
for details.

> system(paste(c("diff -u", Rcheck.list), collapse=" "))
> library(data.table, lib.loc=R.home("library"))
> (sig.diff.dt <- myDiff(Rvers))
Empty data.table (0 rows and 3 cols): checking,master,release
> 
> ## If there are significant differences, use git bisect to find when
> ## they started.
> if(nrow(sig.diff.dt)){
+   dt.git <- file.path(task.dir, "data.table.git")
+   system(paste("git clone ~/R/data.table", dt.git))
+   release.tag <- gsub(".tar.gz|.*_", "", cargs[["release"]])
+   rev.parse.cmd <- paste(
+     "cd", dt.git, "&& git rev-parse master")
+   master.sha <- system(rev.parse.cmd, intern=TRUE)
+   merge.base.cmd <- paste(
+     "cd", dt.git, "&& git merge-base master", release.tag)
+   merge.base.sha <- system(merge.base.cmd, intern=TRUE)
+   old.sha <- merge.base.sha
+   run_R <- file.path(proj.dir, "install_dt_then_check_dep.R")
+   sig.diff.dt[, first.bad.commit := NA_character_]
+   sig.diff.dt[, comments := NA_character_]
+   for(diff.i in 1:nrow(sig.diff.dt)){
+     sig.diff.row <- sig.diff.dt[diff.i]
+     bisect.cmd <- paste(
+       "cd", dt.git, "&&",
+       "git bisect start &&",
+       "git bisect old", old.sha, "&&",
+       "git bisect new master &&",
+       "git bisect run",
+       R.home('bin/Rscript'),
+       run_R,
+       shQuote(sig.diff.row$checking),
+       sig.diff.row$release,
+       rev.dep.release.tar.gz,
+       release.tag)
+     print(bisect.cmd)
+     bisect.out <- system(bisect.cmd, intern=TRUE)
+     cat(bisect.out,sep="\n")
+     first.bad.sha <- nc::capture_all_str(
+       bisect.out,
+       sha="[0-9a-f]+",
+       " is the first new commit")$sha
+     parent.cmd <- paste(
+       "cd ~/R/data.table && git log --pretty=%P -n 1",
+       first.bad.sha)
+     parent.sha <- system(parent.cmd, intern=TRUE)
+     sig.diff.dt[diff.i, first.bad.commit := first.bad.sha]
+     parent.msg <- paste0("parent=", parent.sha)
+     this.comment <- if(parent.sha==old.sha){
+       paste(parent.msg, "same as git bisect old")
+     }else if(first.bad.sha==master.sha){
+       paste("same as git bisect new=master,", parent.msg)
+     }else{
+       parent.msg
+     }
+     sig.diff.dt[diff.i, comments := this.comment]
+   }
+   ## add CRAN column.
+   sig.diff.dt[, CRAN := {
+     flavor <- get_flavor(Rvers)
+     details <- data.table(flavor=unique(flavor))[, {
+       base <- "https://www.r-project.org/nosvn/R.check/"
+       u <- paste0(base, flavor, "/", rev.dep, "-00check.txt")
+       check.txt <- tempfile()
+       tryCatch({
+         download.file(u, check.txt, quiet=TRUE)
+       }, error=function(e){
+         NULL
+       })
+       check.lines <- if(file.exists(check.txt)){
+         readLines(check.txt,encoding="UTF-8")
+       }else{
+         ""
+       }
+       repl.lines <- gsub("[\u2018\u2019]", "'", check.lines)
+       ##gsub("[‘’]", "'", check.lines) does not work with LC_ALL=C.
+       myStatus(line.vec=repl.lines)
+     }, by=flavor]
+     select.dt <- data.table(flavor, checking)
+     details[select.dt, msg, on=.(flavor, checking)]
+   }]
+   dir.create(file.path(job.dir, Rvers))
+   diffs.csv <- file.path(job.dir, Rvers, "significant_differences.csv")
+   data.table::fwrite(sig.diff.dt, diffs.csv)
+   print(sig.diff.dt)
+ }
> 
WARNING: ignoring environment value of R_HOME

R version 4.3.2 (2023-10-31) -- "Eye Holes"
Copyright (C) 2023 The R Foundation for Statistical Computing
Platform: x86_64-pc-linux-gnu (64-bit)

R is free software and comes with ABSOLUTELY NO WARRANTY.
You are welcome to redistribute it under certain conditions.
Type 'license()' or 'licence()' for distribution details.

R is a collaborative project with many contributors.
Type 'contributors()' for more information and
'citation()' on how to cite R or R packages in publications.

Type 'demo()' for some demos, 'help()' for on-line help, or
'help.start()' for an HTML browser interface to help.
Type 'q()' to quit R.

> cargs <- commandArgs(trailingOnly=TRUE)
> if(length(cargs)==0){
+   cargs <- c(
+     "/scratch/th798/data.table-revdeps/2023-06-27/deps.csv",
+     "1294",
+     "/scratch/th798/data.table-revdeps/2023-06-27/data.table_release_1.14.8.tar.gz",
+     "/scratch/th798/data.table-revdeps/2023-06-27/data.table_master_1.14.9.88039186915028ab3c93ccfd8e22c0d1c3534b1a.tar.gz"
+ )
+ }
> names(cargs) <- c("deps.csv", "task.str", "release", "master")
> dput(cargs)
c(deps.csv = "/scratch/th798/data.table-revdeps/2024-01-22/deps.csv", 
task.str = "762", release = "/scratch/th798/data.table-revdeps/2024-01-22/data.table_release_1.14.10.tar.gz", 
master = "/scratch/th798/data.table-revdeps/2024-01-22/data.table_master_1.14.99.cde7333938a590a3cddbda1b02103650e2f55d15.tar.gz"
)
> task.dir <- dirname(.libPaths()[1])
> if(requireNamespace("R.cache"))R.cache::getCachePath()
Loading required namespace: R.cache
[1] "/tmp/th798/7340002/R-4.3.2/762/R.cache"
> task.id <- as.integer(cargs[["task.str"]])
> deps.df <- read.csv(cargs[["deps.csv"]])
> (rev.dep <- deps.df$Package[task.id])
[1] "mlr3tuning"
> job.dir <- file.path(dirname(cargs[["deps.csv"]]), "tasks", task.id)
> setwd(task.dir)
> .libPaths()
[1] "/tmp/th798/7340002/R-4.3.2/762/library"
[2] "/projects/genomic-ml/R/R-4.3.2/library"
> options(repos=c(
+   "http://www.bioconductor.org/packages/release/bioc",
+   CRAN="http://cloud.r-project.org"))
> 
> install.time <- system.time({
+   install.packages(rev.dep, dep=TRUE)
+ })
Installing package into '/tmp/th798/7340002/R-4.3.2/762/library'
(as 'lib' is unspecified)
also installing the dependencies 'PRROC', 'mlbench', 'mlr3measures', 'palmerpenguins', 'RhpcBLASctl', 'lpSolve', 'mlr3', 'paradox', 'bbotk', 'lgr', 'mlr3misc', 'adagio', 'GenSA', 'irace', 'mlr3learners', 'mlr3pipelines', 'xgboost'

trying URL 'http://cloud.r-project.org/src/contrib/PRROC_1.3.1.tar.gz'
Content type 'application/x-gzip' length 335708 bytes (327 KB)
==================================================
downloaded 327 KB

trying URL 'http://cloud.r-project.org/src/contrib/mlbench_2.1-3.1.tar.gz'
Content type 'application/x-gzip' length 922128 bytes (900 KB)
==================================================
downloaded 900 KB

trying URL 'http://cloud.r-project.org/src/contrib/mlr3measures_0.5.0.tar.gz'
Content type 'application/x-gzip' length 41055 bytes (40 KB)
==================================================
downloaded 40 KB

trying URL 'http://cloud.r-project.org/src/contrib/palmerpenguins_0.1.1.tar.gz'
Content type 'application/x-gzip' length 2995960 bytes (2.9 MB)
==================================================
downloaded 2.9 MB

trying URL 'http://cloud.r-project.org/src/contrib/RhpcBLASctl_0.23-42.tar.gz'
Content type 'application/x-gzip' length 41947 bytes (40 KB)
==================================================
downloaded 40 KB

trying URL 'http://cloud.r-project.org/src/contrib/lpSolve_5.6.20.tar.gz'
Content type 'application/x-gzip' length 468218 bytes (457 KB)
==================================================
downloaded 457 KB

trying URL 'http://cloud.r-project.org/src/contrib/mlr3_0.17.2.tar.gz'
Content type 'application/x-gzip' length 511596 bytes (499 KB)
==================================================
downloaded 499 KB

trying URL 'http://cloud.r-project.org/src/contrib/paradox_0.11.1.tar.gz'
Content type 'application/x-gzip' length 78234 bytes (76 KB)
==================================================
downloaded 76 KB

trying URL 'http://cloud.r-project.org/src/contrib/bbotk_0.7.3.tar.gz'
Content type 'application/x-gzip' length 108782 bytes (106 KB)
==================================================
downloaded 106 KB

trying URL 'http://cloud.r-project.org/src/contrib/lgr_0.4.4.tar.gz'
Content type 'application/x-gzip' length 580349 bytes (566 KB)
==================================================
downloaded 566 KB

trying URL 'http://cloud.r-project.org/src/contrib/mlr3misc_0.13.0.tar.gz'
Content type 'application/x-gzip' length 88180 bytes (86 KB)
==================================================
downloaded 86 KB

trying URL 'http://cloud.r-project.org/src/contrib/adagio_0.9.2.tar.gz'
Content type 'application/x-gzip' length 41031 bytes (40 KB)
==================================================
downloaded 40 KB

trying URL 'http://cloud.r-project.org/src/contrib/GenSA_1.1.12.tar.gz'
Content type 'application/x-gzip' length 50597 bytes (49 KB)
==================================================
downloaded 49 KB

trying URL 'http://cloud.r-project.org/src/contrib/irace_3.5.tar.gz'
Content type 'application/x-gzip' length 1243337 bytes (1.2 MB)
==================================================
downloaded 1.2 MB

trying URL 'http://cloud.r-project.org/src/contrib/mlr3learners_0.5.8.tar.gz'
Content type 'application/x-gzip' length 57908 bytes (56 KB)
==================================================
downloaded 56 KB

trying URL 'http://cloud.r-project.org/src/contrib/mlr3pipelines_0.5.0-2.tar.gz'
Content type 'application/x-gzip' length 347572 bytes (339 KB)
==================================================
downloaded 339 KB

trying URL 'http://cloud.r-project.org/src/contrib/xgboost_1.7.6.1.tar.gz'
Content type 'application/x-gzip' length 1086571 bytes (1.0 MB)
==================================================
downloaded 1.0 MB

trying URL 'http://cloud.r-project.org/src/contrib/mlr3tuning_0.19.2.tar.gz'
Content type 'application/x-gzip' length 88303 bytes (86 KB)
==================================================
downloaded 86 KB

* installing *source* package 'PRROC' ...
** package 'PRROC' successfully unpacked and MD5 sums checked
** using staged installation
** R
** inst
** byte-compile and prepare package for lazy loading
** help
*** installing help indices
** building package indices
** installing vignettes
** testing if installed package can be loaded from temporary location
** testing if installed package can be loaded from final location
** testing if installed package keeps a record of temporary installation path
* DONE (PRROC)
* installing *source* package 'mlbench' ...
** package 'mlbench' successfully unpacked and MD5 sums checked
** using staged installation
** libs
using C compiler: 'gcc (GCC) 8.5.0 20210514 (Red Hat 8.5.0-20)'
gcc -I"/home/th798/R/R-4.3.2/include" -DNDEBUG   -I/home/th798/.conda/envs/emacs1/include -I/home/th798/include    -fpic  -g -O2  -c init.c -o init.o
gcc -I"/home/th798/R/R-4.3.2/include" -DNDEBUG   -I/home/th798/.conda/envs/emacs1/include -I/home/th798/include    -fpic  -g -O2  -c waveform.c -o waveform.o
gcc -shared -L/home/th798/.conda/envs/emacs1/lib -Wl,-rpath=/home/th798/.conda/envs/emacs1/lib -L/home/th798/lib -Wl,-rpath=/home/th798/lib -L/home/th798/lib64 -Wl,-rpath=/home/th798/lib64 -o mlbench.so init.o waveform.o
installing to /tmp/th798/7340002/R-4.3.2/762/library/00LOCK-mlbench/00new/mlbench/libs
** R
** data
** inst
** byte-compile and prepare package for lazy loading
** help
*** installing help indices
** building package indices
** testing if installed package can be loaded from temporary location
** checking absolute paths in shared objects and dynamic libraries
** testing if installed package can be loaded from final location
** testing if installed package keeps a record of temporary installation path
* DONE (mlbench)
* installing *source* package 'palmerpenguins' ...
** package 'palmerpenguins' successfully unpacked and MD5 sums checked
** using staged installation
** R
** data
*** moving datasets to lazyload DB
** inst
** byte-compile and prepare package for lazy loading
** help
*** installing help indices
*** copying figures
** building package indices
** testing if installed package can be loaded from temporary location
** testing if installed package can be loaded from final location
** testing if installed package keeps a record of temporary installation path
* DONE (palmerpenguins)
* installing *source* package 'RhpcBLASctl' ...
** package 'RhpcBLASctl' successfully unpacked and MD5 sums checked
** using staged installation
checking for gcc... gcc
checking whether the C compiler works... yes
checking for C compiler default output file name... a.out
checking for suffix of executables... 
checking whether we are cross compiling... no
checking for suffix of object files... o
checking whether the compiler supports GNU C... yes
checking whether gcc accepts -g... yes
checking for gcc option to enable C11 features... none needed
checking for dlopen in -ldl... yes
checking for stdio.h... yes
checking for stdlib.h... yes
checking for string.h... yes
checking for inttypes.h... yes
checking for stdint.h... yes
checking for strings.h... yes
checking for sys/stat.h... yes
checking for sys/types.h... yes
checking for unistd.h... yes
checking for sys/sysctl.h... yes
checking for sysctl... yes
checking for sysctlbyname... no
checking for sys/sysinfo.h... yes
checking for get_nprocs... yes
configure: creating ./config.status
config.status: creating src/Makevars
config.status: creating src/config.h
** libs
using C compiler: 'gcc (GCC) 8.5.0 20210514 (Red Hat 8.5.0-20)'
gcc -I"/home/th798/R/R-4.3.2/include" -DNDEBUG   -I/home/th798/.conda/envs/emacs1/include -I/home/th798/include   -fopenmp -fpic  -g -O2  -c blasctl.c -o blasctl.o
gcc -I"/home/th798/R/R-4.3.2/include" -DNDEBUG   -I/home/th798/.conda/envs/emacs1/include -I/home/th798/include   -fopenmp -fpic  -g -O2  -c registerDynamicSymbol.c -o registerDynamicSymbol.o
gcc -shared -L/home/th798/.conda/envs/emacs1/lib -Wl,-rpath=/home/th798/.conda/envs/emacs1/lib -L/home/th798/lib -Wl,-rpath=/home/th798/lib -L/home/th798/lib64 -Wl,-rpath=/home/th798/lib64 -o RhpcBLASctl.so blasctl.o registerDynamicSymbol.o -ldl -fopenmp
installing to /tmp/th798/7340002/R-4.3.2/762/library/00LOCK-RhpcBLASctl/00new/RhpcBLASctl/libs
** R
** byte-compile and prepare package for lazy loading
** help
*** installing help indices
** building package indices
** testing if installed package can be loaded from temporary location
** checking absolute paths in shared objects and dynamic libraries
** testing if installed package can be loaded from final location
** testing if installed package keeps a record of temporary installation path
* DONE (RhpcBLASctl)
* installing *source* package 'lpSolve' ...
** package 'lpSolve' successfully unpacked and MD5 sums checked
** using staged installation
** libs
using C compiler: 'gcc (GCC) 8.5.0 20210514 (Red Hat 8.5.0-20)'
gcc -I"/home/th798/R/R-4.3.2/include" -DNDEBUG -I . -DINTEGERTIME -DPARSER_LP -DBUILDING_FOR_R -DYY_NEVER_INTERACTIVE -DUSRDLL -DCLOCKTIME -DRoleIsExternalInvEngine -DINVERSE_ACTIVE=INVERSE_LUSOL -DINLINE=static -DParanoia  -I/home/th798/.conda/envs/emacs1/include -I/home/th798/include    -fpic  -g -O2  -c colamd.c -o colamd.o
gcc -I"/home/th798/R/R-4.3.2/include" -DNDEBUG -I . -DINTEGERTIME -DPARSER_LP -DBUILDING_FOR_R -DYY_NEVER_INTERACTIVE -DUSRDLL -DCLOCKTIME -DRoleIsExternalInvEngine -DINVERSE_ACTIVE=INVERSE_LUSOL -DINLINE=static -DParanoia  -I/home/th798/.conda/envs/emacs1/include -I/home/th798/include    -fpic  -g -O2  -c commonlib.c -o commonlib.o
gcc -I"/home/th798/R/R-4.3.2/include" -DNDEBUG -I . -DINTEGERTIME -DPARSER_LP -DBUILDING_FOR_R -DYY_NEVER_INTERACTIVE -DUSRDLL -DCLOCKTIME -DRoleIsExternalInvEngine -DINVERSE_ACTIVE=INVERSE_LUSOL -DINLINE=static -DParanoia  -I/home/th798/.conda/envs/emacs1/include -I/home/th798/include    -fpic  -g -O2  -c hbio.c -o hbio.o
gcc -I"/home/th798/R/R-4.3.2/include" -DNDEBUG -I . -DINTEGERTIME -DPARSER_LP -DBUILDING_FOR_R -DYY_NEVER_INTERACTIVE -DUSRDLL -DCLOCKTIME -DRoleIsExternalInvEngine -DINVERSE_ACTIVE=INVERSE_LUSOL -DINLINE=static -DParanoia  -I/home/th798/.conda/envs/emacs1/include -I/home/th798/include    -fpic  -g -O2  -c ini.c -o ini.o
gcc -I"/home/th798/R/R-4.3.2/include" -DNDEBUG -I . -DINTEGERTIME -DPARSER_LP -DBUILDING_FOR_R -DYY_NEVER_INTERACTIVE -DUSRDLL -DCLOCKTIME -DRoleIsExternalInvEngine -DINVERSE_ACTIVE=INVERSE_LUSOL -DINLINE=static -DParanoia  -I/home/th798/.conda/envs/emacs1/include -I/home/th798/include    -fpic  -g -O2  -c init.c -o init.o
gcc -I"/home/th798/R/R-4.3.2/include" -DNDEBUG -I . -DINTEGERTIME -DPARSER_LP -DBUILDING_FOR_R -DYY_NEVER_INTERACTIVE -DUSRDLL -DCLOCKTIME -DRoleIsExternalInvEngine -DINVERSE_ACTIVE=INVERSE_LUSOL -DINLINE=static -DParanoia  -I/home/th798/.conda/envs/emacs1/include -I/home/th798/include    -fpic  -g -O2  -c isfixedvar.c -o isfixedvar.o
gcc -I"/home/th798/R/R-4.3.2/include" -DNDEBUG -I . -DINTEGERTIME -DPARSER_LP -DBUILDING_FOR_R -DYY_NEVER_INTERACTIVE -DUSRDLL -DCLOCKTIME -DRoleIsExternalInvEngine -DINVERSE_ACTIVE=INVERSE_LUSOL -DINLINE=static -DParanoia  -I/home/th798/.conda/envs/emacs1/include -I/home/th798/include    -fpic  -g -O2  -c lp_Hash.c -o lp_Hash.o
gcc -I"/home/th798/R/R-4.3.2/include" -DNDEBUG -I . -DINTEGERTIME -DPARSER_LP -DBUILDING_FOR_R -DYY_NEVER_INTERACTIVE -DUSRDLL -DCLOCKTIME -DRoleIsExternalInvEngine -DINVERSE_ACTIVE=INVERSE_LUSOL -DINLINE=static -DParanoia  -I/home/th798/.conda/envs/emacs1/include -I/home/th798/include    -fpic  -g -O2  -c lp_LUSOL.c -o lp_LUSOL.o
gcc -I"/home/th798/R/R-4.3.2/include" -DNDEBUG -I . -DINTEGERTIME -DPARSER_LP -DBUILDING_FOR_R -DYY_NEVER_INTERACTIVE -DUSRDLL -DCLOCKTIME -DRoleIsExternalInvEngine -DINVERSE_ACTIVE=INVERSE_LUSOL -DINLINE=static -DParanoia  -I/home/th798/.conda/envs/emacs1/include -I/home/th798/include    -fpic  -g -O2  -c lp_MDO.c -o lp_MDO.o
gcc -I"/home/th798/R/R-4.3.2/include" -DNDEBUG -I . -DINTEGERTIME -DPARSER_LP -DBUILDING_FOR_R -DYY_NEVER_INTERACTIVE -DUSRDLL -DCLOCKTIME -DRoleIsExternalInvEngine -DINVERSE_ACTIVE=INVERSE_LUSOL -DINLINE=static -DParanoia  -I/home/th798/.conda/envs/emacs1/include -I/home/th798/include    -fpic  -g -O2  -c lp_MPS.c -o lp_MPS.o
gcc -I"/home/th798/R/R-4.3.2/include" -DNDEBUG -I . -DINTEGERTIME -DPARSER_LP -DBUILDING_FOR_R -DYY_NEVER_INTERACTIVE -DUSRDLL -DCLOCKTIME -DRoleIsExternalInvEngine -DINVERSE_ACTIVE=INVERSE_LUSOL -DINLINE=static -DParanoia  -I/home/th798/.conda/envs/emacs1/include -I/home/th798/include    -fpic  -g -O2  -c lp_SOS.c -o lp_SOS.o
gcc -I"/home/th798/R/R-4.3.2/include" -DNDEBUG -I . -DINTEGERTIME -DPARSER_LP -DBUILDING_FOR_R -DYY_NEVER_INTERACTIVE -DUSRDLL -DCLOCKTIME -DRoleIsExternalInvEngine -DINVERSE_ACTIVE=INVERSE_LUSOL -DINLINE=static -DParanoia  -I/home/th798/.conda/envs/emacs1/include -I/home/th798/include    -fpic  -g -O2  -c lp_crash.c -o lp_crash.o
gcc -I"/home/th798/R/R-4.3.2/include" -DNDEBUG -I . -DINTEGERTIME -DPARSER_LP -DBUILDING_FOR_R -DYY_NEVER_INTERACTIVE -DUSRDLL -DCLOCKTIME -DRoleIsExternalInvEngine -DINVERSE_ACTIVE=INVERSE_LUSOL -DINLINE=static -DParanoia  -I/home/th798/.conda/envs/emacs1/include -I/home/th798/include    -fpic  -g -O2  -c lp_lib.c -o lp_lib.o
gcc -I"/home/th798/R/R-4.3.2/include" -DNDEBUG -I . -DINTEGERTIME -DPARSER_LP -DBUILDING_FOR_R -DYY_NEVER_INTERACTIVE -DUSRDLL -DCLOCKTIME -DRoleIsExternalInvEngine -DINVERSE_ACTIVE=INVERSE_LUSOL -DINLINE=static -DParanoia  -I/home/th798/.conda/envs/emacs1/include -I/home/th798/include    -fpic  -g -O2  -c lp_matrix.c -o lp_matrix.o
gcc -I"/home/th798/R/R-4.3.2/include" -DNDEBUG -I . -DINTEGERTIME -DPARSER_LP -DBUILDING_FOR_R -DYY_NEVER_INTERACTIVE -DUSRDLL -DCLOCKTIME -DRoleIsExternalInvEngine -DINVERSE_ACTIVE=INVERSE_LUSOL -DINLINE=static -DParanoia  -I/home/th798/.conda/envs/emacs1/include -I/home/th798/include    -fpic  -g -O2  -c lp_mipbb.c -o lp_mipbb.o
gcc -I"/home/th798/R/R-4.3.2/include" -DNDEBUG -I . -DINTEGERTIME -DPARSER_LP -DBUILDING_FOR_R -DYY_NEVER_INTERACTIVE -DUSRDLL -DCLOCKTIME -DRoleIsExternalInvEngine -DINVERSE_ACTIVE=INVERSE_LUSOL -DINLINE=static -DParanoia  -I/home/th798/.conda/envs/emacs1/include -I/home/th798/include    -fpic  -g -O2  -c lp_params.c -o lp_params.o
gcc -I"/home/th798/R/R-4.3.2/include" -DNDEBUG -I . -DINTEGERTIME -DPARSER_LP -DBUILDING_FOR_R -DYY_NEVER_INTERACTIVE -DUSRDLL -DCLOCKTIME -DRoleIsExternalInvEngine -DINVERSE_ACTIVE=INVERSE_LUSOL -DINLINE=static -DParanoia  -I/home/th798/.conda/envs/emacs1/include -I/home/th798/include    -fpic  -g -O2  -c lp_presolve.c -o lp_presolve.o
gcc -I"/home/th798/R/R-4.3.2/include" -DNDEBUG -I . -DINTEGERTIME -DPARSER_LP -DBUILDING_FOR_R -DYY_NEVER_INTERACTIVE -DUSRDLL -DCLOCKTIME -DRoleIsExternalInvEngine -DINVERSE_ACTIVE=INVERSE_LUSOL -DINLINE=static -DParanoia  -I/home/th798/.conda/envs/emacs1/include -I/home/th798/include    -fpic  -g -O2  -c lp_price.c -o lp_price.o
gcc -I"/home/th798/R/R-4.3.2/include" -DNDEBUG -I . -DINTEGERTIME -DPARSER_LP -DBUILDING_FOR_R -DYY_NEVER_INTERACTIVE -DUSRDLL -DCLOCKTIME -DRoleIsExternalInvEngine -DINVERSE_ACTIVE=INVERSE_LUSOL -DINLINE=static -DParanoia  -I/home/th798/.conda/envs/emacs1/include -I/home/th798/include    -fpic  -g -O2  -c lp_pricePSE.c -o lp_pricePSE.o
gcc -I"/home/th798/R/R-4.3.2/include" -DNDEBUG -I . -DINTEGERTIME -DPARSER_LP -DBUILDING_FOR_R -DYY_NEVER_INTERACTIVE -DUSRDLL -DCLOCKTIME -DRoleIsExternalInvEngine -DINVERSE_ACTIVE=INVERSE_LUSOL -DINLINE=static -DParanoia  -I/home/th798/.conda/envs/emacs1/include -I/home/th798/include    -fpic  -g -O2  -c lp_report.c -o lp_report.o
gcc -I"/home/th798/R/R-4.3.2/include" -DNDEBUG -I . -DINTEGERTIME -DPARSER_LP -DBUILDING_FOR_R -DYY_NEVER_INTERACTIVE -DUSRDLL -DCLOCKTIME -DRoleIsExternalInvEngine -DINVERSE_ACTIVE=INVERSE_LUSOL -DINLINE=static -DParanoia  -I/home/th798/.conda/envs/emacs1/include -I/home/th798/include    -fpic  -g -O2  -c lp_rlp.c -o lp_rlp.o
gcc -I"/home/th798/R/R-4.3.2/include" -DNDEBUG -I . -DINTEGERTIME -DPARSER_LP -DBUILDING_FOR_R -DYY_NEVER_INTERACTIVE -DUSRDLL -DCLOCKTIME -DRoleIsExternalInvEngine -DINVERSE_ACTIVE=INVERSE_LUSOL -DINLINE=static -DParanoia  -I/home/th798/.conda/envs/emacs1/include -I/home/th798/include    -fpic  -g -O2  -c lp_scale.c -o lp_scale.o
gcc -I"/home/th798/R/R-4.3.2/include" -DNDEBUG -I . -DINTEGERTIME -DPARSER_LP -DBUILDING_FOR_R -DYY_NEVER_INTERACTIVE -DUSRDLL -DCLOCKTIME -DRoleIsExternalInvEngine -DINVERSE_ACTIVE=INVERSE_LUSOL -DINLINE=static -DParanoia  -I/home/th798/.conda/envs/emacs1/include -I/home/th798/include    -fpic  -g -O2  -c lp_simplex.c -o lp_simplex.o
gcc -I"/home/th798/R/R-4.3.2/include" -DNDEBUG -I . -DINTEGERTIME -DPARSER_LP -DBUILDING_FOR_R -DYY_NEVER_INTERACTIVE -DUSRDLL -DCLOCKTIME -DRoleIsExternalInvEngine -DINVERSE_ACTIVE=INVERSE_LUSOL -DINLINE=static -DParanoia  -I/home/th798/.conda/envs/emacs1/include -I/home/th798/include    -fpic  -g -O2  -c lp_utils.c -o lp_utils.o
gcc -I"/home/th798/R/R-4.3.2/include" -DNDEBUG -I . -DINTEGERTIME -DPARSER_LP -DBUILDING_FOR_R -DYY_NEVER_INTERACTIVE -DUSRDLL -DCLOCKTIME -DRoleIsExternalInvEngine -DINVERSE_ACTIVE=INVERSE_LUSOL -DINLINE=static -DParanoia  -I/home/th798/.conda/envs/emacs1/include -I/home/th798/include    -fpic  -g -O2  -c lp_wlp.c -o lp_wlp.o
gcc -I"/home/th798/R/R-4.3.2/include" -DNDEBUG -I . -DINTEGERTIME -DPARSER_LP -DBUILDING_FOR_R -DYY_NEVER_INTERACTIVE -DUSRDLL -DCLOCKTIME -DRoleIsExternalInvEngine -DINVERSE_ACTIVE=INVERSE_LUSOL -DINLINE=static -DParanoia  -I/home/th798/.conda/envs/emacs1/include -I/home/th798/include    -fpic  -g -O2  -c lpslink56.c -o lpslink56.o
gcc -I"/home/th798/R/R-4.3.2/include" -DNDEBUG -I . -DINTEGERTIME -DPARSER_LP -DBUILDING_FOR_R -DYY_NEVER_INTERACTIVE -DUSRDLL -DCLOCKTIME -DRoleIsExternalInvEngine -DINVERSE_ACTIVE=INVERSE_LUSOL -DINLINE=static -DParanoia  -I/home/th798/.conda/envs/emacs1/include -I/home/th798/include    -fpic  -g -O2  -c lusol.c -o lusol.o
gcc -I"/home/th798/R/R-4.3.2/include" -DNDEBUG -I . -DINTEGERTIME -DPARSER_LP -DBUILDING_FOR_R -DYY_NEVER_INTERACTIVE -DUSRDLL -DCLOCKTIME -DRoleIsExternalInvEngine -DINVERSE_ACTIVE=INVERSE_LUSOL -DINLINE=static -DParanoia  -I/home/th798/.conda/envs/emacs1/include -I/home/th798/include    -fpic  -g -O2  -c lusolio.c -o lusolio.o
gcc -I"/home/th798/R/R-4.3.2/include" -DNDEBUG -I . -DINTEGERTIME -DPARSER_LP -DBUILDING_FOR_R -DYY_NEVER_INTERACTIVE -DUSRDLL -DCLOCKTIME -DRoleIsExternalInvEngine -DINVERSE_ACTIVE=INVERSE_LUSOL -DINLINE=static -DParanoia  -I/home/th798/.conda/envs/emacs1/include -I/home/th798/include    -fpic  -g -O2  -c mmio.c -o mmio.o
gcc -I"/home/th798/R/R-4.3.2/include" -DNDEBUG -I . -DINTEGERTIME -DPARSER_LP -DBUILDING_FOR_R -DYY_NEVER_INTERACTIVE -DUSRDLL -DCLOCKTIME -DRoleIsExternalInvEngine -DINVERSE_ACTIVE=INVERSE_LUSOL -DINLINE=static -DParanoia  -I/home/th798/.conda/envs/emacs1/include -I/home/th798/include    -fpic  -g -O2  -c myblas.c -o myblas.o
gcc -I"/home/th798/R/R-4.3.2/include" -DNDEBUG -I . -DINTEGERTIME -DPARSER_LP -DBUILDING_FOR_R -DYY_NEVER_INTERACTIVE -DUSRDLL -DCLOCKTIME -DRoleIsExternalInvEngine -DINVERSE_ACTIVE=INVERSE_LUSOL -DINLINE=static -DParanoia  -I/home/th798/.conda/envs/emacs1/include -I/home/th798/include    -fpic  -g -O2  -c sparselib.c -o sparselib.o
gcc -I"/home/th798/R/R-4.3.2/include" -DNDEBUG -I . -DINTEGERTIME -DPARSER_LP -DBUILDING_FOR_R -DYY_NEVER_INTERACTIVE -DUSRDLL -DCLOCKTIME -DRoleIsExternalInvEngine -DINVERSE_ACTIVE=INVERSE_LUSOL -DINLINE=static -DParanoia  -I/home/th798/.conda/envs/emacs1/include -I/home/th798/include    -fpic  -g -O2  -c yacc_read.c -o yacc_read.o
gcc -shared -L/home/th798/.conda/envs/emacs1/lib -Wl,-rpath=/home/th798/.conda/envs/emacs1/lib -L/home/th798/lib -Wl,-rpath=/home/th798/lib -L/home/th798/lib64 -Wl,-rpath=/home/th798/lib64 -o lpSolve.so colamd.o commonlib.o hbio.o ini.o init.o isfixedvar.o lp_Hash.o lp_LUSOL.o lp_MDO.o lp_MPS.o lp_SOS.o lp_crash.o lp_lib.o lp_matrix.o lp_mipbb.o lp_params.o lp_presolve.o lp_price.o lp_pricePSE.o lp_report.o lp_rlp.o lp_scale.o lp_simplex.o lp_utils.o lp_wlp.o lpslink56.o lusol.o lusolio.o mmio.o myblas.o sparselib.o yacc_read.o
installing to /tmp/th798/7340002/R-4.3.2/762/library/00LOCK-lpSolve/00new/lpSolve/libs
** R
** byte-compile and prepare package for lazy loading
** help
*** installing help indices
** building package indices
** testing if installed package can be loaded from temporary location
** checking absolute paths in shared objects and dynamic libraries
** testing if installed package can be loaded from final location
** testing if installed package keeps a record of temporary installation path
* DONE (lpSolve)
* installing *source* package 'lgr' ...
** package 'lgr' successfully unpacked and MD5 sums checked
** using staged installation
** R
** inst
** byte-compile and prepare package for lazy loading
** help
*** installing help indices
*** copying figures
** building package indices
** installing vignettes
** testing if installed package can be loaded from temporary location
** testing if installed package can be loaded from final location
** testing if installed package keeps a record of temporary installation path
* DONE (lgr)
* installing *source* package 'mlr3misc' ...
** package 'mlr3misc' successfully unpacked and MD5 sums checked
** using staged installation
** libs
using C compiler: 'gcc (GCC) 8.5.0 20210514 (Red Hat 8.5.0-20)'
gcc -I"/home/th798/R/R-4.3.2/include" -DNDEBUG   -I/home/th798/.conda/envs/emacs1/include -I/home/th798/include    -fpic  -g -O2  -c count_missing.c -o count_missing.o
gcc -I"/home/th798/R/R-4.3.2/include" -DNDEBUG   -I/home/th798/.conda/envs/emacs1/include -I/home/th798/include    -fpic  -g -O2  -c init.c -o init.o
gcc -I"/home/th798/R/R-4.3.2/include" -DNDEBUG   -I/home/th798/.conda/envs/emacs1/include -I/home/th798/include    -fpic  -g -O2  -c keep_in_bounds.c -o keep_in_bounds.o
gcc -I"/home/th798/R/R-4.3.2/include" -DNDEBUG   -I/home/th798/.conda/envs/emacs1/include -I/home/th798/include    -fpic  -g -O2  -c to_decimal.c -o to_decimal.o
gcc -I"/home/th798/R/R-4.3.2/include" -DNDEBUG   -I/home/th798/.conda/envs/emacs1/include -I/home/th798/include    -fpic  -g -O2  -c which_max.c -o which_max.o
gcc -shared -L/home/th798/.conda/envs/emacs1/lib -Wl,-rpath=/home/th798/.conda/envs/emacs1/lib -L/home/th798/lib -Wl,-rpath=/home/th798/lib -L/home/th798/lib64 -Wl,-rpath=/home/th798/lib64 -o mlr3misc.so count_missing.o init.o keep_in_bounds.o to_decimal.o which_max.o
installing to /tmp/th798/7340002/R-4.3.2/762/library/00LOCK-mlr3misc/00new/mlr3misc/libs
** R
** byte-compile and prepare package for lazy loading
** help
*** installing help indices
*** copying figures
** building package indices
** testing if installed package can be loaded from temporary location
** checking absolute paths in shared objects and dynamic libraries
** testing if installed package can be loaded from final location
** testing if installed package keeps a record of temporary installation path
* DONE (mlr3misc)
* installing *source* package 'GenSA' ...
** package 'GenSA' successfully unpacked and MD5 sums checked
** using staged installation
** libs
using C compiler: 'gcc (GCC) 8.5.0 20210514 (Red Hat 8.5.0-20)'
using C++ compiler: 'g++ (GCC) 8.5.0 20210514 (Red Hat 8.5.0-20)'
g++ -std=gnu++17 -I"/home/th798/R/R-4.3.2/include" -DNDEBUG   -I/home/th798/.conda/envs/emacs1/include -I/home/th798/include    -fpic  -g -O2  -c Caller.cpp -o Caller.o
g++ -std=gnu++17 -I"/home/th798/R/R-4.3.2/include" -DNDEBUG   -I/home/th798/.conda/envs/emacs1/include -I/home/th798/include    -fpic  -g -O2  -c Engine.cpp -o Engine.o
In file included from Utils.h:18,
                 from Engine.cpp:10:
/home/th798/R/R-4.3.2/include/Rmath.h:210:15: error: 'std::Rf_beta' has not been declared
 #define beta  Rf_beta
               ^~~~~~~
make: *** [/home/th798/R/R-4.3.2/etc/Makeconf:200: Engine.o] Error 1
ERROR: compilation failed for package 'GenSA'
* removing '/tmp/th798/7340002/R-4.3.2/762/library/GenSA'
* installing *source* package 'irace' ...
** package 'irace' successfully unpacked and MD5 sums checked
** using staged installation
** libs
gcc -I"/home/th798/R/R-4.3.2/include" -DNDEBUG   -I/home/th798/.conda/envs/emacs1/include -I/home/th798/include    -fpic  -g -O2  -c iracebin/irace.c -o iracebin/irace.o
gcc  -g -O2  iracebin/irace.o -o iracebin/irace
gcc -I"/home/th798/R/R-4.3.2/include" -DNDEBUG   -I/home/th798/.conda/envs/emacs1/include -I/home/th798/include    -fpic  -g -O2  -c iracebin/ablation.c -o iracebin/ablation.o
gcc  -g -O2  iracebin/ablation.o -o iracebin/ablation
installing via 'install.libs.R' to /tmp/th798/7340002/R-4.3.2/762/library/00LOCK-irace/00new/irace
** R
** inst
** byte-compile and prepare package for lazy loading
** help
*** installing help indices
** building package indices
** installing vignettes
** testing if installed package can be loaded from temporary location
** testing if installed package can be loaded from final location
** testing if installed package keeps a record of temporary installation path
* DONE (irace)
* installing *source* package 'xgboost' ...
** package 'xgboost' successfully unpacked and MD5 sums checked
** using staged installation
checking Backtrace lib... 
checking whether the C++ compiler works... yes
checking for C++ compiler default output file name... a.out
checking for suffix of executables... 
checking whether we are cross compiling... no
checking for suffix of object files... o
checking whether the compiler supports GNU C++... yes
checking whether g++ -std=gnu++17 accepts -g... yes
checking for g++ -std=gnu++17 option to enable C++11 features... none needed
checking for backtrace in -lexecinfo... no
checking endian... 
configure: creating ./config.status
config.status: creating src/Makevars
** libs
Makevars:17: -DXGBOOST_STRICT_R_MODE=1
Makevars:17: -DDMLC_LOG_BEFORE_THROW=0
Makevars:17: -DDMLC_ENABLE_STD_THREAD=1
Makevars:17: -DDMLC_DISABLE_STDIN=1
Makevars:17: -DDMLC_LOG_CUSTOMIZE=1
Makevars:17: -DXGBOOST_CUSTOMIZE_LOGGER=1
Makevars:17: -DRABIT_CUSTOMIZE_MSG_
using C compiler: 'gcc (GCC) 8.5.0 20210514 (Red Hat 8.5.0-20)'
using C++ compiler: 'g++ (GCC) 8.5.0 20210514 (Red Hat 8.5.0-20)'
using C++17
Makevars:17: -DXGBOOST_STRICT_R_MODE=1
Makevars:17: -DDMLC_LOG_BEFORE_THROW=0
Makevars:17: -DDMLC_ENABLE_STD_THREAD=1
Makevars:17: -DDMLC_DISABLE_STDIN=1
Makevars:17: -DDMLC_LOG_CUSTOMIZE=1
Makevars:17: -DXGBOOST_CUSTOMIZE_LOGGER=1
Makevars:17: -DRABIT_CUSTOMIZE_MSG_
g++ -std=gnu++17 -I"/home/th798/R/R-4.3.2/include" -DNDEBUG -I./include -I./dmlc-core/include -I./rabit/include -I. -DXGBOOST_STRICT_R_MODE=1 -DDMLC_LOG_BEFORE_THROW=0 -DDMLC_ENABLE_STD_THREAD=1 -DDMLC_DISABLE_STDIN=1 -DDMLC_LOG_CUSTOMIZE=1 -DXGBOOST_CUSTOMIZE_LOGGER=1 -DRABIT_CUSTOMIZE_MSG_  -I/home/th798/.conda/envs/emacs1/include -I/home/th798/include   -fopenmp -DDMLC_CMAKE_LITTLE_ENDIAN=1 -pthread -fvisibility=hidden -fpic  -g -O2  -c xgboost_R.cc -o xgboost_R.o
g++ -std=gnu++17 -I"/home/th798/R/R-4.3.2/include" -DNDEBUG -I./include -I./dmlc-core/include -I./rabit/include -I. -DXGBOOST_STRICT_R_MODE=1 -DDMLC_LOG_BEFORE_THROW=0 -DDMLC_ENABLE_STD_THREAD=1 -DDMLC_DISABLE_STDIN=1 -DDMLC_LOG_CUSTOMIZE=1 -DXGBOOST_CUSTOMIZE_LOGGER=1 -DRABIT_CUSTOMIZE_MSG_  -I/home/th798/.conda/envs/emacs1/include -I/home/th798/include   -fopenmp -DDMLC_CMAKE_LITTLE_ENDIAN=1 -pthread -fvisibility=hidden -fpic  -g -O2  -c xgboost_custom.cc -o xgboost_custom.o
gcc -I"/home/th798/R/R-4.3.2/include" -DNDEBUG -I./include -I./dmlc-core/include -I./rabit/include -I. -DXGBOOST_STRICT_R_MODE=1 -DDMLC_LOG_BEFORE_THROW=0 -DDMLC_ENABLE_STD_THREAD=1 -DDMLC_DISABLE_STDIN=1 -DDMLC_LOG_CUSTOMIZE=1 -DXGBOOST_CUSTOMIZE_LOGGER=1 -DRABIT_CUSTOMIZE_MSG_  -I/home/th798/.conda/envs/emacs1/include -I/home/th798/include    -fpic  -g -O2  -c init.c -o init.o
g++ -std=gnu++17 -I"/home/th798/R/R-4.3.2/include" -DNDEBUG -I./include -I./dmlc-core/include -I./rabit/include -I. -DXGBOOST_STRICT_R_MODE=1 -DDMLC_LOG_BEFORE_THROW=0 -DDMLC_ENABLE_STD_THREAD=1 -DDMLC_DISABLE_STDIN=1 -DDMLC_LOG_CUSTOMIZE=1 -DXGBOOST_CUSTOMIZE_LOGGER=1 -DRABIT_CUSTOMIZE_MSG_  -I/home/th798/.conda/envs/emacs1/include -I/home/th798/include   -fopenmp -DDMLC_CMAKE_LITTLE_ENDIAN=1 -pthread -fvisibility=hidden -fpic  -g -O2  -c src/metric/metric.cc -o src/metric/metric.o
g++ -std=gnu++17 -I"/home/th798/R/R-4.3.2/include" -DNDEBUG -I./include -I./dmlc-core/include -I./rabit/include -I. -DXGBOOST_STRICT_R_MODE=1 -DDMLC_LOG_BEFORE_THROW=0 -DDMLC_ENABLE_STD_THREAD=1 -DDMLC_DISABLE_STDIN=1 -DDMLC_LOG_CUSTOMIZE=1 -DXGBOOST_CUSTOMIZE_LOGGER=1 -DRABIT_CUSTOMIZE_MSG_  -I/home/th798/.conda/envs/emacs1/include -I/home/th798/include   -fopenmp -DDMLC_CMAKE_LITTLE_ENDIAN=1 -pthread -fvisibility=hidden -fpic  -g -O2  -c src/metric/elementwise_metric.cc -o src/metric/elementwise_metric.o
g++ -std=gnu++17 -I"/home/th798/R/R-4.3.2/include" -DNDEBUG -I./include -I./dmlc-core/include -I./rabit/include -I. -DXGBOOST_STRICT_R_MODE=1 -DDMLC_LOG_BEFORE_THROW=0 -DDMLC_ENABLE_STD_THREAD=1 -DDMLC_DISABLE_STDIN=1 -DDMLC_LOG_CUSTOMIZE=1 -DXGBOOST_CUSTOMIZE_LOGGER=1 -DRABIT_CUSTOMIZE_MSG_  -I/home/th798/.conda/envs/emacs1/include -I/home/th798/include   -fopenmp -DDMLC_CMAKE_LITTLE_ENDIAN=1 -pthread -fvisibility=hidden -fpic  -g -O2  -c src/metric/multiclass_metric.cc -o src/metric/multiclass_metric.o
g++ -std=gnu++17 -I"/home/th798/R/R-4.3.2/include" -DNDEBUG -I./include -I./dmlc-core/include -I./rabit/include -I. -DXGBOOST_STRICT_R_MODE=1 -DDMLC_LOG_BEFORE_THROW=0 -DDMLC_ENABLE_STD_THREAD=1 -DDMLC_DISABLE_STDIN=1 -DDMLC_LOG_CUSTOMIZE=1 -DXGBOOST_CUSTOMIZE_LOGGER=1 -DRABIT_CUSTOMIZE_MSG_  -I/home/th798/.conda/envs/emacs1/include -I/home/th798/include   -fopenmp -DDMLC_CMAKE_LITTLE_ENDIAN=1 -pthread -fvisibility=hidden -fpic  -g -O2  -c src/metric/rank_metric.cc -o src/metric/rank_metric.o
g++ -std=gnu++17 -I"/home/th798/R/R-4.3.2/include" -DNDEBUG -I./include -I./dmlc-core/include -I./rabit/include -I. -DXGBOOST_STRICT_R_MODE=1 -DDMLC_LOG_BEFORE_THROW=0 -DDMLC_ENABLE_STD_THREAD=1 -DDMLC_DISABLE_STDIN=1 -DDMLC_LOG_CUSTOMIZE=1 -DXGBOOST_CUSTOMIZE_LOGGER=1 -DRABIT_CUSTOMIZE_MSG_  -I/home/th798/.conda/envs/emacs1/include -I/home/th798/include   -fopenmp -DDMLC_CMAKE_LITTLE_ENDIAN=1 -pthread -fvisibility=hidden -fpic  -g -O2  -c src/metric/auc.cc -o src/metric/auc.o
g++ -std=gnu++17 -I"/home/th798/R/R-4.3.2/include" -DNDEBUG -I./include -I./dmlc-core/include -I./rabit/include -I. -DXGBOOST_STRICT_R_MODE=1 -DDMLC_LOG_BEFORE_THROW=0 -DDMLC_ENABLE_STD_THREAD=1 -DDMLC_DISABLE_STDIN=1 -DDMLC_LOG_CUSTOMIZE=1 -DXGBOOST_CUSTOMIZE_LOGGER=1 -DRABIT_CUSTOMIZE_MSG_  -I/home/th798/.conda/envs/emacs1/include -I/home/th798/include   -fopenmp -DDMLC_CMAKE_LITTLE_ENDIAN=1 -pthread -fvisibility=hidden -fpic  -g -O2  -c src/metric/survival_metric.cc -o src/metric/survival_metric.o
g++ -std=gnu++17 -I"/home/th798/R/R-4.3.2/include" -DNDEBUG -I./include -I./dmlc-core/include -I./rabit/include -I. -DXGBOOST_STRICT_R_MODE=1 -DDMLC_LOG_BEFORE_THROW=0 -DDMLC_ENABLE_STD_THREAD=1 -DDMLC_DISABLE_STDIN=1 -DDMLC_LOG_CUSTOMIZE=1 -DXGBOOST_CUSTOMIZE_LOGGER=1 -DRABIT_CUSTOMIZE_MSG_  -I/home/th798/.conda/envs/emacs1/include -I/home/th798/include   -fopenmp -DDMLC_CMAKE_LITTLE_ENDIAN=1 -pthread -fvisibility=hidden -fpic  -g -O2  -c src/objective/objective.cc -o src/objective/objective.o
g++ -std=gnu++17 -I"/home/th798/R/R-4.3.2/include" -DNDEBUG -I./include -I./dmlc-core/include -I./rabit/include -I. -DXGBOOST_STRICT_R_MODE=1 -DDMLC_LOG_BEFORE_THROW=0 -DDMLC_ENABLE_STD_THREAD=1 -DDMLC_DISABLE_STDIN=1 -DDMLC_LOG_CUSTOMIZE=1 -DXGBOOST_CUSTOMIZE_LOGGER=1 -DRABIT_CUSTOMIZE_MSG_  -I/home/th798/.conda/envs/emacs1/include -I/home/th798/include   -fopenmp -DDMLC_CMAKE_LITTLE_ENDIAN=1 -pthread -fvisibility=hidden -fpic  -g -O2  -c src/objective/regression_obj.cc -o src/objective/regression_obj.o
g++ -std=gnu++17 -I"/home/th798/R/R-4.3.2/include" -DNDEBUG -I./include -I./dmlc-core/include -I./rabit/include -I. -DXGBOOST_STRICT_R_MODE=1 -DDMLC_LOG_BEFORE_THROW=0 -DDMLC_ENABLE_STD_THREAD=1 -DDMLC_DISABLE_STDIN=1 -DDMLC_LOG_CUSTOMIZE=1 -DXGBOOST_CUSTOMIZE_LOGGER=1 -DRABIT_CUSTOMIZE_MSG_  -I/home/th798/.conda/envs/emacs1/include -I/home/th798/include   -fopenmp -DDMLC_CMAKE_LITTLE_ENDIAN=1 -pthread -fvisibility=hidden -fpic  -g -O2  -c src/objective/multiclass_obj.cc -o src/objective/multiclass_obj.o
g++ -std=gnu++17 -I"/home/th798/R/R-4.3.2/include" -DNDEBUG -I./include -I./dmlc-core/include -I./rabit/include -I. -DXGBOOST_STRICT_R_MODE=1 -DDMLC_LOG_BEFORE_THROW=0 -DDMLC_ENABLE_STD_THREAD=1 -DDMLC_DISABLE_STDIN=1 -DDMLC_LOG_CUSTOMIZE=1 -DXGBOOST_CUSTOMIZE_LOGGER=1 -DRABIT_CUSTOMIZE_MSG_  -I/home/th798/.conda/envs/emacs1/include -I/home/th798/include   -fopenmp -DDMLC_CMAKE_LITTLE_ENDIAN=1 -pthread -fvisibility=hidden -fpic  -g -O2  -c src/objective/rank_obj.cc -o src/objective/rank_obj.o
g++ -std=gnu++17 -I"/home/th798/R/R-4.3.2/include" -DNDEBUG -I./include -I./dmlc-core/include -I./rabit/include -I. -DXGBOOST_STRICT_R_MODE=1 -DDMLC_LOG_BEFORE_THROW=0 -DDMLC_ENABLE_STD_THREAD=1 -DDMLC_DISABLE_STDIN=1 -DDMLC_LOG_CUSTOMIZE=1 -DXGBOOST_CUSTOMIZE_LOGGER=1 -DRABIT_CUSTOMIZE_MSG_  -I/home/th798/.conda/envs/emacs1/include -I/home/th798/include   -fopenmp -DDMLC_CMAKE_LITTLE_ENDIAN=1 -pthread -fvisibility=hidden -fpic  -g -O2  -c src/objective/hinge.cc -o src/objective/hinge.o
g++ -std=gnu++17 -I"/home/th798/R/R-4.3.2/include" -DNDEBUG -I./include -I./dmlc-core/include -I./rabit/include -I. -DXGBOOST_STRICT_R_MODE=1 -DDMLC_LOG_BEFORE_THROW=0 -DDMLC_ENABLE_STD_THREAD=1 -DDMLC_DISABLE_STDIN=1 -DDMLC_LOG_CUSTOMIZE=1 -DXGBOOST_CUSTOMIZE_LOGGER=1 -DRABIT_CUSTOMIZE_MSG_  -I/home/th798/.conda/envs/emacs1/include -I/home/th798/include   -fopenmp -DDMLC_CMAKE_LITTLE_ENDIAN=1 -pthread -fvisibility=hidden -fpic  -g -O2  -c src/objective/aft_obj.cc -o src/objective/aft_obj.o
g++ -std=gnu++17 -I"/home/th798/R/R-4.3.2/include" -DNDEBUG -I./include -I./dmlc-core/include -I./rabit/include -I. -DXGBOOST_STRICT_R_MODE=1 -DDMLC_LOG_BEFORE_THROW=0 -DDMLC_ENABLE_STD_THREAD=1 -DDMLC_DISABLE_STDIN=1 -DDMLC_LOG_CUSTOMIZE=1 -DXGBOOST_CUSTOMIZE_LOGGER=1 -DRABIT_CUSTOMIZE_MSG_  -I/home/th798/.conda/envs/emacs1/include -I/home/th798/include   -fopenmp -DDMLC_CMAKE_LITTLE_ENDIAN=1 -pthread -fvisibility=hidden -fpic  -g -O2  -c src/objective/adaptive.cc -o src/objective/adaptive.o
g++ -std=gnu++17 -I"/home/th798/R/R-4.3.2/include" -DNDEBUG -I./include -I./dmlc-core/include -I./rabit/include -I. -DXGBOOST_STRICT_R_MODE=1 -DDMLC_LOG_BEFORE_THROW=0 -DDMLC_ENABLE_STD_THREAD=1 -DDMLC_DISABLE_STDIN=1 -DDMLC_LOG_CUSTOMIZE=1 -DXGBOOST_CUSTOMIZE_LOGGER=1 -DRABIT_CUSTOMIZE_MSG_  -I/home/th798/.conda/envs/emacs1/include -I/home/th798/include   -fopenmp -DDMLC_CMAKE_LITTLE_ENDIAN=1 -pthread -fvisibility=hidden -fpic  -g -O2  -c src/gbm/gbm.cc -o src/gbm/gbm.o
g++ -std=gnu++17 -I"/home/th798/R/R-4.3.2/include" -DNDEBUG -I./include -I./dmlc-core/include -I./rabit/include -I. -DXGBOOST_STRICT_R_MODE=1 -DDMLC_LOG_BEFORE_THROW=0 -DDMLC_ENABLE_STD_THREAD=1 -DDMLC_DISABLE_STDIN=1 -DDMLC_LOG_CUSTOMIZE=1 -DXGBOOST_CUSTOMIZE_LOGGER=1 -DRABIT_CUSTOMIZE_MSG_  -I/home/th798/.conda/envs/emacs1/include -I/home/th798/include   -fopenmp -DDMLC_CMAKE_LITTLE_ENDIAN=1 -pthread -fvisibility=hidden -fpic  -g -O2  -c src/gbm/gbtree.cc -o src/gbm/gbtree.o
g++ -std=gnu++17 -I"/home/th798/R/R-4.3.2/include" -DNDEBUG -I./include -I./dmlc-core/include -I./rabit/include -I. -DXGBOOST_STRICT_R_MODE=1 -DDMLC_LOG_BEFORE_THROW=0 -DDMLC_ENABLE_STD_THREAD=1 -DDMLC_DISABLE_STDIN=1 -DDMLC_LOG_CUSTOMIZE=1 -DXGBOOST_CUSTOMIZE_LOGGER=1 -DRABIT_CUSTOMIZE_MSG_  -I/home/th798/.conda/envs/emacs1/include -I/home/th798/include   -fopenmp -DDMLC_CMAKE_LITTLE_ENDIAN=1 -pthread -fvisibility=hidden -fpic  -g -O2  -c src/gbm/gbtree_model.cc -o src/gbm/gbtree_model.o
g++ -std=gnu++17 -I"/home/th798/R/R-4.3.2/include" -DNDEBUG -I./include -I./dmlc-core/include -I./rabit/include -I. -DXGBOOST_STRICT_R_MODE=1 -DDMLC_LOG_BEFORE_THROW=0 -DDMLC_ENABLE_STD_THREAD=1 -DDMLC_DISABLE_STDIN=1 -DDMLC_LOG_CUSTOMIZE=1 -DXGBOOST_CUSTOMIZE_LOGGER=1 -DRABIT_CUSTOMIZE_MSG_  -I/home/th798/.conda/envs/emacs1/include -I/home/th798/include   -fopenmp -DDMLC_CMAKE_LITTLE_ENDIAN=1 -pthread -fvisibility=hidden -fpic  -g -O2  -c src/gbm/gblinear.cc -o src/gbm/gblinear.o
g++ -std=gnu++17 -I"/home/th798/R/R-4.3.2/include" -DNDEBUG -I./include -I./dmlc-core/include -I./rabit/include -I. -DXGBOOST_STRICT_R_MODE=1 -DDMLC_LOG_BEFORE_THROW=0 -DDMLC_ENABLE_STD_THREAD=1 -DDMLC_DISABLE_STDIN=1 -DDMLC_LOG_CUSTOMIZE=1 -DXGBOOST_CUSTOMIZE_LOGGER=1 -DRABIT_CUSTOMIZE_MSG_  -I/home/th798/.conda/envs/emacs1/include -I/home/th798/include   -fopenmp -DDMLC_CMAKE_LITTLE_ENDIAN=1 -pthread -fvisibility=hidden -fpic  -g -O2  -c src/gbm/gblinear_model.cc -o src/gbm/gblinear_model.o
g++ -std=gnu++17 -I"/home/th798/R/R-4.3.2/include" -DNDEBUG -I./include -I./dmlc-core/include -I./rabit/include -I. -DXGBOOST_STRICT_R_MODE=1 -DDMLC_LOG_BEFORE_THROW=0 -DDMLC_ENABLE_STD_THREAD=1 -DDMLC_DISABLE_STDIN=1 -DDMLC_LOG_CUSTOMIZE=1 -DXGBOOST_CUSTOMIZE_LOGGER=1 -DRABIT_CUSTOMIZE_MSG_  -I/home/th798/.conda/envs/emacs1/include -I/home/th798/include   -fopenmp -DDMLC_CMAKE_LITTLE_ENDIAN=1 -pthread -fvisibility=hidden -fpic  -g -O2  -c src/data/simple_dmatrix.cc -o src/data/simple_dmatrix.o
g++ -std=gnu++17 -I"/home/th798/R/R-4.3.2/include" -DNDEBUG -I./include -I./dmlc-core/include -I./rabit/include -I. -DXGBOOST_STRICT_R_MODE=1 -DDMLC_LOG_BEFORE_THROW=0 -DDMLC_ENABLE_STD_THREAD=1 -DDMLC_DISABLE_STDIN=1 -DDMLC_LOG_CUSTOMIZE=1 -DXGBOOST_CUSTOMIZE_LOGGER=1 -DRABIT_CUSTOMIZE_MSG_  -I/home/th798/.conda/envs/emacs1/include -I/home/th798/include   -fopenmp -DDMLC_CMAKE_LITTLE_ENDIAN=1 -pthread -fvisibility=hidden -fpic  -g -O2  -c src/data/data.cc -o src/data/data.o
g++ -std=gnu++17 -I"/home/th798/R/R-4.3.2/include" -DNDEBUG -I./include -I./dmlc-core/include -I./rabit/include -I. -DXGBOOST_STRICT_R_MODE=1 -DDMLC_LOG_BEFORE_THROW=0 -DDMLC_ENABLE_STD_THREAD=1 -DDMLC_DISABLE_STDIN=1 -DDMLC_LOG_CUSTOMIZE=1 -DXGBOOST_CUSTOMIZE_LOGGER=1 -DRABIT_CUSTOMIZE_MSG_  -I/home/th798/.conda/envs/emacs1/include -I/home/th798/include   -fopenmp -DDMLC_CMAKE_LITTLE_ENDIAN=1 -pthread -fvisibility=hidden -fpic  -g -O2  -c src/data/sparse_page_raw_format.cc -o src/data/sparse_page_raw_format.o
g++ -std=gnu++17 -I"/home/th798/R/R-4.3.2/include" -DNDEBUG -I./include -I./dmlc-core/include -I./rabit/include -I. -DXGBOOST_STRICT_R_MODE=1 -DDMLC_LOG_BEFORE_THROW=0 -DDMLC_ENABLE_STD_THREAD=1 -DDMLC_DISABLE_STDIN=1 -DDMLC_LOG_CUSTOMIZE=1 -DXGBOOST_CUSTOMIZE_LOGGER=1 -DRABIT_CUSTOMIZE_MSG_  -I/home/th798/.conda/envs/emacs1/include -I/home/th798/include   -fopenmp -DDMLC_CMAKE_LITTLE_ENDIAN=1 -pthread -fvisibility=hidden -fpic  -g -O2  -c src/data/ellpack_page.cc -o src/data/ellpack_page.o
g++ -std=gnu++17 -I"/home/th798/R/R-4.3.2/include" -DNDEBUG -I./include -I./dmlc-core/include -I./rabit/include -I. -DXGBOOST_STRICT_R_MODE=1 -DDMLC_LOG_BEFORE_THROW=0 -DDMLC_ENABLE_STD_THREAD=1 -DDMLC_DISABLE_STDIN=1 -DDMLC_LOG_CUSTOMIZE=1 -DXGBOOST_CUSTOMIZE_LOGGER=1 -DRABIT_CUSTOMIZE_MSG_  -I/home/th798/.conda/envs/emacs1/include -I/home/th798/include   -fopenmp -DDMLC_CMAKE_LITTLE_ENDIAN=1 -pthread -fvisibility=hidden -fpic  -g -O2  -c src/data/gradient_index.cc -o src/data/gradient_index.o
g++ -std=gnu++17 -I"/home/th798/R/R-4.3.2/include" -DNDEBUG -I./include -I./dmlc-core/include -I./rabit/include -I. -DXGBOOST_STRICT_R_MODE=1 -DDMLC_LOG_BEFORE_THROW=0 -DDMLC_ENABLE_STD_THREAD=1 -DDMLC_DISABLE_STDIN=1 -DDMLC_LOG_CUSTOMIZE=1 -DXGBOOST_CUSTOMIZE_LOGGER=1 -DRABIT_CUSTOMIZE_MSG_  -I/home/th798/.conda/envs/emacs1/include -I/home/th798/include   -fopenmp -DDMLC_CMAKE_LITTLE_ENDIAN=1 -pthread -fvisibility=hidden -fpic  -g -O2  -c src/data/gradient_index_page_source.cc -o src/data/gradient_index_page_source.o
g++ -std=gnu++17 -I"/home/th798/R/R-4.3.2/include" -DNDEBUG -I./include -I./dmlc-core/include -I./rabit/include -I. -DXGBOOST_STRICT_R_MODE=1 -DDMLC_LOG_BEFORE_THROW=0 -DDMLC_ENABLE_STD_THREAD=1 -DDMLC_DISABLE_STDIN=1 -DDMLC_LOG_CUSTOMIZE=1 -DXGBOOST_CUSTOMIZE_LOGGER=1 -DRABIT_CUSTOMIZE_MSG_  -I/home/th798/.conda/envs/emacs1/include -I/home/th798/include   -fopenmp -DDMLC_CMAKE_LITTLE_ENDIAN=1 -pthread -fvisibility=hidden -fpic  -g -O2  -c src/data/gradient_index_format.cc -o src/data/gradient_index_format.o
g++ -std=gnu++17 -I"/home/th798/R/R-4.3.2/include" -DNDEBUG -I./include -I./dmlc-core/include -I./rabit/include -I. -DXGBOOST_STRICT_R_MODE=1 -DDMLC_LOG_BEFORE_THROW=0 -DDMLC_ENABLE_STD_THREAD=1 -DDMLC_DISABLE_STDIN=1 -DDMLC_LOG_CUSTOMIZE=1 -DXGBOOST_CUSTOMIZE_LOGGER=1 -DRABIT_CUSTOMIZE_MSG_  -I/home/th798/.conda/envs/emacs1/include -I/home/th798/include   -fopenmp -DDMLC_CMAKE_LITTLE_ENDIAN=1 -pthread -fvisibility=hidden -fpic  -g -O2  -c src/data/sparse_page_dmatrix.cc -o src/data/sparse_page_dmatrix.o
g++ -std=gnu++17 -I"/home/th798/R/R-4.3.2/include" -DNDEBUG -I./include -I./dmlc-core/include -I./rabit/include -I. -DXGBOOST_STRICT_R_MODE=1 -DDMLC_LOG_BEFORE_THROW=0 -DDMLC_ENABLE_STD_THREAD=1 -DDMLC_DISABLE_STDIN=1 -DDMLC_LOG_CUSTOMIZE=1 -DXGBOOST_CUSTOMIZE_LOGGER=1 -DRABIT_CUSTOMIZE_MSG_  -I/home/th798/.conda/envs/emacs1/include -I/home/th798/include   -fopenmp -DDMLC_CMAKE_LITTLE_ENDIAN=1 -pthread -fvisibility=hidden -fpic  -g -O2  -c src/data/proxy_dmatrix.cc -o src/data/proxy_dmatrix.o
g++ -std=gnu++17 -I"/home/th798/R/R-4.3.2/include" -DNDEBUG -I./include -I./dmlc-core/include -I./rabit/include -I. -DXGBOOST_STRICT_R_MODE=1 -DDMLC_LOG_BEFORE_THROW=0 -DDMLC_ENABLE_STD_THREAD=1 -DDMLC_DISABLE_STDIN=1 -DDMLC_LOG_CUSTOMIZE=1 -DXGBOOST_CUSTOMIZE_LOGGER=1 -DRABIT_CUSTOMIZE_MSG_  -I/home/th798/.conda/envs/emacs1/include -I/home/th798/include   -fopenmp -DDMLC_CMAKE_LITTLE_ENDIAN=1 -pthread -fvisibility=hidden -fpic  -g -O2  -c src/data/iterative_dmatrix.cc -o src/data/iterative_dmatrix.o
g++ -std=gnu++17 -I"/home/th798/R/R-4.3.2/include" -DNDEBUG -I./include -I./dmlc-core/include -I./rabit/include -I. -DXGBOOST_STRICT_R_MODE=1 -DDMLC_LOG_BEFORE_THROW=0 -DDMLC_ENABLE_STD_THREAD=1 -DDMLC_DISABLE_STDIN=1 -DDMLC_LOG_CUSTOMIZE=1 -DXGBOOST_CUSTOMIZE_LOGGER=1 -DRABIT_CUSTOMIZE_MSG_  -I/home/th798/.conda/envs/emacs1/include -I/home/th798/include   -fopenmp -DDMLC_CMAKE_LITTLE_ENDIAN=1 -pthread -fvisibility=hidden -fpic  -g -O2  -c src/predictor/predictor.cc -o src/predictor/predictor.o
g++ -std=gnu++17 -I"/home/th798/R/R-4.3.2/include" -DNDEBUG -I./include -I./dmlc-core/include -I./rabit/include -I. -DXGBOOST_STRICT_R_MODE=1 -DDMLC_LOG_BEFORE_THROW=0 -DDMLC_ENABLE_STD_THREAD=1 -DDMLC_DISABLE_STDIN=1 -DDMLC_LOG_CUSTOMIZE=1 -DXGBOOST_CUSTOMIZE_LOGGER=1 -DRABIT_CUSTOMIZE_MSG_  -I/home/th798/.conda/envs/emacs1/include -I/home/th798/include   -fopenmp -DDMLC_CMAKE_LITTLE_ENDIAN=1 -pthread -fvisibility=hidden -fpic  -g -O2  -c src/predictor/cpu_predictor.cc -o src/predictor/cpu_predictor.o
g++ -std=gnu++17 -I"/home/th798/R/R-4.3.2/include" -DNDEBUG -I./include -I./dmlc-core/include -I./rabit/include -I. -DXGBOOST_STRICT_R_MODE=1 -DDMLC_LOG_BEFORE_THROW=0 -DDMLC_ENABLE_STD_THREAD=1 -DDMLC_DISABLE_STDIN=1 -DDMLC_LOG_CUSTOMIZE=1 -DXGBOOST_CUSTOMIZE_LOGGER=1 -DRABIT_CUSTOMIZE_MSG_  -I/home/th798/.conda/envs/emacs1/include -I/home/th798/include   -fopenmp -DDMLC_CMAKE_LITTLE_ENDIAN=1 -pthread -fvisibility=hidden -fpic  -g -O2  -c src/tree/constraints.cc -o src/tree/constraints.o
g++ -std=gnu++17 -I"/home/th798/R/R-4.3.2/include" -DNDEBUG -I./include -I./dmlc-core/include -I./rabit/include -I. -DXGBOOST_STRICT_R_MODE=1 -DDMLC_LOG_BEFORE_THROW=0 -DDMLC_ENABLE_STD_THREAD=1 -DDMLC_DISABLE_STDIN=1 -DDMLC_LOG_CUSTOMIZE=1 -DXGBOOST_CUSTOMIZE_LOGGER=1 -DRABIT_CUSTOMIZE_MSG_  -I/home/th798/.conda/envs/emacs1/include -I/home/th798/include   -fopenmp -DDMLC_CMAKE_LITTLE_ENDIAN=1 -pthread -fvisibility=hidden -fpic  -g -O2  -c src/tree/param.cc -o src/tree/param.o
g++ -std=gnu++17 -I"/home/th798/R/R-4.3.2/include" -DNDEBUG -I./include -I./dmlc-core/include -I./rabit/include -I. -DXGBOOST_STRICT_R_MODE=1 -DDMLC_LOG_BEFORE_THROW=0 -DDMLC_ENABLE_STD_THREAD=1 -DDMLC_DISABLE_STDIN=1 -DDMLC_LOG_CUSTOMIZE=1 -DXGBOOST_CUSTOMIZE_LOGGER=1 -DRABIT_CUSTOMIZE_MSG_  -I/home/th798/.conda/envs/emacs1/include -I/home/th798/include   -fopenmp -DDMLC_CMAKE_LITTLE_ENDIAN=1 -pthread -fvisibility=hidden -fpic  -g -O2  -c src/tree/tree_model.cc -o src/tree/tree_model.o
g++ -std=gnu++17 -I"/home/th798/R/R-4.3.2/include" -DNDEBUG -I./include -I./dmlc-core/include -I./rabit/include -I. -DXGBOOST_STRICT_R_MODE=1 -DDMLC_LOG_BEFORE_THROW=0 -DDMLC_ENABLE_STD_THREAD=1 -DDMLC_DISABLE_STDIN=1 -DDMLC_LOG_CUSTOMIZE=1 -DXGBOOST_CUSTOMIZE_LOGGER=1 -DRABIT_CUSTOMIZE_MSG_  -I/home/th798/.conda/envs/emacs1/include -I/home/th798/include   -fopenmp -DDMLC_CMAKE_LITTLE_ENDIAN=1 -pthread -fvisibility=hidden -fpic  -g -O2  -c src/tree/tree_updater.cc -o src/tree/tree_updater.o
g++ -std=gnu++17 -I"/home/th798/R/R-4.3.2/include" -DNDEBUG -I./include -I./dmlc-core/include -I./rabit/include -I. -DXGBOOST_STRICT_R_MODE=1 -DDMLC_LOG_BEFORE_THROW=0 -DDMLC_ENABLE_STD_THREAD=1 -DDMLC_DISABLE_STDIN=1 -DDMLC_LOG_CUSTOMIZE=1 -DXGBOOST_CUSTOMIZE_LOGGER=1 -DRABIT_CUSTOMIZE_MSG_  -I/home/th798/.conda/envs/emacs1/include -I/home/th798/include   -fopenmp -DDMLC_CMAKE_LITTLE_ENDIAN=1 -pthread -fvisibility=hidden -fpic  -g -O2  -c src/tree/updater_approx.cc -o src/tree/updater_approx.o
g++ -std=gnu++17 -I"/home/th798/R/R-4.3.2/include" -DNDEBUG -I./include -I./dmlc-core/include -I./rabit/include -I. -DXGBOOST_STRICT_R_MODE=1 -DDMLC_LOG_BEFORE_THROW=0 -DDMLC_ENABLE_STD_THREAD=1 -DDMLC_DISABLE_STDIN=1 -DDMLC_LOG_CUSTOMIZE=1 -DXGBOOST_CUSTOMIZE_LOGGER=1 -DRABIT_CUSTOMIZE_MSG_  -I/home/th798/.conda/envs/emacs1/include -I/home/th798/include   -fopenmp -DDMLC_CMAKE_LITTLE_ENDIAN=1 -pthread -fvisibility=hidden -fpic  -g -O2  -c src/tree/updater_colmaker.cc -o src/tree/updater_colmaker.o
g++ -std=gnu++17 -I"/home/th798/R/R-4.3.2/include" -DNDEBUG -I./include -I./dmlc-core/include -I./rabit/include -I. -DXGBOOST_STRICT_R_MODE=1 -DDMLC_LOG_BEFORE_THROW=0 -DDMLC_ENABLE_STD_THREAD=1 -DDMLC_DISABLE_STDIN=1 -DDMLC_LOG_CUSTOMIZE=1 -DXGBOOST_CUSTOMIZE_LOGGER=1 -DRABIT_CUSTOMIZE_MSG_  -I/home/th798/.conda/envs/emacs1/include -I/home/th798/include   -fopenmp -DDMLC_CMAKE_LITTLE_ENDIAN=1 -pthread -fvisibility=hidden -fpic  -g -O2  -c src/tree/updater_prune.cc -o src/tree/updater_prune.o
g++ -std=gnu++17 -I"/home/th798/R/R-4.3.2/include" -DNDEBUG -I./include -I./dmlc-core/include -I./rabit/include -I. -DXGBOOST_STRICT_R_MODE=1 -DDMLC_LOG_BEFORE_THROW=0 -DDMLC_ENABLE_STD_THREAD=1 -DDMLC_DISABLE_STDIN=1 -DDMLC_LOG_CUSTOMIZE=1 -DXGBOOST_CUSTOMIZE_LOGGER=1 -DRABIT_CUSTOMIZE_MSG_  -I/home/th798/.conda/envs/emacs1/include -I/home/th798/include   -fopenmp -DDMLC_CMAKE_LITTLE_ENDIAN=1 -pthread -fvisibility=hidden -fpic  -g -O2  -c src/tree/updater_quantile_hist.cc -o src/tree/updater_quantile_hist.o
g++ -std=gnu++17 -I"/home/th798/R/R-4.3.2/include" -DNDEBUG -I./include -I./dmlc-core/include -I./rabit/include -I. -DXGBOOST_STRICT_R_MODE=1 -DDMLC_LOG_BEFORE_THROW=0 -DDMLC_ENABLE_STD_THREAD=1 -DDMLC_DISABLE_STDIN=1 -DDMLC_LOG_CUSTOMIZE=1 -DXGBOOST_CUSTOMIZE_LOGGER=1 -DRABIT_CUSTOMIZE_MSG_  -I/home/th798/.conda/envs/emacs1/include -I/home/th798/include   -fopenmp -DDMLC_CMAKE_LITTLE_ENDIAN=1 -pthread -fvisibility=hidden -fpic  -g -O2  -c src/tree/updater_refresh.cc -o src/tree/updater_refresh.o
g++ -std=gnu++17 -I"/home/th798/R/R-4.3.2/include" -DNDEBUG -I./include -I./dmlc-core/include -I./rabit/include -I. -DXGBOOST_STRICT_R_MODE=1 -DDMLC_LOG_BEFORE_THROW=0 -DDMLC_ENABLE_STD_THREAD=1 -DDMLC_DISABLE_STDIN=1 -DDMLC_LOG_CUSTOMIZE=1 -DXGBOOST_CUSTOMIZE_LOGGER=1 -DRABIT_CUSTOMIZE_MSG_  -I/home/th798/.conda/envs/emacs1/include -I/home/th798/include   -fopenmp -DDMLC_CMAKE_LITTLE_ENDIAN=1 -pthread -fvisibility=hidden -fpic  -g -O2  -c src/tree/updater_sync.cc -o src/tree/updater_sync.o
g++ -std=gnu++17 -I"/home/th798/R/R-4.3.2/include" -DNDEBUG -I./include -I./dmlc-core/include -I./rabit/include -I. -DXGBOOST_STRICT_R_MODE=1 -DDMLC_LOG_BEFORE_THROW=0 -DDMLC_ENABLE_STD_THREAD=1 -DDMLC_DISABLE_STDIN=1 -DDMLC_LOG_CUSTOMIZE=1 -DXGBOOST_CUSTOMIZE_LOGGER=1 -DRABIT_CUSTOMIZE_MSG_  -I/home/th798/.conda/envs/emacs1/include -I/home/th798/include   -fopenmp -DDMLC_CMAKE_LITTLE_ENDIAN=1 -pthread -fvisibility=hidden -fpic  -g -O2  -c src/linear/linear_updater.cc -o src/linear/linear_updater.o
g++ -std=gnu++17 -I"/home/th798/R/R-4.3.2/include" -DNDEBUG -I./include -I./dmlc-core/include -I./rabit/include -I. -DXGBOOST_STRICT_R_MODE=1 -DDMLC_LOG_BEFORE_THROW=0 -DDMLC_ENABLE_STD_THREAD=1 -DDMLC_DISABLE_STDIN=1 -DDMLC_LOG_CUSTOMIZE=1 -DXGBOOST_CUSTOMIZE_LOGGER=1 -DRABIT_CUSTOMIZE_MSG_  -I/home/th798/.conda/envs/emacs1/include -I/home/th798/include   -fopenmp -DDMLC_CMAKE_LITTLE_ENDIAN=1 -pthread -fvisibility=hidden -fpic  -g -O2  -c src/linear/updater_coordinate.cc -o src/linear/updater_coordinate.o
g++ -std=gnu++17 -I"/home/th798/R/R-4.3.2/include" -DNDEBUG -I./include -I./dmlc-core/include -I./rabit/include -I. -DXGBOOST_STRICT_R_MODE=1 -DDMLC_LOG_BEFORE_THROW=0 -DDMLC_ENABLE_STD_THREAD=1 -DDMLC_DISABLE_STDIN=1 -DDMLC_LOG_CUSTOMIZE=1 -DXGBOOST_CUSTOMIZE_LOGGER=1 -DRABIT_CUSTOMIZE_MSG_  -I/home/th798/.conda/envs/emacs1/include -I/home/th798/include   -fopenmp -DDMLC_CMAKE_LITTLE_ENDIAN=1 -pthread -fvisibility=hidden -fpic  -g -O2  -c src/linear/updater_shotgun.cc -o src/linear/updater_shotgun.o
g++ -std=gnu++17 -I"/home/th798/R/R-4.3.2/include" -DNDEBUG -I./include -I./dmlc-core/include -I./rabit/include -I. -DXGBOOST_STRICT_R_MODE=1 -DDMLC_LOG_BEFORE_THROW=0 -DDMLC_ENABLE_STD_THREAD=1 -DDMLC_DISABLE_STDIN=1 -DDMLC_LOG_CUSTOMIZE=1 -DXGBOOST_CUSTOMIZE_LOGGER=1 -DRABIT_CUSTOMIZE_MSG_  -I/home/th798/.conda/envs/emacs1/include -I/home/th798/include   -fopenmp -DDMLC_CMAKE_LITTLE_ENDIAN=1 -pthread -fvisibility=hidden -fpic  -g -O2  -c src/learner.cc -o src/learner.o
g++ -std=gnu++17 -I"/home/th798/R/R-4.3.2/include" -DNDEBUG -I./include -I./dmlc-core/include -I./rabit/include -I. -DXGBOOST_STRICT_R_MODE=1 -DDMLC_LOG_BEFORE_THROW=0 -DDMLC_ENABLE_STD_THREAD=1 -DDMLC_DISABLE_STDIN=1 -DDMLC_LOG_CUSTOMIZE=1 -DXGBOOST_CUSTOMIZE_LOGGER=1 -DRABIT_CUSTOMIZE_MSG_  -I/home/th798/.conda/envs/emacs1/include -I/home/th798/include   -fopenmp -DDMLC_CMAKE_LITTLE_ENDIAN=1 -pthread -fvisibility=hidden -fpic  -g -O2  -c src/logging.cc -o src/logging.o
g++ -std=gnu++17 -I"/home/th798/R/R-4.3.2/include" -DNDEBUG -I./include -I./dmlc-core/include -I./rabit/include -I. -DXGBOOST_STRICT_R_MODE=1 -DDMLC_LOG_BEFORE_THROW=0 -DDMLC_ENABLE_STD_THREAD=1 -DDMLC_DISABLE_STDIN=1 -DDMLC_LOG_CUSTOMIZE=1 -DXGBOOST_CUSTOMIZE_LOGGER=1 -DRABIT_CUSTOMIZE_MSG_  -I/home/th798/.conda/envs/emacs1/include -I/home/th798/include   -fopenmp -DDMLC_CMAKE_LITTLE_ENDIAN=1 -pthread -fvisibility=hidden -fpic  -g -O2  -c src/global_config.cc -o src/global_config.o
g++ -std=gnu++17 -I"/home/th798/R/R-4.3.2/include" -DNDEBUG -I./include -I./dmlc-core/include -I./rabit/include -I. -DXGBOOST_STRICT_R_MODE=1 -DDMLC_LOG_BEFORE_THROW=0 -DDMLC_ENABLE_STD_THREAD=1 -DDMLC_DISABLE_STDIN=1 -DDMLC_LOG_CUSTOMIZE=1 -DXGBOOST_CUSTOMIZE_LOGGER=1 -DRABIT_CUSTOMIZE_MSG_  -I/home/th798/.conda/envs/emacs1/include -I/home/th798/include   -fopenmp -DDMLC_CMAKE_LITTLE_ENDIAN=1 -pthread -fvisibility=hidden -fpic  -g -O2  -c src/collective/communicator.cc -o src/collective/communicator.o
g++ -std=gnu++17 -I"/home/th798/R/R-4.3.2/include" -DNDEBUG -I./include -I./dmlc-core/include -I./rabit/include -I. -DXGBOOST_STRICT_R_MODE=1 -DDMLC_LOG_BEFORE_THROW=0 -DDMLC_ENABLE_STD_THREAD=1 -DDMLC_DISABLE_STDIN=1 -DDMLC_LOG_CUSTOMIZE=1 -DXGBOOST_CUSTOMIZE_LOGGER=1 -DRABIT_CUSTOMIZE_MSG_  -I/home/th798/.conda/envs/emacs1/include -I/home/th798/include   -fopenmp -DDMLC_CMAKE_LITTLE_ENDIAN=1 -pthread -fvisibility=hidden -fpic  -g -O2  -c src/collective/socket.cc -o src/collective/socket.o
g++ -std=gnu++17 -I"/home/th798/R/R-4.3.2/include" -DNDEBUG -I./include -I./dmlc-core/include -I./rabit/include -I. -DXGBOOST_STRICT_R_MODE=1 -DDMLC_LOG_BEFORE_THROW=0 -DDMLC_ENABLE_STD_THREAD=1 -DDMLC_DISABLE_STDIN=1 -DDMLC_LOG_CUSTOMIZE=1 -DXGBOOST_CUSTOMIZE_LOGGER=1 -DRABIT_CUSTOMIZE_MSG_  -I/home/th798/.conda/envs/emacs1/include -I/home/th798/include   -fopenmp -DDMLC_CMAKE_LITTLE_ENDIAN=1 -pthread -fvisibility=hidden -fpic  -g -O2  -c src/common/charconv.cc -o src/common/charconv.o
g++ -std=gnu++17 -I"/home/th798/R/R-4.3.2/include" -DNDEBUG -I./include -I./dmlc-core/include -I./rabit/include -I. -DXGBOOST_STRICT_R_MODE=1 -DDMLC_LOG_BEFORE_THROW=0 -DDMLC_ENABLE_STD_THREAD=1 -DDMLC_DISABLE_STDIN=1 -DDMLC_LOG_CUSTOMIZE=1 -DXGBOOST_CUSTOMIZE_LOGGER=1 -DRABIT_CUSTOMIZE_MSG_  -I/home/th798/.conda/envs/emacs1/include -I/home/th798/include   -fopenmp -DDMLC_CMAKE_LITTLE_ENDIAN=1 -pthread -fvisibility=hidden -fpic  -g -O2  -c src/common/column_matrix.cc -o src/common/column_matrix.o
g++ -std=gnu++17 -I"/home/th798/R/R-4.3.2/include" -DNDEBUG -I./include -I./dmlc-core/include -I./rabit/include -I. -DXGBOOST_STRICT_R_MODE=1 -DDMLC_LOG_BEFORE_THROW=0 -DDMLC_ENABLE_STD_THREAD=1 -DDMLC_DISABLE_STDIN=1 -DDMLC_LOG_CUSTOMIZE=1 -DXGBOOST_CUSTOMIZE_LOGGER=1 -DRABIT_CUSTOMIZE_MSG_  -I/home/th798/.conda/envs/emacs1/include -I/home/th798/include   -fopenmp -DDMLC_CMAKE_LITTLE_ENDIAN=1 -pthread -fvisibility=hidden -fpic  -g -O2  -c src/common/common.cc -o src/common/common.o
g++ -std=gnu++17 -I"/home/th798/R/R-4.3.2/include" -DNDEBUG -I./include -I./dmlc-core/include -I./rabit/include -I. -DXGBOOST_STRICT_R_MODE=1 -DDMLC_LOG_BEFORE_THROW=0 -DDMLC_ENABLE_STD_THREAD=1 -DDMLC_DISABLE_STDIN=1 -DDMLC_LOG_CUSTOMIZE=1 -DXGBOOST_CUSTOMIZE_LOGGER=1 -DRABIT_CUSTOMIZE_MSG_  -I/home/th798/.conda/envs/emacs1/include -I/home/th798/include   -fopenmp -DDMLC_CMAKE_LITTLE_ENDIAN=1 -pthread -fvisibility=hidden -fpic  -g -O2  -c src/common/hist_util.cc -o src/common/hist_util.o
g++ -std=gnu++17 -I"/home/th798/R/R-4.3.2/include" -DNDEBUG -I./include -I./dmlc-core/include -I./rabit/include -I. -DXGBOOST_STRICT_R_MODE=1 -DDMLC_LOG_BEFORE_THROW=0 -DDMLC_ENABLE_STD_THREAD=1 -DDMLC_DISABLE_STDIN=1 -DDMLC_LOG_CUSTOMIZE=1 -DXGBOOST_CUSTOMIZE_LOGGER=1 -DRABIT_CUSTOMIZE_MSG_  -I/home/th798/.conda/envs/emacs1/include -I/home/th798/include   -fopenmp -DDMLC_CMAKE_LITTLE_ENDIAN=1 -pthread -fvisibility=hidden -fpic  -g -O2  -c src/common/host_device_vector.cc -o src/common/host_device_vector.o
g++ -std=gnu++17 -I"/home/th798/R/R-4.3.2/include" -DNDEBUG -I./include -I./dmlc-core/include -I./rabit/include -I. -DXGBOOST_STRICT_R_MODE=1 -DDMLC_LOG_BEFORE_THROW=0 -DDMLC_ENABLE_STD_THREAD=1 -DDMLC_DISABLE_STDIN=1 -DDMLC_LOG_CUSTOMIZE=1 -DXGBOOST_CUSTOMIZE_LOGGER=1 -DRABIT_CUSTOMIZE_MSG_  -I/home/th798/.conda/envs/emacs1/include -I/home/th798/include   -fopenmp -DDMLC_CMAKE_LITTLE_ENDIAN=1 -pthread -fvisibility=hidden -fpic  -g -O2  -c src/common/io.cc -o src/common/io.o
g++ -std=gnu++17 -I"/home/th798/R/R-4.3.2/include" -DNDEBUG -I./include -I./dmlc-core/include -I./rabit/include -I. -DXGBOOST_STRICT_R_MODE=1 -DDMLC_LOG_BEFORE_THROW=0 -DDMLC_ENABLE_STD_THREAD=1 -DDMLC_DISABLE_STDIN=1 -DDMLC_LOG_CUSTOMIZE=1 -DXGBOOST_CUSTOMIZE_LOGGER=1 -DRABIT_CUSTOMIZE_MSG_  -I/home/th798/.conda/envs/emacs1/include -I/home/th798/include   -fopenmp -DDMLC_CMAKE_LITTLE_ENDIAN=1 -pthread -fvisibility=hidden -fpic  -g -O2  -c src/common/json.cc -o src/common/json.o
g++ -std=gnu++17 -I"/home/th798/R/R-4.3.2/include" -DNDEBUG -I./include -I./dmlc-core/include -I./rabit/include -I. -DXGBOOST_STRICT_R_MODE=1 -DDMLC_LOG_BEFORE_THROW=0 -DDMLC_ENABLE_STD_THREAD=1 -DDMLC_DISABLE_STDIN=1 -DDMLC_LOG_CUSTOMIZE=1 -DXGBOOST_CUSTOMIZE_LOGGER=1 -DRABIT_CUSTOMIZE_MSG_  -I/home/th798/.conda/envs/emacs1/include -I/home/th798/include   -fopenmp -DDMLC_CMAKE_LITTLE_ENDIAN=1 -pthread -fvisibility=hidden -fpic  -g -O2  -c src/common/numeric.cc -o src/common/numeric.o
g++ -std=gnu++17 -I"/home/th798/R/R-4.3.2/include" -DNDEBUG -I./include -I./dmlc-core/include -I./rabit/include -I. -DXGBOOST_STRICT_R_MODE=1 -DDMLC_LOG_BEFORE_THROW=0 -DDMLC_ENABLE_STD_THREAD=1 -DDMLC_DISABLE_STDIN=1 -DDMLC_LOG_CUSTOMIZE=1 -DXGBOOST_CUSTOMIZE_LOGGER=1 -DRABIT_CUSTOMIZE_MSG_  -I/home/th798/.conda/envs/emacs1/include -I/home/th798/include   -fopenmp -DDMLC_CMAKE_LITTLE_ENDIAN=1 -pthread -fvisibility=hidden -fpic  -g -O2  -c src/common/pseudo_huber.cc -o src/common/pseudo_huber.o
g++ -std=gnu++17 -I"/home/th798/R/R-4.3.2/include" -DNDEBUG -I./include -I./dmlc-core/include -I./rabit/include -I. -DXGBOOST_STRICT_R_MODE=1 -DDMLC_LOG_BEFORE_THROW=0 -DDMLC_ENABLE_STD_THREAD=1 -DDMLC_DISABLE_STDIN=1 -DDMLC_LOG_CUSTOMIZE=1 -DXGBOOST_CUSTOMIZE_LOGGER=1 -DRABIT_CUSTOMIZE_MSG_  -I/home/th798/.conda/envs/emacs1/include -I/home/th798/include   -fopenmp -DDMLC_CMAKE_LITTLE_ENDIAN=1 -pthread -fvisibility=hidden -fpic  -g -O2  -c src/common/quantile.cc -o src/common/quantile.o
g++ -std=gnu++17 -I"/home/th798/R/R-4.3.2/include" -DNDEBUG -I./include -I./dmlc-core/include -I./rabit/include -I. -DXGBOOST_STRICT_R_MODE=1 -DDMLC_LOG_BEFORE_THROW=0 -DDMLC_ENABLE_STD_THREAD=1 -DDMLC_DISABLE_STDIN=1 -DDMLC_LOG_CUSTOMIZE=1 -DXGBOOST_CUSTOMIZE_LOGGER=1 -DRABIT_CUSTOMIZE_MSG_  -I/home/th798/.conda/envs/emacs1/include -I/home/th798/include   -fopenmp -DDMLC_CMAKE_LITTLE_ENDIAN=1 -pthread -fvisibility=hidden -fpic  -g -O2  -c src/common/random.cc -o src/common/random.o
g++ -std=gnu++17 -I"/home/th798/R/R-4.3.2/include" -DNDEBUG -I./include -I./dmlc-core/include -I./rabit/include -I. -DXGBOOST_STRICT_R_MODE=1 -DDMLC_LOG_BEFORE_THROW=0 -DDMLC_ENABLE_STD_THREAD=1 -DDMLC_DISABLE_STDIN=1 -DDMLC_LOG_CUSTOMIZE=1 -DXGBOOST_CUSTOMIZE_LOGGER=1 -DRABIT_CUSTOMIZE_MSG_  -I/home/th798/.conda/envs/emacs1/include -I/home/th798/include   -fopenmp -DDMLC_CMAKE_LITTLE_ENDIAN=1 -pthread -fvisibility=hidden -fpic  -g -O2  -c src/common/survival_util.cc -o src/common/survival_util.o
g++ -std=gnu++17 -I"/home/th798/R/R-4.3.2/include" -DNDEBUG -I./include -I./dmlc-core/include -I./rabit/include -I. -DXGBOOST_STRICT_R_MODE=1 -DDMLC_LOG_BEFORE_THROW=0 -DDMLC_ENABLE_STD_THREAD=1 -DDMLC_DISABLE_STDIN=1 -DDMLC_LOG_CUSTOMIZE=1 -DXGBOOST_CUSTOMIZE_LOGGER=1 -DRABIT_CUSTOMIZE_MSG_  -I/home/th798/.conda/envs/emacs1/include -I/home/th798/include   -fopenmp -DDMLC_CMAKE_LITTLE_ENDIAN=1 -pthread -fvisibility=hidden -fpic  -g -O2  -c src/common/threading_utils.cc -o src/common/threading_utils.o
g++ -std=gnu++17 -I"/home/th798/R/R-4.3.2/include" -DNDEBUG -I./include -I./dmlc-core/include -I./rabit/include -I. -DXGBOOST_STRICT_R_MODE=1 -DDMLC_LOG_BEFORE_THROW=0 -DDMLC_ENABLE_STD_THREAD=1 -DDMLC_DISABLE_STDIN=1 -DDMLC_LOG_CUSTOMIZE=1 -DXGBOOST_CUSTOMIZE_LOGGER=1 -DRABIT_CUSTOMIZE_MSG_  -I/home/th798/.conda/envs/emacs1/include -I/home/th798/include   -fopenmp -DDMLC_CMAKE_LITTLE_ENDIAN=1 -pthread -fvisibility=hidden -fpic  -g -O2  -c src/common/timer.cc -o src/common/timer.o
g++ -std=gnu++17 -I"/home/th798/R/R-4.3.2/include" -DNDEBUG -I./include -I./dmlc-core/include -I./rabit/include -I. -DXGBOOST_STRICT_R_MODE=1 -DDMLC_LOG_BEFORE_THROW=0 -DDMLC_ENABLE_STD_THREAD=1 -DDMLC_DISABLE_STDIN=1 -DDMLC_LOG_CUSTOMIZE=1 -DXGBOOST_CUSTOMIZE_LOGGER=1 -DRABIT_CUSTOMIZE_MSG_  -I/home/th798/.conda/envs/emacs1/include -I/home/th798/include   -fopenmp -DDMLC_CMAKE_LITTLE_ENDIAN=1 -pthread -fvisibility=hidden -fpic  -g -O2  -c src/common/version.cc -o src/common/version.o
g++ -std=gnu++17 -I"/home/th798/R/R-4.3.2/include" -DNDEBUG -I./include -I./dmlc-core/include -I./rabit/include -I. -DXGBOOST_STRICT_R_MODE=1 -DDMLC_LOG_BEFORE_THROW=0 -DDMLC_ENABLE_STD_THREAD=1 -DDMLC_DISABLE_STDIN=1 -DDMLC_LOG_CUSTOMIZE=1 -DXGBOOST_CUSTOMIZE_LOGGER=1 -DRABIT_CUSTOMIZE_MSG_  -I/home/th798/.conda/envs/emacs1/include -I/home/th798/include   -fopenmp -DDMLC_CMAKE_LITTLE_ENDIAN=1 -pthread -fvisibility=hidden -fpic  -g -O2  -c src/c_api/c_api.cc -o src/c_api/c_api.o
g++ -std=gnu++17 -I"/home/th798/R/R-4.3.2/include" -DNDEBUG -I./include -I./dmlc-core/include -I./rabit/include -I. -DXGBOOST_STRICT_R_MODE=1 -DDMLC_LOG_BEFORE_THROW=0 -DDMLC_ENABLE_STD_THREAD=1 -DDMLC_DISABLE_STDIN=1 -DDMLC_LOG_CUSTOMIZE=1 -DXGBOOST_CUSTOMIZE_LOGGER=1 -DRABIT_CUSTOMIZE_MSG_  -I/home/th798/.conda/envs/emacs1/include -I/home/th798/include   -fopenmp -DDMLC_CMAKE_LITTLE_ENDIAN=1 -pthread -fvisibility=hidden -fpic  -g -O2  -c src/c_api/c_api_error.cc -o src/c_api/c_api_error.o
g++ -std=gnu++17 -I"/home/th798/R/R-4.3.2/include" -DNDEBUG -I./include -I./dmlc-core/include -I./rabit/include -I. -DXGBOOST_STRICT_R_MODE=1 -DDMLC_LOG_BEFORE_THROW=0 -DDMLC_ENABLE_STD_THREAD=1 -DDMLC_DISABLE_STDIN=1 -DDMLC_LOG_CUSTOMIZE=1 -DXGBOOST_CUSTOMIZE_LOGGER=1 -DRABIT_CUSTOMIZE_MSG_  -I/home/th798/.conda/envs/emacs1/include -I/home/th798/include   -fopenmp -DDMLC_CMAKE_LITTLE_ENDIAN=1 -pthread -fvisibility=hidden -fpic  -g -O2  -c amalgamation/dmlc-minimum0.cc -o amalgamation/dmlc-minimum0.o
g++ -std=gnu++17 -I"/home/th798/R/R-4.3.2/include" -DNDEBUG -I./include -I./dmlc-core/include -I./rabit/include -I. -DXGBOOST_STRICT_R_MODE=1 -DDMLC_LOG_BEFORE_THROW=0 -DDMLC_ENABLE_STD_THREAD=1 -DDMLC_DISABLE_STDIN=1 -DDMLC_LOG_CUSTOMIZE=1 -DXGBOOST_CUSTOMIZE_LOGGER=1 -DRABIT_CUSTOMIZE_MSG_  -I/home/th798/.conda/envs/emacs1/include -I/home/th798/include   -fopenmp -DDMLC_CMAKE_LITTLE_ENDIAN=1 -pthread -fvisibility=hidden -fpic  -g -O2  -c rabit/src/engine.cc -o rabit/src/engine.o
g++ -std=gnu++17 -I"/home/th798/R/R-4.3.2/include" -DNDEBUG -I./include -I./dmlc-core/include -I./rabit/include -I. -DXGBOOST_STRICT_R_MODE=1 -DDMLC_LOG_BEFORE_THROW=0 -DDMLC_ENABLE_STD_THREAD=1 -DDMLC_DISABLE_STDIN=1 -DDMLC_LOG_CUSTOMIZE=1 -DXGBOOST_CUSTOMIZE_LOGGER=1 -DRABIT_CUSTOMIZE_MSG_  -I/home/th798/.conda/envs/emacs1/include -I/home/th798/include   -fopenmp -DDMLC_CMAKE_LITTLE_ENDIAN=1 -pthread -fvisibility=hidden -fpic  -g -O2  -c rabit/src/rabit_c_api.cc -o rabit/src/rabit_c_api.o
g++ -std=gnu++17 -I"/home/th798/R/R-4.3.2/include" -DNDEBUG -I./include -I./dmlc-core/include -I./rabit/include -I. -DXGBOOST_STRICT_R_MODE=1 -DDMLC_LOG_BEFORE_THROW=0 -DDMLC_ENABLE_STD_THREAD=1 -DDMLC_DISABLE_STDIN=1 -DDMLC_LOG_CUSTOMIZE=1 -DXGBOOST_CUSTOMIZE_LOGGER=1 -DRABIT_CUSTOMIZE_MSG_  -I/home/th798/.conda/envs/emacs1/include -I/home/th798/include   -fopenmp -DDMLC_CMAKE_LITTLE_ENDIAN=1 -pthread -fvisibility=hidden -fpic  -g -O2  -c rabit/src/allreduce_base.cc -o rabit/src/allreduce_base.o
g++ -std=gnu++17 -shared -L/home/th798/.conda/envs/emacs1/lib -Wl,-rpath=/home/th798/.conda/envs/emacs1/lib -L/home/th798/lib -Wl,-rpath=/home/th798/lib -L/home/th798/lib64 -Wl,-rpath=/home/th798/lib64 -o xgboost.so ./xgboost_R.o ./xgboost_custom.o ./init.o ./src/metric/metric.o ./src/metric/elementwise_metric.o ./src/metric/multiclass_metric.o ./src/metric/rank_metric.o ./src/metric/auc.o ./src/metric/survival_metric.o ./src/objective/objective.o ./src/objective/regression_obj.o ./src/objective/multiclass_obj.o ./src/objective/rank_obj.o ./src/objective/hinge.o ./src/objective/aft_obj.o ./src/objective/adaptive.o ./src/gbm/gbm.o ./src/gbm/gbtree.o ./src/gbm/gbtree_model.o ./src/gbm/gblinear.o ./src/gbm/gblinear_model.o ./src/data/simple_dmatrix.o ./src/data/data.o ./src/data/sparse_page_raw_format.o ./src/data/ellpack_page.o ./src/data/gradient_index.o ./src/data/gradient_index_page_source.o ./src/data/gradient_index_format.o ./src/data/sparse_page_dmatrix.o ./src/data/proxy_dmatrix.o ./src/data/iterative_dmatrix.o ./src/predictor/predictor.o ./src/predictor/cpu_predictor.o ./src/tree/constraints.o ./src/tree/param.o ./src/tree/tree_model.o ./src/tree/tree_updater.o ./src/tree/updater_approx.o ./src/tree/updater_colmaker.o ./src/tree/updater_prune.o ./src/tree/updater_quantile_hist.o ./src/tree/updater_refresh.o ./src/tree/updater_sync.o ./src/linear/linear_updater.o ./src/linear/updater_coordinate.o ./src/linear/updater_shotgun.o ./src/learner.o ./src/logging.o ./src/global_config.o ./src/collective/communicator.o ./src/collective/socket.o ./src/common/charconv.o ./src/common/column_matrix.o ./src/common/common.o ./src/common/hist_util.o ./src/common/host_device_vector.o ./src/common/io.o ./src/common/json.o ./src/common/numeric.o ./src/common/pseudo_huber.o ./src/common/quantile.o ./src/common/random.o ./src/common/survival_util.o ./src/common/threading_utils.o ./src/common/timer.o ./src/common/version.o ./src/c_api/c_api.o ./src/c_api/c_api_error.o ./amalgamation/dmlc-minimum0.o ./rabit/src/engine.o ./rabit/src/rabit_c_api.o ./rabit/src/allreduce_base.o -fopenmp -DDMLC_CMAKE_LITTLE_ENDIAN=1 -pthread
installing to /tmp/th798/7340002/R-4.3.2/762/library/00LOCK-xgboost/00new/xgboost/libs
** R
** data
** demo
** inst
** byte-compile and prepare package for lazy loading
** help
*** installing help indices
** building package indices
** installing vignettes
** testing if installed package can be loaded from temporary location
** checking absolute paths in shared objects and dynamic libraries
** testing if installed package can be loaded from final location
** testing if installed package keeps a record of temporary installation path
* DONE (xgboost)
* installing *source* package 'mlr3measures' ...
** package 'mlr3measures' successfully unpacked and MD5 sums checked
** using staged installation
** R
** byte-compile and prepare package for lazy loading
** help
*** installing help indices
** building package indices
** testing if installed package can be loaded from temporary location
** testing if installed package can be loaded from final location
** testing if installed package keeps a record of temporary installation path
* DONE (mlr3measures)
* installing *source* package 'paradox' ...
** package 'paradox' successfully unpacked and MD5 sums checked
** using staged installation
** R
** byte-compile and prepare package for lazy loading
** help
*** installing help indices
** building package indices
** testing if installed package can be loaded from temporary location
** testing if installed package can be loaded from final location
** testing if installed package keeps a record of temporary installation path
* DONE (paradox)
* installing *source* package 'adagio' ...
** package 'adagio' successfully unpacked and MD5 sums checked
** using staged installation
** R
** byte-compile and prepare package for lazy loading
** help
*** installing help indices
** building package indices
** testing if installed package can be loaded from temporary location
** testing if installed package can be loaded from final location
** testing if installed package keeps a record of temporary installation path
* DONE (adagio)
* installing *source* package 'mlr3' ...
** package 'mlr3' successfully unpacked and MD5 sums checked
** using staged installation
** R
** inst
** byte-compile and prepare package for lazy loading
** help
*** installing help indices
*** copying figures
** building package indices
** testing if installed package can be loaded from temporary location
** testing if installed package can be loaded from final location
** testing if installed package keeps a record of temporary installation path
* DONE (mlr3)
* installing *source* package 'bbotk' ...
** package 'bbotk' successfully unpacked and MD5 sums checked
** using staged installation
** libs
using C compiler: 'gcc (GCC) 8.5.0 20210514 (Red Hat 8.5.0-20)'
gcc -I"/home/th798/R/R-4.3.2/include" -DNDEBUG   -I/home/th798/.conda/envs/emacs1/include -I/home/th798/include    -fpic  -g -O2  -c init.c -o init.o
gcc -I"/home/th798/R/R-4.3.2/include" -DNDEBUG   -I/home/th798/.conda/envs/emacs1/include -I/home/th798/include    -fpic  -g -O2  -c is_dominated.c -o is_dominated.o
gcc -shared -L/home/th798/.conda/envs/emacs1/lib -Wl,-rpath=/home/th798/.conda/envs/emacs1/lib -L/home/th798/lib -Wl,-rpath=/home/th798/lib -L/home/th798/lib64 -Wl,-rpath=/home/th798/lib64 -o bbotk.so init.o is_dominated.o
installing to /tmp/th798/7340002/R-4.3.2/762/library/00LOCK-bbotk/00new/bbotk/libs
** R
** inst
** byte-compile and prepare package for lazy loading
** help
*** installing help indices
** building package indices
** installing vignettes
** testing if installed package can be loaded from temporary location
** checking absolute paths in shared objects and dynamic libraries
** testing if installed package can be loaded from final location
** testing if installed package keeps a record of temporary installation path
* DONE (bbotk)
* installing *source* package 'mlr3learners' ...
** package 'mlr3learners' successfully unpacked and MD5 sums checked
** using staged installation
** R
** inst
** byte-compile and prepare package for lazy loading
** help
*** installing help indices
*** copying figures
** building package indices
** testing if installed package can be loaded from temporary location
** testing if installed package can be loaded from final location
** testing if installed package keeps a record of temporary installation path
* DONE (mlr3learners)
* installing *source* package 'mlr3pipelines' ...
** package 'mlr3pipelines' successfully unpacked and MD5 sums checked
** using staged installation
** R
** inst
** byte-compile and prepare package for lazy loading
** help
*** installing help indices
*** copying figures
** building package indices
** installing vignettes
** testing if installed package can be loaded from temporary location
** testing if installed package can be loaded from final location
** testing if installed package keeps a record of temporary installation path
* DONE (mlr3pipelines)
* installing *source* package 'mlr3tuning' ...
** package 'mlr3tuning' successfully unpacked and MD5 sums checked
** using staged installation
** R
** inst
** byte-compile and prepare package for lazy loading
** help
*** installing help indices
** building package indices
** installing vignettes
** testing if installed package can be loaded from temporary location
** testing if installed package can be loaded from final location
** testing if installed package keeps a record of temporary installation path
* DONE (mlr3tuning)

The downloaded source packages are in
	'/tmp/th798/7340002/Rtmpp0bFlB/downloaded_packages'
Warning message:
In install.packages(rev.dep, dep = TRUE) :
  installation of package 'GenSA' had non-zero exit status
> cat("Time to install revdep:\n")
Time to install revdep:
> print(install.time)
   user  system elapsed 
391.785  23.294 425.865 
> downloaded_packages <- file.path(
+   tempdir(),
+   "downloaded_packages")
> dl.glob <- file.path(
+   downloaded_packages,
+   paste0(rev.dep,"_*.tar.gz"))
> rev.dep.dl.row <- cbind(rev.dep, Sys.glob(dl.glob))
> colnames(rev.dep.dl.row) <- c("pkg","path")
> rev.dep.release.tar.gz <- normalizePath(rev.dep.dl.row[,"path"], mustWork=TRUE)
> pkg.Rcheck <- paste0(rev.dep, ".Rcheck")
> 
> proj.dir <- "~/genomic-ml/data.table-revdeps"
> source(file.path(proj.dir, "myStatus.R"))
> Rvers <- gsub("[()]", "", gsub(" ", "_", R.version[["version.string"]]))
> dir.create(Rvers, showWarnings=FALSE)
> Rcheck.list <- list()
> for(dt.version.short in c("release", "master")){
+   dt.tar.gz <- cargs[[dt.version.short]]
+   dt.version <- gsub(".tar.gz|/.*?_", "", dt.tar.gz)
+   install.packages(dt.tar.gz, repos=NULL)
+   check.cmd <- get_check_cmd(rev.dep.release.tar.gz)
+   system(check.cmd)
+   dest.Rcheck <- file.path(
+     Rvers,
+     paste0(dt.version, ".Rcheck"))
+   unlink(dest.Rcheck, recursive=TRUE)
+   file.rename(pkg.Rcheck, dest.Rcheck)
+   Rcheck.list[[dt.version]] <- file.path(dest.Rcheck, "00check.log")
+ }
Installing package into '/tmp/th798/7340002/R-4.3.2/762/library'
(as 'lib' is unspecified)
* installing *source* package 'data.table' ...
** package 'data.table' successfully unpacked and MD5 sums checked
** using staged installation
gcc 8.5.0
zlib 1.2.13 is available ok
R CMD SHLIB supports OpenMP without any extra hint
** libs
using C compiler: 'gcc (GCC) 8.5.0 20210514 (Red Hat 8.5.0-20)'
gcc -I"/home/th798/R/R-4.3.2/include" -DNDEBUG   -I/home/th798/.conda/envs/emacs1/include -I/home/th798/include   -fopenmp  -fpic  -g -O2  -c assign.c -o assign.o
gcc -I"/home/th798/R/R-4.3.2/include" -DNDEBUG   -I/home/th798/.conda/envs/emacs1/include -I/home/th798/include   -fopenmp  -fpic  -g -O2  -c between.c -o between.o
gcc -I"/home/th798/R/R-4.3.2/include" -DNDEBUG   -I/home/th798/.conda/envs/emacs1/include -I/home/th798/include   -fopenmp  -fpic  -g -O2  -c bmerge.c -o bmerge.o
gcc -I"/home/th798/R/R-4.3.2/include" -DNDEBUG   -I/home/th798/.conda/envs/emacs1/include -I/home/th798/include   -fopenmp  -fpic  -g -O2  -c chmatch.c -o chmatch.o
gcc -I"/home/th798/R/R-4.3.2/include" -DNDEBUG   -I/home/th798/.conda/envs/emacs1/include -I/home/th798/include   -fopenmp  -fpic  -g -O2  -c cj.c -o cj.o
gcc -I"/home/th798/R/R-4.3.2/include" -DNDEBUG   -I/home/th798/.conda/envs/emacs1/include -I/home/th798/include   -fopenmp  -fpic  -g -O2  -c coalesce.c -o coalesce.o
gcc -I"/home/th798/R/R-4.3.2/include" -DNDEBUG   -I/home/th798/.conda/envs/emacs1/include -I/home/th798/include   -fopenmp  -fpic  -g -O2  -c dogroups.c -o dogroups.o
gcc -I"/home/th798/R/R-4.3.2/include" -DNDEBUG   -I/home/th798/.conda/envs/emacs1/include -I/home/th798/include   -fopenmp  -fpic  -g -O2  -c fastmean.c -o fastmean.o
gcc -I"/home/th798/R/R-4.3.2/include" -DNDEBUG   -I/home/th798/.conda/envs/emacs1/include -I/home/th798/include   -fopenmp  -fpic  -g -O2  -c fcast.c -o fcast.o
gcc -I"/home/th798/R/R-4.3.2/include" -DNDEBUG   -I/home/th798/.conda/envs/emacs1/include -I/home/th798/include   -fopenmp  -fpic  -g -O2  -c fifelse.c -o fifelse.o
gcc -I"/home/th798/R/R-4.3.2/include" -DNDEBUG   -I/home/th798/.conda/envs/emacs1/include -I/home/th798/include   -fopenmp  -fpic  -g -O2  -c fmelt.c -o fmelt.o
gcc -I"/home/th798/R/R-4.3.2/include" -DNDEBUG   -I/home/th798/.conda/envs/emacs1/include -I/home/th798/include   -fopenmp  -fpic  -g -O2  -c forder.c -o forder.o
gcc -I"/home/th798/R/R-4.3.2/include" -DNDEBUG   -I/home/th798/.conda/envs/emacs1/include -I/home/th798/include   -fopenmp  -fpic  -g -O2  -c frank.c -o frank.o
gcc -I"/home/th798/R/R-4.3.2/include" -DNDEBUG   -I/home/th798/.conda/envs/emacs1/include -I/home/th798/include   -fopenmp  -fpic  -g -O2  -c fread.c -o fread.o
gcc -I"/home/th798/R/R-4.3.2/include" -DNDEBUG   -I/home/th798/.conda/envs/emacs1/include -I/home/th798/include   -fopenmp  -fpic  -g -O2  -c freadR.c -o freadR.o
gcc -I"/home/th798/R/R-4.3.2/include" -DNDEBUG   -I/home/th798/.conda/envs/emacs1/include -I/home/th798/include   -fopenmp  -fpic  -g -O2  -c froll.c -o froll.o
gcc -I"/home/th798/R/R-4.3.2/include" -DNDEBUG   -I/home/th798/.conda/envs/emacs1/include -I/home/th798/include   -fopenmp  -fpic  -g -O2  -c frollR.c -o frollR.o
gcc -I"/home/th798/R/R-4.3.2/include" -DNDEBUG   -I/home/th798/.conda/envs/emacs1/include -I/home/th798/include   -fopenmp  -fpic  -g -O2  -c frolladaptive.c -o frolladaptive.o
gcc -I"/home/th798/R/R-4.3.2/include" -DNDEBUG   -I/home/th798/.conda/envs/emacs1/include -I/home/th798/include   -fopenmp  -fpic  -g -O2  -c fsort.c -o fsort.o
gcc -I"/home/th798/R/R-4.3.2/include" -DNDEBUG   -I/home/th798/.conda/envs/emacs1/include -I/home/th798/include   -fopenmp  -fpic  -g -O2  -c fwrite.c -o fwrite.o
gcc -I"/home/th798/R/R-4.3.2/include" -DNDEBUG   -I/home/th798/.conda/envs/emacs1/include -I/home/th798/include   -fopenmp  -fpic  -g -O2  -c fwriteR.c -o fwriteR.o
gcc -I"/home/th798/R/R-4.3.2/include" -DNDEBUG   -I/home/th798/.conda/envs/emacs1/include -I/home/th798/include   -fopenmp  -fpic  -g -O2  -c gsumm.c -o gsumm.o
gcc -I"/home/th798/R/R-4.3.2/include" -DNDEBUG   -I/home/th798/.conda/envs/emacs1/include -I/home/th798/include   -fopenmp  -fpic  -g -O2  -c ijoin.c -o ijoin.o
gcc -I"/home/th798/R/R-4.3.2/include" -DNDEBUG   -I/home/th798/.conda/envs/emacs1/include -I/home/th798/include   -fopenmp  -fpic  -g -O2  -c init.c -o init.o
gcc -I"/home/th798/R/R-4.3.2/include" -DNDEBUG   -I/home/th798/.conda/envs/emacs1/include -I/home/th798/include   -fopenmp  -fpic  -g -O2  -c inrange.c -o inrange.o
gcc -I"/home/th798/R/R-4.3.2/include" -DNDEBUG   -I/home/th798/.conda/envs/emacs1/include -I/home/th798/include   -fopenmp  -fpic  -g -O2  -c nafill.c -o nafill.o
gcc -I"/home/th798/R/R-4.3.2/include" -DNDEBUG   -I/home/th798/.conda/envs/emacs1/include -I/home/th798/include   -fopenmp  -fpic  -g -O2  -c nqrecreateindices.c -o nqrecreateindices.o
gcc -I"/home/th798/R/R-4.3.2/include" -DNDEBUG   -I/home/th798/.conda/envs/emacs1/include -I/home/th798/include   -fopenmp  -fpic  -g -O2  -c openmp-utils.c -o openmp-utils.o
gcc -I"/home/th798/R/R-4.3.2/include" -DNDEBUG   -I/home/th798/.conda/envs/emacs1/include -I/home/th798/include   -fopenmp  -fpic  -g -O2  -c quickselect.c -o quickselect.o
gcc -I"/home/th798/R/R-4.3.2/include" -DNDEBUG   -I/home/th798/.conda/envs/emacs1/include -I/home/th798/include   -fopenmp  -fpic  -g -O2  -c rbindlist.c -o rbindlist.o
gcc -I"/home/th798/R/R-4.3.2/include" -DNDEBUG   -I/home/th798/.conda/envs/emacs1/include -I/home/th798/include   -fopenmp  -fpic  -g -O2  -c reorder.c -o reorder.o
gcc -I"/home/th798/R/R-4.3.2/include" -DNDEBUG   -I/home/th798/.conda/envs/emacs1/include -I/home/th798/include   -fopenmp  -fpic  -g -O2  -c shift.c -o shift.o
gcc -I"/home/th798/R/R-4.3.2/include" -DNDEBUG   -I/home/th798/.conda/envs/emacs1/include -I/home/th798/include   -fopenmp  -fpic  -g -O2  -c snprintf.c -o snprintf.o
gcc -I"/home/th798/R/R-4.3.2/include" -DNDEBUG   -I/home/th798/.conda/envs/emacs1/include -I/home/th798/include   -fopenmp  -fpic  -g -O2  -c subset.c -o subset.o
gcc -I"/home/th798/R/R-4.3.2/include" -DNDEBUG   -I/home/th798/.conda/envs/emacs1/include -I/home/th798/include   -fopenmp  -fpic  -g -O2  -c transpose.c -o transpose.o
gcc -I"/home/th798/R/R-4.3.2/include" -DNDEBUG   -I/home/th798/.conda/envs/emacs1/include -I/home/th798/include   -fopenmp  -fpic  -g -O2  -c types.c -o types.o
gcc -I"/home/th798/R/R-4.3.2/include" -DNDEBUG   -I/home/th798/.conda/envs/emacs1/include -I/home/th798/include   -fopenmp  -fpic  -g -O2  -c uniqlist.c -o uniqlist.o
gcc -I"/home/th798/R/R-4.3.2/include" -DNDEBUG   -I/home/th798/.conda/envs/emacs1/include -I/home/th798/include   -fopenmp  -fpic  -g -O2  -c utils.c -o utils.o
gcc -I"/home/th798/R/R-4.3.2/include" -DNDEBUG   -I/home/th798/.conda/envs/emacs1/include -I/home/th798/include   -fopenmp  -fpic  -g -O2  -c vecseq.c -o vecseq.o
gcc -I"/home/th798/R/R-4.3.2/include" -DNDEBUG   -I/home/th798/.conda/envs/emacs1/include -I/home/th798/include   -fopenmp  -fpic  -g -O2  -c wrappers.c -o wrappers.o
gcc -shared -L/home/th798/.conda/envs/emacs1/lib -Wl,-rpath=/home/th798/.conda/envs/emacs1/lib -L/home/th798/lib -Wl,-rpath=/home/th798/lib -L/home/th798/lib64 -Wl,-rpath=/home/th798/lib64 -o data.table.so assign.o between.o bmerge.o chmatch.o cj.o coalesce.o dogroups.o fastmean.o fcast.o fifelse.o fmelt.o forder.o frank.o fread.o freadR.o froll.o frollR.o frolladaptive.o fsort.o fwrite.o fwriteR.o gsumm.o ijoin.o init.o inrange.o nafill.o nqrecreateindices.o openmp-utils.o quickselect.o rbindlist.o reorder.o shift.o snprintf.o subset.o transpose.o types.o uniqlist.o utils.o vecseq.o wrappers.o -fopenmp -lz
PKG_CFLAGS = -fopenmp
PKG_LIBS = -fopenmp -lz
if [ "data.table.so" != "data_table.so" ]; then mv data.table.so data_table.so; fi
if [ "" != "Windows_NT" ] && [ `uname -s` = 'Darwin' ]; then install_name_tool -id data_table.so data_table.so; fi
installing to /tmp/th798/7340002/R-4.3.2/762/library/00LOCK-data.table/00new/data.table/libs
** R
** inst
** byte-compile and prepare package for lazy loading
** help
*** installing help indices
** building package indices
** installing vignettes
** testing if installed package can be loaded from temporary location
** checking absolute paths in shared objects and dynamic libraries
** testing if installed package can be loaded from final location
** testing if installed package keeps a record of temporary installation path
* DONE (data.table)
* using log directory '/tmp/th798/7340002/R-4.3.2/762/mlr3tuning.Rcheck'
* using R version 4.3.2 (2023-10-31)
* using platform: x86_64-pc-linux-gnu (64-bit)
* R was compiled by
    gcc (GCC) 8.5.0 20210514 (Red Hat 8.5.0-20)
    GNU Fortran (GCC) 8.5.0 20210514 (Red Hat 8.5.0-20)
* running under: Red Hat Enterprise Linux 8.9 (Ootpa)
* using session charset: ASCII
* checking for file 'mlr3tuning/DESCRIPTION' ... OK
* this is package 'mlr3tuning' version '0.19.2'
* package encoding: UTF-8
* checking package namespace information ... OK
* checking package dependencies ... NOTE
Package suggested but not available for checking: 'GenSA'
* checking if this is a source package ... OK
* checking if there is a namespace ... OK
* checking for executable files ... OK
* checking for hidden files and directories ... OK
* checking for portable file names ... OK
* checking for sufficient/correct file permissions ... OK
* checking whether package 'mlr3tuning' can be installed ... OK
* checking installed package size ... OK
* checking package directory ... OK
* checking 'build' directory ... OK
* checking DESCRIPTION meta-information ... OK
* checking top-level files ... OK
* checking for left-over files ... OK
* checking index information ... OK
* checking package subdirectories ... OK
* checking R files for non-ASCII characters ... OK
* checking R files for syntax errors ... OK
* checking whether the package can be loaded ... OK
* checking whether the package can be loaded with stated dependencies ... OK
* checking whether the package can be unloaded cleanly ... OK
* checking whether the namespace can be loaded with stated dependencies ... OK
* checking whether the namespace can be unloaded cleanly ... OK
* checking loading without being on the library search path ... OK
* checking startup messages can be suppressed ... OK
* checking dependencies in R code ... OK
* checking S3 generic/method consistency ... OK
* checking replacement functions ... OK
* checking foreign function calls ... OK
* checking R code for possible problems ... OK
* checking Rd files ... OK
* checking Rd metadata ... OK
* checking Rd cross-references ... NOTE
Package unavailable to check Rd xrefs: 'GenSA'
* checking for missing documentation entries ... OK
* checking for code/documentation mismatches ... OK
* checking Rd \usage sections ... OK
* checking Rd contents ... OK
* checking for unstated dependencies in examples ... OK
* checking installed files from 'inst/doc' ... OK
* checking files in 'vignettes' ... OK
* checking examples ... ERROR
Running examples in 'mlr3tuning-Ex.R' failed
The error most likely occurred in:

> ### Name: mlr_tuners_gensa
> ### Title: Hyperparameter Tuning with Generalized Simulated Annealing
> ### Aliases: mlr_tuners_gensa TunerGenSA
> 
> ### ** Examples
> 
> # Hyperparameter Optimization
> 
> # load learner and set search space
> learner = lrn("classif.rpart",
+   cp = to_tune(1e-04, 1e-1, logscale = TRUE)
+ )
> 
> # run hyperparameter tuning on the Palmer Penguins data set
> instance = tune(
+   tuner = tnr("gensa"),
+   task = tsk("penguins"),
+   learner = learner,
+   resampling = rsmp("holdout"),
+   measure = msr("classif.ce"),
+   term_evals = 10
+ )
Warning: Package 'GenSA' required but not installed for Optimizer '<OptimizerGenSA>'
Warning: Package 'GenSA' required but not installed for Tuner '<TunerGenSA>'
Error: The following packages could not be loaded: GenSA
Execution halted
* checking for unstated dependencies in 'tests' ... OK
* checking tests ...
  Running 'testthat.R'
 OK
* checking for unstated dependencies in vignettes ... OK
* checking package vignettes in 'inst/doc' ... OK
* checking running R code from vignettes ...
  'extending.Rmd' using 'UTF-8'... OK
 NONE
* checking re-building of vignette outputs ... OK
* checking PDF version of manual ... OK
* DONE

Status: 1 ERROR, 2 NOTEs
See
  '/tmp/th798/7340002/R-4.3.2/762/mlr3tuning.Rcheck/00check.log'
for details.

Installing package into '/tmp/th798/7340002/R-4.3.2/762/library'
(as 'lib' is unspecified)
* installing *source* package 'data.table' ...
** using staged installation
gcc 8.5.0
zlib 1.2.13 is available ok
R CMD SHLIB supports OpenMP without any extra hint
** libs
using C compiler: 'gcc (GCC) 8.5.0 20210514 (Red Hat 8.5.0-20)'
gcc -I"/home/th798/R/R-4.3.2/include" -DNDEBUG   -I/home/th798/.conda/envs/emacs1/include -I/home/th798/include   -fopenmp  -fpic  -g -O2  -c assign.c -o assign.o
gcc -I"/home/th798/R/R-4.3.2/include" -DNDEBUG   -I/home/th798/.conda/envs/emacs1/include -I/home/th798/include   -fopenmp  -fpic  -g -O2  -c between.c -o between.o
gcc -I"/home/th798/R/R-4.3.2/include" -DNDEBUG   -I/home/th798/.conda/envs/emacs1/include -I/home/th798/include   -fopenmp  -fpic  -g -O2  -c bmerge.c -o bmerge.o
gcc -I"/home/th798/R/R-4.3.2/include" -DNDEBUG   -I/home/th798/.conda/envs/emacs1/include -I/home/th798/include   -fopenmp  -fpic  -g -O2  -c chmatch.c -o chmatch.o
gcc -I"/home/th798/R/R-4.3.2/include" -DNDEBUG   -I/home/th798/.conda/envs/emacs1/include -I/home/th798/include   -fopenmp  -fpic  -g -O2  -c cj.c -o cj.o
gcc -I"/home/th798/R/R-4.3.2/include" -DNDEBUG   -I/home/th798/.conda/envs/emacs1/include -I/home/th798/include   -fopenmp  -fpic  -g -O2  -c coalesce.c -o coalesce.o
gcc -I"/home/th798/R/R-4.3.2/include" -DNDEBUG   -I/home/th798/.conda/envs/emacs1/include -I/home/th798/include   -fopenmp  -fpic  -g -O2  -c dogroups.c -o dogroups.o
gcc -I"/home/th798/R/R-4.3.2/include" -DNDEBUG   -I/home/th798/.conda/envs/emacs1/include -I/home/th798/include   -fopenmp  -fpic  -g -O2  -c fastmean.c -o fastmean.o
gcc -I"/home/th798/R/R-4.3.2/include" -DNDEBUG   -I/home/th798/.conda/envs/emacs1/include -I/home/th798/include   -fopenmp  -fpic  -g -O2  -c fcast.c -o fcast.o
gcc -I"/home/th798/R/R-4.3.2/include" -DNDEBUG   -I/home/th798/.conda/envs/emacs1/include -I/home/th798/include   -fopenmp  -fpic  -g -O2  -c fifelse.c -o fifelse.o
gcc -I"/home/th798/R/R-4.3.2/include" -DNDEBUG   -I/home/th798/.conda/envs/emacs1/include -I/home/th798/include   -fopenmp  -fpic  -g -O2  -c fmelt.c -o fmelt.o
gcc -I"/home/th798/R/R-4.3.2/include" -DNDEBUG   -I/home/th798/.conda/envs/emacs1/include -I/home/th798/include   -fopenmp  -fpic  -g -O2  -c forder.c -o forder.o
gcc -I"/home/th798/R/R-4.3.2/include" -DNDEBUG   -I/home/th798/.conda/envs/emacs1/include -I/home/th798/include   -fopenmp  -fpic  -g -O2  -c frank.c -o frank.o
gcc -I"/home/th798/R/R-4.3.2/include" -DNDEBUG   -I/home/th798/.conda/envs/emacs1/include -I/home/th798/include   -fopenmp  -fpic  -g -O2  -c fread.c -o fread.o
gcc -I"/home/th798/R/R-4.3.2/include" -DNDEBUG   -I/home/th798/.conda/envs/emacs1/include -I/home/th798/include   -fopenmp  -fpic  -g -O2  -c freadR.c -o freadR.o
gcc -I"/home/th798/R/R-4.3.2/include" -DNDEBUG   -I/home/th798/.conda/envs/emacs1/include -I/home/th798/include   -fopenmp  -fpic  -g -O2  -c froll.c -o froll.o
gcc -I"/home/th798/R/R-4.3.2/include" -DNDEBUG   -I/home/th798/.conda/envs/emacs1/include -I/home/th798/include   -fopenmp  -fpic  -g -O2  -c frollR.c -o frollR.o
gcc -I"/home/th798/R/R-4.3.2/include" -DNDEBUG   -I/home/th798/.conda/envs/emacs1/include -I/home/th798/include   -fopenmp  -fpic  -g -O2  -c frolladaptive.c -o frolladaptive.o
gcc -I"/home/th798/R/R-4.3.2/include" -DNDEBUG   -I/home/th798/.conda/envs/emacs1/include -I/home/th798/include   -fopenmp  -fpic  -g -O2  -c fsort.c -o fsort.o
gcc -I"/home/th798/R/R-4.3.2/include" -DNDEBUG   -I/home/th798/.conda/envs/emacs1/include -I/home/th798/include   -fopenmp  -fpic  -g -O2  -c fwrite.c -o fwrite.o
gcc -I"/home/th798/R/R-4.3.2/include" -DNDEBUG   -I/home/th798/.conda/envs/emacs1/include -I/home/th798/include   -fopenmp  -fpic  -g -O2  -c fwriteR.c -o fwriteR.o
gcc -I"/home/th798/R/R-4.3.2/include" -DNDEBUG   -I/home/th798/.conda/envs/emacs1/include -I/home/th798/include   -fopenmp  -fpic  -g -O2  -c gsumm.c -o gsumm.o
gcc -I"/home/th798/R/R-4.3.2/include" -DNDEBUG   -I/home/th798/.conda/envs/emacs1/include -I/home/th798/include   -fopenmp  -fpic  -g -O2  -c idatetime.c -o idatetime.o
gcc -I"/home/th798/R/R-4.3.2/include" -DNDEBUG   -I/home/th798/.conda/envs/emacs1/include -I/home/th798/include   -fopenmp  -fpic  -g -O2  -c ijoin.c -o ijoin.o
gcc -I"/home/th798/R/R-4.3.2/include" -DNDEBUG   -I/home/th798/.conda/envs/emacs1/include -I/home/th798/include   -fopenmp  -fpic  -g -O2  -c init.c -o init.o
gcc -I"/home/th798/R/R-4.3.2/include" -DNDEBUG   -I/home/th798/.conda/envs/emacs1/include -I/home/th798/include   -fopenmp  -fpic  -g -O2  -c inrange.c -o inrange.o
gcc -I"/home/th798/R/R-4.3.2/include" -DNDEBUG   -I/home/th798/.conda/envs/emacs1/include -I/home/th798/include   -fopenmp  -fpic  -g -O2  -c nafill.c -o nafill.o
gcc -I"/home/th798/R/R-4.3.2/include" -DNDEBUG   -I/home/th798/.conda/envs/emacs1/include -I/home/th798/include   -fopenmp  -fpic  -g -O2  -c negate.c -o negate.o
gcc -I"/home/th798/R/R-4.3.2/include" -DNDEBUG   -I/home/th798/.conda/envs/emacs1/include -I/home/th798/include   -fopenmp  -fpic  -g -O2  -c nqrecreateindices.c -o nqrecreateindices.o
gcc -I"/home/th798/R/R-4.3.2/include" -DNDEBUG   -I/home/th798/.conda/envs/emacs1/include -I/home/th798/include   -fopenmp  -fpic  -g -O2  -c openmp-utils.c -o openmp-utils.o
gcc -I"/home/th798/R/R-4.3.2/include" -DNDEBUG   -I/home/th798/.conda/envs/emacs1/include -I/home/th798/include   -fopenmp  -fpic  -g -O2  -c programming.c -o programming.o
gcc -I"/home/th798/R/R-4.3.2/include" -DNDEBUG   -I/home/th798/.conda/envs/emacs1/include -I/home/th798/include   -fopenmp  -fpic  -g -O2  -c quickselect.c -o quickselect.o
gcc -I"/home/th798/R/R-4.3.2/include" -DNDEBUG   -I/home/th798/.conda/envs/emacs1/include -I/home/th798/include   -fopenmp  -fpic  -g -O2  -c rbindlist.c -o rbindlist.o
gcc -I"/home/th798/R/R-4.3.2/include" -DNDEBUG   -I/home/th798/.conda/envs/emacs1/include -I/home/th798/include   -fopenmp  -fpic  -g -O2  -c reorder.c -o reorder.o
gcc -I"/home/th798/R/R-4.3.2/include" -DNDEBUG   -I/home/th798/.conda/envs/emacs1/include -I/home/th798/include   -fopenmp  -fpic  -g -O2  -c shift.c -o shift.o
gcc -I"/home/th798/R/R-4.3.2/include" -DNDEBUG   -I/home/th798/.conda/envs/emacs1/include -I/home/th798/include   -fopenmp  -fpic  -g -O2  -c snprintf.c -o snprintf.o
gcc -I"/home/th798/R/R-4.3.2/include" -DNDEBUG   -I/home/th798/.conda/envs/emacs1/include -I/home/th798/include   -fopenmp  -fpic  -g -O2  -c subset.c -o subset.o
gcc -I"/home/th798/R/R-4.3.2/include" -DNDEBUG   -I/home/th798/.conda/envs/emacs1/include -I/home/th798/include   -fopenmp  -fpic  -g -O2  -c transpose.c -o transpose.o
gcc -I"/home/th798/R/R-4.3.2/include" -DNDEBUG   -I/home/th798/.conda/envs/emacs1/include -I/home/th798/include   -fopenmp  -fpic  -g -O2  -c types.c -o types.o
gcc -I"/home/th798/R/R-4.3.2/include" -DNDEBUG   -I/home/th798/.conda/envs/emacs1/include -I/home/th798/include   -fopenmp  -fpic  -g -O2  -c uniqlist.c -o uniqlist.o
gcc -I"/home/th798/R/R-4.3.2/include" -DNDEBUG   -I/home/th798/.conda/envs/emacs1/include -I/home/th798/include   -fopenmp  -fpic  -g -O2  -c utils.c -o utils.o
gcc -I"/home/th798/R/R-4.3.2/include" -DNDEBUG   -I/home/th798/.conda/envs/emacs1/include -I/home/th798/include   -fopenmp  -fpic  -g -O2  -c vecseq.c -o vecseq.o
gcc -I"/home/th798/R/R-4.3.2/include" -DNDEBUG   -I/home/th798/.conda/envs/emacs1/include -I/home/th798/include   -fopenmp  -fpic  -g -O2  -c wrappers.c -o wrappers.o
gcc -shared -L/home/th798/.conda/envs/emacs1/lib -Wl,-rpath=/home/th798/.conda/envs/emacs1/lib -L/home/th798/lib -Wl,-rpath=/home/th798/lib -L/home/th798/lib64 -Wl,-rpath=/home/th798/lib64 -o data.table.so assign.o between.o bmerge.o chmatch.o cj.o coalesce.o dogroups.o fastmean.o fcast.o fifelse.o fmelt.o forder.o frank.o fread.o freadR.o froll.o frollR.o frolladaptive.o fsort.o fwrite.o fwriteR.o gsumm.o idatetime.o ijoin.o init.o inrange.o nafill.o negate.o nqrecreateindices.o openmp-utils.o programming.o quickselect.o rbindlist.o reorder.o shift.o snprintf.o subset.o transpose.o types.o uniqlist.o utils.o vecseq.o wrappers.o -fopenmp -lz
PKG_CFLAGS = -fopenmp
PKG_LIBS = -fopenmp -lz
if [ "data.table.so" != "data_table.so" ]; then mv data.table.so data_table.so; fi
if [ "" != "Windows_NT" ] && [ `uname -s` = 'Darwin' ]; then install_name_tool -id data_table.so data_table.so; fi
installing to /tmp/th798/7340002/R-4.3.2/762/library/00LOCK-data.table/00new/data.table/libs
** R
** inst
** byte-compile and prepare package for lazy loading
** help
*** installing help indices
** building package indices
** installing vignettes
** testing if installed package can be loaded from temporary location
** checking absolute paths in shared objects and dynamic libraries
** testing if installed package can be loaded from final location
** testing if installed package keeps a record of temporary installation path
* DONE (data.table)
* using log directory '/tmp/th798/7340002/R-4.3.2/762/mlr3tuning.Rcheck'
* using R version 4.3.2 (2023-10-31)
* using platform: x86_64-pc-linux-gnu (64-bit)
* R was compiled by
    gcc (GCC) 8.5.0 20210514 (Red Hat 8.5.0-20)
    GNU Fortran (GCC) 8.5.0 20210514 (Red Hat 8.5.0-20)
* running under: Red Hat Enterprise Linux 8.9 (Ootpa)
* using session charset: ASCII
* checking for file 'mlr3tuning/DESCRIPTION' ... OK
* this is package 'mlr3tuning' version '0.19.2'
* package encoding: UTF-8
* checking package namespace information ... OK
* checking package dependencies ... NOTE
Package suggested but not available for checking: 'GenSA'
* checking if this is a source package ... OK
* checking if there is a namespace ... OK
* checking for executable files ... OK
* checking for hidden files and directories ... OK
* checking for portable file names ... OK
* checking for sufficient/correct file permissions ... OK
* checking whether package 'mlr3tuning' can be installed ... OK
* checking installed package size ... OK
* checking package directory ... OK
* checking 'build' directory ... OK
* checking DESCRIPTION meta-information ... OK
* checking top-level files ... OK
* checking for left-over files ... OK
* checking index information ... OK
* checking package subdirectories ... OK
* checking R files for non-ASCII characters ... OK
* checking R files for syntax errors ... OK
* checking whether the package can be loaded ... OK
* checking whether the package can be loaded with stated dependencies ... OK
* checking whether the package can be unloaded cleanly ... OK
* checking whether the namespace can be loaded with stated dependencies ... OK
* checking whether the namespace can be unloaded cleanly ... OK
* checking loading without being on the library search path ... OK
* checking startup messages can be suppressed ... OK
* checking dependencies in R code ... OK
* checking S3 generic/method consistency ... OK
* checking replacement functions ... OK
* checking foreign function calls ... OK
* checking R code for possible problems ... OK
* checking Rd files ... OK
* checking Rd metadata ... OK
* checking Rd cross-references ... NOTE
Package unavailable to check Rd xrefs: 'GenSA'
* checking for missing documentation entries ... OK
* checking for code/documentation mismatches ... OK
* checking Rd \usage sections ... OK
* checking Rd contents ... OK
* checking for unstated dependencies in examples ... OK
* checking installed files from 'inst/doc' ... OK
* checking files in 'vignettes' ... OK
* checking examples ... ERROR
Running examples in 'mlr3tuning-Ex.R' failed
The error most likely occurred in:

> ### Name: mlr_tuners_gensa
> ### Title: Hyperparameter Tuning with Generalized Simulated Annealing
> ### Aliases: mlr_tuners_gensa TunerGenSA
> 
> ### ** Examples
> 
> # Hyperparameter Optimization
> 
> # load learner and set search space
> learner = lrn("classif.rpart",
+   cp = to_tune(1e-04, 1e-1, logscale = TRUE)
+ )
> 
> # run hyperparameter tuning on the Palmer Penguins data set
> instance = tune(
+   tuner = tnr("gensa"),
+   task = tsk("penguins"),
+   learner = learner,
+   resampling = rsmp("holdout"),
+   measure = msr("classif.ce"),
+   term_evals = 10
+ )
Warning: Package 'GenSA' required but not installed for Optimizer '<OptimizerGenSA>'
Warning: Package 'GenSA' required but not installed for Tuner '<TunerGenSA>'
Error: The following packages could not be loaded: GenSA
Execution halted
* checking for unstated dependencies in 'tests' ... OK
* checking tests ...
  Running 'testthat.R'
 OK
* checking for unstated dependencies in vignettes ... OK
* checking package vignettes in 'inst/doc' ... OK
* checking running R code from vignettes ...
  'extending.Rmd' using 'UTF-8'... OK
 NONE
* checking re-building of vignette outputs ... OK
* checking PDF version of manual ... OK
* DONE

Status: 1 ERROR, 2 NOTEs
See
  '/tmp/th798/7340002/R-4.3.2/762/mlr3tuning.Rcheck/00check.log'
for details.

> system(paste(c("diff -u", Rcheck.list), collapse=" "))
> library(data.table, lib.loc=R.home("library"))
> (sig.diff.dt <- myDiff(Rvers))
Empty data.table (0 rows and 3 cols): checking,master,release
> 
> ## If there are significant differences, use git bisect to find when
> ## they started.
> if(nrow(sig.diff.dt)){
+   dt.git <- file.path(task.dir, "data.table.git")
+   system(paste("git clone ~/R/data.table", dt.git))
+   release.tag <- gsub(".tar.gz|.*_", "", cargs[["release"]])
+   rev.parse.cmd <- paste(
+     "cd", dt.git, "&& git rev-parse master")
+   master.sha <- system(rev.parse.cmd, intern=TRUE)
+   merge.base.cmd <- paste(
+     "cd", dt.git, "&& git merge-base master", release.tag)
+   merge.base.sha <- system(merge.base.cmd, intern=TRUE)
+   old.sha <- merge.base.sha
+   run_R <- file.path(proj.dir, "install_dt_then_check_dep.R")
+   sig.diff.dt[, first.bad.commit := NA_character_]
+   sig.diff.dt[, comments := NA_character_]
+   for(diff.i in 1:nrow(sig.diff.dt)){
+     sig.diff.row <- sig.diff.dt[diff.i]
+     bisect.cmd <- paste(
+       "cd", dt.git, "&&",
+       "git bisect start &&",
+       "git bisect old", old.sha, "&&",
+       "git bisect new master &&",
+       "git bisect run",
+       R.home('bin/Rscript'),
+       run_R,
+       shQuote(sig.diff.row$checking),
+       sig.diff.row$release,
+       rev.dep.release.tar.gz,
+       release.tag)
+     print(bisect.cmd)
+     bisect.out <- system(bisect.cmd, intern=TRUE)
+     cat(bisect.out,sep="\n")
+     first.bad.sha <- nc::capture_all_str(
+       bisect.out,
+       sha="[0-9a-f]+",
+       " is the first new commit")$sha
+     parent.cmd <- paste(
+       "cd ~/R/data.table && git log --pretty=%P -n 1",
+       first.bad.sha)
+     parent.sha <- system(parent.cmd, intern=TRUE)
+     sig.diff.dt[diff.i, first.bad.commit := first.bad.sha]
+     parent.msg <- paste0("parent=", parent.sha)
+     this.comment <- if(parent.sha==old.sha){
+       paste(parent.msg, "same as git bisect old")
+     }else if(first.bad.sha==master.sha){
+       paste("same as git bisect new=master,", parent.msg)
+     }else{
+       parent.msg
+     }
+     sig.diff.dt[diff.i, comments := this.comment]
+   }
+   ## add CRAN column.
+   sig.diff.dt[, CRAN := {
+     flavor <- get_flavor(Rvers)
+     details <- data.table(flavor=unique(flavor))[, {
+       base <- "https://www.r-project.org/nosvn/R.check/"
+       u <- paste0(base, flavor, "/", rev.dep, "-00check.txt")
+       check.txt <- tempfile()
+       tryCatch({
+         download.file(u, check.txt, quiet=TRUE)
+       }, error=function(e){
+         NULL
+       })
+       check.lines <- if(file.exists(check.txt)){
+         readLines(check.txt,encoding="UTF-8")
+       }else{
+         ""
+       }
+       repl.lines <- gsub("[\u2018\u2019]", "'", check.lines)
+       ##gsub("[‘’]", "'", check.lines) does not work with LC_ALL=C.
+       myStatus(line.vec=repl.lines)
+     }, by=flavor]
+     select.dt <- data.table(flavor, checking)
+     details[select.dt, msg, on=.(flavor, checking)]
+   }]
+   dir.create(file.path(job.dir, Rvers))
+   diffs.csv <- file.path(job.dir, Rvers, "significant_differences.csv")
+   data.table::fwrite(sig.diff.dt, diffs.csv)
+   print(sig.diff.dt)
+ }
> 
