
Note: the module "R" cannot be unloaded because it was not loaded.

WARNING: ignoring environment value of R_HOME

R Under development (unstable) (2024-01-20 r85814) -- "Unsuffered Consequences"
Copyright (C) 2024 The R Foundation for Statistical Computing
Platform: x86_64-pc-linux-gnu

R is free software and comes with ABSOLUTELY NO WARRANTY.
You are welcome to redistribute it under certain conditions.
Type 'license()' or 'licence()' for distribution details.

R is a collaborative project with many contributors.
Type 'contributors()' for more information and
'citation()' on how to cite R or R packages in publications.

Type 'demo()' for some demos, 'help()' for on-line help, or
'help.start()' for an HTML browser interface to help.
Type 'q()' to quit R.

> cargs <- commandArgs(trailingOnly=TRUE)
> if(length(cargs)==0){
+   cargs <- c(
+     "/scratch/th798/data.table-revdeps/2023-06-27/deps.csv",
+     "1294",
+     "/scratch/th798/data.table-revdeps/2023-06-27/data.table_release_1.14.8.tar.gz",
+     "/scratch/th798/data.table-revdeps/2023-06-27/data.table_master_1.14.9.88039186915028ab3c93ccfd8e22c0d1c3534b1a.tar.gz"
+ )
+ }
> names(cargs) <- c("deps.csv", "task.str", "release", "master")
> dput(cargs)
c(deps.csv = "/scratch/th798/data.table-revdeps/2024-01-22/deps.csv", 
task.str = "1096", release = "/scratch/th798/data.table-revdeps/2024-01-22/data.table_release_1.14.10.tar.gz", 
master = "/scratch/th798/data.table-revdeps/2024-01-22/data.table_master_1.14.99.cde7333938a590a3cddbda1b02103650e2f55d15.tar.gz"
)
> task.dir <- dirname(.libPaths()[1])
> if(requireNamespace("R.cache"))R.cache::getCachePath()
Loading required namespace: R.cache
[1] "/tmp/th798/7340346/R-devel/1096/R.cache"
> task.id <- as.integer(cargs[["task.str"]])
> deps.df <- read.csv(cargs[["deps.csv"]])
> (rev.dep <- deps.df$Package[task.id])
[1] "ricu"
> job.dir <- file.path(dirname(cargs[["deps.csv"]]), "tasks", task.id)
> setwd(task.dir)
> .libPaths()
[1] "/tmp/th798/7340346/R-devel/1096/library"
[2] "/projects/genomic-ml/R/R-devel/library" 
> options(repos=c(
+   "http://www.bioconductor.org/packages/release/bioc",
+   CRAN="http://cloud.r-project.org"))
> 
> install.time <- system.time({
+   install.packages(rev.dep, dep=TRUE)
+ })
Installing package into '/tmp/th798/7340346/R-devel/1096/library'
(as 'lib' is unspecified)
Warning: dependencies 'mimic.demo', 'eicu.demo' are not available
also installing the dependencies 'qpdf', 'prt', 'mockthat', 'forestmodel', 'rticles', 'pdftools', 'magick'

trying URL 'http://cloud.r-project.org/src/contrib/qpdf_1.3.2.tar.gz'
Content type 'application/x-gzip' length 322552 bytes (314 KB)
==================================================
downloaded 314 KB

trying URL 'http://cloud.r-project.org/src/contrib/prt_0.2.0.tar.gz'
Content type 'application/x-gzip' length 51869 bytes (50 KB)
==================================================
downloaded 50 KB

trying URL 'http://cloud.r-project.org/src/contrib/mockthat_0.2.8.tar.gz'
Content type 'application/x-gzip' length 13301 bytes (12 KB)
==================================================
downloaded 12 KB

trying URL 'http://cloud.r-project.org/src/contrib/forestmodel_0.6.2.tar.gz'
Content type 'application/x-gzip' length 39374 bytes (38 KB)
==================================================
downloaded 38 KB

trying URL 'http://cloud.r-project.org/src/contrib/rticles_0.26.tar.gz'
Content type 'application/x-gzip' length 5247540 bytes (5.0 MB)
==================================================
downloaded 5.0 MB

trying URL 'http://cloud.r-project.org/src/contrib/pdftools_3.4.0.tar.gz'
Content type 'application/x-gzip' length 936466 bytes (914 KB)
==================================================
downloaded 914 KB

trying URL 'http://cloud.r-project.org/src/contrib/magick_2.8.2.tar.gz'
Content type 'application/x-gzip' length 4599270 bytes (4.4 MB)
==================================================
downloaded 4.4 MB

trying URL 'http://cloud.r-project.org/src/contrib/ricu_0.5.6.tar.gz'
Content type 'application/x-gzip' length 939208 bytes (917 KB)
==================================================
downloaded 917 KB

* installing *source* package 'qpdf' ...
** package 'qpdf' successfully unpacked and MD5 sums checked
** using staged installation
Using bundled qpdf (recommended)
** libs
using C++ compiler: 'g++ (GCC) 8.5.0 20210514 (Red Hat 8.5.0-20)'
g++ -std=gnu++17 -I"/home/th798/R/R-devel/include" -DNDEBUG -Iinclude -Ilibqpdf -I/home/th798/.conda/envs/emacs1/include -I'/projects/genomic-ml/R/R-devel/library/Rcpp/include' -I/home/th798/.conda/envs/emacs1/include -I/home/th798/include   -fvisibility=hidden -fpic  -g -O2  -c RcppExports.cpp -o RcppExports.o
g++ -std=gnu++17 -I"/home/th798/R/R-devel/include" -DNDEBUG -Iinclude -Ilibqpdf -I/home/th798/.conda/envs/emacs1/include -I'/projects/genomic-ml/R/R-devel/library/Rcpp/include' -I/home/th798/.conda/envs/emacs1/include -I/home/th798/include   -fvisibility=hidden -fpic  -g -O2  -c bindings.cpp -o bindings.o
g++ -std=gnu++17 -I"/home/th798/R/R-devel/include" -DNDEBUG -Iinclude -Ilibqpdf -I/home/th798/.conda/envs/emacs1/include -I'/projects/genomic-ml/R/R-devel/library/Rcpp/include' -I/home/th798/.conda/envs/emacs1/include -I/home/th798/include   -fvisibility=hidden -fpic  -g -O2  -c libqpdf/BitStream.cc -o libqpdf/BitStream.o
g++ -std=gnu++17 -I"/home/th798/R/R-devel/include" -DNDEBUG -Iinclude -Ilibqpdf -I/home/th798/.conda/envs/emacs1/include -I'/projects/genomic-ml/R/R-devel/library/Rcpp/include' -I/home/th798/.conda/envs/emacs1/include -I/home/th798/include   -fvisibility=hidden -fpic  -g -O2  -c libqpdf/BitWriter.cc -o libqpdf/BitWriter.o
g++ -std=gnu++17 -I"/home/th798/R/R-devel/include" -DNDEBUG -Iinclude -Ilibqpdf -I/home/th798/.conda/envs/emacs1/include -I'/projects/genomic-ml/R/R-devel/library/Rcpp/include' -I/home/th798/.conda/envs/emacs1/include -I/home/th798/include   -fvisibility=hidden -fpic  -g -O2  -c libqpdf/Buffer.cc -o libqpdf/Buffer.o
g++ -std=gnu++17 -I"/home/th798/R/R-devel/include" -DNDEBUG -Iinclude -Ilibqpdf -I/home/th798/.conda/envs/emacs1/include -I'/projects/genomic-ml/R/R-devel/library/Rcpp/include' -I/home/th798/.conda/envs/emacs1/include -I/home/th798/include   -fvisibility=hidden -fpic  -g -O2  -c libqpdf/BufferInputSource.cc -o libqpdf/BufferInputSource.o
g++ -std=gnu++17 -I"/home/th798/R/R-devel/include" -DNDEBUG -Iinclude -Ilibqpdf -I/home/th798/.conda/envs/emacs1/include -I'/projects/genomic-ml/R/R-devel/library/Rcpp/include' -I/home/th798/.conda/envs/emacs1/include -I/home/th798/include   -fvisibility=hidden -fpic  -g -O2  -c libqpdf/ClosedFileInputSource.cc -o libqpdf/ClosedFileInputSource.o
g++ -std=gnu++17 -I"/home/th798/R/R-devel/include" -DNDEBUG -Iinclude -Ilibqpdf -I/home/th798/.conda/envs/emacs1/include -I'/projects/genomic-ml/R/R-devel/library/Rcpp/include' -I/home/th798/.conda/envs/emacs1/include -I/home/th798/include   -fvisibility=hidden -fpic  -g -O2  -c libqpdf/ContentNormalizer.cc -o libqpdf/ContentNormalizer.o
g++ -std=gnu++17 -I"/home/th798/R/R-devel/include" -DNDEBUG -Iinclude -Ilibqpdf -I/home/th798/.conda/envs/emacs1/include -I'/projects/genomic-ml/R/R-devel/library/Rcpp/include' -I/home/th798/.conda/envs/emacs1/include -I/home/th798/include   -fvisibility=hidden -fpic  -g -O2  -c libqpdf/FileInputSource.cc -o libqpdf/FileInputSource.o
g++ -std=gnu++17 -I"/home/th798/R/R-devel/include" -DNDEBUG -Iinclude -Ilibqpdf -I/home/th798/.conda/envs/emacs1/include -I'/projects/genomic-ml/R/R-devel/library/Rcpp/include' -I/home/th798/.conda/envs/emacs1/include -I/home/th798/include   -fvisibility=hidden -fpic  -g -O2  -c libqpdf/InputSource.cc -o libqpdf/InputSource.o
g++ -std=gnu++17 -I"/home/th798/R/R-devel/include" -DNDEBUG -Iinclude -Ilibqpdf -I/home/th798/.conda/envs/emacs1/include -I'/projects/genomic-ml/R/R-devel/library/Rcpp/include' -I/home/th798/.conda/envs/emacs1/include -I/home/th798/include   -fvisibility=hidden -fpic  -g -O2  -c libqpdf/InsecureRandomDataProvider.cc -o libqpdf/InsecureRandomDataProvider.o
g++ -std=gnu++17 -I"/home/th798/R/R-devel/include" -DNDEBUG -Iinclude -Ilibqpdf -I/home/th798/.conda/envs/emacs1/include -I'/projects/genomic-ml/R/R-devel/library/Rcpp/include' -I/home/th798/.conda/envs/emacs1/include -I/home/th798/include   -fvisibility=hidden -fpic  -g -O2  -c libqpdf/JSON.cc -o libqpdf/JSON.o
g++ -std=gnu++17 -I"/home/th798/R/R-devel/include" -DNDEBUG -Iinclude -Ilibqpdf -I/home/th798/.conda/envs/emacs1/include -I'/projects/genomic-ml/R/R-devel/library/Rcpp/include' -I/home/th798/.conda/envs/emacs1/include -I/home/th798/include   -fvisibility=hidden -fpic  -g -O2  -c libqpdf/MD5.cc -o libqpdf/MD5.o
g++ -std=gnu++17 -I"/home/th798/R/R-devel/include" -DNDEBUG -Iinclude -Ilibqpdf -I/home/th798/.conda/envs/emacs1/include -I'/projects/genomic-ml/R/R-devel/library/Rcpp/include' -I/home/th798/.conda/envs/emacs1/include -I/home/th798/include   -fvisibility=hidden -fpic  -g -O2  -c libqpdf/OffsetInputSource.cc -o libqpdf/OffsetInputSource.o
g++ -std=gnu++17 -I"/home/th798/R/R-devel/include" -DNDEBUG -Iinclude -Ilibqpdf -I/home/th798/.conda/envs/emacs1/include -I'/projects/genomic-ml/R/R-devel/library/Rcpp/include' -I/home/th798/.conda/envs/emacs1/include -I/home/th798/include   -fvisibility=hidden -fpic  -g -O2  -c libqpdf/Pipeline.cc -o libqpdf/Pipeline.o
g++ -std=gnu++17 -I"/home/th798/R/R-devel/include" -DNDEBUG -Iinclude -Ilibqpdf -I/home/th798/.conda/envs/emacs1/include -I'/projects/genomic-ml/R/R-devel/library/Rcpp/include' -I/home/th798/.conda/envs/emacs1/include -I/home/th798/include   -fvisibility=hidden -fpic  -g -O2  -c libqpdf/Pl_AES_PDF.cc -o libqpdf/Pl_AES_PDF.o
g++ -std=gnu++17 -I"/home/th798/R/R-devel/include" -DNDEBUG -Iinclude -Ilibqpdf -I/home/th798/.conda/envs/emacs1/include -I'/projects/genomic-ml/R/R-devel/library/Rcpp/include' -I/home/th798/.conda/envs/emacs1/include -I/home/th798/include   -fvisibility=hidden -fpic  -g -O2  -c libqpdf/Pl_ASCII85Decoder.cc -o libqpdf/Pl_ASCII85Decoder.o
g++ -std=gnu++17 -I"/home/th798/R/R-devel/include" -DNDEBUG -Iinclude -Ilibqpdf -I/home/th798/.conda/envs/emacs1/include -I'/projects/genomic-ml/R/R-devel/library/Rcpp/include' -I/home/th798/.conda/envs/emacs1/include -I/home/th798/include   -fvisibility=hidden -fpic  -g -O2  -c libqpdf/Pl_ASCIIHexDecoder.cc -o libqpdf/Pl_ASCIIHexDecoder.o
g++ -std=gnu++17 -I"/home/th798/R/R-devel/include" -DNDEBUG -Iinclude -Ilibqpdf -I/home/th798/.conda/envs/emacs1/include -I'/projects/genomic-ml/R/R-devel/library/Rcpp/include' -I/home/th798/.conda/envs/emacs1/include -I/home/th798/include   -fvisibility=hidden -fpic  -g -O2  -c libqpdf/Pl_Buffer.cc -o libqpdf/Pl_Buffer.o
g++ -std=gnu++17 -I"/home/th798/R/R-devel/include" -DNDEBUG -Iinclude -Ilibqpdf -I/home/th798/.conda/envs/emacs1/include -I'/projects/genomic-ml/R/R-devel/library/Rcpp/include' -I/home/th798/.conda/envs/emacs1/include -I/home/th798/include   -fvisibility=hidden -fpic  -g -O2  -c libqpdf/Pl_Concatenate.cc -o libqpdf/Pl_Concatenate.o
g++ -std=gnu++17 -I"/home/th798/R/R-devel/include" -DNDEBUG -Iinclude -Ilibqpdf -I/home/th798/.conda/envs/emacs1/include -I'/projects/genomic-ml/R/R-devel/library/Rcpp/include' -I/home/th798/.conda/envs/emacs1/include -I/home/th798/include   -fvisibility=hidden -fpic  -g -O2  -c libqpdf/Pl_Count.cc -o libqpdf/Pl_Count.o
g++ -std=gnu++17 -I"/home/th798/R/R-devel/include" -DNDEBUG -Iinclude -Ilibqpdf -I/home/th798/.conda/envs/emacs1/include -I'/projects/genomic-ml/R/R-devel/library/Rcpp/include' -I/home/th798/.conda/envs/emacs1/include -I/home/th798/include   -fvisibility=hidden -fpic  -g -O2  -c libqpdf/Pl_DCT.cc -o libqpdf/Pl_DCT.o
g++ -std=gnu++17 -I"/home/th798/R/R-devel/include" -DNDEBUG -Iinclude -Ilibqpdf -I/home/th798/.conda/envs/emacs1/include -I'/projects/genomic-ml/R/R-devel/library/Rcpp/include' -I/home/th798/.conda/envs/emacs1/include -I/home/th798/include   -fvisibility=hidden -fpic  -g -O2  -c libqpdf/Pl_Discard.cc -o libqpdf/Pl_Discard.o
g++ -std=gnu++17 -I"/home/th798/R/R-devel/include" -DNDEBUG -Iinclude -Ilibqpdf -I/home/th798/.conda/envs/emacs1/include -I'/projects/genomic-ml/R/R-devel/library/Rcpp/include' -I/home/th798/.conda/envs/emacs1/include -I/home/th798/include   -fvisibility=hidden -fpic  -g -O2  -c libqpdf/Pl_Flate.cc -o libqpdf/Pl_Flate.o
g++ -std=gnu++17 -I"/home/th798/R/R-devel/include" -DNDEBUG -Iinclude -Ilibqpdf -I/home/th798/.conda/envs/emacs1/include -I'/projects/genomic-ml/R/R-devel/library/Rcpp/include' -I/home/th798/.conda/envs/emacs1/include -I/home/th798/include   -fvisibility=hidden -fpic  -g -O2  -c libqpdf/Pl_LZWDecoder.cc -o libqpdf/Pl_LZWDecoder.o
g++ -std=gnu++17 -I"/home/th798/R/R-devel/include" -DNDEBUG -Iinclude -Ilibqpdf -I/home/th798/.conda/envs/emacs1/include -I'/projects/genomic-ml/R/R-devel/library/Rcpp/include' -I/home/th798/.conda/envs/emacs1/include -I/home/th798/include   -fvisibility=hidden -fpic  -g -O2  -c libqpdf/Pl_MD5.cc -o libqpdf/Pl_MD5.o
g++ -std=gnu++17 -I"/home/th798/R/R-devel/include" -DNDEBUG -Iinclude -Ilibqpdf -I/home/th798/.conda/envs/emacs1/include -I'/projects/genomic-ml/R/R-devel/library/Rcpp/include' -I/home/th798/.conda/envs/emacs1/include -I/home/th798/include   -fvisibility=hidden -fpic  -g -O2  -c libqpdf/Pl_PNGFilter.cc -o libqpdf/Pl_PNGFilter.o
g++ -std=gnu++17 -I"/home/th798/R/R-devel/include" -DNDEBUG -Iinclude -Ilibqpdf -I/home/th798/.conda/envs/emacs1/include -I'/projects/genomic-ml/R/R-devel/library/Rcpp/include' -I/home/th798/.conda/envs/emacs1/include -I/home/th798/include   -fvisibility=hidden -fpic  -g -O2  -c libqpdf/Pl_QPDFTokenizer.cc -o libqpdf/Pl_QPDFTokenizer.o
g++ -std=gnu++17 -I"/home/th798/R/R-devel/include" -DNDEBUG -Iinclude -Ilibqpdf -I/home/th798/.conda/envs/emacs1/include -I'/projects/genomic-ml/R/R-devel/library/Rcpp/include' -I/home/th798/.conda/envs/emacs1/include -I/home/th798/include   -fvisibility=hidden -fpic  -g -O2  -c libqpdf/Pl_RC4.cc -o libqpdf/Pl_RC4.o
g++ -std=gnu++17 -I"/home/th798/R/R-devel/include" -DNDEBUG -Iinclude -Ilibqpdf -I/home/th798/.conda/envs/emacs1/include -I'/projects/genomic-ml/R/R-devel/library/Rcpp/include' -I/home/th798/.conda/envs/emacs1/include -I/home/th798/include   -fvisibility=hidden -fpic  -g -O2  -c libqpdf/Pl_RunLength.cc -o libqpdf/Pl_RunLength.o
g++ -std=gnu++17 -I"/home/th798/R/R-devel/include" -DNDEBUG -Iinclude -Ilibqpdf -I/home/th798/.conda/envs/emacs1/include -I'/projects/genomic-ml/R/R-devel/library/Rcpp/include' -I/home/th798/.conda/envs/emacs1/include -I/home/th798/include   -fvisibility=hidden -fpic  -g -O2  -c libqpdf/Pl_SHA2.cc -o libqpdf/Pl_SHA2.o
g++ -std=gnu++17 -I"/home/th798/R/R-devel/include" -DNDEBUG -Iinclude -Ilibqpdf -I/home/th798/.conda/envs/emacs1/include -I'/projects/genomic-ml/R/R-devel/library/Rcpp/include' -I/home/th798/.conda/envs/emacs1/include -I/home/th798/include   -fvisibility=hidden -fpic  -g -O2  -c libqpdf/Pl_StdioFile.cc -o libqpdf/Pl_StdioFile.o
g++ -std=gnu++17 -I"/home/th798/R/R-devel/include" -DNDEBUG -Iinclude -Ilibqpdf -I/home/th798/.conda/envs/emacs1/include -I'/projects/genomic-ml/R/R-devel/library/Rcpp/include' -I/home/th798/.conda/envs/emacs1/include -I/home/th798/include   -fvisibility=hidden -fpic  -g -O2  -c libqpdf/Pl_TIFFPredictor.cc -o libqpdf/Pl_TIFFPredictor.o
g++ -std=gnu++17 -I"/home/th798/R/R-devel/include" -DNDEBUG -Iinclude -Ilibqpdf -I/home/th798/.conda/envs/emacs1/include -I'/projects/genomic-ml/R/R-devel/library/Rcpp/include' -I/home/th798/.conda/envs/emacs1/include -I/home/th798/include   -fvisibility=hidden -fpic  -g -O2  -c libqpdf/QPDF_Array.cc -o libqpdf/QPDF_Array.o
g++ -std=gnu++17 -I"/home/th798/R/R-devel/include" -DNDEBUG -Iinclude -Ilibqpdf -I/home/th798/.conda/envs/emacs1/include -I'/projects/genomic-ml/R/R-devel/library/Rcpp/include' -I/home/th798/.conda/envs/emacs1/include -I/home/th798/include   -fvisibility=hidden -fpic  -g -O2  -c libqpdf/QPDF_Bool.cc -o libqpdf/QPDF_Bool.o
g++ -std=gnu++17 -I"/home/th798/R/R-devel/include" -DNDEBUG -Iinclude -Ilibqpdf -I/home/th798/.conda/envs/emacs1/include -I'/projects/genomic-ml/R/R-devel/library/Rcpp/include' -I/home/th798/.conda/envs/emacs1/include -I/home/th798/include   -fvisibility=hidden -fpic  -g -O2  -c libqpdf/QPDF_Dictionary.cc -o libqpdf/QPDF_Dictionary.o
g++ -std=gnu++17 -I"/home/th798/R/R-devel/include" -DNDEBUG -Iinclude -Ilibqpdf -I/home/th798/.conda/envs/emacs1/include -I'/projects/genomic-ml/R/R-devel/library/Rcpp/include' -I/home/th798/.conda/envs/emacs1/include -I/home/th798/include   -fvisibility=hidden -fpic  -g -O2  -c libqpdf/QPDF_encryption.cc -o libqpdf/QPDF_encryption.o
g++ -std=gnu++17 -I"/home/th798/R/R-devel/include" -DNDEBUG -Iinclude -Ilibqpdf -I/home/th798/.conda/envs/emacs1/include -I'/projects/genomic-ml/R/R-devel/library/Rcpp/include' -I/home/th798/.conda/envs/emacs1/include -I/home/th798/include   -fvisibility=hidden -fpic  -g -O2  -c libqpdf/QPDF_InlineImage.cc -o libqpdf/QPDF_InlineImage.o
g++ -std=gnu++17 -I"/home/th798/R/R-devel/include" -DNDEBUG -Iinclude -Ilibqpdf -I/home/th798/.conda/envs/emacs1/include -I'/projects/genomic-ml/R/R-devel/library/Rcpp/include' -I/home/th798/.conda/envs/emacs1/include -I/home/th798/include   -fvisibility=hidden -fpic  -g -O2  -c libqpdf/QPDF_Integer.cc -o libqpdf/QPDF_Integer.o
g++ -std=gnu++17 -I"/home/th798/R/R-devel/include" -DNDEBUG -Iinclude -Ilibqpdf -I/home/th798/.conda/envs/emacs1/include -I'/projects/genomic-ml/R/R-devel/library/Rcpp/include' -I/home/th798/.conda/envs/emacs1/include -I/home/th798/include   -fvisibility=hidden -fpic  -g -O2  -c libqpdf/QPDF_linearization.cc -o libqpdf/QPDF_linearization.o
g++ -std=gnu++17 -I"/home/th798/R/R-devel/include" -DNDEBUG -Iinclude -Ilibqpdf -I/home/th798/.conda/envs/emacs1/include -I'/projects/genomic-ml/R/R-devel/library/Rcpp/include' -I/home/th798/.conda/envs/emacs1/include -I/home/th798/include   -fvisibility=hidden -fpic  -g -O2  -c libqpdf/QPDF_Name.cc -o libqpdf/QPDF_Name.o
g++ -std=gnu++17 -I"/home/th798/R/R-devel/include" -DNDEBUG -Iinclude -Ilibqpdf -I/home/th798/.conda/envs/emacs1/include -I'/projects/genomic-ml/R/R-devel/library/Rcpp/include' -I/home/th798/.conda/envs/emacs1/include -I/home/th798/include   -fvisibility=hidden -fpic  -g -O2  -c libqpdf/QPDF_Null.cc -o libqpdf/QPDF_Null.o
g++ -std=gnu++17 -I"/home/th798/R/R-devel/include" -DNDEBUG -Iinclude -Ilibqpdf -I/home/th798/.conda/envs/emacs1/include -I'/projects/genomic-ml/R/R-devel/library/Rcpp/include' -I/home/th798/.conda/envs/emacs1/include -I/home/th798/include   -fvisibility=hidden -fpic  -g -O2  -c libqpdf/QPDF_Operator.cc -o libqpdf/QPDF_Operator.o
g++ -std=gnu++17 -I"/home/th798/R/R-devel/include" -DNDEBUG -Iinclude -Ilibqpdf -I/home/th798/.conda/envs/emacs1/include -I'/projects/genomic-ml/R/R-devel/library/Rcpp/include' -I/home/th798/.conda/envs/emacs1/include -I/home/th798/include   -fvisibility=hidden -fpic  -g -O2  -c libqpdf/QPDF_optimization.cc -o libqpdf/QPDF_optimization.o
g++ -std=gnu++17 -I"/home/th798/R/R-devel/include" -DNDEBUG -Iinclude -Ilibqpdf -I/home/th798/.conda/envs/emacs1/include -I'/projects/genomic-ml/R/R-devel/library/Rcpp/include' -I/home/th798/.conda/envs/emacs1/include -I/home/th798/include   -fvisibility=hidden -fpic  -g -O2  -c libqpdf/QPDF_pages.cc -o libqpdf/QPDF_pages.o
g++ -std=gnu++17 -I"/home/th798/R/R-devel/include" -DNDEBUG -Iinclude -Ilibqpdf -I/home/th798/.conda/envs/emacs1/include -I'/projects/genomic-ml/R/R-devel/library/Rcpp/include' -I/home/th798/.conda/envs/emacs1/include -I/home/th798/include   -fvisibility=hidden -fpic  -g -O2  -c libqpdf/QPDF_Real.cc -o libqpdf/QPDF_Real.o
g++ -std=gnu++17 -I"/home/th798/R/R-devel/include" -DNDEBUG -Iinclude -Ilibqpdf -I/home/th798/.conda/envs/emacs1/include -I'/projects/genomic-ml/R/R-devel/library/Rcpp/include' -I/home/th798/.conda/envs/emacs1/include -I/home/th798/include   -fvisibility=hidden -fpic  -g -O2  -c libqpdf/QPDF_Reserved.cc -o libqpdf/QPDF_Reserved.o
g++ -std=gnu++17 -I"/home/th798/R/R-devel/include" -DNDEBUG -Iinclude -Ilibqpdf -I/home/th798/.conda/envs/emacs1/include -I'/projects/genomic-ml/R/R-devel/library/Rcpp/include' -I/home/th798/.conda/envs/emacs1/include -I/home/th798/include   -fvisibility=hidden -fpic  -g -O2  -c libqpdf/QPDF_Stream.cc -o libqpdf/QPDF_Stream.o
g++ -std=gnu++17 -I"/home/th798/R/R-devel/include" -DNDEBUG -Iinclude -Ilibqpdf -I/home/th798/.conda/envs/emacs1/include -I'/projects/genomic-ml/R/R-devel/library/Rcpp/include' -I/home/th798/.conda/envs/emacs1/include -I/home/th798/include   -fvisibility=hidden -fpic  -g -O2  -c libqpdf/QPDF_String.cc -o libqpdf/QPDF_String.o
g++ -std=gnu++17 -I"/home/th798/R/R-devel/include" -DNDEBUG -Iinclude -Ilibqpdf -I/home/th798/.conda/envs/emacs1/include -I'/projects/genomic-ml/R/R-devel/library/Rcpp/include' -I/home/th798/.conda/envs/emacs1/include -I/home/th798/include   -fvisibility=hidden -fpic  -g -O2  -c libqpdf/qpdf-c.cc -o libqpdf/qpdf-c.o
g++ -std=gnu++17 -I"/home/th798/R/R-devel/include" -DNDEBUG -Iinclude -Ilibqpdf -I/home/th798/.conda/envs/emacs1/include -I'/projects/genomic-ml/R/R-devel/library/Rcpp/include' -I/home/th798/.conda/envs/emacs1/include -I/home/th798/include   -fvisibility=hidden -fpic  -g -O2  -c libqpdf/QPDF.cc -o libqpdf/QPDF.o
g++ -std=gnu++17 -I"/home/th798/R/R-devel/include" -DNDEBUG -Iinclude -Ilibqpdf -I/home/th798/.conda/envs/emacs1/include -I'/projects/genomic-ml/R/R-devel/library/Rcpp/include' -I/home/th798/.conda/envs/emacs1/include -I/home/th798/include   -fvisibility=hidden -fpic  -g -O2  -c libqpdf/QPDFAcroFormDocumentHelper.cc -o libqpdf/QPDFAcroFormDocumentHelper.o
g++ -std=gnu++17 -I"/home/th798/R/R-devel/include" -DNDEBUG -Iinclude -Ilibqpdf -I/home/th798/.conda/envs/emacs1/include -I'/projects/genomic-ml/R/R-devel/library/Rcpp/include' -I/home/th798/.conda/envs/emacs1/include -I/home/th798/include   -fvisibility=hidden -fpic  -g -O2  -c libqpdf/QPDFAnnotationObjectHelper.cc -o libqpdf/QPDFAnnotationObjectHelper.o
g++ -std=gnu++17 -I"/home/th798/R/R-devel/include" -DNDEBUG -Iinclude -Ilibqpdf -I/home/th798/.conda/envs/emacs1/include -I'/projects/genomic-ml/R/R-devel/library/Rcpp/include' -I/home/th798/.conda/envs/emacs1/include -I/home/th798/include   -fvisibility=hidden -fpic  -g -O2  -c libqpdf/QPDFExc.cc -o libqpdf/QPDFExc.o
g++ -std=gnu++17 -I"/home/th798/R/R-devel/include" -DNDEBUG -Iinclude -Ilibqpdf -I/home/th798/.conda/envs/emacs1/include -I'/projects/genomic-ml/R/R-devel/library/Rcpp/include' -I/home/th798/.conda/envs/emacs1/include -I/home/th798/include   -fvisibility=hidden -fpic  -g -O2  -c libqpdf/QPDFFormFieldObjectHelper.cc -o libqpdf/QPDFFormFieldObjectHelper.o
g++ -std=gnu++17 -I"/home/th798/R/R-devel/include" -DNDEBUG -Iinclude -Ilibqpdf -I/home/th798/.conda/envs/emacs1/include -I'/projects/genomic-ml/R/R-devel/library/Rcpp/include' -I/home/th798/.conda/envs/emacs1/include -I/home/th798/include   -fvisibility=hidden -fpic  -g -O2  -c libqpdf/QPDFMatrix.cc -o libqpdf/QPDFMatrix.o
g++ -std=gnu++17 -I"/home/th798/R/R-devel/include" -DNDEBUG -Iinclude -Ilibqpdf -I/home/th798/.conda/envs/emacs1/include -I'/projects/genomic-ml/R/R-devel/library/Rcpp/include' -I/home/th798/.conda/envs/emacs1/include -I/home/th798/include   -fvisibility=hidden -fpic  -g -O2  -c libqpdf/QPDFNameTreeObjectHelper.cc -o libqpdf/QPDFNameTreeObjectHelper.o
g++ -std=gnu++17 -I"/home/th798/R/R-devel/include" -DNDEBUG -Iinclude -Ilibqpdf -I/home/th798/.conda/envs/emacs1/include -I'/projects/genomic-ml/R/R-devel/library/Rcpp/include' -I/home/th798/.conda/envs/emacs1/include -I/home/th798/include   -fvisibility=hidden -fpic  -g -O2  -c libqpdf/QPDFNumberTreeObjectHelper.cc -o libqpdf/QPDFNumberTreeObjectHelper.o
g++ -std=gnu++17 -I"/home/th798/R/R-devel/include" -DNDEBUG -Iinclude -Ilibqpdf -I/home/th798/.conda/envs/emacs1/include -I'/projects/genomic-ml/R/R-devel/library/Rcpp/include' -I/home/th798/.conda/envs/emacs1/include -I/home/th798/include   -fvisibility=hidden -fpic  -g -O2  -c libqpdf/QPDFObject.cc -o libqpdf/QPDFObject.o
g++ -std=gnu++17 -I"/home/th798/R/R-devel/include" -DNDEBUG -Iinclude -Ilibqpdf -I/home/th798/.conda/envs/emacs1/include -I'/projects/genomic-ml/R/R-devel/library/Rcpp/include' -I/home/th798/.conda/envs/emacs1/include -I/home/th798/include   -fvisibility=hidden -fpic  -g -O2  -c libqpdf/QPDFObjectHandle.cc -o libqpdf/QPDFObjectHandle.o
g++ -std=gnu++17 -I"/home/th798/R/R-devel/include" -DNDEBUG -Iinclude -Ilibqpdf -I/home/th798/.conda/envs/emacs1/include -I'/projects/genomic-ml/R/R-devel/library/Rcpp/include' -I/home/th798/.conda/envs/emacs1/include -I/home/th798/include   -fvisibility=hidden -fpic  -g -O2  -c libqpdf/QPDFObjGen.cc -o libqpdf/QPDFObjGen.o
g++ -std=gnu++17 -I"/home/th798/R/R-devel/include" -DNDEBUG -Iinclude -Ilibqpdf -I/home/th798/.conda/envs/emacs1/include -I'/projects/genomic-ml/R/R-devel/library/Rcpp/include' -I/home/th798/.conda/envs/emacs1/include -I/home/th798/include   -fvisibility=hidden -fpic  -g -O2  -c libqpdf/QPDFOutlineDocumentHelper.cc -o libqpdf/QPDFOutlineDocumentHelper.o
g++ -std=gnu++17 -I"/home/th798/R/R-devel/include" -DNDEBUG -Iinclude -Ilibqpdf -I/home/th798/.conda/envs/emacs1/include -I'/projects/genomic-ml/R/R-devel/library/Rcpp/include' -I/home/th798/.conda/envs/emacs1/include -I/home/th798/include   -fvisibility=hidden -fpic  -g -O2  -c libqpdf/QPDFOutlineObjectHelper.cc -o libqpdf/QPDFOutlineObjectHelper.o
g++ -std=gnu++17 -I"/home/th798/R/R-devel/include" -DNDEBUG -Iinclude -Ilibqpdf -I/home/th798/.conda/envs/emacs1/include -I'/projects/genomic-ml/R/R-devel/library/Rcpp/include' -I/home/th798/.conda/envs/emacs1/include -I/home/th798/include   -fvisibility=hidden -fpic  -g -O2  -c libqpdf/QPDFPageDocumentHelper.cc -o libqpdf/QPDFPageDocumentHelper.o
g++ -std=gnu++17 -I"/home/th798/R/R-devel/include" -DNDEBUG -Iinclude -Ilibqpdf -I/home/th798/.conda/envs/emacs1/include -I'/projects/genomic-ml/R/R-devel/library/Rcpp/include' -I/home/th798/.conda/envs/emacs1/include -I/home/th798/include   -fvisibility=hidden -fpic  -g -O2  -c libqpdf/QPDFPageLabelDocumentHelper.cc -o libqpdf/QPDFPageLabelDocumentHelper.o
g++ -std=gnu++17 -I"/home/th798/R/R-devel/include" -DNDEBUG -Iinclude -Ilibqpdf -I/home/th798/.conda/envs/emacs1/include -I'/projects/genomic-ml/R/R-devel/library/Rcpp/include' -I/home/th798/.conda/envs/emacs1/include -I/home/th798/include   -fvisibility=hidden -fpic  -g -O2  -c libqpdf/QPDFPageObjectHelper.cc -o libqpdf/QPDFPageObjectHelper.o
g++ -std=gnu++17 -I"/home/th798/R/R-devel/include" -DNDEBUG -Iinclude -Ilibqpdf -I/home/th798/.conda/envs/emacs1/include -I'/projects/genomic-ml/R/R-devel/library/Rcpp/include' -I/home/th798/.conda/envs/emacs1/include -I/home/th798/include   -fvisibility=hidden -fpic  -g -O2  -c libqpdf/QPDFSystemError.cc -o libqpdf/QPDFSystemError.o
g++ -std=gnu++17 -I"/home/th798/R/R-devel/include" -DNDEBUG -Iinclude -Ilibqpdf -I/home/th798/.conda/envs/emacs1/include -I'/projects/genomic-ml/R/R-devel/library/Rcpp/include' -I/home/th798/.conda/envs/emacs1/include -I/home/th798/include   -fvisibility=hidden -fpic  -g -O2  -c libqpdf/QPDFTokenizer.cc -o libqpdf/QPDFTokenizer.o
g++ -std=gnu++17 -I"/home/th798/R/R-devel/include" -DNDEBUG -Iinclude -Ilibqpdf -I/home/th798/.conda/envs/emacs1/include -I'/projects/genomic-ml/R/R-devel/library/Rcpp/include' -I/home/th798/.conda/envs/emacs1/include -I/home/th798/include   -fvisibility=hidden -fpic  -g -O2  -c libqpdf/QPDFWriter.cc -o libqpdf/QPDFWriter.o
g++ -std=gnu++17 -I"/home/th798/R/R-devel/include" -DNDEBUG -Iinclude -Ilibqpdf -I/home/th798/.conda/envs/emacs1/include -I'/projects/genomic-ml/R/R-devel/library/Rcpp/include' -I/home/th798/.conda/envs/emacs1/include -I/home/th798/include   -fvisibility=hidden -fpic  -g -O2  -c libqpdf/QPDFXRefEntry.cc -o libqpdf/QPDFXRefEntry.o
g++ -std=gnu++17 -I"/home/th798/R/R-devel/include" -DNDEBUG -Iinclude -Ilibqpdf -I/home/th798/.conda/envs/emacs1/include -I'/projects/genomic-ml/R/R-devel/library/Rcpp/include' -I/home/th798/.conda/envs/emacs1/include -I/home/th798/include   -fvisibility=hidden -fpic  -g -O2  -c libqpdf/QTC.cc -o libqpdf/QTC.o
g++ -std=gnu++17 -I"/home/th798/R/R-devel/include" -DNDEBUG -Iinclude -Ilibqpdf -I/home/th798/.conda/envs/emacs1/include -I'/projects/genomic-ml/R/R-devel/library/Rcpp/include' -I/home/th798/.conda/envs/emacs1/include -I/home/th798/include   -fvisibility=hidden -fpic  -g -O2  -c libqpdf/QUtil.cc -o libqpdf/QUtil.o
g++ -std=gnu++17 -I"/home/th798/R/R-devel/include" -DNDEBUG -Iinclude -Ilibqpdf -I/home/th798/.conda/envs/emacs1/include -I'/projects/genomic-ml/R/R-devel/library/Rcpp/include' -I/home/th798/.conda/envs/emacs1/include -I/home/th798/include   -fvisibility=hidden -fpic  -g -O2  -c libqpdf/RC4.cc -o libqpdf/RC4.o
g++ -std=gnu++17 -I"/home/th798/R/R-devel/include" -DNDEBUG -Iinclude -Ilibqpdf -I/home/th798/.conda/envs/emacs1/include -I'/projects/genomic-ml/R/R-devel/library/Rcpp/include' -I/home/th798/.conda/envs/emacs1/include -I/home/th798/include   -fvisibility=hidden -fpic  -g -O2  -c libqpdf/rijndael.cc -o libqpdf/rijndael.o
g++ -std=gnu++17 -I"/home/th798/R/R-devel/include" -DNDEBUG -Iinclude -Ilibqpdf -I/home/th798/.conda/envs/emacs1/include -I'/projects/genomic-ml/R/R-devel/library/Rcpp/include' -I/home/th798/.conda/envs/emacs1/include -I/home/th798/include   -fvisibility=hidden -fpic  -g -O2  -c libqpdf/SecureRandomDataProvider.cc -o libqpdf/SecureRandomDataProvider.o
gcc -I"/home/th798/R/R-devel/include" -DNDEBUG -Iinclude -Ilibqpdf -I/home/th798/.conda/envs/emacs1/include -I'/projects/genomic-ml/R/R-devel/library/Rcpp/include' -I/home/th798/.conda/envs/emacs1/include -I/home/th798/include   -fvisibility=hidden -fpic  -g -O2  -c libqpdf/sha2.c -o libqpdf/sha2.o
gcc -I"/home/th798/R/R-devel/include" -DNDEBUG -Iinclude -Ilibqpdf -I/home/th798/.conda/envs/emacs1/include -I'/projects/genomic-ml/R/R-devel/library/Rcpp/include' -I/home/th798/.conda/envs/emacs1/include -I/home/th798/include   -fvisibility=hidden -fpic  -g -O2  -c libqpdf/sha2big.c -o libqpdf/sha2big.o
ar rcs libqpdf/libstatqpdf.a libqpdf/BitStream.o libqpdf/BitWriter.o libqpdf/Buffer.o libqpdf/BufferInputSource.o libqpdf/ClosedFileInputSource.o libqpdf/ContentNormalizer.o libqpdf/FileInputSource.o libqpdf/InputSource.o libqpdf/InsecureRandomDataProvider.o libqpdf/JSON.o libqpdf/MD5.o libqpdf/OffsetInputSource.o libqpdf/Pipeline.o libqpdf/Pl_AES_PDF.o libqpdf/Pl_ASCII85Decoder.o libqpdf/Pl_ASCIIHexDecoder.o libqpdf/Pl_Buffer.o libqpdf/Pl_Concatenate.o libqpdf/Pl_Count.o libqpdf/Pl_DCT.o libqpdf/Pl_Discard.o libqpdf/Pl_Flate.o libqpdf/Pl_LZWDecoder.o libqpdf/Pl_MD5.o libqpdf/Pl_PNGFilter.o libqpdf/Pl_QPDFTokenizer.o libqpdf/Pl_RC4.o libqpdf/Pl_RunLength.o libqpdf/Pl_SHA2.o libqpdf/Pl_StdioFile.o libqpdf/Pl_TIFFPredictor.o libqpdf/QPDF_Array.o libqpdf/QPDF_Bool.o libqpdf/QPDF_Dictionary.o libqpdf/QPDF_encryption.o libqpdf/QPDF_InlineImage.o libqpdf/QPDF_Integer.o libqpdf/QPDF_linearization.o libqpdf/QPDF_Name.o libqpdf/QPDF_Null.o libqpdf/QPDF_Operator.o libqpdf/QPDF_optimization.o libqpdf/QPDF_pages.o libqpdf/QPDF_Real.o libqpdf/QPDF_Reserved.o libqpdf/QPDF_Stream.o libqpdf/QPDF_String.o libqpdf/qpdf-c.o libqpdf/QPDF.o libqpdf/QPDFAcroFormDocumentHelper.o libqpdf/QPDFAnnotationObjectHelper.o libqpdf/QPDFExc.o libqpdf/QPDFFormFieldObjectHelper.o libqpdf/QPDFMatrix.o libqpdf/QPDFNameTreeObjectHelper.o libqpdf/QPDFNumberTreeObjectHelper.o libqpdf/QPDFObject.o libqpdf/QPDFObjectHandle.o libqpdf/QPDFObjGen.o libqpdf/QPDFOutlineDocumentHelper.o libqpdf/QPDFOutlineObjectHelper.o libqpdf/QPDFPageDocumentHelper.o libqpdf/QPDFPageLabelDocumentHelper.o libqpdf/QPDFPageObjectHelper.o libqpdf/QPDFSystemError.o libqpdf/QPDFTokenizer.o libqpdf/QPDFWriter.o libqpdf/QPDFXRefEntry.o libqpdf/QTC.o libqpdf/QUtil.o libqpdf/RC4.o libqpdf/rijndael.o libqpdf/SecureRandomDataProvider.o libqpdf/sha2.o libqpdf/sha2big.o
g++ -std=gnu++17 -shared -L/home/th798/.conda/envs/emacs1/lib -Wl,-rpath=/home/th798/.conda/envs/emacs1/lib -L/home/th798/lib -Wl,-rpath=/home/th798/lib -L/home/th798/lib64 -Wl,-rpath=/home/th798/lib64 -o qpdf.so RcppExports.o bindings.o -Llibqpdf -lstatqpdf -L/home/th798/.conda/envs/emacs1/lib -ljpeg -lz
installing to /tmp/th798/7340346/R-devel/1096/library/00LOCK-qpdf/00new/qpdf/libs
** R
** byte-compile and prepare package for lazy loading
** help
*** installing help indices
** building package indices
** testing if installed package can be loaded from temporary location
** checking absolute paths in shared objects and dynamic libraries
** testing if installed package can be loaded from final location
** testing if installed package keeps a record of temporary installation path
* DONE (qpdf)
* installing *source* package 'prt' ...
** package 'prt' successfully unpacked and MD5 sums checked
** using staged installation
** R
** inst
** byte-compile and prepare package for lazy loading
** help
*** installing help indices
** building package indices
** installing vignettes
** testing if installed package can be loaded from temporary location
** testing if installed package can be loaded from final location
** testing if installed package keeps a record of temporary installation path
* DONE (prt)
* installing *source* package 'mockthat' ...
** package 'mockthat' successfully unpacked and MD5 sums checked
** using staged installation
** R
** inst
** byte-compile and prepare package for lazy loading
** help
*** installing help indices
** building package indices
** testing if installed package can be loaded from temporary location
** testing if installed package can be loaded from final location
** testing if installed package keeps a record of temporary installation path
* DONE (mockthat)
* installing *source* package 'forestmodel' ...
** package 'forestmodel' successfully unpacked and MD5 sums checked
** using staged installation
** R
** byte-compile and prepare package for lazy loading
** help
*** installing help indices
*** copying figures
** building package indices
** testing if installed package can be loaded from temporary location
** testing if installed package can be loaded from final location
** testing if installed package keeps a record of temporary installation path
* DONE (forestmodel)
* installing *source* package 'rticles' ...
** package 'rticles' successfully unpacked and MD5 sums checked
** using staged installation
** R
** inst
** byte-compile and prepare package for lazy loading
** help
*** installing help indices
*** copying figures
** building package indices
** testing if installed package can be loaded from temporary location
** testing if installed package can be loaded from final location
** testing if installed package keeps a record of temporary installation path
* DONE (rticles)
* installing *source* package 'magick' ...
** package 'magick' successfully unpacked and MD5 sums checked
** using staged installation
Found pkg-config cflags and libs!
Using PKG_CFLAGS=-DMAGICKCORE_HDRI_ENABLE=1 -DMAGICKCORE_QUANTUM_DEPTH=16 -DMAGICKCORE_HDRI_ENABLE=1 -DMAGICKCORE_QUANTUM_DEPTH=16 -DMAGICKCORE_HDRI_ENABLE=1 -DMAGICKCORE_QUANTUM_DEPTH=16 -I/home/th798/.conda/envs/emacs1/include/ImageMagick-7
Using PKG_LIBS=-L/home/th798/.conda/envs/emacs1/lib -lMagick++-7.Q16HDRI -lMagickWand-7.Q16HDRI -lMagickCore-7.Q16HDRI
** libs
using C++ compiler: 'g++ (GCC) 8.5.0 20210514 (Red Hat 8.5.0-20)'
g++ -std=gnu++17 -I"/home/th798/R/R-devel/include" -DNDEBUG -DMAGICKCORE_HDRI_ENABLE=1 -DMAGICKCORE_QUANTUM_DEPTH=16 -DMAGICKCORE_HDRI_ENABLE=1 -DMAGICKCORE_QUANTUM_DEPTH=16 -DMAGICKCORE_HDRI_ENABLE=1 -DMAGICKCORE_QUANTUM_DEPTH=16 -I/home/th798/.conda/envs/emacs1/include/ImageMagick-7 -I'/projects/genomic-ml/R/R-devel/library/Rcpp/include' -I/home/th798/.conda/envs/emacs1/include -I/home/th798/include   -fvisibility=hidden -fpic  -g -O2  -c RcppExports.cpp -o RcppExports.o
g++ -std=gnu++17 -I"/home/th798/R/R-devel/include" -DNDEBUG -DMAGICKCORE_HDRI_ENABLE=1 -DMAGICKCORE_QUANTUM_DEPTH=16 -DMAGICKCORE_HDRI_ENABLE=1 -DMAGICKCORE_QUANTUM_DEPTH=16 -DMAGICKCORE_HDRI_ENABLE=1 -DMAGICKCORE_QUANTUM_DEPTH=16 -I/home/th798/.conda/envs/emacs1/include/ImageMagick-7 -I'/projects/genomic-ml/R/R-devel/library/Rcpp/include' -I/home/th798/.conda/envs/emacs1/include -I/home/th798/include   -fvisibility=hidden -fpic  -g -O2  -c animation.cpp -o animation.o
g++ -std=gnu++17 -I"/home/th798/R/R-devel/include" -DNDEBUG -DMAGICKCORE_HDRI_ENABLE=1 -DMAGICKCORE_QUANTUM_DEPTH=16 -DMAGICKCORE_HDRI_ENABLE=1 -DMAGICKCORE_QUANTUM_DEPTH=16 -DMAGICKCORE_HDRI_ENABLE=1 -DMAGICKCORE_QUANTUM_DEPTH=16 -I/home/th798/.conda/envs/emacs1/include/ImageMagick-7 -I'/projects/genomic-ml/R/R-devel/library/Rcpp/include' -I/home/th798/.conda/envs/emacs1/include -I/home/th798/include   -fvisibility=hidden -fpic  -g -O2  -c attributes.cpp -o attributes.o
g++ -std=gnu++17 -I"/home/th798/R/R-devel/include" -DNDEBUG -DMAGICKCORE_HDRI_ENABLE=1 -DMAGICKCORE_QUANTUM_DEPTH=16 -DMAGICKCORE_HDRI_ENABLE=1 -DMAGICKCORE_QUANTUM_DEPTH=16 -DMAGICKCORE_HDRI_ENABLE=1 -DMAGICKCORE_QUANTUM_DEPTH=16 -I/home/th798/.conda/envs/emacs1/include/ImageMagick-7 -I'/projects/genomic-ml/R/R-devel/library/Rcpp/include' -I/home/th798/.conda/envs/emacs1/include -I/home/th798/include   -fvisibility=hidden -fpic  -g -O2  -c base.cpp -o base.o
g++ -std=gnu++17 -I"/home/th798/R/R-devel/include" -DNDEBUG -DMAGICKCORE_HDRI_ENABLE=1 -DMAGICKCORE_QUANTUM_DEPTH=16 -DMAGICKCORE_HDRI_ENABLE=1 -DMAGICKCORE_QUANTUM_DEPTH=16 -DMAGICKCORE_HDRI_ENABLE=1 -DMAGICKCORE_QUANTUM_DEPTH=16 -I/home/th798/.conda/envs/emacs1/include/ImageMagick-7 -I'/projects/genomic-ml/R/R-devel/library/Rcpp/include' -I/home/th798/.conda/envs/emacs1/include -I/home/th798/include   -fvisibility=hidden -fpic  -g -O2  -c color.cpp -o color.o
g++ -std=gnu++17 -I"/home/th798/R/R-devel/include" -DNDEBUG -DMAGICKCORE_HDRI_ENABLE=1 -DMAGICKCORE_QUANTUM_DEPTH=16 -DMAGICKCORE_HDRI_ENABLE=1 -DMAGICKCORE_QUANTUM_DEPTH=16 -DMAGICKCORE_HDRI_ENABLE=1 -DMAGICKCORE_QUANTUM_DEPTH=16 -I/home/th798/.conda/envs/emacs1/include/ImageMagick-7 -I'/projects/genomic-ml/R/R-devel/library/Rcpp/include' -I/home/th798/.conda/envs/emacs1/include -I/home/th798/include   -fvisibility=hidden -fpic  -g -O2  -c composite.cpp -o composite.o
g++ -std=gnu++17 -I"/home/th798/R/R-devel/include" -DNDEBUG -DMAGICKCORE_HDRI_ENABLE=1 -DMAGICKCORE_QUANTUM_DEPTH=16 -DMAGICKCORE_HDRI_ENABLE=1 -DMAGICKCORE_QUANTUM_DEPTH=16 -DMAGICKCORE_HDRI_ENABLE=1 -DMAGICKCORE_QUANTUM_DEPTH=16 -I/home/th798/.conda/envs/emacs1/include/ImageMagick-7 -I'/projects/genomic-ml/R/R-devel/library/Rcpp/include' -I/home/th798/.conda/envs/emacs1/include -I/home/th798/include   -fvisibility=hidden -fpic  -g -O2  -c config.cc -o config.o
g++ -std=gnu++17 -I"/home/th798/R/R-devel/include" -DNDEBUG -DMAGICKCORE_HDRI_ENABLE=1 -DMAGICKCORE_QUANTUM_DEPTH=16 -DMAGICKCORE_HDRI_ENABLE=1 -DMAGICKCORE_QUANTUM_DEPTH=16 -DMAGICKCORE_HDRI_ENABLE=1 -DMAGICKCORE_QUANTUM_DEPTH=16 -I/home/th798/.conda/envs/emacs1/include/ImageMagick-7 -I'/projects/genomic-ml/R/R-devel/library/Rcpp/include' -I/home/th798/.conda/envs/emacs1/include -I/home/th798/include   -fvisibility=hidden -fpic  -g -O2  -c convolve.cpp -o convolve.o
g++ -std=gnu++17 -I"/home/th798/R/R-devel/include" -DNDEBUG -DMAGICKCORE_HDRI_ENABLE=1 -DMAGICKCORE_QUANTUM_DEPTH=16 -DMAGICKCORE_HDRI_ENABLE=1 -DMAGICKCORE_QUANTUM_DEPTH=16 -DMAGICKCORE_HDRI_ENABLE=1 -DMAGICKCORE_QUANTUM_DEPTH=16 -I/home/th798/.conda/envs/emacs1/include/ImageMagick-7 -I'/projects/genomic-ml/R/R-devel/library/Rcpp/include' -I/home/th798/.conda/envs/emacs1/include -I/home/th798/include   -fvisibility=hidden -fpic  -g -O2  -c device.cpp -o device.o
g++ -std=gnu++17 -I"/home/th798/R/R-devel/include" -DNDEBUG -DMAGICKCORE_HDRI_ENABLE=1 -DMAGICKCORE_QUANTUM_DEPTH=16 -DMAGICKCORE_HDRI_ENABLE=1 -DMAGICKCORE_QUANTUM_DEPTH=16 -DMAGICKCORE_HDRI_ENABLE=1 -DMAGICKCORE_QUANTUM_DEPTH=16 -I/home/th798/.conda/envs/emacs1/include/ImageMagick-7 -I'/projects/genomic-ml/R/R-devel/library/Rcpp/include' -I/home/th798/.conda/envs/emacs1/include -I/home/th798/include   -fvisibility=hidden -fpic  -g -O2  -c edges.cpp -o edges.o
g++ -std=gnu++17 -I"/home/th798/R/R-devel/include" -DNDEBUG -DMAGICKCORE_HDRI_ENABLE=1 -DMAGICKCORE_QUANTUM_DEPTH=16 -DMAGICKCORE_HDRI_ENABLE=1 -DMAGICKCORE_QUANTUM_DEPTH=16 -DMAGICKCORE_HDRI_ENABLE=1 -DMAGICKCORE_QUANTUM_DEPTH=16 -I/home/th798/.conda/envs/emacs1/include/ImageMagick-7 -I'/projects/genomic-ml/R/R-devel/library/Rcpp/include' -I/home/th798/.conda/envs/emacs1/include -I/home/th798/include   -fvisibility=hidden -fpic  -g -O2  -c edit.cpp -o edit.o
g++ -std=gnu++17 -I"/home/th798/R/R-devel/include" -DNDEBUG -DMAGICKCORE_HDRI_ENABLE=1 -DMAGICKCORE_QUANTUM_DEPTH=16 -DMAGICKCORE_HDRI_ENABLE=1 -DMAGICKCORE_QUANTUM_DEPTH=16 -DMAGICKCORE_HDRI_ENABLE=1 -DMAGICKCORE_QUANTUM_DEPTH=16 -I/home/th798/.conda/envs/emacs1/include/ImageMagick-7 -I'/projects/genomic-ml/R/R-devel/library/Rcpp/include' -I/home/th798/.conda/envs/emacs1/include -I/home/th798/include   -fvisibility=hidden -fpic  -g -O2  -c fonts.cpp -o fonts.o
g++ -std=gnu++17 -I"/home/th798/R/R-devel/include" -DNDEBUG -DMAGICKCORE_HDRI_ENABLE=1 -DMAGICKCORE_QUANTUM_DEPTH=16 -DMAGICKCORE_HDRI_ENABLE=1 -DMAGICKCORE_QUANTUM_DEPTH=16 -DMAGICKCORE_HDRI_ENABLE=1 -DMAGICKCORE_QUANTUM_DEPTH=16 -I/home/th798/.conda/envs/emacs1/include/ImageMagick-7 -I'/projects/genomic-ml/R/R-devel/library/Rcpp/include' -I/home/th798/.conda/envs/emacs1/include -I/home/th798/include   -fvisibility=hidden -fpic  -g -O2  -c options.cpp -o options.o
g++ -std=gnu++17 -I"/home/th798/R/R-devel/include" -DNDEBUG -DMAGICKCORE_HDRI_ENABLE=1 -DMAGICKCORE_QUANTUM_DEPTH=16 -DMAGICKCORE_HDRI_ENABLE=1 -DMAGICKCORE_QUANTUM_DEPTH=16 -DMAGICKCORE_HDRI_ENABLE=1 -DMAGICKCORE_QUANTUM_DEPTH=16 -I/home/th798/.conda/envs/emacs1/include/ImageMagick-7 -I'/projects/genomic-ml/R/R-devel/library/Rcpp/include' -I/home/th798/.conda/envs/emacs1/include -I/home/th798/include   -fvisibility=hidden -fpic  -g -O2  -c properties.cpp -o properties.o
g++ -std=gnu++17 -I"/home/th798/R/R-devel/include" -DNDEBUG -DMAGICKCORE_HDRI_ENABLE=1 -DMAGICKCORE_QUANTUM_DEPTH=16 -DMAGICKCORE_HDRI_ENABLE=1 -DMAGICKCORE_QUANTUM_DEPTH=16 -DMAGICKCORE_HDRI_ENABLE=1 -DMAGICKCORE_QUANTUM_DEPTH=16 -I/home/th798/.conda/envs/emacs1/include/ImageMagick-7 -I'/projects/genomic-ml/R/R-devel/library/Rcpp/include' -I/home/th798/.conda/envs/emacs1/include -I/home/th798/include   -fvisibility=hidden -fpic  -g -O2  -c resize.cpp -o resize.o
g++ -std=gnu++17 -I"/home/th798/R/R-devel/include" -DNDEBUG -DMAGICKCORE_HDRI_ENABLE=1 -DMAGICKCORE_QUANTUM_DEPTH=16 -DMAGICKCORE_HDRI_ENABLE=1 -DMAGICKCORE_QUANTUM_DEPTH=16 -DMAGICKCORE_HDRI_ENABLE=1 -DMAGICKCORE_QUANTUM_DEPTH=16 -I/home/th798/.conda/envs/emacs1/include/ImageMagick-7 -I'/projects/genomic-ml/R/R-devel/library/Rcpp/include' -I/home/th798/.conda/envs/emacs1/include -I/home/th798/include   -fvisibility=hidden -fpic  -g -O2  -c segment.cpp -o segment.o
g++ -std=gnu++17 -I"/home/th798/R/R-devel/include" -DNDEBUG -DMAGICKCORE_HDRI_ENABLE=1 -DMAGICKCORE_QUANTUM_DEPTH=16 -DMAGICKCORE_HDRI_ENABLE=1 -DMAGICKCORE_QUANTUM_DEPTH=16 -DMAGICKCORE_HDRI_ENABLE=1 -DMAGICKCORE_QUANTUM_DEPTH=16 -I/home/th798/.conda/envs/emacs1/include/ImageMagick-7 -I'/projects/genomic-ml/R/R-devel/library/Rcpp/include' -I/home/th798/.conda/envs/emacs1/include -I/home/th798/include   -fvisibility=hidden -fpic  -g -O2  -c transformations.cpp -o transformations.o
g++ -std=gnu++17 -shared -L/home/th798/.conda/envs/emacs1/lib -Wl,-rpath=/home/th798/.conda/envs/emacs1/lib -L/home/th798/lib -Wl,-rpath=/home/th798/lib -L/home/th798/lib64 -Wl,-rpath=/home/th798/lib64 -o magick.so RcppExports.o animation.o attributes.o base.o color.o composite.o config.o convolve.o device.o edges.o edit.o fonts.o options.o properties.o resize.o segment.o transformations.o -L/home/th798/.conda/envs/emacs1/lib -lMagick++-7.Q16HDRI -lMagickWand-7.Q16HDRI -lMagickCore-7.Q16HDRI
installing to /tmp/th798/7340346/R-devel/1096/library/00LOCK-magick/00new/magick/libs
** R
** inst
** byte-compile and prepare package for lazy loading
** help
*** installing help indices
** building package indices
** installing vignettes
** testing if installed package can be loaded from temporary location
** checking absolute paths in shared objects and dynamic libraries
** testing if installed package can be loaded from final location
** testing if installed package keeps a record of temporary installation path
* DONE (magick)
* installing *source* package 'pdftools' ...
** package 'pdftools' successfully unpacked and MD5 sums checked
** using staged installation
Found pkg-config cflags and libs!
Using PKG_CFLAGS=-I/home/th798/.conda/envs/emacs1/include/poppler/cpp -I/home/th798/.conda/envs/emacs1/include/poppler
Using PKG_LIBS=-L/home/th798/.conda/envs/emacs1/lib -lpoppler-cpp
** libs
using C++ compiler: 'g++ (GCC) 8.5.0 20210514 (Red Hat 8.5.0-20)'
g++ -std=gnu++17 -I"/home/th798/R/R-devel/include" -DNDEBUG -I/home/th798/.conda/envs/emacs1/include/poppler/cpp -I/home/th798/.conda/envs/emacs1/include/poppler -I'/projects/genomic-ml/R/R-devel/library/Rcpp/include' -I/home/th798/.conda/envs/emacs1/include -I/home/th798/include   -fvisibility=hidden -fpic  -g -O2  -c RcppExports.cpp -o RcppExports.o
g++ -std=gnu++17 -I"/home/th798/R/R-devel/include" -DNDEBUG -I/home/th798/.conda/envs/emacs1/include/poppler/cpp -I/home/th798/.conda/envs/emacs1/include/poppler -I'/projects/genomic-ml/R/R-devel/library/Rcpp/include' -I/home/th798/.conda/envs/emacs1/include -I/home/th798/include   -fvisibility=hidden -fpic  -g -O2  -c bindings.cpp -o bindings.o
g++ -std=gnu++17 -shared -L/home/th798/.conda/envs/emacs1/lib -Wl,-rpath=/home/th798/.conda/envs/emacs1/lib -L/home/th798/lib -Wl,-rpath=/home/th798/lib -L/home/th798/lib64 -Wl,-rpath=/home/th798/lib64 -o pdftools.so RcppExports.o bindings.o -L/home/th798/.conda/envs/emacs1/lib -lpoppler-cpp
installing to /tmp/th798/7340346/R-devel/1096/library/00LOCK-pdftools/00new/pdftools/libs
** R
** byte-compile and prepare package for lazy loading
** help
*** installing help indices
** building package indices
** testing if installed package can be loaded from temporary location
** checking absolute paths in shared objects and dynamic libraries
** testing if installed package can be loaded from final location
** testing if installed package keeps a record of temporary installation path
* DONE (pdftools)
* installing *source* package 'ricu' ...
** package 'ricu' successfully unpacked and MD5 sums checked
** using staged installation
** R
** inst
** byte-compile and prepare package for lazy loading
** help
*** installing help indices
*** copying figures
** building package indices
** installing vignettes
** testing if installed package can be loaded from temporary location
** testing if installed package can be loaded from final location
** testing if installed package keeps a record of temporary installation path
* DONE (ricu)

The downloaded source packages are in
	'/tmp/th798/7340346/RtmpVofte8/downloaded_packages'
> cat("Time to install revdep:\n")
Time to install revdep:
> print(install.time)
   user  system elapsed 
150.194  13.342 170.176 
> downloaded_packages <- file.path(
+   tempdir(),
+   "downloaded_packages")
> dl.glob <- file.path(
+   downloaded_packages,
+   paste0(rev.dep,"_*.tar.gz"))
> rev.dep.dl.row <- cbind(rev.dep, Sys.glob(dl.glob))
> colnames(rev.dep.dl.row) <- c("pkg","path")
> rev.dep.release.tar.gz <- normalizePath(rev.dep.dl.row[,"path"], mustWork=TRUE)
> pkg.Rcheck <- paste0(rev.dep, ".Rcheck")
> 
> proj.dir <- "~/genomic-ml/data.table-revdeps"
> source(file.path(proj.dir, "myStatus.R"))
> Rvers <- gsub("[()]", "", gsub(" ", "_", R.version[["version.string"]]))
> dir.create(Rvers, showWarnings=FALSE)
> Rcheck.list <- list()
> for(dt.version.short in c("release", "master")){
+   dt.tar.gz <- cargs[[dt.version.short]]
+   dt.version <- gsub(".tar.gz|/.*?_", "", dt.tar.gz)
+   install.packages(dt.tar.gz, repos=NULL)
+   check.cmd <- get_check_cmd(rev.dep.release.tar.gz)
+   system(check.cmd)
+   dest.Rcheck <- file.path(
+     Rvers,
+     paste0(dt.version, ".Rcheck"))
+   unlink(dest.Rcheck, recursive=TRUE)
+   file.rename(pkg.Rcheck, dest.Rcheck)
+   Rcheck.list[[dt.version]] <- file.path(dest.Rcheck, "00check.log")
+ }
Installing package into '/tmp/th798/7340346/R-devel/1096/library'
(as 'lib' is unspecified)
* installing *source* package 'data.table' ...
** package 'data.table' successfully unpacked and MD5 sums checked
** using staged installation
gcc 8.5.0
zlib 1.2.13 is available ok
R CMD SHLIB supports OpenMP without any extra hint
** libs
using C compiler: 'gcc (GCC) 8.5.0 20210514 (Red Hat 8.5.0-20)'
gcc -I"/home/th798/R/R-devel/include" -DNDEBUG   -I/home/th798/.conda/envs/emacs1/include -I/home/th798/include   -fopenmp  -fpic  -g -O2  -c assign.c -o assign.o
gcc -I"/home/th798/R/R-devel/include" -DNDEBUG   -I/home/th798/.conda/envs/emacs1/include -I/home/th798/include   -fopenmp  -fpic  -g -O2  -c between.c -o between.o
gcc -I"/home/th798/R/R-devel/include" -DNDEBUG   -I/home/th798/.conda/envs/emacs1/include -I/home/th798/include   -fopenmp  -fpic  -g -O2  -c bmerge.c -o bmerge.o
gcc -I"/home/th798/R/R-devel/include" -DNDEBUG   -I/home/th798/.conda/envs/emacs1/include -I/home/th798/include   -fopenmp  -fpic  -g -O2  -c chmatch.c -o chmatch.o
gcc -I"/home/th798/R/R-devel/include" -DNDEBUG   -I/home/th798/.conda/envs/emacs1/include -I/home/th798/include   -fopenmp  -fpic  -g -O2  -c cj.c -o cj.o
gcc -I"/home/th798/R/R-devel/include" -DNDEBUG   -I/home/th798/.conda/envs/emacs1/include -I/home/th798/include   -fopenmp  -fpic  -g -O2  -c coalesce.c -o coalesce.o
gcc -I"/home/th798/R/R-devel/include" -DNDEBUG   -I/home/th798/.conda/envs/emacs1/include -I/home/th798/include   -fopenmp  -fpic  -g -O2  -c dogroups.c -o dogroups.o
gcc -I"/home/th798/R/R-devel/include" -DNDEBUG   -I/home/th798/.conda/envs/emacs1/include -I/home/th798/include   -fopenmp  -fpic  -g -O2  -c fastmean.c -o fastmean.o
gcc -I"/home/th798/R/R-devel/include" -DNDEBUG   -I/home/th798/.conda/envs/emacs1/include -I/home/th798/include   -fopenmp  -fpic  -g -O2  -c fcast.c -o fcast.o
gcc -I"/home/th798/R/R-devel/include" -DNDEBUG   -I/home/th798/.conda/envs/emacs1/include -I/home/th798/include   -fopenmp  -fpic  -g -O2  -c fifelse.c -o fifelse.o
gcc -I"/home/th798/R/R-devel/include" -DNDEBUG   -I/home/th798/.conda/envs/emacs1/include -I/home/th798/include   -fopenmp  -fpic  -g -O2  -c fmelt.c -o fmelt.o
gcc -I"/home/th798/R/R-devel/include" -DNDEBUG   -I/home/th798/.conda/envs/emacs1/include -I/home/th798/include   -fopenmp  -fpic  -g -O2  -c forder.c -o forder.o
gcc -I"/home/th798/R/R-devel/include" -DNDEBUG   -I/home/th798/.conda/envs/emacs1/include -I/home/th798/include   -fopenmp  -fpic  -g -O2  -c frank.c -o frank.o
gcc -I"/home/th798/R/R-devel/include" -DNDEBUG   -I/home/th798/.conda/envs/emacs1/include -I/home/th798/include   -fopenmp  -fpic  -g -O2  -c fread.c -o fread.o
gcc -I"/home/th798/R/R-devel/include" -DNDEBUG   -I/home/th798/.conda/envs/emacs1/include -I/home/th798/include   -fopenmp  -fpic  -g -O2  -c freadR.c -o freadR.o
gcc -I"/home/th798/R/R-devel/include" -DNDEBUG   -I/home/th798/.conda/envs/emacs1/include -I/home/th798/include   -fopenmp  -fpic  -g -O2  -c froll.c -o froll.o
gcc -I"/home/th798/R/R-devel/include" -DNDEBUG   -I/home/th798/.conda/envs/emacs1/include -I/home/th798/include   -fopenmp  -fpic  -g -O2  -c frollR.c -o frollR.o
gcc -I"/home/th798/R/R-devel/include" -DNDEBUG   -I/home/th798/.conda/envs/emacs1/include -I/home/th798/include   -fopenmp  -fpic  -g -O2  -c frolladaptive.c -o frolladaptive.o
gcc -I"/home/th798/R/R-devel/include" -DNDEBUG   -I/home/th798/.conda/envs/emacs1/include -I/home/th798/include   -fopenmp  -fpic  -g -O2  -c fsort.c -o fsort.o
gcc -I"/home/th798/R/R-devel/include" -DNDEBUG   -I/home/th798/.conda/envs/emacs1/include -I/home/th798/include   -fopenmp  -fpic  -g -O2  -c fwrite.c -o fwrite.o
gcc -I"/home/th798/R/R-devel/include" -DNDEBUG   -I/home/th798/.conda/envs/emacs1/include -I/home/th798/include   -fopenmp  -fpic  -g -O2  -c fwriteR.c -o fwriteR.o
gcc -I"/home/th798/R/R-devel/include" -DNDEBUG   -I/home/th798/.conda/envs/emacs1/include -I/home/th798/include   -fopenmp  -fpic  -g -O2  -c gsumm.c -o gsumm.o
gcc -I"/home/th798/R/R-devel/include" -DNDEBUG   -I/home/th798/.conda/envs/emacs1/include -I/home/th798/include   -fopenmp  -fpic  -g -O2  -c ijoin.c -o ijoin.o
gcc -I"/home/th798/R/R-devel/include" -DNDEBUG   -I/home/th798/.conda/envs/emacs1/include -I/home/th798/include   -fopenmp  -fpic  -g -O2  -c init.c -o init.o
gcc -I"/home/th798/R/R-devel/include" -DNDEBUG   -I/home/th798/.conda/envs/emacs1/include -I/home/th798/include   -fopenmp  -fpic  -g -O2  -c inrange.c -o inrange.o
gcc -I"/home/th798/R/R-devel/include" -DNDEBUG   -I/home/th798/.conda/envs/emacs1/include -I/home/th798/include   -fopenmp  -fpic  -g -O2  -c nafill.c -o nafill.o
gcc -I"/home/th798/R/R-devel/include" -DNDEBUG   -I/home/th798/.conda/envs/emacs1/include -I/home/th798/include   -fopenmp  -fpic  -g -O2  -c nqrecreateindices.c -o nqrecreateindices.o
gcc -I"/home/th798/R/R-devel/include" -DNDEBUG   -I/home/th798/.conda/envs/emacs1/include -I/home/th798/include   -fopenmp  -fpic  -g -O2  -c openmp-utils.c -o openmp-utils.o
gcc -I"/home/th798/R/R-devel/include" -DNDEBUG   -I/home/th798/.conda/envs/emacs1/include -I/home/th798/include   -fopenmp  -fpic  -g -O2  -c quickselect.c -o quickselect.o
gcc -I"/home/th798/R/R-devel/include" -DNDEBUG   -I/home/th798/.conda/envs/emacs1/include -I/home/th798/include   -fopenmp  -fpic  -g -O2  -c rbindlist.c -o rbindlist.o
gcc -I"/home/th798/R/R-devel/include" -DNDEBUG   -I/home/th798/.conda/envs/emacs1/include -I/home/th798/include   -fopenmp  -fpic  -g -O2  -c reorder.c -o reorder.o
gcc -I"/home/th798/R/R-devel/include" -DNDEBUG   -I/home/th798/.conda/envs/emacs1/include -I/home/th798/include   -fopenmp  -fpic  -g -O2  -c shift.c -o shift.o
gcc -I"/home/th798/R/R-devel/include" -DNDEBUG   -I/home/th798/.conda/envs/emacs1/include -I/home/th798/include   -fopenmp  -fpic  -g -O2  -c snprintf.c -o snprintf.o
gcc -I"/home/th798/R/R-devel/include" -DNDEBUG   -I/home/th798/.conda/envs/emacs1/include -I/home/th798/include   -fopenmp  -fpic  -g -O2  -c subset.c -o subset.o
gcc -I"/home/th798/R/R-devel/include" -DNDEBUG   -I/home/th798/.conda/envs/emacs1/include -I/home/th798/include   -fopenmp  -fpic  -g -O2  -c transpose.c -o transpose.o
gcc -I"/home/th798/R/R-devel/include" -DNDEBUG   -I/home/th798/.conda/envs/emacs1/include -I/home/th798/include   -fopenmp  -fpic  -g -O2  -c types.c -o types.o
gcc -I"/home/th798/R/R-devel/include" -DNDEBUG   -I/home/th798/.conda/envs/emacs1/include -I/home/th798/include   -fopenmp  -fpic  -g -O2  -c uniqlist.c -o uniqlist.o
gcc -I"/home/th798/R/R-devel/include" -DNDEBUG   -I/home/th798/.conda/envs/emacs1/include -I/home/th798/include   -fopenmp  -fpic  -g -O2  -c utils.c -o utils.o
gcc -I"/home/th798/R/R-devel/include" -DNDEBUG   -I/home/th798/.conda/envs/emacs1/include -I/home/th798/include   -fopenmp  -fpic  -g -O2  -c vecseq.c -o vecseq.o
gcc -I"/home/th798/R/R-devel/include" -DNDEBUG   -I/home/th798/.conda/envs/emacs1/include -I/home/th798/include   -fopenmp  -fpic  -g -O2  -c wrappers.c -o wrappers.o
gcc -shared -L/home/th798/.conda/envs/emacs1/lib -Wl,-rpath=/home/th798/.conda/envs/emacs1/lib -L/home/th798/lib -Wl,-rpath=/home/th798/lib -L/home/th798/lib64 -Wl,-rpath=/home/th798/lib64 -o data.table.so assign.o between.o bmerge.o chmatch.o cj.o coalesce.o dogroups.o fastmean.o fcast.o fifelse.o fmelt.o forder.o frank.o fread.o freadR.o froll.o frollR.o frolladaptive.o fsort.o fwrite.o fwriteR.o gsumm.o ijoin.o init.o inrange.o nafill.o nqrecreateindices.o openmp-utils.o quickselect.o rbindlist.o reorder.o shift.o snprintf.o subset.o transpose.o types.o uniqlist.o utils.o vecseq.o wrappers.o -fopenmp -lz
PKG_CFLAGS = -fopenmp
PKG_LIBS = -fopenmp -lz
if [ "data.table.so" != "data_table.so" ]; then mv data.table.so data_table.so; fi
if [ "" != "Windows_NT" ] && [ `uname -s` = 'Darwin' ]; then install_name_tool -id data_table.so data_table.so; fi
installing to /tmp/th798/7340346/R-devel/1096/library/00LOCK-data.table/00new/data.table/libs
** R
** inst
** byte-compile and prepare package for lazy loading
** help
*** installing help indices
** building package indices
** installing vignettes
** testing if installed package can be loaded from temporary location
** checking absolute paths in shared objects and dynamic libraries
** testing if installed package can be loaded from final location
** testing if installed package keeps a record of temporary installation path
* DONE (data.table)
* using log directory '/tmp/th798/7340346/R-devel/1096/ricu.Rcheck'
* using R Under development (unstable) (2024-01-20 r85814)
* using platform: x86_64-pc-linux-gnu
* R was compiled by
    gcc (GCC) 8.5.0 20210514 (Red Hat 8.5.0-20)
    GNU Fortran (GCC) 8.5.0 20210514 (Red Hat 8.5.0-20)
* running under: Red Hat Enterprise Linux 8.9 (Ootpa)
* using session charset: ASCII
* checking for file 'ricu/DESCRIPTION' ... OK
* this is package 'ricu' version '0.5.6'
* package encoding: UTF-8
* checking package namespace information ... OK
* checking package dependencies ... NOTE
Packages suggested but not available for checking:
  'mimic.demo', 'eicu.demo'
* checking if this is a source package ... OK
* checking if there is a namespace ... OK
* checking for executable files ... OK
* checking for hidden files and directories ... OK
* checking for portable file names ... OK
* checking for sufficient/correct file permissions ... OK
* checking whether package 'ricu' can be installed ... OK
* checking installed package size ... OK
* checking package directory ... OK
* checking 'build' directory ... OK
* checking DESCRIPTION meta-information ... OK
* checking top-level files ... OK
* checking for left-over files ... OK
* checking index information ... OK
* checking package subdirectories ... OK
* checking R files for non-ASCII characters ... OK
* checking R files for syntax errors ... OK
* checking whether the package can be loaded ... OK
* checking whether the package can be loaded with stated dependencies ... OK
* checking whether the package can be unloaded cleanly ... OK
* checking whether the namespace can be loaded with stated dependencies ... OK
* checking whether the namespace can be unloaded cleanly ... OK
* checking loading without being on the library search path ... OK
* checking whether startup messages can be suppressed ... OK
* checking dependencies in R code ... OK
* checking S3 generic/method consistency ... OK
* checking replacement functions ... OK
* checking foreign function calls ... OK
* checking R code for possible problems ... OK
* checking Rd files ... OK
* checking Rd metadata ... OK
* checking Rd cross-references ... OK
* checking for missing documentation entries ... OK
* checking for code/documentation mismatches ... OK
* checking Rd \usage sections ... OK
* checking Rd contents ... OK
* checking for unstated dependencies in examples ... OK
* checking sizes of PDF files under 'inst/doc' ... OK
* checking installed files from 'inst/doc' ... OK
* checking files in 'vignettes' ... OK
* checking examples ... OK
* checking for unstated dependencies in 'tests' ... OK
* checking tests ...
  Running 'testthat.R'
 OK
* checking for unstated dependencies in vignettes ... OK
* checking package vignettes ... OK
* checking re-building of vignette outputs ... OK
* checking PDF version of manual ... OK
* DONE

Status: 1 NOTE
See
  '/tmp/th798/7340346/R-devel/1096/ricu.Rcheck/00check.log'
for details.


Installing package into '/tmp/th798/7340346/R-devel/1096/library'
(as 'lib' is unspecified)
* installing *source* package 'data.table' ...
** using staged installation
gcc 8.5.0
zlib 1.2.13 is available ok
R CMD SHLIB supports OpenMP without any extra hint
** libs
using C compiler: 'gcc (GCC) 8.5.0 20210514 (Red Hat 8.5.0-20)'
gcc -I"/home/th798/R/R-devel/include" -DNDEBUG   -I/home/th798/.conda/envs/emacs1/include -I/home/th798/include   -fopenmp  -fpic  -g -O2  -c assign.c -o assign.o
gcc -I"/home/th798/R/R-devel/include" -DNDEBUG   -I/home/th798/.conda/envs/emacs1/include -I/home/th798/include   -fopenmp  -fpic  -g -O2  -c between.c -o between.o
gcc -I"/home/th798/R/R-devel/include" -DNDEBUG   -I/home/th798/.conda/envs/emacs1/include -I/home/th798/include   -fopenmp  -fpic  -g -O2  -c bmerge.c -o bmerge.o
gcc -I"/home/th798/R/R-devel/include" -DNDEBUG   -I/home/th798/.conda/envs/emacs1/include -I/home/th798/include   -fopenmp  -fpic  -g -O2  -c chmatch.c -o chmatch.o
gcc -I"/home/th798/R/R-devel/include" -DNDEBUG   -I/home/th798/.conda/envs/emacs1/include -I/home/th798/include   -fopenmp  -fpic  -g -O2  -c cj.c -o cj.o
gcc -I"/home/th798/R/R-devel/include" -DNDEBUG   -I/home/th798/.conda/envs/emacs1/include -I/home/th798/include   -fopenmp  -fpic  -g -O2  -c coalesce.c -o coalesce.o
gcc -I"/home/th798/R/R-devel/include" -DNDEBUG   -I/home/th798/.conda/envs/emacs1/include -I/home/th798/include   -fopenmp  -fpic  -g -O2  -c dogroups.c -o dogroups.o
gcc -I"/home/th798/R/R-devel/include" -DNDEBUG   -I/home/th798/.conda/envs/emacs1/include -I/home/th798/include   -fopenmp  -fpic  -g -O2  -c fastmean.c -o fastmean.o
gcc -I"/home/th798/R/R-devel/include" -DNDEBUG   -I/home/th798/.conda/envs/emacs1/include -I/home/th798/include   -fopenmp  -fpic  -g -O2  -c fcast.c -o fcast.o
gcc -I"/home/th798/R/R-devel/include" -DNDEBUG   -I/home/th798/.conda/envs/emacs1/include -I/home/th798/include   -fopenmp  -fpic  -g -O2  -c fifelse.c -o fifelse.o
gcc -I"/home/th798/R/R-devel/include" -DNDEBUG   -I/home/th798/.conda/envs/emacs1/include -I/home/th798/include   -fopenmp  -fpic  -g -O2  -c fmelt.c -o fmelt.o
gcc -I"/home/th798/R/R-devel/include" -DNDEBUG   -I/home/th798/.conda/envs/emacs1/include -I/home/th798/include   -fopenmp  -fpic  -g -O2  -c forder.c -o forder.o
gcc -I"/home/th798/R/R-devel/include" -DNDEBUG   -I/home/th798/.conda/envs/emacs1/include -I/home/th798/include   -fopenmp  -fpic  -g -O2  -c frank.c -o frank.o
gcc -I"/home/th798/R/R-devel/include" -DNDEBUG   -I/home/th798/.conda/envs/emacs1/include -I/home/th798/include   -fopenmp  -fpic  -g -O2  -c fread.c -o fread.o
gcc -I"/home/th798/R/R-devel/include" -DNDEBUG   -I/home/th798/.conda/envs/emacs1/include -I/home/th798/include   -fopenmp  -fpic  -g -O2  -c freadR.c -o freadR.o
gcc -I"/home/th798/R/R-devel/include" -DNDEBUG   -I/home/th798/.conda/envs/emacs1/include -I/home/th798/include   -fopenmp  -fpic  -g -O2  -c froll.c -o froll.o
gcc -I"/home/th798/R/R-devel/include" -DNDEBUG   -I/home/th798/.conda/envs/emacs1/include -I/home/th798/include   -fopenmp  -fpic  -g -O2  -c frollR.c -o frollR.o
gcc -I"/home/th798/R/R-devel/include" -DNDEBUG   -I/home/th798/.conda/envs/emacs1/include -I/home/th798/include   -fopenmp  -fpic  -g -O2  -c frolladaptive.c -o frolladaptive.o
gcc -I"/home/th798/R/R-devel/include" -DNDEBUG   -I/home/th798/.conda/envs/emacs1/include -I/home/th798/include   -fopenmp  -fpic  -g -O2  -c fsort.c -o fsort.o
gcc -I"/home/th798/R/R-devel/include" -DNDEBUG   -I/home/th798/.conda/envs/emacs1/include -I/home/th798/include   -fopenmp  -fpic  -g -O2  -c fwrite.c -o fwrite.o
gcc -I"/home/th798/R/R-devel/include" -DNDEBUG   -I/home/th798/.conda/envs/emacs1/include -I/home/th798/include   -fopenmp  -fpic  -g -O2  -c fwriteR.c -o fwriteR.o
gcc -I"/home/th798/R/R-devel/include" -DNDEBUG   -I/home/th798/.conda/envs/emacs1/include -I/home/th798/include   -fopenmp  -fpic  -g -O2  -c gsumm.c -o gsumm.o
gcc -I"/home/th798/R/R-devel/include" -DNDEBUG   -I/home/th798/.conda/envs/emacs1/include -I/home/th798/include   -fopenmp  -fpic  -g -O2  -c idatetime.c -o idatetime.o
gcc -I"/home/th798/R/R-devel/include" -DNDEBUG   -I/home/th798/.conda/envs/emacs1/include -I/home/th798/include   -fopenmp  -fpic  -g -O2  -c ijoin.c -o ijoin.o
gcc -I"/home/th798/R/R-devel/include" -DNDEBUG   -I/home/th798/.conda/envs/emacs1/include -I/home/th798/include   -fopenmp  -fpic  -g -O2  -c init.c -o init.o
gcc -I"/home/th798/R/R-devel/include" -DNDEBUG   -I/home/th798/.conda/envs/emacs1/include -I/home/th798/include   -fopenmp  -fpic  -g -O2  -c inrange.c -o inrange.o
gcc -I"/home/th798/R/R-devel/include" -DNDEBUG   -I/home/th798/.conda/envs/emacs1/include -I/home/th798/include   -fopenmp  -fpic  -g -O2  -c nafill.c -o nafill.o
gcc -I"/home/th798/R/R-devel/include" -DNDEBUG   -I/home/th798/.conda/envs/emacs1/include -I/home/th798/include   -fopenmp  -fpic  -g -O2  -c negate.c -o negate.o
gcc -I"/home/th798/R/R-devel/include" -DNDEBUG   -I/home/th798/.conda/envs/emacs1/include -I/home/th798/include   -fopenmp  -fpic  -g -O2  -c nqrecreateindices.c -o nqrecreateindices.o
gcc -I"/home/th798/R/R-devel/include" -DNDEBUG   -I/home/th798/.conda/envs/emacs1/include -I/home/th798/include   -fopenmp  -fpic  -g -O2  -c openmp-utils.c -o openmp-utils.o
gcc -I"/home/th798/R/R-devel/include" -DNDEBUG   -I/home/th798/.conda/envs/emacs1/include -I/home/th798/include   -fopenmp  -fpic  -g -O2  -c programming.c -o programming.o
gcc -I"/home/th798/R/R-devel/include" -DNDEBUG   -I/home/th798/.conda/envs/emacs1/include -I/home/th798/include   -fopenmp  -fpic  -g -O2  -c quickselect.c -o quickselect.o
gcc -I"/home/th798/R/R-devel/include" -DNDEBUG   -I/home/th798/.conda/envs/emacs1/include -I/home/th798/include   -fopenmp  -fpic  -g -O2  -c rbindlist.c -o rbindlist.o
gcc -I"/home/th798/R/R-devel/include" -DNDEBUG   -I/home/th798/.conda/envs/emacs1/include -I/home/th798/include   -fopenmp  -fpic  -g -O2  -c reorder.c -o reorder.o
gcc -I"/home/th798/R/R-devel/include" -DNDEBUG   -I/home/th798/.conda/envs/emacs1/include -I/home/th798/include   -fopenmp  -fpic  -g -O2  -c shift.c -o shift.o
gcc -I"/home/th798/R/R-devel/include" -DNDEBUG   -I/home/th798/.conda/envs/emacs1/include -I/home/th798/include   -fopenmp  -fpic  -g -O2  -c snprintf.c -o snprintf.o
gcc -I"/home/th798/R/R-devel/include" -DNDEBUG   -I/home/th798/.conda/envs/emacs1/include -I/home/th798/include   -fopenmp  -fpic  -g -O2  -c subset.c -o subset.o
gcc -I"/home/th798/R/R-devel/include" -DNDEBUG   -I/home/th798/.conda/envs/emacs1/include -I/home/th798/include   -fopenmp  -fpic  -g -O2  -c transpose.c -o transpose.o
gcc -I"/home/th798/R/R-devel/include" -DNDEBUG   -I/home/th798/.conda/envs/emacs1/include -I/home/th798/include   -fopenmp  -fpic  -g -O2  -c types.c -o types.o
gcc -I"/home/th798/R/R-devel/include" -DNDEBUG   -I/home/th798/.conda/envs/emacs1/include -I/home/th798/include   -fopenmp  -fpic  -g -O2  -c uniqlist.c -o uniqlist.o
gcc -I"/home/th798/R/R-devel/include" -DNDEBUG   -I/home/th798/.conda/envs/emacs1/include -I/home/th798/include   -fopenmp  -fpic  -g -O2  -c utils.c -o utils.o
gcc -I"/home/th798/R/R-devel/include" -DNDEBUG   -I/home/th798/.conda/envs/emacs1/include -I/home/th798/include   -fopenmp  -fpic  -g -O2  -c vecseq.c -o vecseq.o
gcc -I"/home/th798/R/R-devel/include" -DNDEBUG   -I/home/th798/.conda/envs/emacs1/include -I/home/th798/include   -fopenmp  -fpic  -g -O2  -c wrappers.c -o wrappers.o
gcc -shared -L/home/th798/.conda/envs/emacs1/lib -Wl,-rpath=/home/th798/.conda/envs/emacs1/lib -L/home/th798/lib -Wl,-rpath=/home/th798/lib -L/home/th798/lib64 -Wl,-rpath=/home/th798/lib64 -o data.table.so assign.o between.o bmerge.o chmatch.o cj.o coalesce.o dogroups.o fastmean.o fcast.o fifelse.o fmelt.o forder.o frank.o fread.o freadR.o froll.o frollR.o frolladaptive.o fsort.o fwrite.o fwriteR.o gsumm.o idatetime.o ijoin.o init.o inrange.o nafill.o negate.o nqrecreateindices.o openmp-utils.o programming.o quickselect.o rbindlist.o reorder.o shift.o snprintf.o subset.o transpose.o types.o uniqlist.o utils.o vecseq.o wrappers.o -fopenmp -lz
PKG_CFLAGS = -fopenmp
PKG_LIBS = -fopenmp -lz
if [ "data.table.so" != "data_table.so" ]; then mv data.table.so data_table.so; fi
if [ "" != "Windows_NT" ] && [ `uname -s` = 'Darwin' ]; then install_name_tool -id data_table.so data_table.so; fi
installing to /tmp/th798/7340346/R-devel/1096/library/00LOCK-data.table/00new/data.table/libs
** R
** inst
** byte-compile and prepare package for lazy loading
** help
*** installing help indices
** building package indices
** installing vignettes
** testing if installed package can be loaded from temporary location
** checking absolute paths in shared objects and dynamic libraries
** testing if installed package can be loaded from final location
** testing if installed package keeps a record of temporary installation path
* DONE (data.table)
* using log directory '/tmp/th798/7340346/R-devel/1096/ricu.Rcheck'
* using R Under development (unstable) (2024-01-20 r85814)
* using platform: x86_64-pc-linux-gnu
* R was compiled by
    gcc (GCC) 8.5.0 20210514 (Red Hat 8.5.0-20)
    GNU Fortran (GCC) 8.5.0 20210514 (Red Hat 8.5.0-20)
* running under: Red Hat Enterprise Linux 8.9 (Ootpa)
* using session charset: ASCII
* checking for file 'ricu/DESCRIPTION' ... OK
* this is package 'ricu' version '0.5.6'
* package encoding: UTF-8
* checking package namespace information ... OK
* checking package dependencies ... NOTE
Packages suggested but not available for checking:
  'mimic.demo', 'eicu.demo'
* checking if this is a source package ... OK
* checking if there is a namespace ... OK
* checking for executable files ... OK
* checking for hidden files and directories ... OK
* checking for portable file names ... OK
* checking for sufficient/correct file permissions ... OK
* checking whether package 'ricu' can be installed ... OK
* checking installed package size ... OK
* checking package directory ... OK
* checking 'build' directory ... OK
* checking DESCRIPTION meta-information ... OK
* checking top-level files ... OK
* checking for left-over files ... OK
* checking index information ... OK
* checking package subdirectories ... OK
* checking R files for non-ASCII characters ... OK
* checking R files for syntax errors ... OK
* checking whether the package can be loaded ... OK
* checking whether the package can be loaded with stated dependencies ... OK
* checking whether the package can be unloaded cleanly ... OK
* checking whether the namespace can be loaded with stated dependencies ... OK
* checking whether the namespace can be unloaded cleanly ... OK
* checking loading without being on the library search path ... OK
* checking whether startup messages can be suppressed ... OK
* checking dependencies in R code ... OK
* checking S3 generic/method consistency ... OK
* checking replacement functions ... OK
* checking foreign function calls ... OK
* checking R code for possible problems ... OK
* checking Rd files ... OK
* checking Rd metadata ... OK
* checking Rd cross-references ... OK
* checking for missing documentation entries ... OK
* checking for code/documentation mismatches ... OK
* checking Rd \usage sections ... OK
* checking Rd contents ... OK
* checking for unstated dependencies in examples ... OK
* checking sizes of PDF files under 'inst/doc' ... OK
* checking installed files from 'inst/doc' ... OK
* checking files in 'vignettes' ... OK
* checking examples ... OK
* checking for unstated dependencies in 'tests' ... OK
* checking tests ...
  Running 'testthat.R'
 OK
* checking for unstated dependencies in vignettes ... OK
* checking package vignettes ... OK
* checking re-building of vignette outputs ... OK
* checking PDF version of manual ... OK
* DONE

Status: 1 NOTE
See
  '/tmp/th798/7340346/R-devel/1096/ricu.Rcheck/00check.log'
for details.


> system(paste(c("diff -u", Rcheck.list), collapse=" "))
> library(data.table, lib.loc=R.home("library"))
> (sig.diff.dt <- myDiff(Rvers))
Empty data.table (0 rows and 3 cols): checking,master,release
> 
> ## If there are significant differences, use git bisect to find when
> ## they started.
> if(nrow(sig.diff.dt)){
+   dt.git <- file.path(task.dir, "data.table.git")
+   system(paste("git clone ~/R/data.table", dt.git))
+   release.tag <- gsub(".tar.gz|.*_", "", cargs[["release"]])
+   rev.parse.cmd <- paste(
+     "cd", dt.git, "&& git rev-parse master")
+   master.sha <- system(rev.parse.cmd, intern=TRUE)
+   merge.base.cmd <- paste(
+     "cd", dt.git, "&& git merge-base master", release.tag)
+   merge.base.sha <- system(merge.base.cmd, intern=TRUE)
+   old.sha <- merge.base.sha
+   run_R <- file.path(proj.dir, "install_dt_then_check_dep.R")
+   sig.diff.dt[, first.bad.commit := NA_character_]
+   sig.diff.dt[, comments := NA_character_]
+   for(diff.i in 1:nrow(sig.diff.dt)){
+     sig.diff.row <- sig.diff.dt[diff.i]
+     bisect.cmd <- paste(
+       "cd", dt.git, "&&",
+       "git bisect start &&",
+       "git bisect old", old.sha, "&&",
+       "git bisect new master &&",
+       "git bisect run",
+       R.home('bin/Rscript'),
+       run_R,
+       shQuote(sig.diff.row$checking),
+       sig.diff.row$release,
+       rev.dep.release.tar.gz,
+       release.tag)
+     print(bisect.cmd)
+     bisect.out <- system(bisect.cmd, intern=TRUE)
+     cat(bisect.out,sep="\n")
+     first.bad.sha <- nc::capture_all_str(
+       bisect.out,
+       sha="[0-9a-f]+",
+       " is the first new commit")$sha
+     parent.cmd <- paste(
+       "cd ~/R/data.table && git log --pretty=%P -n 1",
+       first.bad.sha)
+     parent.sha <- system(parent.cmd, intern=TRUE)
+     sig.diff.dt[diff.i, first.bad.commit := first.bad.sha]
+     parent.msg <- paste0("parent=", parent.sha)
+     this.comment <- if(parent.sha==old.sha){
+       paste(parent.msg, "same as git bisect old")
+     }else if(first.bad.sha==master.sha){
+       paste("same as git bisect new=master,", parent.msg)
+     }else{
+       parent.msg
+     }
+     sig.diff.dt[diff.i, comments := this.comment]
+   }
+   ## add CRAN column.
+   sig.diff.dt[, CRAN := {
+     flavor <- get_flavor(Rvers)
+     details <- data.table(flavor=unique(flavor))[, {
+       base <- "https://www.r-project.org/nosvn/R.check/"
+       u <- paste0(base, flavor, "/", rev.dep, "-00check.txt")
+       check.txt <- tempfile()
+       tryCatch({
+         download.file(u, check.txt, quiet=TRUE)
+       }, error=function(e){
+         NULL
+       })
+       check.lines <- if(file.exists(check.txt)){
+         readLines(check.txt,encoding="UTF-8")
+       }else{
+         ""
+       }
+       repl.lines <- gsub("[\u2018\u2019]", "'", check.lines)
+       ##gsub("[‘’]", "'", check.lines) does not work with LC_ALL=C.
+       myStatus(line.vec=repl.lines)
+     }, by=flavor]
+     select.dt <- data.table(flavor, checking)
+     details[select.dt, msg, on=.(flavor, checking)]
+   }]
+   dir.create(file.path(job.dir, Rvers))
+   diffs.csv <- file.path(job.dir, Rvers, "significant_differences.csv")
+   data.table::fwrite(sig.diff.dt, diffs.csv)
+   print(sig.diff.dt)
+ }
> 
WARNING: ignoring environment value of R_HOME

R version 4.3.2 (2023-10-31) -- "Eye Holes"
Copyright (C) 2023 The R Foundation for Statistical Computing
Platform: x86_64-pc-linux-gnu (64-bit)

R is free software and comes with ABSOLUTELY NO WARRANTY.
You are welcome to redistribute it under certain conditions.
Type 'license()' or 'licence()' for distribution details.

R is a collaborative project with many contributors.
Type 'contributors()' for more information and
'citation()' on how to cite R or R packages in publications.

Type 'demo()' for some demos, 'help()' for on-line help, or
'help.start()' for an HTML browser interface to help.
Type 'q()' to quit R.

> cargs <- commandArgs(trailingOnly=TRUE)
> if(length(cargs)==0){
+   cargs <- c(
+     "/scratch/th798/data.table-revdeps/2023-06-27/deps.csv",
+     "1294",
+     "/scratch/th798/data.table-revdeps/2023-06-27/data.table_release_1.14.8.tar.gz",
+     "/scratch/th798/data.table-revdeps/2023-06-27/data.table_master_1.14.9.88039186915028ab3c93ccfd8e22c0d1c3534b1a.tar.gz"
+ )
+ }
> names(cargs) <- c("deps.csv", "task.str", "release", "master")
> dput(cargs)
c(deps.csv = "/scratch/th798/data.table-revdeps/2024-01-22/deps.csv", 
task.str = "1096", release = "/scratch/th798/data.table-revdeps/2024-01-22/data.table_release_1.14.10.tar.gz", 
master = "/scratch/th798/data.table-revdeps/2024-01-22/data.table_master_1.14.99.cde7333938a590a3cddbda1b02103650e2f55d15.tar.gz"
)
> task.dir <- dirname(.libPaths()[1])
> if(requireNamespace("R.cache"))R.cache::getCachePath()
Loading required namespace: R.cache
[1] "/tmp/th798/7340346/R-4.3.2/1096/R.cache"
> task.id <- as.integer(cargs[["task.str"]])
> deps.df <- read.csv(cargs[["deps.csv"]])
> (rev.dep <- deps.df$Package[task.id])
[1] "ricu"
> job.dir <- file.path(dirname(cargs[["deps.csv"]]), "tasks", task.id)
> setwd(task.dir)
> .libPaths()
[1] "/tmp/th798/7340346/R-4.3.2/1096/library"
[2] "/projects/genomic-ml/R/R-4.3.2/library" 
> options(repos=c(
+   "http://www.bioconductor.org/packages/release/bioc",
+   CRAN="http://cloud.r-project.org"))
> 
> install.time <- system.time({
+   install.packages(rev.dep, dep=TRUE)
+ })
Installing package into '/tmp/th798/7340346/R-4.3.2/1096/library'
(as 'lib' is unspecified)
Warning: dependencies 'mimic.demo', 'eicu.demo' are not available
also installing the dependencies 'qpdf', 'prt', 'mockthat', 'forestmodel', 'rticles', 'kableExtra', 'pdftools', 'magick'

trying URL 'http://cloud.r-project.org/src/contrib/qpdf_1.3.2.tar.gz'
Content type 'application/x-gzip' length 322552 bytes (314 KB)
==================================================
downloaded 314 KB

trying URL 'http://cloud.r-project.org/src/contrib/prt_0.2.0.tar.gz'
Content type 'application/x-gzip' length 51869 bytes (50 KB)
==================================================
downloaded 50 KB

trying URL 'http://cloud.r-project.org/src/contrib/mockthat_0.2.8.tar.gz'
Content type 'application/x-gzip' length 13301 bytes (12 KB)
==================================================
downloaded 12 KB

trying URL 'http://cloud.r-project.org/src/contrib/forestmodel_0.6.2.tar.gz'
Content type 'application/x-gzip' length 39374 bytes (38 KB)
==================================================
downloaded 38 KB

trying URL 'http://cloud.r-project.org/src/contrib/rticles_0.26.tar.gz'
Content type 'application/x-gzip' length 5247540 bytes (5.0 MB)
==================================================
downloaded 5.0 MB

trying URL 'http://cloud.r-project.org/src/contrib/kableExtra_1.3.4.tar.gz'
Content type 'application/x-gzip' length 1646490 bytes (1.6 MB)
==================================================
downloaded 1.6 MB

trying URL 'http://cloud.r-project.org/src/contrib/pdftools_3.4.0.tar.gz'
Content type 'application/x-gzip' length 936466 bytes (914 KB)
==================================================
downloaded 914 KB

trying URL 'http://cloud.r-project.org/src/contrib/magick_2.8.2.tar.gz'
Content type 'application/x-gzip' length 4599270 bytes (4.4 MB)
==================================================
downloaded 4.4 MB

trying URL 'http://cloud.r-project.org/src/contrib/ricu_0.5.6.tar.gz'
Content type 'application/x-gzip' length 939208 bytes (917 KB)
==================================================
downloaded 917 KB

* installing *source* package 'qpdf' ...
** package 'qpdf' successfully unpacked and MD5 sums checked
** using staged installation
Using bundled qpdf (recommended)
** libs
using C++ compiler: 'g++ (GCC) 8.5.0 20210514 (Red Hat 8.5.0-20)'
g++ -std=gnu++17 -I"/home/th798/R/R-4.3.2/include" -DNDEBUG -Iinclude -Ilibqpdf -I/home/th798/.conda/envs/emacs1/include -I'/projects/genomic-ml/R/R-4.3.2/library/Rcpp/include' -I/home/th798/.conda/envs/emacs1/include -I/home/th798/include   -fvisibility=hidden -fpic  -g -O2  -c RcppExports.cpp -o RcppExports.o
g++ -std=gnu++17 -I"/home/th798/R/R-4.3.2/include" -DNDEBUG -Iinclude -Ilibqpdf -I/home/th798/.conda/envs/emacs1/include -I'/projects/genomic-ml/R/R-4.3.2/library/Rcpp/include' -I/home/th798/.conda/envs/emacs1/include -I/home/th798/include   -fvisibility=hidden -fpic  -g -O2  -c bindings.cpp -o bindings.o
g++ -std=gnu++17 -I"/home/th798/R/R-4.3.2/include" -DNDEBUG -Iinclude -Ilibqpdf -I/home/th798/.conda/envs/emacs1/include -I'/projects/genomic-ml/R/R-4.3.2/library/Rcpp/include' -I/home/th798/.conda/envs/emacs1/include -I/home/th798/include   -fvisibility=hidden -fpic  -g -O2  -c libqpdf/BitStream.cc -o libqpdf/BitStream.o
g++ -std=gnu++17 -I"/home/th798/R/R-4.3.2/include" -DNDEBUG -Iinclude -Ilibqpdf -I/home/th798/.conda/envs/emacs1/include -I'/projects/genomic-ml/R/R-4.3.2/library/Rcpp/include' -I/home/th798/.conda/envs/emacs1/include -I/home/th798/include   -fvisibility=hidden -fpic  -g -O2  -c libqpdf/BitWriter.cc -o libqpdf/BitWriter.o
g++ -std=gnu++17 -I"/home/th798/R/R-4.3.2/include" -DNDEBUG -Iinclude -Ilibqpdf -I/home/th798/.conda/envs/emacs1/include -I'/projects/genomic-ml/R/R-4.3.2/library/Rcpp/include' -I/home/th798/.conda/envs/emacs1/include -I/home/th798/include   -fvisibility=hidden -fpic  -g -O2  -c libqpdf/Buffer.cc -o libqpdf/Buffer.o
g++ -std=gnu++17 -I"/home/th798/R/R-4.3.2/include" -DNDEBUG -Iinclude -Ilibqpdf -I/home/th798/.conda/envs/emacs1/include -I'/projects/genomic-ml/R/R-4.3.2/library/Rcpp/include' -I/home/th798/.conda/envs/emacs1/include -I/home/th798/include   -fvisibility=hidden -fpic  -g -O2  -c libqpdf/BufferInputSource.cc -o libqpdf/BufferInputSource.o
g++ -std=gnu++17 -I"/home/th798/R/R-4.3.2/include" -DNDEBUG -Iinclude -Ilibqpdf -I/home/th798/.conda/envs/emacs1/include -I'/projects/genomic-ml/R/R-4.3.2/library/Rcpp/include' -I/home/th798/.conda/envs/emacs1/include -I/home/th798/include   -fvisibility=hidden -fpic  -g -O2  -c libqpdf/ClosedFileInputSource.cc -o libqpdf/ClosedFileInputSource.o
g++ -std=gnu++17 -I"/home/th798/R/R-4.3.2/include" -DNDEBUG -Iinclude -Ilibqpdf -I/home/th798/.conda/envs/emacs1/include -I'/projects/genomic-ml/R/R-4.3.2/library/Rcpp/include' -I/home/th798/.conda/envs/emacs1/include -I/home/th798/include   -fvisibility=hidden -fpic  -g -O2  -c libqpdf/ContentNormalizer.cc -o libqpdf/ContentNormalizer.o
g++ -std=gnu++17 -I"/home/th798/R/R-4.3.2/include" -DNDEBUG -Iinclude -Ilibqpdf -I/home/th798/.conda/envs/emacs1/include -I'/projects/genomic-ml/R/R-4.3.2/library/Rcpp/include' -I/home/th798/.conda/envs/emacs1/include -I/home/th798/include   -fvisibility=hidden -fpic  -g -O2  -c libqpdf/FileInputSource.cc -o libqpdf/FileInputSource.o
g++ -std=gnu++17 -I"/home/th798/R/R-4.3.2/include" -DNDEBUG -Iinclude -Ilibqpdf -I/home/th798/.conda/envs/emacs1/include -I'/projects/genomic-ml/R/R-4.3.2/library/Rcpp/include' -I/home/th798/.conda/envs/emacs1/include -I/home/th798/include   -fvisibility=hidden -fpic  -g -O2  -c libqpdf/InputSource.cc -o libqpdf/InputSource.o
g++ -std=gnu++17 -I"/home/th798/R/R-4.3.2/include" -DNDEBUG -Iinclude -Ilibqpdf -I/home/th798/.conda/envs/emacs1/include -I'/projects/genomic-ml/R/R-4.3.2/library/Rcpp/include' -I/home/th798/.conda/envs/emacs1/include -I/home/th798/include   -fvisibility=hidden -fpic  -g -O2  -c libqpdf/InsecureRandomDataProvider.cc -o libqpdf/InsecureRandomDataProvider.o
g++ -std=gnu++17 -I"/home/th798/R/R-4.3.2/include" -DNDEBUG -Iinclude -Ilibqpdf -I/home/th798/.conda/envs/emacs1/include -I'/projects/genomic-ml/R/R-4.3.2/library/Rcpp/include' -I/home/th798/.conda/envs/emacs1/include -I/home/th798/include   -fvisibility=hidden -fpic  -g -O2  -c libqpdf/JSON.cc -o libqpdf/JSON.o
g++ -std=gnu++17 -I"/home/th798/R/R-4.3.2/include" -DNDEBUG -Iinclude -Ilibqpdf -I/home/th798/.conda/envs/emacs1/include -I'/projects/genomic-ml/R/R-4.3.2/library/Rcpp/include' -I/home/th798/.conda/envs/emacs1/include -I/home/th798/include   -fvisibility=hidden -fpic  -g -O2  -c libqpdf/MD5.cc -o libqpdf/MD5.o
g++ -std=gnu++17 -I"/home/th798/R/R-4.3.2/include" -DNDEBUG -Iinclude -Ilibqpdf -I/home/th798/.conda/envs/emacs1/include -I'/projects/genomic-ml/R/R-4.3.2/library/Rcpp/include' -I/home/th798/.conda/envs/emacs1/include -I/home/th798/include   -fvisibility=hidden -fpic  -g -O2  -c libqpdf/OffsetInputSource.cc -o libqpdf/OffsetInputSource.o
g++ -std=gnu++17 -I"/home/th798/R/R-4.3.2/include" -DNDEBUG -Iinclude -Ilibqpdf -I/home/th798/.conda/envs/emacs1/include -I'/projects/genomic-ml/R/R-4.3.2/library/Rcpp/include' -I/home/th798/.conda/envs/emacs1/include -I/home/th798/include   -fvisibility=hidden -fpic  -g -O2  -c libqpdf/Pipeline.cc -o libqpdf/Pipeline.o
g++ -std=gnu++17 -I"/home/th798/R/R-4.3.2/include" -DNDEBUG -Iinclude -Ilibqpdf -I/home/th798/.conda/envs/emacs1/include -I'/projects/genomic-ml/R/R-4.3.2/library/Rcpp/include' -I/home/th798/.conda/envs/emacs1/include -I/home/th798/include   -fvisibility=hidden -fpic  -g -O2  -c libqpdf/Pl_AES_PDF.cc -o libqpdf/Pl_AES_PDF.o
g++ -std=gnu++17 -I"/home/th798/R/R-4.3.2/include" -DNDEBUG -Iinclude -Ilibqpdf -I/home/th798/.conda/envs/emacs1/include -I'/projects/genomic-ml/R/R-4.3.2/library/Rcpp/include' -I/home/th798/.conda/envs/emacs1/include -I/home/th798/include   -fvisibility=hidden -fpic  -g -O2  -c libqpdf/Pl_ASCII85Decoder.cc -o libqpdf/Pl_ASCII85Decoder.o
g++ -std=gnu++17 -I"/home/th798/R/R-4.3.2/include" -DNDEBUG -Iinclude -Ilibqpdf -I/home/th798/.conda/envs/emacs1/include -I'/projects/genomic-ml/R/R-4.3.2/library/Rcpp/include' -I/home/th798/.conda/envs/emacs1/include -I/home/th798/include   -fvisibility=hidden -fpic  -g -O2  -c libqpdf/Pl_ASCIIHexDecoder.cc -o libqpdf/Pl_ASCIIHexDecoder.o
g++ -std=gnu++17 -I"/home/th798/R/R-4.3.2/include" -DNDEBUG -Iinclude -Ilibqpdf -I/home/th798/.conda/envs/emacs1/include -I'/projects/genomic-ml/R/R-4.3.2/library/Rcpp/include' -I/home/th798/.conda/envs/emacs1/include -I/home/th798/include   -fvisibility=hidden -fpic  -g -O2  -c libqpdf/Pl_Buffer.cc -o libqpdf/Pl_Buffer.o
g++ -std=gnu++17 -I"/home/th798/R/R-4.3.2/include" -DNDEBUG -Iinclude -Ilibqpdf -I/home/th798/.conda/envs/emacs1/include -I'/projects/genomic-ml/R/R-4.3.2/library/Rcpp/include' -I/home/th798/.conda/envs/emacs1/include -I/home/th798/include   -fvisibility=hidden -fpic  -g -O2  -c libqpdf/Pl_Concatenate.cc -o libqpdf/Pl_Concatenate.o
g++ -std=gnu++17 -I"/home/th798/R/R-4.3.2/include" -DNDEBUG -Iinclude -Ilibqpdf -I/home/th798/.conda/envs/emacs1/include -I'/projects/genomic-ml/R/R-4.3.2/library/Rcpp/include' -I/home/th798/.conda/envs/emacs1/include -I/home/th798/include   -fvisibility=hidden -fpic  -g -O2  -c libqpdf/Pl_Count.cc -o libqpdf/Pl_Count.o
g++ -std=gnu++17 -I"/home/th798/R/R-4.3.2/include" -DNDEBUG -Iinclude -Ilibqpdf -I/home/th798/.conda/envs/emacs1/include -I'/projects/genomic-ml/R/R-4.3.2/library/Rcpp/include' -I/home/th798/.conda/envs/emacs1/include -I/home/th798/include   -fvisibility=hidden -fpic  -g -O2  -c libqpdf/Pl_DCT.cc -o libqpdf/Pl_DCT.o
g++ -std=gnu++17 -I"/home/th798/R/R-4.3.2/include" -DNDEBUG -Iinclude -Ilibqpdf -I/home/th798/.conda/envs/emacs1/include -I'/projects/genomic-ml/R/R-4.3.2/library/Rcpp/include' -I/home/th798/.conda/envs/emacs1/include -I/home/th798/include   -fvisibility=hidden -fpic  -g -O2  -c libqpdf/Pl_Discard.cc -o libqpdf/Pl_Discard.o
g++ -std=gnu++17 -I"/home/th798/R/R-4.3.2/include" -DNDEBUG -Iinclude -Ilibqpdf -I/home/th798/.conda/envs/emacs1/include -I'/projects/genomic-ml/R/R-4.3.2/library/Rcpp/include' -I/home/th798/.conda/envs/emacs1/include -I/home/th798/include   -fvisibility=hidden -fpic  -g -O2  -c libqpdf/Pl_Flate.cc -o libqpdf/Pl_Flate.o
g++ -std=gnu++17 -I"/home/th798/R/R-4.3.2/include" -DNDEBUG -Iinclude -Ilibqpdf -I/home/th798/.conda/envs/emacs1/include -I'/projects/genomic-ml/R/R-4.3.2/library/Rcpp/include' -I/home/th798/.conda/envs/emacs1/include -I/home/th798/include   -fvisibility=hidden -fpic  -g -O2  -c libqpdf/Pl_LZWDecoder.cc -o libqpdf/Pl_LZWDecoder.o
g++ -std=gnu++17 -I"/home/th798/R/R-4.3.2/include" -DNDEBUG -Iinclude -Ilibqpdf -I/home/th798/.conda/envs/emacs1/include -I'/projects/genomic-ml/R/R-4.3.2/library/Rcpp/include' -I/home/th798/.conda/envs/emacs1/include -I/home/th798/include   -fvisibility=hidden -fpic  -g -O2  -c libqpdf/Pl_MD5.cc -o libqpdf/Pl_MD5.o
g++ -std=gnu++17 -I"/home/th798/R/R-4.3.2/include" -DNDEBUG -Iinclude -Ilibqpdf -I/home/th798/.conda/envs/emacs1/include -I'/projects/genomic-ml/R/R-4.3.2/library/Rcpp/include' -I/home/th798/.conda/envs/emacs1/include -I/home/th798/include   -fvisibility=hidden -fpic  -g -O2  -c libqpdf/Pl_PNGFilter.cc -o libqpdf/Pl_PNGFilter.o
g++ -std=gnu++17 -I"/home/th798/R/R-4.3.2/include" -DNDEBUG -Iinclude -Ilibqpdf -I/home/th798/.conda/envs/emacs1/include -I'/projects/genomic-ml/R/R-4.3.2/library/Rcpp/include' -I/home/th798/.conda/envs/emacs1/include -I/home/th798/include   -fvisibility=hidden -fpic  -g -O2  -c libqpdf/Pl_QPDFTokenizer.cc -o libqpdf/Pl_QPDFTokenizer.o
g++ -std=gnu++17 -I"/home/th798/R/R-4.3.2/include" -DNDEBUG -Iinclude -Ilibqpdf -I/home/th798/.conda/envs/emacs1/include -I'/projects/genomic-ml/R/R-4.3.2/library/Rcpp/include' -I/home/th798/.conda/envs/emacs1/include -I/home/th798/include   -fvisibility=hidden -fpic  -g -O2  -c libqpdf/Pl_RC4.cc -o libqpdf/Pl_RC4.o
g++ -std=gnu++17 -I"/home/th798/R/R-4.3.2/include" -DNDEBUG -Iinclude -Ilibqpdf -I/home/th798/.conda/envs/emacs1/include -I'/projects/genomic-ml/R/R-4.3.2/library/Rcpp/include' -I/home/th798/.conda/envs/emacs1/include -I/home/th798/include   -fvisibility=hidden -fpic  -g -O2  -c libqpdf/Pl_RunLength.cc -o libqpdf/Pl_RunLength.o
g++ -std=gnu++17 -I"/home/th798/R/R-4.3.2/include" -DNDEBUG -Iinclude -Ilibqpdf -I/home/th798/.conda/envs/emacs1/include -I'/projects/genomic-ml/R/R-4.3.2/library/Rcpp/include' -I/home/th798/.conda/envs/emacs1/include -I/home/th798/include   -fvisibility=hidden -fpic  -g -O2  -c libqpdf/Pl_SHA2.cc -o libqpdf/Pl_SHA2.o
g++ -std=gnu++17 -I"/home/th798/R/R-4.3.2/include" -DNDEBUG -Iinclude -Ilibqpdf -I/home/th798/.conda/envs/emacs1/include -I'/projects/genomic-ml/R/R-4.3.2/library/Rcpp/include' -I/home/th798/.conda/envs/emacs1/include -I/home/th798/include   -fvisibility=hidden -fpic  -g -O2  -c libqpdf/Pl_StdioFile.cc -o libqpdf/Pl_StdioFile.o
g++ -std=gnu++17 -I"/home/th798/R/R-4.3.2/include" -DNDEBUG -Iinclude -Ilibqpdf -I/home/th798/.conda/envs/emacs1/include -I'/projects/genomic-ml/R/R-4.3.2/library/Rcpp/include' -I/home/th798/.conda/envs/emacs1/include -I/home/th798/include   -fvisibility=hidden -fpic  -g -O2  -c libqpdf/Pl_TIFFPredictor.cc -o libqpdf/Pl_TIFFPredictor.o
g++ -std=gnu++17 -I"/home/th798/R/R-4.3.2/include" -DNDEBUG -Iinclude -Ilibqpdf -I/home/th798/.conda/envs/emacs1/include -I'/projects/genomic-ml/R/R-4.3.2/library/Rcpp/include' -I/home/th798/.conda/envs/emacs1/include -I/home/th798/include   -fvisibility=hidden -fpic  -g -O2  -c libqpdf/QPDF_Array.cc -o libqpdf/QPDF_Array.o
g++ -std=gnu++17 -I"/home/th798/R/R-4.3.2/include" -DNDEBUG -Iinclude -Ilibqpdf -I/home/th798/.conda/envs/emacs1/include -I'/projects/genomic-ml/R/R-4.3.2/library/Rcpp/include' -I/home/th798/.conda/envs/emacs1/include -I/home/th798/include   -fvisibility=hidden -fpic  -g -O2  -c libqpdf/QPDF_Bool.cc -o libqpdf/QPDF_Bool.o
g++ -std=gnu++17 -I"/home/th798/R/R-4.3.2/include" -DNDEBUG -Iinclude -Ilibqpdf -I/home/th798/.conda/envs/emacs1/include -I'/projects/genomic-ml/R/R-4.3.2/library/Rcpp/include' -I/home/th798/.conda/envs/emacs1/include -I/home/th798/include   -fvisibility=hidden -fpic  -g -O2  -c libqpdf/QPDF_Dictionary.cc -o libqpdf/QPDF_Dictionary.o
g++ -std=gnu++17 -I"/home/th798/R/R-4.3.2/include" -DNDEBUG -Iinclude -Ilibqpdf -I/home/th798/.conda/envs/emacs1/include -I'/projects/genomic-ml/R/R-4.3.2/library/Rcpp/include' -I/home/th798/.conda/envs/emacs1/include -I/home/th798/include   -fvisibility=hidden -fpic  -g -O2  -c libqpdf/QPDF_encryption.cc -o libqpdf/QPDF_encryption.o
g++ -std=gnu++17 -I"/home/th798/R/R-4.3.2/include" -DNDEBUG -Iinclude -Ilibqpdf -I/home/th798/.conda/envs/emacs1/include -I'/projects/genomic-ml/R/R-4.3.2/library/Rcpp/include' -I/home/th798/.conda/envs/emacs1/include -I/home/th798/include   -fvisibility=hidden -fpic  -g -O2  -c libqpdf/QPDF_InlineImage.cc -o libqpdf/QPDF_InlineImage.o
g++ -std=gnu++17 -I"/home/th798/R/R-4.3.2/include" -DNDEBUG -Iinclude -Ilibqpdf -I/home/th798/.conda/envs/emacs1/include -I'/projects/genomic-ml/R/R-4.3.2/library/Rcpp/include' -I/home/th798/.conda/envs/emacs1/include -I/home/th798/include   -fvisibility=hidden -fpic  -g -O2  -c libqpdf/QPDF_Integer.cc -o libqpdf/QPDF_Integer.o
g++ -std=gnu++17 -I"/home/th798/R/R-4.3.2/include" -DNDEBUG -Iinclude -Ilibqpdf -I/home/th798/.conda/envs/emacs1/include -I'/projects/genomic-ml/R/R-4.3.2/library/Rcpp/include' -I/home/th798/.conda/envs/emacs1/include -I/home/th798/include   -fvisibility=hidden -fpic  -g -O2  -c libqpdf/QPDF_linearization.cc -o libqpdf/QPDF_linearization.o
g++ -std=gnu++17 -I"/home/th798/R/R-4.3.2/include" -DNDEBUG -Iinclude -Ilibqpdf -I/home/th798/.conda/envs/emacs1/include -I'/projects/genomic-ml/R/R-4.3.2/library/Rcpp/include' -I/home/th798/.conda/envs/emacs1/include -I/home/th798/include   -fvisibility=hidden -fpic  -g -O2  -c libqpdf/QPDF_Name.cc -o libqpdf/QPDF_Name.o
g++ -std=gnu++17 -I"/home/th798/R/R-4.3.2/include" -DNDEBUG -Iinclude -Ilibqpdf -I/home/th798/.conda/envs/emacs1/include -I'/projects/genomic-ml/R/R-4.3.2/library/Rcpp/include' -I/home/th798/.conda/envs/emacs1/include -I/home/th798/include   -fvisibility=hidden -fpic  -g -O2  -c libqpdf/QPDF_Null.cc -o libqpdf/QPDF_Null.o
g++ -std=gnu++17 -I"/home/th798/R/R-4.3.2/include" -DNDEBUG -Iinclude -Ilibqpdf -I/home/th798/.conda/envs/emacs1/include -I'/projects/genomic-ml/R/R-4.3.2/library/Rcpp/include' -I/home/th798/.conda/envs/emacs1/include -I/home/th798/include   -fvisibility=hidden -fpic  -g -O2  -c libqpdf/QPDF_Operator.cc -o libqpdf/QPDF_Operator.o
g++ -std=gnu++17 -I"/home/th798/R/R-4.3.2/include" -DNDEBUG -Iinclude -Ilibqpdf -I/home/th798/.conda/envs/emacs1/include -I'/projects/genomic-ml/R/R-4.3.2/library/Rcpp/include' -I/home/th798/.conda/envs/emacs1/include -I/home/th798/include   -fvisibility=hidden -fpic  -g -O2  -c libqpdf/QPDF_optimization.cc -o libqpdf/QPDF_optimization.o
g++ -std=gnu++17 -I"/home/th798/R/R-4.3.2/include" -DNDEBUG -Iinclude -Ilibqpdf -I/home/th798/.conda/envs/emacs1/include -I'/projects/genomic-ml/R/R-4.3.2/library/Rcpp/include' -I/home/th798/.conda/envs/emacs1/include -I/home/th798/include   -fvisibility=hidden -fpic  -g -O2  -c libqpdf/QPDF_pages.cc -o libqpdf/QPDF_pages.o
g++ -std=gnu++17 -I"/home/th798/R/R-4.3.2/include" -DNDEBUG -Iinclude -Ilibqpdf -I/home/th798/.conda/envs/emacs1/include -I'/projects/genomic-ml/R/R-4.3.2/library/Rcpp/include' -I/home/th798/.conda/envs/emacs1/include -I/home/th798/include   -fvisibility=hidden -fpic  -g -O2  -c libqpdf/QPDF_Real.cc -o libqpdf/QPDF_Real.o
g++ -std=gnu++17 -I"/home/th798/R/R-4.3.2/include" -DNDEBUG -Iinclude -Ilibqpdf -I/home/th798/.conda/envs/emacs1/include -I'/projects/genomic-ml/R/R-4.3.2/library/Rcpp/include' -I/home/th798/.conda/envs/emacs1/include -I/home/th798/include   -fvisibility=hidden -fpic  -g -O2  -c libqpdf/QPDF_Reserved.cc -o libqpdf/QPDF_Reserved.o
g++ -std=gnu++17 -I"/home/th798/R/R-4.3.2/include" -DNDEBUG -Iinclude -Ilibqpdf -I/home/th798/.conda/envs/emacs1/include -I'/projects/genomic-ml/R/R-4.3.2/library/Rcpp/include' -I/home/th798/.conda/envs/emacs1/include -I/home/th798/include   -fvisibility=hidden -fpic  -g -O2  -c libqpdf/QPDF_Stream.cc -o libqpdf/QPDF_Stream.o
g++ -std=gnu++17 -I"/home/th798/R/R-4.3.2/include" -DNDEBUG -Iinclude -Ilibqpdf -I/home/th798/.conda/envs/emacs1/include -I'/projects/genomic-ml/R/R-4.3.2/library/Rcpp/include' -I/home/th798/.conda/envs/emacs1/include -I/home/th798/include   -fvisibility=hidden -fpic  -g -O2  -c libqpdf/QPDF_String.cc -o libqpdf/QPDF_String.o
g++ -std=gnu++17 -I"/home/th798/R/R-4.3.2/include" -DNDEBUG -Iinclude -Ilibqpdf -I/home/th798/.conda/envs/emacs1/include -I'/projects/genomic-ml/R/R-4.3.2/library/Rcpp/include' -I/home/th798/.conda/envs/emacs1/include -I/home/th798/include   -fvisibility=hidden -fpic  -g -O2  -c libqpdf/qpdf-c.cc -o libqpdf/qpdf-c.o
g++ -std=gnu++17 -I"/home/th798/R/R-4.3.2/include" -DNDEBUG -Iinclude -Ilibqpdf -I/home/th798/.conda/envs/emacs1/include -I'/projects/genomic-ml/R/R-4.3.2/library/Rcpp/include' -I/home/th798/.conda/envs/emacs1/include -I/home/th798/include   -fvisibility=hidden -fpic  -g -O2  -c libqpdf/QPDF.cc -o libqpdf/QPDF.o
g++ -std=gnu++17 -I"/home/th798/R/R-4.3.2/include" -DNDEBUG -Iinclude -Ilibqpdf -I/home/th798/.conda/envs/emacs1/include -I'/projects/genomic-ml/R/R-4.3.2/library/Rcpp/include' -I/home/th798/.conda/envs/emacs1/include -I/home/th798/include   -fvisibility=hidden -fpic  -g -O2  -c libqpdf/QPDFAcroFormDocumentHelper.cc -o libqpdf/QPDFAcroFormDocumentHelper.o
g++ -std=gnu++17 -I"/home/th798/R/R-4.3.2/include" -DNDEBUG -Iinclude -Ilibqpdf -I/home/th798/.conda/envs/emacs1/include -I'/projects/genomic-ml/R/R-4.3.2/library/Rcpp/include' -I/home/th798/.conda/envs/emacs1/include -I/home/th798/include   -fvisibility=hidden -fpic  -g -O2  -c libqpdf/QPDFAnnotationObjectHelper.cc -o libqpdf/QPDFAnnotationObjectHelper.o
g++ -std=gnu++17 -I"/home/th798/R/R-4.3.2/include" -DNDEBUG -Iinclude -Ilibqpdf -I/home/th798/.conda/envs/emacs1/include -I'/projects/genomic-ml/R/R-4.3.2/library/Rcpp/include' -I/home/th798/.conda/envs/emacs1/include -I/home/th798/include   -fvisibility=hidden -fpic  -g -O2  -c libqpdf/QPDFExc.cc -o libqpdf/QPDFExc.o
g++ -std=gnu++17 -I"/home/th798/R/R-4.3.2/include" -DNDEBUG -Iinclude -Ilibqpdf -I/home/th798/.conda/envs/emacs1/include -I'/projects/genomic-ml/R/R-4.3.2/library/Rcpp/include' -I/home/th798/.conda/envs/emacs1/include -I/home/th798/include   -fvisibility=hidden -fpic  -g -O2  -c libqpdf/QPDFFormFieldObjectHelper.cc -o libqpdf/QPDFFormFieldObjectHelper.o
g++ -std=gnu++17 -I"/home/th798/R/R-4.3.2/include" -DNDEBUG -Iinclude -Ilibqpdf -I/home/th798/.conda/envs/emacs1/include -I'/projects/genomic-ml/R/R-4.3.2/library/Rcpp/include' -I/home/th798/.conda/envs/emacs1/include -I/home/th798/include   -fvisibility=hidden -fpic  -g -O2  -c libqpdf/QPDFMatrix.cc -o libqpdf/QPDFMatrix.o
g++ -std=gnu++17 -I"/home/th798/R/R-4.3.2/include" -DNDEBUG -Iinclude -Ilibqpdf -I/home/th798/.conda/envs/emacs1/include -I'/projects/genomic-ml/R/R-4.3.2/library/Rcpp/include' -I/home/th798/.conda/envs/emacs1/include -I/home/th798/include   -fvisibility=hidden -fpic  -g -O2  -c libqpdf/QPDFNameTreeObjectHelper.cc -o libqpdf/QPDFNameTreeObjectHelper.o
g++ -std=gnu++17 -I"/home/th798/R/R-4.3.2/include" -DNDEBUG -Iinclude -Ilibqpdf -I/home/th798/.conda/envs/emacs1/include -I'/projects/genomic-ml/R/R-4.3.2/library/Rcpp/include' -I/home/th798/.conda/envs/emacs1/include -I/home/th798/include   -fvisibility=hidden -fpic  -g -O2  -c libqpdf/QPDFNumberTreeObjectHelper.cc -o libqpdf/QPDFNumberTreeObjectHelper.o
g++ -std=gnu++17 -I"/home/th798/R/R-4.3.2/include" -DNDEBUG -Iinclude -Ilibqpdf -I/home/th798/.conda/envs/emacs1/include -I'/projects/genomic-ml/R/R-4.3.2/library/Rcpp/include' -I/home/th798/.conda/envs/emacs1/include -I/home/th798/include   -fvisibility=hidden -fpic  -g -O2  -c libqpdf/QPDFObject.cc -o libqpdf/QPDFObject.o
g++ -std=gnu++17 -I"/home/th798/R/R-4.3.2/include" -DNDEBUG -Iinclude -Ilibqpdf -I/home/th798/.conda/envs/emacs1/include -I'/projects/genomic-ml/R/R-4.3.2/library/Rcpp/include' -I/home/th798/.conda/envs/emacs1/include -I/home/th798/include   -fvisibility=hidden -fpic  -g -O2  -c libqpdf/QPDFObjectHandle.cc -o libqpdf/QPDFObjectHandle.o
g++ -std=gnu++17 -I"/home/th798/R/R-4.3.2/include" -DNDEBUG -Iinclude -Ilibqpdf -I/home/th798/.conda/envs/emacs1/include -I'/projects/genomic-ml/R/R-4.3.2/library/Rcpp/include' -I/home/th798/.conda/envs/emacs1/include -I/home/th798/include   -fvisibility=hidden -fpic  -g -O2  -c libqpdf/QPDFObjGen.cc -o libqpdf/QPDFObjGen.o
g++ -std=gnu++17 -I"/home/th798/R/R-4.3.2/include" -DNDEBUG -Iinclude -Ilibqpdf -I/home/th798/.conda/envs/emacs1/include -I'/projects/genomic-ml/R/R-4.3.2/library/Rcpp/include' -I/home/th798/.conda/envs/emacs1/include -I/home/th798/include   -fvisibility=hidden -fpic  -g -O2  -c libqpdf/QPDFOutlineDocumentHelper.cc -o libqpdf/QPDFOutlineDocumentHelper.o
g++ -std=gnu++17 -I"/home/th798/R/R-4.3.2/include" -DNDEBUG -Iinclude -Ilibqpdf -I/home/th798/.conda/envs/emacs1/include -I'/projects/genomic-ml/R/R-4.3.2/library/Rcpp/include' -I/home/th798/.conda/envs/emacs1/include -I/home/th798/include   -fvisibility=hidden -fpic  -g -O2  -c libqpdf/QPDFOutlineObjectHelper.cc -o libqpdf/QPDFOutlineObjectHelper.o
g++ -std=gnu++17 -I"/home/th798/R/R-4.3.2/include" -DNDEBUG -Iinclude -Ilibqpdf -I/home/th798/.conda/envs/emacs1/include -I'/projects/genomic-ml/R/R-4.3.2/library/Rcpp/include' -I/home/th798/.conda/envs/emacs1/include -I/home/th798/include   -fvisibility=hidden -fpic  -g -O2  -c libqpdf/QPDFPageDocumentHelper.cc -o libqpdf/QPDFPageDocumentHelper.o
g++ -std=gnu++17 -I"/home/th798/R/R-4.3.2/include" -DNDEBUG -Iinclude -Ilibqpdf -I/home/th798/.conda/envs/emacs1/include -I'/projects/genomic-ml/R/R-4.3.2/library/Rcpp/include' -I/home/th798/.conda/envs/emacs1/include -I/home/th798/include   -fvisibility=hidden -fpic  -g -O2  -c libqpdf/QPDFPageLabelDocumentHelper.cc -o libqpdf/QPDFPageLabelDocumentHelper.o
g++ -std=gnu++17 -I"/home/th798/R/R-4.3.2/include" -DNDEBUG -Iinclude -Ilibqpdf -I/home/th798/.conda/envs/emacs1/include -I'/projects/genomic-ml/R/R-4.3.2/library/Rcpp/include' -I/home/th798/.conda/envs/emacs1/include -I/home/th798/include   -fvisibility=hidden -fpic  -g -O2  -c libqpdf/QPDFPageObjectHelper.cc -o libqpdf/QPDFPageObjectHelper.o
g++ -std=gnu++17 -I"/home/th798/R/R-4.3.2/include" -DNDEBUG -Iinclude -Ilibqpdf -I/home/th798/.conda/envs/emacs1/include -I'/projects/genomic-ml/R/R-4.3.2/library/Rcpp/include' -I/home/th798/.conda/envs/emacs1/include -I/home/th798/include   -fvisibility=hidden -fpic  -g -O2  -c libqpdf/QPDFSystemError.cc -o libqpdf/QPDFSystemError.o
g++ -std=gnu++17 -I"/home/th798/R/R-4.3.2/include" -DNDEBUG -Iinclude -Ilibqpdf -I/home/th798/.conda/envs/emacs1/include -I'/projects/genomic-ml/R/R-4.3.2/library/Rcpp/include' -I/home/th798/.conda/envs/emacs1/include -I/home/th798/include   -fvisibility=hidden -fpic  -g -O2  -c libqpdf/QPDFTokenizer.cc -o libqpdf/QPDFTokenizer.o
g++ -std=gnu++17 -I"/home/th798/R/R-4.3.2/include" -DNDEBUG -Iinclude -Ilibqpdf -I/home/th798/.conda/envs/emacs1/include -I'/projects/genomic-ml/R/R-4.3.2/library/Rcpp/include' -I/home/th798/.conda/envs/emacs1/include -I/home/th798/include   -fvisibility=hidden -fpic  -g -O2  -c libqpdf/QPDFWriter.cc -o libqpdf/QPDFWriter.o
g++ -std=gnu++17 -I"/home/th798/R/R-4.3.2/include" -DNDEBUG -Iinclude -Ilibqpdf -I/home/th798/.conda/envs/emacs1/include -I'/projects/genomic-ml/R/R-4.3.2/library/Rcpp/include' -I/home/th798/.conda/envs/emacs1/include -I/home/th798/include   -fvisibility=hidden -fpic  -g -O2  -c libqpdf/QPDFXRefEntry.cc -o libqpdf/QPDFXRefEntry.o
g++ -std=gnu++17 -I"/home/th798/R/R-4.3.2/include" -DNDEBUG -Iinclude -Ilibqpdf -I/home/th798/.conda/envs/emacs1/include -I'/projects/genomic-ml/R/R-4.3.2/library/Rcpp/include' -I/home/th798/.conda/envs/emacs1/include -I/home/th798/include   -fvisibility=hidden -fpic  -g -O2  -c libqpdf/QTC.cc -o libqpdf/QTC.o
g++ -std=gnu++17 -I"/home/th798/R/R-4.3.2/include" -DNDEBUG -Iinclude -Ilibqpdf -I/home/th798/.conda/envs/emacs1/include -I'/projects/genomic-ml/R/R-4.3.2/library/Rcpp/include' -I/home/th798/.conda/envs/emacs1/include -I/home/th798/include   -fvisibility=hidden -fpic  -g -O2  -c libqpdf/QUtil.cc -o libqpdf/QUtil.o
g++ -std=gnu++17 -I"/home/th798/R/R-4.3.2/include" -DNDEBUG -Iinclude -Ilibqpdf -I/home/th798/.conda/envs/emacs1/include -I'/projects/genomic-ml/R/R-4.3.2/library/Rcpp/include' -I/home/th798/.conda/envs/emacs1/include -I/home/th798/include   -fvisibility=hidden -fpic  -g -O2  -c libqpdf/RC4.cc -o libqpdf/RC4.o
g++ -std=gnu++17 -I"/home/th798/R/R-4.3.2/include" -DNDEBUG -Iinclude -Ilibqpdf -I/home/th798/.conda/envs/emacs1/include -I'/projects/genomic-ml/R/R-4.3.2/library/Rcpp/include' -I/home/th798/.conda/envs/emacs1/include -I/home/th798/include   -fvisibility=hidden -fpic  -g -O2  -c libqpdf/rijndael.cc -o libqpdf/rijndael.o
g++ -std=gnu++17 -I"/home/th798/R/R-4.3.2/include" -DNDEBUG -Iinclude -Ilibqpdf -I/home/th798/.conda/envs/emacs1/include -I'/projects/genomic-ml/R/R-4.3.2/library/Rcpp/include' -I/home/th798/.conda/envs/emacs1/include -I/home/th798/include   -fvisibility=hidden -fpic  -g -O2  -c libqpdf/SecureRandomDataProvider.cc -o libqpdf/SecureRandomDataProvider.o
gcc -I"/home/th798/R/R-4.3.2/include" -DNDEBUG -Iinclude -Ilibqpdf -I/home/th798/.conda/envs/emacs1/include -I'/projects/genomic-ml/R/R-4.3.2/library/Rcpp/include' -I/home/th798/.conda/envs/emacs1/include -I/home/th798/include   -fvisibility=hidden -fpic  -g -O2  -c libqpdf/sha2.c -o libqpdf/sha2.o
gcc -I"/home/th798/R/R-4.3.2/include" -DNDEBUG -Iinclude -Ilibqpdf -I/home/th798/.conda/envs/emacs1/include -I'/projects/genomic-ml/R/R-4.3.2/library/Rcpp/include' -I/home/th798/.conda/envs/emacs1/include -I/home/th798/include   -fvisibility=hidden -fpic  -g -O2  -c libqpdf/sha2big.c -o libqpdf/sha2big.o
ar rcs libqpdf/libstatqpdf.a libqpdf/BitStream.o libqpdf/BitWriter.o libqpdf/Buffer.o libqpdf/BufferInputSource.o libqpdf/ClosedFileInputSource.o libqpdf/ContentNormalizer.o libqpdf/FileInputSource.o libqpdf/InputSource.o libqpdf/InsecureRandomDataProvider.o libqpdf/JSON.o libqpdf/MD5.o libqpdf/OffsetInputSource.o libqpdf/Pipeline.o libqpdf/Pl_AES_PDF.o libqpdf/Pl_ASCII85Decoder.o libqpdf/Pl_ASCIIHexDecoder.o libqpdf/Pl_Buffer.o libqpdf/Pl_Concatenate.o libqpdf/Pl_Count.o libqpdf/Pl_DCT.o libqpdf/Pl_Discard.o libqpdf/Pl_Flate.o libqpdf/Pl_LZWDecoder.o libqpdf/Pl_MD5.o libqpdf/Pl_PNGFilter.o libqpdf/Pl_QPDFTokenizer.o libqpdf/Pl_RC4.o libqpdf/Pl_RunLength.o libqpdf/Pl_SHA2.o libqpdf/Pl_StdioFile.o libqpdf/Pl_TIFFPredictor.o libqpdf/QPDF_Array.o libqpdf/QPDF_Bool.o libqpdf/QPDF_Dictionary.o libqpdf/QPDF_encryption.o libqpdf/QPDF_InlineImage.o libqpdf/QPDF_Integer.o libqpdf/QPDF_linearization.o libqpdf/QPDF_Name.o libqpdf/QPDF_Null.o libqpdf/QPDF_Operator.o libqpdf/QPDF_optimization.o libqpdf/QPDF_pages.o libqpdf/QPDF_Real.o libqpdf/QPDF_Reserved.o libqpdf/QPDF_Stream.o libqpdf/QPDF_String.o libqpdf/qpdf-c.o libqpdf/QPDF.o libqpdf/QPDFAcroFormDocumentHelper.o libqpdf/QPDFAnnotationObjectHelper.o libqpdf/QPDFExc.o libqpdf/QPDFFormFieldObjectHelper.o libqpdf/QPDFMatrix.o libqpdf/QPDFNameTreeObjectHelper.o libqpdf/QPDFNumberTreeObjectHelper.o libqpdf/QPDFObject.o libqpdf/QPDFObjectHandle.o libqpdf/QPDFObjGen.o libqpdf/QPDFOutlineDocumentHelper.o libqpdf/QPDFOutlineObjectHelper.o libqpdf/QPDFPageDocumentHelper.o libqpdf/QPDFPageLabelDocumentHelper.o libqpdf/QPDFPageObjectHelper.o libqpdf/QPDFSystemError.o libqpdf/QPDFTokenizer.o libqpdf/QPDFWriter.o libqpdf/QPDFXRefEntry.o libqpdf/QTC.o libqpdf/QUtil.o libqpdf/RC4.o libqpdf/rijndael.o libqpdf/SecureRandomDataProvider.o libqpdf/sha2.o libqpdf/sha2big.o
g++ -std=gnu++17 -shared -L/home/th798/.conda/envs/emacs1/lib -Wl,-rpath=/home/th798/.conda/envs/emacs1/lib -L/home/th798/lib -Wl,-rpath=/home/th798/lib -L/home/th798/lib64 -Wl,-rpath=/home/th798/lib64 -o qpdf.so RcppExports.o bindings.o -Llibqpdf -lstatqpdf -L/home/th798/.conda/envs/emacs1/lib -ljpeg -lz
installing to /tmp/th798/7340346/R-4.3.2/1096/library/00LOCK-qpdf/00new/qpdf/libs
** R
** byte-compile and prepare package for lazy loading
** help
*** installing help indices
** building package indices
** testing if installed package can be loaded from temporary location
** checking absolute paths in shared objects and dynamic libraries
** testing if installed package can be loaded from final location
** testing if installed package keeps a record of temporary installation path
* DONE (qpdf)
* installing *source* package 'prt' ...
** package 'prt' successfully unpacked and MD5 sums checked
** using staged installation
** R
** inst
** byte-compile and prepare package for lazy loading
** help
*** installing help indices
** building package indices
** installing vignettes
** testing if installed package can be loaded from temporary location
** testing if installed package can be loaded from final location
** testing if installed package keeps a record of temporary installation path
* DONE (prt)
* installing *source* package 'mockthat' ...
** package 'mockthat' successfully unpacked and MD5 sums checked
** using staged installation
** R
** inst
** byte-compile and prepare package for lazy loading
** help
*** installing help indices
** building package indices
** testing if installed package can be loaded from temporary location
** testing if installed package can be loaded from final location
** testing if installed package keeps a record of temporary installation path
* DONE (mockthat)
* installing *source* package 'forestmodel' ...
** package 'forestmodel' successfully unpacked and MD5 sums checked
** using staged installation
** R
** byte-compile and prepare package for lazy loading
** help
*** installing help indices
*** copying figures
** building package indices
** testing if installed package can be loaded from temporary location
** testing if installed package can be loaded from final location
** testing if installed package keeps a record of temporary installation path
* DONE (forestmodel)
* installing *source* package 'rticles' ...
** package 'rticles' successfully unpacked and MD5 sums checked
** using staged installation
** R
** inst
** byte-compile and prepare package for lazy loading
** help
*** installing help indices
*** copying figures
** building package indices
** testing if installed package can be loaded from temporary location
** testing if installed package can be loaded from final location
** testing if installed package keeps a record of temporary installation path
* DONE (rticles)
* installing *source* package 'kableExtra' ...
** package 'kableExtra' successfully unpacked and MD5 sums checked
** using staged installation
** R
** inst
** byte-compile and prepare package for lazy loading
** help
*** installing help indices
** building package indices
** installing vignettes
** testing if installed package can be loaded from temporary location
** testing if installed package can be loaded from final location
** testing if installed package keeps a record of temporary installation path
* DONE (kableExtra)
* installing *source* package 'magick' ...
** package 'magick' successfully unpacked and MD5 sums checked
** using staged installation
Found pkg-config cflags and libs!
Using PKG_CFLAGS=-DMAGICKCORE_HDRI_ENABLE=1 -DMAGICKCORE_QUANTUM_DEPTH=16 -DMAGICKCORE_HDRI_ENABLE=1 -DMAGICKCORE_QUANTUM_DEPTH=16 -DMAGICKCORE_HDRI_ENABLE=1 -DMAGICKCORE_QUANTUM_DEPTH=16 -I/home/th798/.conda/envs/emacs1/include/ImageMagick-7
Using PKG_LIBS=-L/home/th798/.conda/envs/emacs1/lib -lMagick++-7.Q16HDRI -lMagickWand-7.Q16HDRI -lMagickCore-7.Q16HDRI
** libs
using C++ compiler: 'g++ (GCC) 8.5.0 20210514 (Red Hat 8.5.0-20)'
g++ -std=gnu++17 -I"/home/th798/R/R-4.3.2/include" -DNDEBUG -DMAGICKCORE_HDRI_ENABLE=1 -DMAGICKCORE_QUANTUM_DEPTH=16 -DMAGICKCORE_HDRI_ENABLE=1 -DMAGICKCORE_QUANTUM_DEPTH=16 -DMAGICKCORE_HDRI_ENABLE=1 -DMAGICKCORE_QUANTUM_DEPTH=16 -I/home/th798/.conda/envs/emacs1/include/ImageMagick-7 -I'/projects/genomic-ml/R/R-4.3.2/library/Rcpp/include' -I/home/th798/.conda/envs/emacs1/include -I/home/th798/include   -fvisibility=hidden -fpic  -g -O2  -c RcppExports.cpp -o RcppExports.o
g++ -std=gnu++17 -I"/home/th798/R/R-4.3.2/include" -DNDEBUG -DMAGICKCORE_HDRI_ENABLE=1 -DMAGICKCORE_QUANTUM_DEPTH=16 -DMAGICKCORE_HDRI_ENABLE=1 -DMAGICKCORE_QUANTUM_DEPTH=16 -DMAGICKCORE_HDRI_ENABLE=1 -DMAGICKCORE_QUANTUM_DEPTH=16 -I/home/th798/.conda/envs/emacs1/include/ImageMagick-7 -I'/projects/genomic-ml/R/R-4.3.2/library/Rcpp/include' -I/home/th798/.conda/envs/emacs1/include -I/home/th798/include   -fvisibility=hidden -fpic  -g -O2  -c animation.cpp -o animation.o
g++ -std=gnu++17 -I"/home/th798/R/R-4.3.2/include" -DNDEBUG -DMAGICKCORE_HDRI_ENABLE=1 -DMAGICKCORE_QUANTUM_DEPTH=16 -DMAGICKCORE_HDRI_ENABLE=1 -DMAGICKCORE_QUANTUM_DEPTH=16 -DMAGICKCORE_HDRI_ENABLE=1 -DMAGICKCORE_QUANTUM_DEPTH=16 -I/home/th798/.conda/envs/emacs1/include/ImageMagick-7 -I'/projects/genomic-ml/R/R-4.3.2/library/Rcpp/include' -I/home/th798/.conda/envs/emacs1/include -I/home/th798/include   -fvisibility=hidden -fpic  -g -O2  -c attributes.cpp -o attributes.o
g++ -std=gnu++17 -I"/home/th798/R/R-4.3.2/include" -DNDEBUG -DMAGICKCORE_HDRI_ENABLE=1 -DMAGICKCORE_QUANTUM_DEPTH=16 -DMAGICKCORE_HDRI_ENABLE=1 -DMAGICKCORE_QUANTUM_DEPTH=16 -DMAGICKCORE_HDRI_ENABLE=1 -DMAGICKCORE_QUANTUM_DEPTH=16 -I/home/th798/.conda/envs/emacs1/include/ImageMagick-7 -I'/projects/genomic-ml/R/R-4.3.2/library/Rcpp/include' -I/home/th798/.conda/envs/emacs1/include -I/home/th798/include   -fvisibility=hidden -fpic  -g -O2  -c base.cpp -o base.o
g++ -std=gnu++17 -I"/home/th798/R/R-4.3.2/include" -DNDEBUG -DMAGICKCORE_HDRI_ENABLE=1 -DMAGICKCORE_QUANTUM_DEPTH=16 -DMAGICKCORE_HDRI_ENABLE=1 -DMAGICKCORE_QUANTUM_DEPTH=16 -DMAGICKCORE_HDRI_ENABLE=1 -DMAGICKCORE_QUANTUM_DEPTH=16 -I/home/th798/.conda/envs/emacs1/include/ImageMagick-7 -I'/projects/genomic-ml/R/R-4.3.2/library/Rcpp/include' -I/home/th798/.conda/envs/emacs1/include -I/home/th798/include   -fvisibility=hidden -fpic  -g -O2  -c color.cpp -o color.o
g++ -std=gnu++17 -I"/home/th798/R/R-4.3.2/include" -DNDEBUG -DMAGICKCORE_HDRI_ENABLE=1 -DMAGICKCORE_QUANTUM_DEPTH=16 -DMAGICKCORE_HDRI_ENABLE=1 -DMAGICKCORE_QUANTUM_DEPTH=16 -DMAGICKCORE_HDRI_ENABLE=1 -DMAGICKCORE_QUANTUM_DEPTH=16 -I/home/th798/.conda/envs/emacs1/include/ImageMagick-7 -I'/projects/genomic-ml/R/R-4.3.2/library/Rcpp/include' -I/home/th798/.conda/envs/emacs1/include -I/home/th798/include   -fvisibility=hidden -fpic  -g -O2  -c composite.cpp -o composite.o
g++ -std=gnu++17 -I"/home/th798/R/R-4.3.2/include" -DNDEBUG -DMAGICKCORE_HDRI_ENABLE=1 -DMAGICKCORE_QUANTUM_DEPTH=16 -DMAGICKCORE_HDRI_ENABLE=1 -DMAGICKCORE_QUANTUM_DEPTH=16 -DMAGICKCORE_HDRI_ENABLE=1 -DMAGICKCORE_QUANTUM_DEPTH=16 -I/home/th798/.conda/envs/emacs1/include/ImageMagick-7 -I'/projects/genomic-ml/R/R-4.3.2/library/Rcpp/include' -I/home/th798/.conda/envs/emacs1/include -I/home/th798/include   -fvisibility=hidden -fpic  -g -O2  -c config.cc -o config.o
g++ -std=gnu++17 -I"/home/th798/R/R-4.3.2/include" -DNDEBUG -DMAGICKCORE_HDRI_ENABLE=1 -DMAGICKCORE_QUANTUM_DEPTH=16 -DMAGICKCORE_HDRI_ENABLE=1 -DMAGICKCORE_QUANTUM_DEPTH=16 -DMAGICKCORE_HDRI_ENABLE=1 -DMAGICKCORE_QUANTUM_DEPTH=16 -I/home/th798/.conda/envs/emacs1/include/ImageMagick-7 -I'/projects/genomic-ml/R/R-4.3.2/library/Rcpp/include' -I/home/th798/.conda/envs/emacs1/include -I/home/th798/include   -fvisibility=hidden -fpic  -g -O2  -c convolve.cpp -o convolve.o
g++ -std=gnu++17 -I"/home/th798/R/R-4.3.2/include" -DNDEBUG -DMAGICKCORE_HDRI_ENABLE=1 -DMAGICKCORE_QUANTUM_DEPTH=16 -DMAGICKCORE_HDRI_ENABLE=1 -DMAGICKCORE_QUANTUM_DEPTH=16 -DMAGICKCORE_HDRI_ENABLE=1 -DMAGICKCORE_QUANTUM_DEPTH=16 -I/home/th798/.conda/envs/emacs1/include/ImageMagick-7 -I'/projects/genomic-ml/R/R-4.3.2/library/Rcpp/include' -I/home/th798/.conda/envs/emacs1/include -I/home/th798/include   -fvisibility=hidden -fpic  -g -O2  -c device.cpp -o device.o
g++ -std=gnu++17 -I"/home/th798/R/R-4.3.2/include" -DNDEBUG -DMAGICKCORE_HDRI_ENABLE=1 -DMAGICKCORE_QUANTUM_DEPTH=16 -DMAGICKCORE_HDRI_ENABLE=1 -DMAGICKCORE_QUANTUM_DEPTH=16 -DMAGICKCORE_HDRI_ENABLE=1 -DMAGICKCORE_QUANTUM_DEPTH=16 -I/home/th798/.conda/envs/emacs1/include/ImageMagick-7 -I'/projects/genomic-ml/R/R-4.3.2/library/Rcpp/include' -I/home/th798/.conda/envs/emacs1/include -I/home/th798/include   -fvisibility=hidden -fpic  -g -O2  -c edges.cpp -o edges.o
g++ -std=gnu++17 -I"/home/th798/R/R-4.3.2/include" -DNDEBUG -DMAGICKCORE_HDRI_ENABLE=1 -DMAGICKCORE_QUANTUM_DEPTH=16 -DMAGICKCORE_HDRI_ENABLE=1 -DMAGICKCORE_QUANTUM_DEPTH=16 -DMAGICKCORE_HDRI_ENABLE=1 -DMAGICKCORE_QUANTUM_DEPTH=16 -I/home/th798/.conda/envs/emacs1/include/ImageMagick-7 -I'/projects/genomic-ml/R/R-4.3.2/library/Rcpp/include' -I/home/th798/.conda/envs/emacs1/include -I/home/th798/include   -fvisibility=hidden -fpic  -g -O2  -c edit.cpp -o edit.o
g++ -std=gnu++17 -I"/home/th798/R/R-4.3.2/include" -DNDEBUG -DMAGICKCORE_HDRI_ENABLE=1 -DMAGICKCORE_QUANTUM_DEPTH=16 -DMAGICKCORE_HDRI_ENABLE=1 -DMAGICKCORE_QUANTUM_DEPTH=16 -DMAGICKCORE_HDRI_ENABLE=1 -DMAGICKCORE_QUANTUM_DEPTH=16 -I/home/th798/.conda/envs/emacs1/include/ImageMagick-7 -I'/projects/genomic-ml/R/R-4.3.2/library/Rcpp/include' -I/home/th798/.conda/envs/emacs1/include -I/home/th798/include   -fvisibility=hidden -fpic  -g -O2  -c fonts.cpp -o fonts.o
g++ -std=gnu++17 -I"/home/th798/R/R-4.3.2/include" -DNDEBUG -DMAGICKCORE_HDRI_ENABLE=1 -DMAGICKCORE_QUANTUM_DEPTH=16 -DMAGICKCORE_HDRI_ENABLE=1 -DMAGICKCORE_QUANTUM_DEPTH=16 -DMAGICKCORE_HDRI_ENABLE=1 -DMAGICKCORE_QUANTUM_DEPTH=16 -I/home/th798/.conda/envs/emacs1/include/ImageMagick-7 -I'/projects/genomic-ml/R/R-4.3.2/library/Rcpp/include' -I/home/th798/.conda/envs/emacs1/include -I/home/th798/include   -fvisibility=hidden -fpic  -g -O2  -c options.cpp -o options.o
g++ -std=gnu++17 -I"/home/th798/R/R-4.3.2/include" -DNDEBUG -DMAGICKCORE_HDRI_ENABLE=1 -DMAGICKCORE_QUANTUM_DEPTH=16 -DMAGICKCORE_HDRI_ENABLE=1 -DMAGICKCORE_QUANTUM_DEPTH=16 -DMAGICKCORE_HDRI_ENABLE=1 -DMAGICKCORE_QUANTUM_DEPTH=16 -I/home/th798/.conda/envs/emacs1/include/ImageMagick-7 -I'/projects/genomic-ml/R/R-4.3.2/library/Rcpp/include' -I/home/th798/.conda/envs/emacs1/include -I/home/th798/include   -fvisibility=hidden -fpic  -g -O2  -c properties.cpp -o properties.o
g++ -std=gnu++17 -I"/home/th798/R/R-4.3.2/include" -DNDEBUG -DMAGICKCORE_HDRI_ENABLE=1 -DMAGICKCORE_QUANTUM_DEPTH=16 -DMAGICKCORE_HDRI_ENABLE=1 -DMAGICKCORE_QUANTUM_DEPTH=16 -DMAGICKCORE_HDRI_ENABLE=1 -DMAGICKCORE_QUANTUM_DEPTH=16 -I/home/th798/.conda/envs/emacs1/include/ImageMagick-7 -I'/projects/genomic-ml/R/R-4.3.2/library/Rcpp/include' -I/home/th798/.conda/envs/emacs1/include -I/home/th798/include   -fvisibility=hidden -fpic  -g -O2  -c resize.cpp -o resize.o
g++ -std=gnu++17 -I"/home/th798/R/R-4.3.2/include" -DNDEBUG -DMAGICKCORE_HDRI_ENABLE=1 -DMAGICKCORE_QUANTUM_DEPTH=16 -DMAGICKCORE_HDRI_ENABLE=1 -DMAGICKCORE_QUANTUM_DEPTH=16 -DMAGICKCORE_HDRI_ENABLE=1 -DMAGICKCORE_QUANTUM_DEPTH=16 -I/home/th798/.conda/envs/emacs1/include/ImageMagick-7 -I'/projects/genomic-ml/R/R-4.3.2/library/Rcpp/include' -I/home/th798/.conda/envs/emacs1/include -I/home/th798/include   -fvisibility=hidden -fpic  -g -O2  -c segment.cpp -o segment.o
g++ -std=gnu++17 -I"/home/th798/R/R-4.3.2/include" -DNDEBUG -DMAGICKCORE_HDRI_ENABLE=1 -DMAGICKCORE_QUANTUM_DEPTH=16 -DMAGICKCORE_HDRI_ENABLE=1 -DMAGICKCORE_QUANTUM_DEPTH=16 -DMAGICKCORE_HDRI_ENABLE=1 -DMAGICKCORE_QUANTUM_DEPTH=16 -I/home/th798/.conda/envs/emacs1/include/ImageMagick-7 -I'/projects/genomic-ml/R/R-4.3.2/library/Rcpp/include' -I/home/th798/.conda/envs/emacs1/include -I/home/th798/include   -fvisibility=hidden -fpic  -g -O2  -c transformations.cpp -o transformations.o
g++ -std=gnu++17 -shared -L/home/th798/.conda/envs/emacs1/lib -Wl,-rpath=/home/th798/.conda/envs/emacs1/lib -L/home/th798/lib -Wl,-rpath=/home/th798/lib -L/home/th798/lib64 -Wl,-rpath=/home/th798/lib64 -o magick.so RcppExports.o animation.o attributes.o base.o color.o composite.o config.o convolve.o device.o edges.o edit.o fonts.o options.o properties.o resize.o segment.o transformations.o -L/home/th798/.conda/envs/emacs1/lib -lMagick++-7.Q16HDRI -lMagickWand-7.Q16HDRI -lMagickCore-7.Q16HDRI
installing to /tmp/th798/7340346/R-4.3.2/1096/library/00LOCK-magick/00new/magick/libs
** R
** inst
** byte-compile and prepare package for lazy loading
** help
*** installing help indices
** building package indices
** installing vignettes
** testing if installed package can be loaded from temporary location
** checking absolute paths in shared objects and dynamic libraries
** testing if installed package can be loaded from final location
** testing if installed package keeps a record of temporary installation path
* DONE (magick)
* installing *source* package 'pdftools' ...
** package 'pdftools' successfully unpacked and MD5 sums checked
** using staged installation
Found pkg-config cflags and libs!
Using PKG_CFLAGS=-I/home/th798/.conda/envs/emacs1/include/poppler/cpp -I/home/th798/.conda/envs/emacs1/include/poppler
Using PKG_LIBS=-L/home/th798/.conda/envs/emacs1/lib -lpoppler-cpp
** libs
using C++ compiler: 'g++ (GCC) 8.5.0 20210514 (Red Hat 8.5.0-20)'
g++ -std=gnu++17 -I"/home/th798/R/R-4.3.2/include" -DNDEBUG -I/home/th798/.conda/envs/emacs1/include/poppler/cpp -I/home/th798/.conda/envs/emacs1/include/poppler -I'/projects/genomic-ml/R/R-4.3.2/library/Rcpp/include' -I/home/th798/.conda/envs/emacs1/include -I/home/th798/include   -fvisibility=hidden -fpic  -g -O2  -c RcppExports.cpp -o RcppExports.o
g++ -std=gnu++17 -I"/home/th798/R/R-4.3.2/include" -DNDEBUG -I/home/th798/.conda/envs/emacs1/include/poppler/cpp -I/home/th798/.conda/envs/emacs1/include/poppler -I'/projects/genomic-ml/R/R-4.3.2/library/Rcpp/include' -I/home/th798/.conda/envs/emacs1/include -I/home/th798/include   -fvisibility=hidden -fpic  -g -O2  -c bindings.cpp -o bindings.o
g++ -std=gnu++17 -shared -L/home/th798/.conda/envs/emacs1/lib -Wl,-rpath=/home/th798/.conda/envs/emacs1/lib -L/home/th798/lib -Wl,-rpath=/home/th798/lib -L/home/th798/lib64 -Wl,-rpath=/home/th798/lib64 -o pdftools.so RcppExports.o bindings.o -L/home/th798/.conda/envs/emacs1/lib -lpoppler-cpp
installing to /tmp/th798/7340346/R-4.3.2/1096/library/00LOCK-pdftools/00new/pdftools/libs
** R
** byte-compile and prepare package for lazy loading
** help
*** installing help indices
** building package indices
** testing if installed package can be loaded from temporary location
** checking absolute paths in shared objects and dynamic libraries
** testing if installed package can be loaded from final location
** testing if installed package keeps a record of temporary installation path
* DONE (pdftools)
* installing *source* package 'ricu' ...
** package 'ricu' successfully unpacked and MD5 sums checked
** using staged installation
** R
** inst
** byte-compile and prepare package for lazy loading
** help
*** installing help indices
*** copying figures
** building package indices
** installing vignettes
** testing if installed package can be loaded from temporary location
** testing if installed package can be loaded from final location
** testing if installed package keeps a record of temporary installation path
* DONE (ricu)

The downloaded source packages are in
	'/tmp/th798/7340346/RtmprLIb8A/downloaded_packages'
> cat("Time to install revdep:\n")
Time to install revdep:
> print(install.time)
   user  system elapsed 
151.791  13.391 177.724 
> downloaded_packages <- file.path(
+   tempdir(),
+   "downloaded_packages")
> dl.glob <- file.path(
+   downloaded_packages,
+   paste0(rev.dep,"_*.tar.gz"))
> rev.dep.dl.row <- cbind(rev.dep, Sys.glob(dl.glob))
> colnames(rev.dep.dl.row) <- c("pkg","path")
> rev.dep.release.tar.gz <- normalizePath(rev.dep.dl.row[,"path"], mustWork=TRUE)
> pkg.Rcheck <- paste0(rev.dep, ".Rcheck")
> 
> proj.dir <- "~/genomic-ml/data.table-revdeps"
> source(file.path(proj.dir, "myStatus.R"))
> Rvers <- gsub("[()]", "", gsub(" ", "_", R.version[["version.string"]]))
> dir.create(Rvers, showWarnings=FALSE)
> Rcheck.list <- list()
> for(dt.version.short in c("release", "master")){
+   dt.tar.gz <- cargs[[dt.version.short]]
+   dt.version <- gsub(".tar.gz|/.*?_", "", dt.tar.gz)
+   install.packages(dt.tar.gz, repos=NULL)
+   check.cmd <- get_check_cmd(rev.dep.release.tar.gz)
+   system(check.cmd)
+   dest.Rcheck <- file.path(
+     Rvers,
+     paste0(dt.version, ".Rcheck"))
+   unlink(dest.Rcheck, recursive=TRUE)
+   file.rename(pkg.Rcheck, dest.Rcheck)
+   Rcheck.list[[dt.version]] <- file.path(dest.Rcheck, "00check.log")
+ }
Installing package into '/tmp/th798/7340346/R-4.3.2/1096/library'
(as 'lib' is unspecified)
* installing *source* package 'data.table' ...
** package 'data.table' successfully unpacked and MD5 sums checked
** using staged installation
gcc 8.5.0
zlib 1.2.13 is available ok
R CMD SHLIB supports OpenMP without any extra hint
** libs
using C compiler: 'gcc (GCC) 8.5.0 20210514 (Red Hat 8.5.0-20)'
gcc -I"/home/th798/R/R-4.3.2/include" -DNDEBUG   -I/home/th798/.conda/envs/emacs1/include -I/home/th798/include   -fopenmp  -fpic  -g -O2  -c assign.c -o assign.o
gcc -I"/home/th798/R/R-4.3.2/include" -DNDEBUG   -I/home/th798/.conda/envs/emacs1/include -I/home/th798/include   -fopenmp  -fpic  -g -O2  -c between.c -o between.o
gcc -I"/home/th798/R/R-4.3.2/include" -DNDEBUG   -I/home/th798/.conda/envs/emacs1/include -I/home/th798/include   -fopenmp  -fpic  -g -O2  -c bmerge.c -o bmerge.o
gcc -I"/home/th798/R/R-4.3.2/include" -DNDEBUG   -I/home/th798/.conda/envs/emacs1/include -I/home/th798/include   -fopenmp  -fpic  -g -O2  -c chmatch.c -o chmatch.o
gcc -I"/home/th798/R/R-4.3.2/include" -DNDEBUG   -I/home/th798/.conda/envs/emacs1/include -I/home/th798/include   -fopenmp  -fpic  -g -O2  -c cj.c -o cj.o
gcc -I"/home/th798/R/R-4.3.2/include" -DNDEBUG   -I/home/th798/.conda/envs/emacs1/include -I/home/th798/include   -fopenmp  -fpic  -g -O2  -c coalesce.c -o coalesce.o
gcc -I"/home/th798/R/R-4.3.2/include" -DNDEBUG   -I/home/th798/.conda/envs/emacs1/include -I/home/th798/include   -fopenmp  -fpic  -g -O2  -c dogroups.c -o dogroups.o
gcc -I"/home/th798/R/R-4.3.2/include" -DNDEBUG   -I/home/th798/.conda/envs/emacs1/include -I/home/th798/include   -fopenmp  -fpic  -g -O2  -c fastmean.c -o fastmean.o
gcc -I"/home/th798/R/R-4.3.2/include" -DNDEBUG   -I/home/th798/.conda/envs/emacs1/include -I/home/th798/include   -fopenmp  -fpic  -g -O2  -c fcast.c -o fcast.o
gcc -I"/home/th798/R/R-4.3.2/include" -DNDEBUG   -I/home/th798/.conda/envs/emacs1/include -I/home/th798/include   -fopenmp  -fpic  -g -O2  -c fifelse.c -o fifelse.o
gcc -I"/home/th798/R/R-4.3.2/include" -DNDEBUG   -I/home/th798/.conda/envs/emacs1/include -I/home/th798/include   -fopenmp  -fpic  -g -O2  -c fmelt.c -o fmelt.o
gcc -I"/home/th798/R/R-4.3.2/include" -DNDEBUG   -I/home/th798/.conda/envs/emacs1/include -I/home/th798/include   -fopenmp  -fpic  -g -O2  -c forder.c -o forder.o
gcc -I"/home/th798/R/R-4.3.2/include" -DNDEBUG   -I/home/th798/.conda/envs/emacs1/include -I/home/th798/include   -fopenmp  -fpic  -g -O2  -c frank.c -o frank.o
gcc -I"/home/th798/R/R-4.3.2/include" -DNDEBUG   -I/home/th798/.conda/envs/emacs1/include -I/home/th798/include   -fopenmp  -fpic  -g -O2  -c fread.c -o fread.o
gcc -I"/home/th798/R/R-4.3.2/include" -DNDEBUG   -I/home/th798/.conda/envs/emacs1/include -I/home/th798/include   -fopenmp  -fpic  -g -O2  -c freadR.c -o freadR.o
gcc -I"/home/th798/R/R-4.3.2/include" -DNDEBUG   -I/home/th798/.conda/envs/emacs1/include -I/home/th798/include   -fopenmp  -fpic  -g -O2  -c froll.c -o froll.o
gcc -I"/home/th798/R/R-4.3.2/include" -DNDEBUG   -I/home/th798/.conda/envs/emacs1/include -I/home/th798/include   -fopenmp  -fpic  -g -O2  -c frollR.c -o frollR.o
gcc -I"/home/th798/R/R-4.3.2/include" -DNDEBUG   -I/home/th798/.conda/envs/emacs1/include -I/home/th798/include   -fopenmp  -fpic  -g -O2  -c frolladaptive.c -o frolladaptive.o
gcc -I"/home/th798/R/R-4.3.2/include" -DNDEBUG   -I/home/th798/.conda/envs/emacs1/include -I/home/th798/include   -fopenmp  -fpic  -g -O2  -c fsort.c -o fsort.o
gcc -I"/home/th798/R/R-4.3.2/include" -DNDEBUG   -I/home/th798/.conda/envs/emacs1/include -I/home/th798/include   -fopenmp  -fpic  -g -O2  -c fwrite.c -o fwrite.o
gcc -I"/home/th798/R/R-4.3.2/include" -DNDEBUG   -I/home/th798/.conda/envs/emacs1/include -I/home/th798/include   -fopenmp  -fpic  -g -O2  -c fwriteR.c -o fwriteR.o
gcc -I"/home/th798/R/R-4.3.2/include" -DNDEBUG   -I/home/th798/.conda/envs/emacs1/include -I/home/th798/include   -fopenmp  -fpic  -g -O2  -c gsumm.c -o gsumm.o
gcc -I"/home/th798/R/R-4.3.2/include" -DNDEBUG   -I/home/th798/.conda/envs/emacs1/include -I/home/th798/include   -fopenmp  -fpic  -g -O2  -c ijoin.c -o ijoin.o
gcc -I"/home/th798/R/R-4.3.2/include" -DNDEBUG   -I/home/th798/.conda/envs/emacs1/include -I/home/th798/include   -fopenmp  -fpic  -g -O2  -c init.c -o init.o
gcc -I"/home/th798/R/R-4.3.2/include" -DNDEBUG   -I/home/th798/.conda/envs/emacs1/include -I/home/th798/include   -fopenmp  -fpic  -g -O2  -c inrange.c -o inrange.o
gcc -I"/home/th798/R/R-4.3.2/include" -DNDEBUG   -I/home/th798/.conda/envs/emacs1/include -I/home/th798/include   -fopenmp  -fpic  -g -O2  -c nafill.c -o nafill.o
gcc -I"/home/th798/R/R-4.3.2/include" -DNDEBUG   -I/home/th798/.conda/envs/emacs1/include -I/home/th798/include   -fopenmp  -fpic  -g -O2  -c nqrecreateindices.c -o nqrecreateindices.o
gcc -I"/home/th798/R/R-4.3.2/include" -DNDEBUG   -I/home/th798/.conda/envs/emacs1/include -I/home/th798/include   -fopenmp  -fpic  -g -O2  -c openmp-utils.c -o openmp-utils.o
gcc -I"/home/th798/R/R-4.3.2/include" -DNDEBUG   -I/home/th798/.conda/envs/emacs1/include -I/home/th798/include   -fopenmp  -fpic  -g -O2  -c quickselect.c -o quickselect.o
gcc -I"/home/th798/R/R-4.3.2/include" -DNDEBUG   -I/home/th798/.conda/envs/emacs1/include -I/home/th798/include   -fopenmp  -fpic  -g -O2  -c rbindlist.c -o rbindlist.o
gcc -I"/home/th798/R/R-4.3.2/include" -DNDEBUG   -I/home/th798/.conda/envs/emacs1/include -I/home/th798/include   -fopenmp  -fpic  -g -O2  -c reorder.c -o reorder.o
gcc -I"/home/th798/R/R-4.3.2/include" -DNDEBUG   -I/home/th798/.conda/envs/emacs1/include -I/home/th798/include   -fopenmp  -fpic  -g -O2  -c shift.c -o shift.o
gcc -I"/home/th798/R/R-4.3.2/include" -DNDEBUG   -I/home/th798/.conda/envs/emacs1/include -I/home/th798/include   -fopenmp  -fpic  -g -O2  -c snprintf.c -o snprintf.o
gcc -I"/home/th798/R/R-4.3.2/include" -DNDEBUG   -I/home/th798/.conda/envs/emacs1/include -I/home/th798/include   -fopenmp  -fpic  -g -O2  -c subset.c -o subset.o
gcc -I"/home/th798/R/R-4.3.2/include" -DNDEBUG   -I/home/th798/.conda/envs/emacs1/include -I/home/th798/include   -fopenmp  -fpic  -g -O2  -c transpose.c -o transpose.o
gcc -I"/home/th798/R/R-4.3.2/include" -DNDEBUG   -I/home/th798/.conda/envs/emacs1/include -I/home/th798/include   -fopenmp  -fpic  -g -O2  -c types.c -o types.o
gcc -I"/home/th798/R/R-4.3.2/include" -DNDEBUG   -I/home/th798/.conda/envs/emacs1/include -I/home/th798/include   -fopenmp  -fpic  -g -O2  -c uniqlist.c -o uniqlist.o
gcc -I"/home/th798/R/R-4.3.2/include" -DNDEBUG   -I/home/th798/.conda/envs/emacs1/include -I/home/th798/include   -fopenmp  -fpic  -g -O2  -c utils.c -o utils.o
gcc -I"/home/th798/R/R-4.3.2/include" -DNDEBUG   -I/home/th798/.conda/envs/emacs1/include -I/home/th798/include   -fopenmp  -fpic  -g -O2  -c vecseq.c -o vecseq.o
gcc -I"/home/th798/R/R-4.3.2/include" -DNDEBUG   -I/home/th798/.conda/envs/emacs1/include -I/home/th798/include   -fopenmp  -fpic  -g -O2  -c wrappers.c -o wrappers.o
gcc -shared -L/home/th798/.conda/envs/emacs1/lib -Wl,-rpath=/home/th798/.conda/envs/emacs1/lib -L/home/th798/lib -Wl,-rpath=/home/th798/lib -L/home/th798/lib64 -Wl,-rpath=/home/th798/lib64 -o data.table.so assign.o between.o bmerge.o chmatch.o cj.o coalesce.o dogroups.o fastmean.o fcast.o fifelse.o fmelt.o forder.o frank.o fread.o freadR.o froll.o frollR.o frolladaptive.o fsort.o fwrite.o fwriteR.o gsumm.o ijoin.o init.o inrange.o nafill.o nqrecreateindices.o openmp-utils.o quickselect.o rbindlist.o reorder.o shift.o snprintf.o subset.o transpose.o types.o uniqlist.o utils.o vecseq.o wrappers.o -fopenmp -lz
PKG_CFLAGS = -fopenmp
PKG_LIBS = -fopenmp -lz
if [ "data.table.so" != "data_table.so" ]; then mv data.table.so data_table.so; fi
if [ "" != "Windows_NT" ] && [ `uname -s` = 'Darwin' ]; then install_name_tool -id data_table.so data_table.so; fi
installing to /tmp/th798/7340346/R-4.3.2/1096/library/00LOCK-data.table/00new/data.table/libs
** R
** inst
** byte-compile and prepare package for lazy loading
** help
*** installing help indices
** building package indices
** installing vignettes
** testing if installed package can be loaded from temporary location
** checking absolute paths in shared objects and dynamic libraries
** testing if installed package can be loaded from final location
** testing if installed package keeps a record of temporary installation path
* DONE (data.table)
* using log directory '/tmp/th798/7340346/R-4.3.2/1096/ricu.Rcheck'
* using R version 4.3.2 (2023-10-31)
* using platform: x86_64-pc-linux-gnu (64-bit)
* R was compiled by
    gcc (GCC) 8.5.0 20210514 (Red Hat 8.5.0-20)
    GNU Fortran (GCC) 8.5.0 20210514 (Red Hat 8.5.0-20)
* running under: Red Hat Enterprise Linux 8.9 (Ootpa)
* using session charset: ASCII
* checking for file 'ricu/DESCRIPTION' ... OK
* this is package 'ricu' version '0.5.6'
* package encoding: UTF-8
* checking package namespace information ... OK
* checking package dependencies ... NOTE
Packages suggested but not available for checking:
  'mimic.demo', 'eicu.demo'
* checking if this is a source package ... OK
* checking if there is a namespace ... OK
* checking for executable files ... OK
* checking for hidden files and directories ... OK
* checking for portable file names ... OK
* checking for sufficient/correct file permissions ... OK
* checking whether package 'ricu' can be installed ... OK
* checking installed package size ... OK
* checking package directory ... OK
* checking 'build' directory ... OK
* checking DESCRIPTION meta-information ... OK
* checking top-level files ... OK
* checking for left-over files ... OK
* checking index information ... OK
* checking package subdirectories ... OK
* checking R files for non-ASCII characters ... OK
* checking R files for syntax errors ... OK
* checking whether the package can be loaded ... OK
* checking whether the package can be loaded with stated dependencies ... OK
* checking whether the package can be unloaded cleanly ... OK
* checking whether the namespace can be loaded with stated dependencies ... OK
* checking whether the namespace can be unloaded cleanly ... OK
* checking loading without being on the library search path ... OK
* checking startup messages can be suppressed ... OK
* checking dependencies in R code ... OK
* checking S3 generic/method consistency ... OK
* checking replacement functions ... OK
* checking foreign function calls ... OK
* checking R code for possible problems ... OK
* checking Rd files ... OK
* checking Rd metadata ... OK
* checking Rd cross-references ... OK
* checking for missing documentation entries ... OK
* checking for code/documentation mismatches ... OK
* checking Rd \usage sections ... OK
* checking Rd contents ... OK
* checking for unstated dependencies in examples ... OK
* checking sizes of PDF files under 'inst/doc' ... OK
* checking installed files from 'inst/doc' ... OK
* checking files in 'vignettes' ... OK
* checking examples ... OK
* checking for unstated dependencies in 'tests' ... OK
* checking tests ...
  Running 'testthat.R'
 OK
* checking for unstated dependencies in vignettes ... OK
* checking package vignettes in 'inst/doc' ... OK
* checking running R code from vignettes ...
  'ricu.Rmd' using 'UTF-8'... OK
  'start.Rmd' using 'UTF-8'... OK
  'uom.Rmd' using 'UTF-8'... OK
 NONE
* checking re-building of vignette outputs ... OK
* checking PDF version of manual ... OK
* DONE

Status: 1 NOTE
See
  '/tmp/th798/7340346/R-4.3.2/1096/ricu.Rcheck/00check.log'
for details.


Installing package into '/tmp/th798/7340346/R-4.3.2/1096/library'
(as 'lib' is unspecified)
* installing *source* package 'data.table' ...
** using staged installation
gcc 8.5.0
zlib 1.2.13 is available ok
R CMD SHLIB supports OpenMP without any extra hint
** libs
using C compiler: 'gcc (GCC) 8.5.0 20210514 (Red Hat 8.5.0-20)'
gcc -I"/home/th798/R/R-4.3.2/include" -DNDEBUG   -I/home/th798/.conda/envs/emacs1/include -I/home/th798/include   -fopenmp  -fpic  -g -O2  -c assign.c -o assign.o
gcc -I"/home/th798/R/R-4.3.2/include" -DNDEBUG   -I/home/th798/.conda/envs/emacs1/include -I/home/th798/include   -fopenmp  -fpic  -g -O2  -c between.c -o between.o
gcc -I"/home/th798/R/R-4.3.2/include" -DNDEBUG   -I/home/th798/.conda/envs/emacs1/include -I/home/th798/include   -fopenmp  -fpic  -g -O2  -c bmerge.c -o bmerge.o
gcc -I"/home/th798/R/R-4.3.2/include" -DNDEBUG   -I/home/th798/.conda/envs/emacs1/include -I/home/th798/include   -fopenmp  -fpic  -g -O2  -c chmatch.c -o chmatch.o
gcc -I"/home/th798/R/R-4.3.2/include" -DNDEBUG   -I/home/th798/.conda/envs/emacs1/include -I/home/th798/include   -fopenmp  -fpic  -g -O2  -c cj.c -o cj.o
gcc -I"/home/th798/R/R-4.3.2/include" -DNDEBUG   -I/home/th798/.conda/envs/emacs1/include -I/home/th798/include   -fopenmp  -fpic  -g -O2  -c coalesce.c -o coalesce.o
gcc -I"/home/th798/R/R-4.3.2/include" -DNDEBUG   -I/home/th798/.conda/envs/emacs1/include -I/home/th798/include   -fopenmp  -fpic  -g -O2  -c dogroups.c -o dogroups.o
gcc -I"/home/th798/R/R-4.3.2/include" -DNDEBUG   -I/home/th798/.conda/envs/emacs1/include -I/home/th798/include   -fopenmp  -fpic  -g -O2  -c fastmean.c -o fastmean.o
gcc -I"/home/th798/R/R-4.3.2/include" -DNDEBUG   -I/home/th798/.conda/envs/emacs1/include -I/home/th798/include   -fopenmp  -fpic  -g -O2  -c fcast.c -o fcast.o
gcc -I"/home/th798/R/R-4.3.2/include" -DNDEBUG   -I/home/th798/.conda/envs/emacs1/include -I/home/th798/include   -fopenmp  -fpic  -g -O2  -c fifelse.c -o fifelse.o
gcc -I"/home/th798/R/R-4.3.2/include" -DNDEBUG   -I/home/th798/.conda/envs/emacs1/include -I/home/th798/include   -fopenmp  -fpic  -g -O2  -c fmelt.c -o fmelt.o
gcc -I"/home/th798/R/R-4.3.2/include" -DNDEBUG   -I/home/th798/.conda/envs/emacs1/include -I/home/th798/include   -fopenmp  -fpic  -g -O2  -c forder.c -o forder.o
gcc -I"/home/th798/R/R-4.3.2/include" -DNDEBUG   -I/home/th798/.conda/envs/emacs1/include -I/home/th798/include   -fopenmp  -fpic  -g -O2  -c frank.c -o frank.o
gcc -I"/home/th798/R/R-4.3.2/include" -DNDEBUG   -I/home/th798/.conda/envs/emacs1/include -I/home/th798/include   -fopenmp  -fpic  -g -O2  -c fread.c -o fread.o
gcc -I"/home/th798/R/R-4.3.2/include" -DNDEBUG   -I/home/th798/.conda/envs/emacs1/include -I/home/th798/include   -fopenmp  -fpic  -g -O2  -c freadR.c -o freadR.o
gcc -I"/home/th798/R/R-4.3.2/include" -DNDEBUG   -I/home/th798/.conda/envs/emacs1/include -I/home/th798/include   -fopenmp  -fpic  -g -O2  -c froll.c -o froll.o
gcc -I"/home/th798/R/R-4.3.2/include" -DNDEBUG   -I/home/th798/.conda/envs/emacs1/include -I/home/th798/include   -fopenmp  -fpic  -g -O2  -c frollR.c -o frollR.o
gcc -I"/home/th798/R/R-4.3.2/include" -DNDEBUG   -I/home/th798/.conda/envs/emacs1/include -I/home/th798/include   -fopenmp  -fpic  -g -O2  -c frolladaptive.c -o frolladaptive.o
gcc -I"/home/th798/R/R-4.3.2/include" -DNDEBUG   -I/home/th798/.conda/envs/emacs1/include -I/home/th798/include   -fopenmp  -fpic  -g -O2  -c fsort.c -o fsort.o
gcc -I"/home/th798/R/R-4.3.2/include" -DNDEBUG   -I/home/th798/.conda/envs/emacs1/include -I/home/th798/include   -fopenmp  -fpic  -g -O2  -c fwrite.c -o fwrite.o
gcc -I"/home/th798/R/R-4.3.2/include" -DNDEBUG   -I/home/th798/.conda/envs/emacs1/include -I/home/th798/include   -fopenmp  -fpic  -g -O2  -c fwriteR.c -o fwriteR.o
gcc -I"/home/th798/R/R-4.3.2/include" -DNDEBUG   -I/home/th798/.conda/envs/emacs1/include -I/home/th798/include   -fopenmp  -fpic  -g -O2  -c gsumm.c -o gsumm.o
gcc -I"/home/th798/R/R-4.3.2/include" -DNDEBUG   -I/home/th798/.conda/envs/emacs1/include -I/home/th798/include   -fopenmp  -fpic  -g -O2  -c idatetime.c -o idatetime.o
gcc -I"/home/th798/R/R-4.3.2/include" -DNDEBUG   -I/home/th798/.conda/envs/emacs1/include -I/home/th798/include   -fopenmp  -fpic  -g -O2  -c ijoin.c -o ijoin.o
gcc -I"/home/th798/R/R-4.3.2/include" -DNDEBUG   -I/home/th798/.conda/envs/emacs1/include -I/home/th798/include   -fopenmp  -fpic  -g -O2  -c init.c -o init.o
gcc -I"/home/th798/R/R-4.3.2/include" -DNDEBUG   -I/home/th798/.conda/envs/emacs1/include -I/home/th798/include   -fopenmp  -fpic  -g -O2  -c inrange.c -o inrange.o
gcc -I"/home/th798/R/R-4.3.2/include" -DNDEBUG   -I/home/th798/.conda/envs/emacs1/include -I/home/th798/include   -fopenmp  -fpic  -g -O2  -c nafill.c -o nafill.o
gcc -I"/home/th798/R/R-4.3.2/include" -DNDEBUG   -I/home/th798/.conda/envs/emacs1/include -I/home/th798/include   -fopenmp  -fpic  -g -O2  -c negate.c -o negate.o
gcc -I"/home/th798/R/R-4.3.2/include" -DNDEBUG   -I/home/th798/.conda/envs/emacs1/include -I/home/th798/include   -fopenmp  -fpic  -g -O2  -c nqrecreateindices.c -o nqrecreateindices.o
gcc -I"/home/th798/R/R-4.3.2/include" -DNDEBUG   -I/home/th798/.conda/envs/emacs1/include -I/home/th798/include   -fopenmp  -fpic  -g -O2  -c openmp-utils.c -o openmp-utils.o
gcc -I"/home/th798/R/R-4.3.2/include" -DNDEBUG   -I/home/th798/.conda/envs/emacs1/include -I/home/th798/include   -fopenmp  -fpic  -g -O2  -c programming.c -o programming.o
gcc -I"/home/th798/R/R-4.3.2/include" -DNDEBUG   -I/home/th798/.conda/envs/emacs1/include -I/home/th798/include   -fopenmp  -fpic  -g -O2  -c quickselect.c -o quickselect.o
gcc -I"/home/th798/R/R-4.3.2/include" -DNDEBUG   -I/home/th798/.conda/envs/emacs1/include -I/home/th798/include   -fopenmp  -fpic  -g -O2  -c rbindlist.c -o rbindlist.o
gcc -I"/home/th798/R/R-4.3.2/include" -DNDEBUG   -I/home/th798/.conda/envs/emacs1/include -I/home/th798/include   -fopenmp  -fpic  -g -O2  -c reorder.c -o reorder.o
gcc -I"/home/th798/R/R-4.3.2/include" -DNDEBUG   -I/home/th798/.conda/envs/emacs1/include -I/home/th798/include   -fopenmp  -fpic  -g -O2  -c shift.c -o shift.o
gcc -I"/home/th798/R/R-4.3.2/include" -DNDEBUG   -I/home/th798/.conda/envs/emacs1/include -I/home/th798/include   -fopenmp  -fpic  -g -O2  -c snprintf.c -o snprintf.o
gcc -I"/home/th798/R/R-4.3.2/include" -DNDEBUG   -I/home/th798/.conda/envs/emacs1/include -I/home/th798/include   -fopenmp  -fpic  -g -O2  -c subset.c -o subset.o
gcc -I"/home/th798/R/R-4.3.2/include" -DNDEBUG   -I/home/th798/.conda/envs/emacs1/include -I/home/th798/include   -fopenmp  -fpic  -g -O2  -c transpose.c -o transpose.o
gcc -I"/home/th798/R/R-4.3.2/include" -DNDEBUG   -I/home/th798/.conda/envs/emacs1/include -I/home/th798/include   -fopenmp  -fpic  -g -O2  -c types.c -o types.o
gcc -I"/home/th798/R/R-4.3.2/include" -DNDEBUG   -I/home/th798/.conda/envs/emacs1/include -I/home/th798/include   -fopenmp  -fpic  -g -O2  -c uniqlist.c -o uniqlist.o
gcc -I"/home/th798/R/R-4.3.2/include" -DNDEBUG   -I/home/th798/.conda/envs/emacs1/include -I/home/th798/include   -fopenmp  -fpic  -g -O2  -c utils.c -o utils.o
gcc -I"/home/th798/R/R-4.3.2/include" -DNDEBUG   -I/home/th798/.conda/envs/emacs1/include -I/home/th798/include   -fopenmp  -fpic  -g -O2  -c vecseq.c -o vecseq.o
gcc -I"/home/th798/R/R-4.3.2/include" -DNDEBUG   -I/home/th798/.conda/envs/emacs1/include -I/home/th798/include   -fopenmp  -fpic  -g -O2  -c wrappers.c -o wrappers.o
gcc -shared -L/home/th798/.conda/envs/emacs1/lib -Wl,-rpath=/home/th798/.conda/envs/emacs1/lib -L/home/th798/lib -Wl,-rpath=/home/th798/lib -L/home/th798/lib64 -Wl,-rpath=/home/th798/lib64 -o data.table.so assign.o between.o bmerge.o chmatch.o cj.o coalesce.o dogroups.o fastmean.o fcast.o fifelse.o fmelt.o forder.o frank.o fread.o freadR.o froll.o frollR.o frolladaptive.o fsort.o fwrite.o fwriteR.o gsumm.o idatetime.o ijoin.o init.o inrange.o nafill.o negate.o nqrecreateindices.o openmp-utils.o programming.o quickselect.o rbindlist.o reorder.o shift.o snprintf.o subset.o transpose.o types.o uniqlist.o utils.o vecseq.o wrappers.o -fopenmp -lz
PKG_CFLAGS = -fopenmp
PKG_LIBS = -fopenmp -lz
if [ "data.table.so" != "data_table.so" ]; then mv data.table.so data_table.so; fi
if [ "" != "Windows_NT" ] && [ `uname -s` = 'Darwin' ]; then install_name_tool -id data_table.so data_table.so; fi
installing to /tmp/th798/7340346/R-4.3.2/1096/library/00LOCK-data.table/00new/data.table/libs
** R
** inst
** byte-compile and prepare package for lazy loading
** help
*** installing help indices
** building package indices
** installing vignettes
** testing if installed package can be loaded from temporary location
** checking absolute paths in shared objects and dynamic libraries
** testing if installed package can be loaded from final location
** testing if installed package keeps a record of temporary installation path
* DONE (data.table)
* using log directory '/tmp/th798/7340346/R-4.3.2/1096/ricu.Rcheck'
* using R version 4.3.2 (2023-10-31)
* using platform: x86_64-pc-linux-gnu (64-bit)
* R was compiled by
    gcc (GCC) 8.5.0 20210514 (Red Hat 8.5.0-20)
    GNU Fortran (GCC) 8.5.0 20210514 (Red Hat 8.5.0-20)
* running under: Red Hat Enterprise Linux 8.9 (Ootpa)
* using session charset: ASCII
* checking for file 'ricu/DESCRIPTION' ... OK
* this is package 'ricu' version '0.5.6'
* package encoding: UTF-8
* checking package namespace information ... OK
* checking package dependencies ... NOTE
Packages suggested but not available for checking:
  'mimic.demo', 'eicu.demo'
* checking if this is a source package ... OK
* checking if there is a namespace ... OK
* checking for executable files ... OK
* checking for hidden files and directories ... OK
* checking for portable file names ... OK
* checking for sufficient/correct file permissions ... OK
* checking whether package 'ricu' can be installed ... OK
* checking installed package size ... OK
* checking package directory ... OK
* checking 'build' directory ... OK
* checking DESCRIPTION meta-information ... OK
* checking top-level files ... OK
* checking for left-over files ... OK
* checking index information ... OK
* checking package subdirectories ... OK
* checking R files for non-ASCII characters ... OK
* checking R files for syntax errors ... OK
* checking whether the package can be loaded ... OK
* checking whether the package can be loaded with stated dependencies ... OK
* checking whether the package can be unloaded cleanly ... OK
* checking whether the namespace can be loaded with stated dependencies ... OK
* checking whether the namespace can be unloaded cleanly ... OK
* checking loading without being on the library search path ... OK
* checking startup messages can be suppressed ... OK
* checking dependencies in R code ... OK
* checking S3 generic/method consistency ... OK
* checking replacement functions ... OK
* checking foreign function calls ... OK
* checking R code for possible problems ... OK
* checking Rd files ... OK
* checking Rd metadata ... OK
* checking Rd cross-references ... OK
* checking for missing documentation entries ... OK
* checking for code/documentation mismatches ... OK
* checking Rd \usage sections ... OK
* checking Rd contents ... OK
* checking for unstated dependencies in examples ... OK
* checking sizes of PDF files under 'inst/doc' ... OK
* checking installed files from 'inst/doc' ... OK
* checking files in 'vignettes' ... OK
* checking examples ... OK
* checking for unstated dependencies in 'tests' ... OK
* checking tests ...
  Running 'testthat.R'
 OK
* checking for unstated dependencies in vignettes ... OK
* checking package vignettes in 'inst/doc' ... OK
* checking running R code from vignettes ...
  'ricu.Rmd' using 'UTF-8'... OK
  'start.Rmd' using 'UTF-8'... OK
  'uom.Rmd' using 'UTF-8'... OK
 NONE
* checking re-building of vignette outputs ... OK
* checking PDF version of manual ... OK
* DONE

Status: 1 NOTE
See
  '/tmp/th798/7340346/R-4.3.2/1096/ricu.Rcheck/00check.log'
for details.


> system(paste(c("diff -u", Rcheck.list), collapse=" "))
> library(data.table, lib.loc=R.home("library"))
> (sig.diff.dt <- myDiff(Rvers))
Empty data.table (0 rows and 3 cols): checking,master,release
> 
> ## If there are significant differences, use git bisect to find when
> ## they started.
> if(nrow(sig.diff.dt)){
+   dt.git <- file.path(task.dir, "data.table.git")
+   system(paste("git clone ~/R/data.table", dt.git))
+   release.tag <- gsub(".tar.gz|.*_", "", cargs[["release"]])
+   rev.parse.cmd <- paste(
+     "cd", dt.git, "&& git rev-parse master")
+   master.sha <- system(rev.parse.cmd, intern=TRUE)
+   merge.base.cmd <- paste(
+     "cd", dt.git, "&& git merge-base master", release.tag)
+   merge.base.sha <- system(merge.base.cmd, intern=TRUE)
+   old.sha <- merge.base.sha
+   run_R <- file.path(proj.dir, "install_dt_then_check_dep.R")
+   sig.diff.dt[, first.bad.commit := NA_character_]
+   sig.diff.dt[, comments := NA_character_]
+   for(diff.i in 1:nrow(sig.diff.dt)){
+     sig.diff.row <- sig.diff.dt[diff.i]
+     bisect.cmd <- paste(
+       "cd", dt.git, "&&",
+       "git bisect start &&",
+       "git bisect old", old.sha, "&&",
+       "git bisect new master &&",
+       "git bisect run",
+       R.home('bin/Rscript'),
+       run_R,
+       shQuote(sig.diff.row$checking),
+       sig.diff.row$release,
+       rev.dep.release.tar.gz,
+       release.tag)
+     print(bisect.cmd)
+     bisect.out <- system(bisect.cmd, intern=TRUE)
+     cat(bisect.out,sep="\n")
+     first.bad.sha <- nc::capture_all_str(
+       bisect.out,
+       sha="[0-9a-f]+",
+       " is the first new commit")$sha
+     parent.cmd <- paste(
+       "cd ~/R/data.table && git log --pretty=%P -n 1",
+       first.bad.sha)
+     parent.sha <- system(parent.cmd, intern=TRUE)
+     sig.diff.dt[diff.i, first.bad.commit := first.bad.sha]
+     parent.msg <- paste0("parent=", parent.sha)
+     this.comment <- if(parent.sha==old.sha){
+       paste(parent.msg, "same as git bisect old")
+     }else if(first.bad.sha==master.sha){
+       paste("same as git bisect new=master,", parent.msg)
+     }else{
+       parent.msg
+     }
+     sig.diff.dt[diff.i, comments := this.comment]
+   }
+   ## add CRAN column.
+   sig.diff.dt[, CRAN := {
+     flavor <- get_flavor(Rvers)
+     details <- data.table(flavor=unique(flavor))[, {
+       base <- "https://www.r-project.org/nosvn/R.check/"
+       u <- paste0(base, flavor, "/", rev.dep, "-00check.txt")
+       check.txt <- tempfile()
+       tryCatch({
+         download.file(u, check.txt, quiet=TRUE)
+       }, error=function(e){
+         NULL
+       })
+       check.lines <- if(file.exists(check.txt)){
+         readLines(check.txt,encoding="UTF-8")
+       }else{
+         ""
+       }
+       repl.lines <- gsub("[\u2018\u2019]", "'", check.lines)
+       ##gsub("[‘’]", "'", check.lines) does not work with LC_ALL=C.
+       myStatus(line.vec=repl.lines)
+     }, by=flavor]
+     select.dt <- data.table(flavor, checking)
+     details[select.dt, msg, on=.(flavor, checking)]
+   }]
+   dir.create(file.path(job.dir, Rvers))
+   diffs.csv <- file.path(job.dir, Rvers, "significant_differences.csv")
+   data.table::fwrite(sig.diff.dt, diffs.csv)
+   print(sig.diff.dt)
+ }
> 
